 Network manager-ab-ab-sharded-burst-50-r3-20260818_default Creating
 Network manager-ab-ab-sharded-burst-50-r3-20260818_default Created
 Container manager-ab-ab-sharded-burst-50-r3-20260818-mysql-1 Creating
 Container manager-ab-ab-sharded-burst-50-r3-20260818-mysql-1 Created
 Container manager-ab-ab-sharded-burst-50-r3-20260818-mysql-1 Starting
 Container manager-ab-ab-sharded-burst-50-r3-20260818-mysql-1 Started
 Image monitor-system-benchmark:local Building
#1 [internal] load local bake definitions
#1 reading from stdin 585B 0.0s done
#1 DONE 0.0s

#2 [internal] load build definition from Dockerfile.benchmark
#2 transferring dockerfile: 747B 0.0s done
#2 DONE 0.0s

#3 [internal] load metadata for docker.io/library/python:3.13-slim
#3 DONE 0.0s

#4 [internal] load .dockerignore
#4 transferring context: 2B done
#4 DONE 0.0s

#5 [internal] load build context
#5 DONE 0.0s

#6 [1/5] FROM docker.io/library/python:3.13-slim@sha256:6771159cd4fa5d9bba1258caf0b82e6b73458c694d178ad97c5e925c2d0e1a91
#6 resolve docker.io/library/python:3.13-slim@sha256:6771159cd4fa5d9bba1258caf0b82e6b73458c694d178ad97c5e925c2d0e1a91 0.0s done
#6 DONE 0.0s

#5 [internal] load build context
#5 transferring context: 422.45kB 0.4s done
#5 DONE 0.4s

#7 [2/5] RUN sed -i 's|http://deb.debian.org|https://deb.debian.org|g; s|http://security.debian.org|https://security.debian.org|g' /etc/apt/sources.list.d/debian.sources     && apt-get -o Acquire::Retries=3 update && apt-get -o Acquire::Retries=3 install -y --no-install-recommends     build-essential cmake pkg-config     libprotobuf-dev protobuf-compiler protobuf-compiler-grpc     libgrpc++-dev default-libmysqlclient-dev     && rm -rf /var/lib/apt/lists/*
#7 CACHED

#8 [3/5] WORKDIR /app
#8 CACHED

#9 [4/5] COPY . .
#9 DONE 3.6s

#10 [5/5] RUN cmake -S . -B build -DENABLE_EBPF=OFF -DBUILD_MANAGER=ON -DBUILD_BENCHMARK=ON     && cmake --build build --target manager push_benchmark -j"$(nproc)"
#10 0.531 -- The CXX compiler identification is GNU 14.2.0
#10 0.547 -- Detecting CXX compiler ABI info
#10 0.690 -- Detecting CXX compiler ABI info - done
#10 0.706 -- Check for working CXX compiler: /usr/bin/c++ - skipped
#10 0.707 -- Detecting CXX compile features
#10 0.709 -- Detecting CXX compile features - done
#10 0.911 -- Found Protobuf: /usr/lib/x86_64-linux-gnu/libprotobuf.so (found version "3.21.12")
#10 0.920 -- Found ZLIB: /usr/lib/x86_64-linux-gnu/libz.so (found version "1.3.1")
#10 0.986 -- Found OpenSSL: /usr/lib/x86_64-linux-gnu/libcrypto.so (found version "3.5.6")
#10 0.990 -- Found c-ares: /usr/lib/x86_64-linux-gnu/cmake/c-ares/c-ares-config.cmake (found version "1.34.5")
#10 0.993 -- Found Threads: TRUE
#10 1.013 -- Found PkgConfig: /usr/bin/pkg-config (found version "1.8.1")
#10 27.11 -- Found RE2 via pkg-config.
#10 27.17 -- Found RE2 via pkg-config.
#10 27.22 -- Found RE2 via pkg-config.
#10 27.23 -- Checking for module 'mysqlclient'
#10 27.25 --   Found mysqlclient, version 3.4.9
#10 27.29 -- MySQL support enabled
#10 27.30 -- Configuring done (26.9s)
#10 27.43 -- Generating done (0.1s)
#10 27.43 -- Build files have been written to: /app/build
#10 27.51 [  6%] Running cpp protocol buffer compiler on query_api.proto
#10 27.51 [  6%] Running grpc protocol buffer compiler on cpu_softirq.proto
#10 27.51 [  8%] Running grpc protocol buffer compiler on cpu_load.proto
#10 27.51 [ 10%] Running cpp protocol buffer compiler on cpu_load.proto
#10 27.51 [ 10%] Running cpp protocol buffer compiler on cpu_softirq.proto
#10 27.51 [ 12%] Running grpc protocol buffer compiler on cpu_stat.proto
#10 27.51 [ 14%] Running cpp protocol buffer compiler on cpu_stat.proto
#10 27.52 [ 18%] Running cpp protocol buffer compiler on diagnostic.proto
#10 27.52 [ 18%] Running grpc protocol buffer compiler on diagnostic.proto
#10 27.52 [ 22%] Running cpp protocol buffer compiler on disk_info.proto
#10 27.52 [ 22%] Running grpc protocol buffer compiler on disk_info.proto
#10 27.52 [ 24%] Running grpc protocol buffer compiler on mem_info.proto
#10 27.52 [ 26%] Running grpc protocol buffer compiler on monitor_info.proto
#10 27.52 [ 28%] Running cpp protocol buffer compiler on mem_info.proto
#10 27.53 [ 30%] Running cpp protocol buffer compiler on monitor_info.proto
#10 27.53 [ 32%] Running grpc protocol buffer compiler on net_info.proto
#10 27.55 [ 36%] Running grpc protocol buffer compiler on query_api.proto
#10 27.55 [ 36%] Running cpp protocol buffer compiler on net_info.proto
#10 27.61 [ 46%] Building CXX object proto/CMakeFiles/monitor_proto.dir/monitor_info.pb.cc.o
#10 27.61 [ 46%] Building CXX object proto/CMakeFiles/monitor_proto.dir/cpu_load.pb.cc.o
#10 27.62 [ 46%] Building CXX object proto/CMakeFiles/monitor_proto.dir/cpu_stat.pb.cc.o
#10 27.62 [ 46%] Building CXX object proto/CMakeFiles/monitor_proto.dir/mem_info.pb.cc.o
#10 27.62 [ 48%] Building CXX object proto/CMakeFiles/monitor_proto.dir/net_info.pb.cc.o
#10 27.62 [ 50%] Building CXX object proto/CMakeFiles/monitor_proto.dir/disk_info.pb.cc.o
#10 27.62 [ 54%] Building CXX object proto/CMakeFiles/monitor_proto.dir/query_api.pb.cc.o
#10 27.62 [ 54%] Building CXX object proto/CMakeFiles/monitor_proto.dir/diagnostic.pb.cc.o
#10 27.62 [ 54%] Building CXX object proto/CMakeFiles/monitor_proto.dir/cpu_softirq.pb.cc.o
#10 27.62 [ 56%] Building CXX object proto/CMakeFiles/monitor_proto.dir/monitor_info.grpc.pb.cc.o
#10 27.62 [ 60%] Building CXX object proto/CMakeFiles/monitor_proto.dir/cpu_stat.grpc.pb.cc.o
#10 27.62 [ 60%] Building CXX object proto/CMakeFiles/monitor_proto.dir/cpu_load.grpc.pb.cc.o
#10 27.62 [ 62%] Building CXX object proto/CMakeFiles/monitor_proto.dir/cpu_softirq.grpc.pb.cc.o
#10 27.62 [ 64%] Building CXX object proto/CMakeFiles/monitor_proto.dir/net_info.grpc.pb.cc.o
#10 27.62 [ 66%] Building CXX object proto/CMakeFiles/monitor_proto.dir/mem_info.grpc.pb.cc.o
#10 27.63 [ 68%] Building CXX object proto/CMakeFiles/monitor_proto.dir/disk_info.grpc.pb.cc.o
#10 31.54 [ 70%] Building CXX object proto/CMakeFiles/monitor_proto.dir/diagnostic.grpc.pb.cc.o
#10 31.67 [ 72%] Building CXX object proto/CMakeFiles/monitor_proto.dir/query_api.grpc.pb.cc.o
#10 36.21 [ 74%] Linking CXX static library libmonitor_proto.a
#10 36.35 [ 74%] Built target monitor_proto
#10 36.39 [ 80%] Building CXX object manager/CMakeFiles/manager.dir/src/mysql_timeout_config.cpp.o
#10 36.39 [ 80%] Building CXX object manager/CMakeFiles/manager.dir/src/main.cpp.o
#10 36.39 [ 80%] Building CXX object manager/CMakeFiles/manager.dir/src/host_manager.cpp.o
#10 36.39 [ 82%] Building CXX object manager/CMakeFiles/manager.dir/src/host_shard_executor.cpp.o
#10 36.39 [ 84%] Building CXX object manager/CMakeFiles/manager.dir/src/persistence_worker.cpp.o
#10 36.39 [ 88%] Building CXX object manager/CMakeFiles/manager.dir/src/diagnostics/diagnostic_persistence.cpp.o
#10 36.39 [ 88%] Building CXX object manager/CMakeFiles/manager.dir/src/diagnostics/evidence_builder.cpp.o
#10 36.39 [ 92%] Building CXX object manager/CMakeFiles/manager.dir/src/rpc/query_service.cpp.o
#10 36.39 [ 92%] Building CXX object manager/CMakeFiles/manager.dir/src/diagnostics/incident_store.cpp.o
#10 36.39 [ 94%] Building CXX object manager/CMakeFiles/manager.dir/src/diagnostics/root_cause_engine.cpp.o
#10 36.39 [ 96%] Building CXX object manager/CMakeFiles/manager.dir/src/query_manager.cpp.o
#10 36.40 [ 98%] Building CXX object manager/CMakeFiles/manager.dir/src/rpc/grpc_server.cpp.o
#10 40.74 [100%] Linking CXX executable manager
#10 41.47 [100%] Built target manager
#10 41.59 [ 94%] Built target monitor_proto
#10 41.62 [ 97%] Building CXX object benchmark/CMakeFiles/push_benchmark.dir/src/push_benchmark.cpp.o
#10 43.91 [100%] Linking CXX executable push_benchmark
#10 44.31 [100%] Built target push_benchmark
#10 DONE 44.4s

#11 exporting to image
#11 exporting layers
#11 exporting layers 11.1s done
#11 exporting manifest sha256:6da085880fcb6efc02098dc962aad964d4ca336de0540a59fde6769ab06a687f 0.0s done
#11 exporting config sha256:f3f39b15fa779ce589b106f2e3db27c6cce6aab8c864709adb89955bf754be29 0.0s done
#11 exporting attestation manifest sha256:a8d81aa0c6c61c53aa3363bb4d01a7ddef130ae526d93a2fb17af4e953b6718f 0.0s done
#11 exporting manifest list sha256:446b81624da30a12d827959146b221cf7da365238b682fa5022c16ed367e5f2a 0.0s done
#11 naming to docker.io/library/monitor-system-benchmark:local done
#11 unpacking to docker.io/library/monitor-system-benchmark:local
#11 unpacking to docker.io/library/monitor-system-benchmark:local 2.6s done
#11 DONE 13.9s

#12 resolving provenance for metadata file
#12 DONE 0.0s
 Image monitor-system-benchmark:local Built
 Container manager-ab-ab-sharded-burst-50-r3-20260818-mysql-1 Running
 Container manager-ab-ab-sharded-burst-50-r3-20260818-manager-1 Creating
 Container manager-ab-ab-sharded-burst-50-r3-20260818-manager-1 Created
 Container manager-ab-ab-sharded-burst-50-r3-20260818-mysql-1 Waiting
 Container manager-ab-ab-sharded-burst-50-r3-20260818-mysql-1 Healthy
 Container manager-ab-ab-sharded-burst-50-r3-20260818-manager-1 Starting
 Container manager-ab-ab-sharded-burst-50-r3-20260818-manager-1 Started
mysql: [Warning] Using a password on the command line interface can be insecure.
mysql: [Warning] Using a password on the command line interface can be insecure.
mysql: [Warning] Using a password on the command line interface can be insecure.
mysql: [Warning] Using a password on the command line interface can be insecure.
mysql: [Warning] Using a password on the command line interface can be insecure.
mysql: [Warning] Using a password on the command line interface can be insecure.
mysql: [Warning] Using a password on the command line interface can be insecure.
mysql: [Warning] Using a password on the command line interface can be insecure.
mysql: [Warning] Using a password on the command line interface can be insecure.
mysql: [Warning] Using a password on the command line interface can be insecure.
mysql: [Warning] Using a password on the command line interface can be insecure.
mysql: [Warning] Using a password on the command line interface can be insecure.
mysql: [Warning] Using a password on the command line interface can be insecure.
mysql: [Warning] Using a password on the command line interface can be insecure.
mysql: [Warning] Using a password on the command line interface can be insecure.
mysql: [Warning] Using a password on the command line interface can be insecure.
mysql: [Warning] Using a password on the command line interface can be insecure.
mysql: [Warning] Using a password on the command line interface can be insecure.
mysql: [Warning] Using a password on the command line interface can be insecure.
mysql: [Warning] Using a password on the command line interface can be insecure.
 Container manager-ab-ab-sharded-burst-50-r3-20260818-manager-1 Stopping
 Container manager-ab-ab-sharded-burst-50-r3-20260818-manager-1 Stopped
 Container manager-ab-ab-sharded-burst-50-r3-20260818-manager-1 Stopping
 Container manager-ab-ab-sharded-burst-50-r3-20260818-manager-1 Stopped
 Container manager-ab-ab-sharded-burst-50-r3-20260818-manager-1 Removing
 Container manager-ab-ab-sharded-burst-50-r3-20260818-manager-1 Removed
 Container manager-ab-ab-sharded-burst-50-r3-20260818-mysql-1 Stopping
 Container manager-ab-ab-sharded-burst-50-r3-20260818-mysql-1 Stopped
 Container manager-ab-ab-sharded-burst-50-r3-20260818-mysql-1 Removing
 Container manager-ab-ab-sharded-burst-50-r3-20260818-mysql-1 Removed
 Network manager-ab-ab-sharded-burst-50-r3-20260818_default Removing
 Network manager-ab-ab-sharded-burst-50-r3-20260818_default Removed
status=PASS
architecture=Sharded
repository=F:\chenyu_project\monitor_system
run_id=ab-sharded-burst-50-r3-20260818
workers=50
duration_seconds=60
interval_ms=1000
arrival_model=burst
total_samples=3000
successful_rpc=3000
failed_rpc=0
persisted_rows=3000
load_duration_sec=60.573
drain_duration_sec=26.264
total_completion_sec=87.226
accepted_reports_per_sec=34.393
processed_reports_per_sec=34.393
persisted_reports_per_sec=34.393
rpc_p50_us=2897
rpc_p95_us=4104
rpc_p99_us=15232
accepted=3000
queue_full=0
processed=3000
persistence_tasks=3000
persistence_rejected=0
queue_delay_samples=3000
queue_delay_total_us=226244
queue_delay_mean_us=75.41
max_queue_delay_us=857
max_shard_queue_depth=5
max_shard_queue_bytes=2235
max_persistence_queue_depth=878
max_persistence_queue_bytes=645382
manager_cpu_avg_percent=3.25
manager_cpu_peak_percent=5.03
manager_rss_avg_mib=19.14
manager_rss_peak_mib=22.64
mysql_cpu_avg_percent=14.28
mysql_cpu_peak_percent=22.62
mysql_rss_avg_mib=406.88
mysql_rss_peak_mib=411
result_csv_sha256=219CD2F194A459D186C42BDD330ADB17494B40CFD0A83D185601D803659BBBA4
failure=
