 Network manager-ab-ab-legacy-stagger-1-r1-20260818_default Creating
 Network manager-ab-ab-legacy-stagger-1-r1-20260818_default Created
 Container manager-ab-ab-legacy-stagger-1-r1-20260818-mysql-1 Creating
 Container manager-ab-ab-legacy-stagger-1-r1-20260818-mysql-1 Created
 Container manager-ab-ab-legacy-stagger-1-r1-20260818-mysql-1 Starting
 Container manager-ab-ab-legacy-stagger-1-r1-20260818-mysql-1 Started
 Image monitor-system-benchmark:local Building
#1 [internal] load local bake definitions
#1 reading from stdin 609B 0.0s done
#1 DONE 0.0s

#2 [internal] load build definition from Dockerfile.benchmark
#2 transferring dockerfile: 761B done
#2 DONE 0.0s

#3 [internal] load metadata for docker.io/library/python:3.13-slim
#3 DONE 0.0s

#4 [internal] load .dockerignore
#4 transferring context: 2B done
#4 DONE 0.0s

#5 [1/5] FROM docker.io/library/python:3.13-slim@sha256:6771159cd4fa5d9bba1258caf0b82e6b73458c694d178ad97c5e925c2d0e1a91
#5 resolve docker.io/library/python:3.13-slim@sha256:6771159cd4fa5d9bba1258caf0b82e6b73458c694d178ad97c5e925c2d0e1a91 0.0s done
#5 DONE 0.0s

#6 [internal] load build context
#6 transferring context: 4.56MB 0.2s done
#6 DONE 0.2s

#7 [2/5] RUN sed -i 's|http://deb.debian.org|https://deb.debian.org|g; s|http://security.debian.org|https://security.debian.org|g' /etc/apt/sources.list.d/debian.sources     && apt-get -o Acquire::Retries=3 update && apt-get -o Acquire::Retries=3 install -y --no-install-recommends     build-essential cmake pkg-config     libprotobuf-dev protobuf-compiler protobuf-compiler-grpc     libgrpc++-dev default-libmysqlclient-dev     && rm -rf /var/lib/apt/lists/*
#7 CACHED

#8 [3/5] WORKDIR /app
#8 CACHED

#9 [4/5] COPY . .
#9 DONE 0.2s

#10 [5/5] RUN cmake -S . -B build -DENABLE_EBPF=OFF -DBUILD_MANAGER=ON -DBUILD_BENCHMARK=ON     && cmake --build build --target manager push_benchmark -j"$(nproc)"
#10 0.326 -- The CXX compiler identification is GNU 14.2.0
#10 0.339 -- Detecting CXX compiler ABI info
#10 0.461 -- Detecting CXX compiler ABI info - done
#10 0.479 -- Check for working CXX compiler: /usr/bin/c++ - skipped
#10 0.480 -- Detecting CXX compile features
#10 0.481 -- Detecting CXX compile features - done
#10 0.664 -- Found Protobuf: /usr/lib/x86_64-linux-gnu/libprotobuf.so (found version "3.21.12")
#10 0.674 -- Found ZLIB: /usr/lib/x86_64-linux-gnu/libz.so (found version "1.3.1")
#10 0.734 -- Found OpenSSL: /usr/lib/x86_64-linux-gnu/libcrypto.so (found version "3.5.6")
#10 0.737 -- Found c-ares: /usr/lib/x86_64-linux-gnu/cmake/c-ares/c-ares-config.cmake (found version "1.34.5")
#10 0.740 -- Found Threads: TRUE
#10 0.759 -- Found PkgConfig: /usr/bin/pkg-config (found version "1.8.1")
#10 26.52 -- Found RE2 via pkg-config.
#10 26.57 -- Found RE2 via pkg-config.
#10 26.63 -- Found RE2 via pkg-config.
#10 26.63 -- Checking for module 'mysqlclient'
#10 26.65 --   Found mysqlclient, version 3.4.9
#10 26.69 -- MySQL support enabled
#10 26.69 -- Configuring done (26.4s)
#10 26.81 -- Generating done (0.1s)
#10 26.81 -- Build files have been written to: /app/build
#10 26.89 [  4%] Running grpc protocol buffer compiler on cpu_stat.proto
#10 26.89 [  4%] Running grpc protocol buffer compiler on cpu_load.proto
#10 26.89 [  6%] Running grpc protocol buffer compiler on cpu_softirq.proto
#10 26.89 [  8%] Running cpp protocol buffer compiler on query_api.proto
#10 26.89 [ 10%] Running cpp protocol buffer compiler on cpu_softirq.proto
#10 26.90 [ 14%] Running cpp protocol buffer compiler on diagnostic.proto
#10 26.90 [ 14%] Running grpc protocol buffer compiler on diagnostic.proto
#10 26.90 [ 17%] Running cpp protocol buffer compiler on cpu_load.proto
#10 26.90 [ 19%] Running grpc protocol buffer compiler on disk_info.proto
#10 26.90 [ 23%] Running cpp protocol buffer compiler on cpu_stat.proto
#10 26.90 [ 23%] Running cpp protocol buffer compiler on disk_info.proto
#10 26.90 [ 27%] Running cpp protocol buffer compiler on mem_info.proto
#10 26.90 [ 27%] Running grpc protocol buffer compiler on mem_info.proto
#10 26.90 [ 29%] Running grpc protocol buffer compiler on monitor_info.proto
#10 26.91 [ 31%] Running cpp protocol buffer compiler on monitor_info.proto
#10 26.91 [ 34%] Running grpc protocol buffer compiler on net_info.proto
#10 26.93 [ 38%] Running cpp protocol buffer compiler on net_info.proto
#10 26.93 [ 38%] Running grpc protocol buffer compiler on query_api.proto
#10 27.02 [ 40%] Building CXX object proto/CMakeFiles/monitor_proto.dir/cpu_softirq.pb.cc.o
#10 27.02 [ 42%] Building CXX object proto/CMakeFiles/monitor_proto.dir/cpu_load.grpc.pb.cc.o
#10 27.02 [ 44%] Building CXX object proto/CMakeFiles/monitor_proto.dir/monitor_info.pb.cc.o
#10 27.02 [ 46%] Building CXX object proto/CMakeFiles/monitor_proto.dir/net_info.pb.cc.o
#10 27.02 [ 51%] Building CXX object proto/CMakeFiles/monitor_proto.dir/query_api.pb.cc.o
#10 27.02 [ 51%] Building CXX object proto/CMakeFiles/monitor_proto.dir/cpu_stat.grpc.pb.cc.o
#10 27.03 [ 53%] Building CXX object proto/CMakeFiles/monitor_proto.dir/cpu_softirq.grpc.pb.cc.o
#10 27.03 [ 55%] Building CXX object proto/CMakeFiles/monitor_proto.dir/mem_info.pb.cc.o
#10 27.04 [ 57%] Building CXX object proto/CMakeFiles/monitor_proto.dir/cpu_load.pb.cc.o
#10 27.04 [ 61%] Building CXX object proto/CMakeFiles/monitor_proto.dir/mem_info.grpc.pb.cc.o
#10 27.04 [ 61%] Building CXX object proto/CMakeFiles/monitor_proto.dir/monitor_info.grpc.pb.cc.o
#10 27.04 [ 68%] Building CXX object proto/CMakeFiles/monitor_proto.dir/net_info.grpc.pb.cc.o
#10 27.04 [ 68%] Building CXX object proto/CMakeFiles/monitor_proto.dir/diagnostic.pb.cc.o
#10 27.04 [ 68%] Building CXX object proto/CMakeFiles/monitor_proto.dir/cpu_stat.pb.cc.o
#10 27.04 [ 70%] Building CXX object proto/CMakeFiles/monitor_proto.dir/disk_info.pb.cc.o
#10 27.06 [ 72%] Building CXX object proto/CMakeFiles/monitor_proto.dir/disk_info.grpc.pb.cc.o
#10 31.43 [ 74%] Building CXX object proto/CMakeFiles/monitor_proto.dir/query_api.grpc.pb.cc.o
#10 31.43 [ 76%] Building CXX object proto/CMakeFiles/monitor_proto.dir/diagnostic.grpc.pb.cc.o
#10 35.92 [ 78%] Linking CXX static library libmonitor_proto.a
#10 36.07 [ 78%] Built target monitor_proto
#10 36.11 [ 89%] Building CXX object manager/CMakeFiles/manager.dir/src/diagnostics/root_cause_engine.cpp.o
#10 36.11 [ 89%] Building CXX object manager/CMakeFiles/manager.dir/src/host_manager.cpp.o
#10 36.11 [ 89%] Building CXX object manager/CMakeFiles/manager.dir/src/diagnostics/incident_store.cpp.o
#10 36.11 [ 91%] Building CXX object manager/CMakeFiles/manager.dir/src/main.cpp.o
#10 36.11 [ 87%] Building CXX object manager/CMakeFiles/manager.dir/src/diagnostics/evidence_builder.cpp.o
#10 36.11 [ 89%] Building CXX object manager/CMakeFiles/manager.dir/src/diagnostics/diagnostic_persistence.cpp.o
#10 36.11 [ 93%] Building CXX object manager/CMakeFiles/manager.dir/src/rpc/grpc_server.cpp.o
#10 36.11 [ 95%] Building CXX object manager/CMakeFiles/manager.dir/src/query_manager.cpp.o
#10 36.11 [ 97%] Building CXX object manager/CMakeFiles/manager.dir/src/rpc/query_service.cpp.o
#10 39.97 [100%] Linking CXX executable manager
#10 40.72 [100%] Built target manager
#10 40.85 [ 94%] Built target monitor_proto
#10 40.88 [ 97%] Building CXX object benchmark/CMakeFiles/push_benchmark.dir/src/push_benchmark.cpp.o
#10 43.19 [100%] Linking CXX executable push_benchmark
#10 43.56 [100%] Built target push_benchmark
#10 DONE 43.7s

#11 exporting to image
#11 exporting layers
#11 exporting layers 0.6s done
#11 exporting manifest sha256:0243e11cf3e32b52e07e27432d98b65ac72e8e9a48739303bd0cf8920e77b24b 0.0s done
#11 exporting config sha256:501111e4ba08a975d3e2b46f9a9c1ee19c1d614963d1e59b00ce3327b9e0bf2f 0.0s done
#11 exporting attestation manifest sha256:d36378017d2a8bb96d713656e776c0cb5d64f3a8efddd9913185374919b8e7df 0.0s done
#11 exporting manifest list sha256:969838418878ec8ece5a40aa84dd0f2e54fba0b042294df96cc9f79b891744d8 0.0s done
#11 naming to docker.io/library/monitor-system-benchmark:local done
#11 unpacking to docker.io/library/monitor-system-benchmark:local
#11 unpacking to docker.io/library/monitor-system-benchmark:local 0.4s done
#11 DONE 1.1s

#12 resolving provenance for metadata file
#12 DONE 0.0s
 Image monitor-system-benchmark:local Built
 Container manager-ab-ab-legacy-stagger-1-r1-20260818-mysql-1 Running
 Container manager-ab-ab-legacy-stagger-1-r1-20260818-manager-1 Creating
 Container manager-ab-ab-legacy-stagger-1-r1-20260818-manager-1 Created
 Container manager-ab-ab-legacy-stagger-1-r1-20260818-mysql-1 Waiting
 Container manager-ab-ab-legacy-stagger-1-r1-20260818-mysql-1 Healthy
 Container manager-ab-ab-legacy-stagger-1-r1-20260818-manager-1 Starting
 Container manager-ab-ab-legacy-stagger-1-r1-20260818-manager-1 Started
mysql: [Warning] Using a password on the command line interface can be insecure.
 Container manager-ab-ab-legacy-stagger-1-r1-20260818-manager-1 Stopping
 Container manager-ab-ab-legacy-stagger-1-r1-20260818-manager-1 Stopped
 Container manager-ab-ab-legacy-stagger-1-r1-20260818-manager-1 Stopping
 Container manager-ab-ab-legacy-stagger-1-r1-20260818-manager-1 Stopped
 Container manager-ab-ab-legacy-stagger-1-r1-20260818-manager-1 Removing
 Container manager-ab-ab-legacy-stagger-1-r1-20260818-manager-1 Removed
 Container manager-ab-ab-legacy-stagger-1-r1-20260818-mysql-1 Stopping
 Container manager-ab-ab-legacy-stagger-1-r1-20260818-mysql-1 Stopped
 Container manager-ab-ab-legacy-stagger-1-r1-20260818-mysql-1 Removing
 Container manager-ab-ab-legacy-stagger-1-r1-20260818-mysql-1 Removed
 Network manager-ab-ab-legacy-stagger-1-r1-20260818_default Removing
 Network manager-ab-ab-legacy-stagger-1-r1-20260818_default Removed
status=PASS
architecture=Legacy
repository=F:\chenyu_project\monitor_system-legacy-5c29
run_id=ab-legacy-stagger-1-r1-20260818
workers=1
duration_seconds=60
interval_ms=1000
arrival_model=stagger_start
total_samples=60
successful_rpc=60
failed_rpc=0
persisted_rows=60
load_duration_sec=60.451
drain_duration_sec=0.421
total_completion_sec=61.24
accepted_reports_per_sec=0.98
processed_reports_per_sec=N/A
persisted_reports_per_sec=0.98
rpc_p50_us=12286
rpc_p95_us=27244
rpc_p99_us=57008
accepted=N/A
queue_full=N/A
processed=N/A
persistence_tasks=N/A
persistence_rejected=N/A
queue_delay_samples=N/A
queue_delay_total_us=N/A
queue_delay_mean_us=N/A
max_queue_delay_us=N/A
max_shard_queue_depth=N/A
max_shard_queue_bytes=N/A
max_persistence_queue_depth=N/A
max_persistence_queue_bytes=N/A
manager_cpu_avg_percent=0.19
manager_cpu_peak_percent=0.49
manager_rss_avg_mib=18.61
manager_rss_peak_mib=18.94
mysql_cpu_avg_percent=1.75
mysql_cpu_peak_percent=4.07
mysql_rss_avg_mib=340.83
mysql_rss_peak_mib=341.4
result_csv_sha256=CCE5C192ADACE79F44476FB5EB61F469DCB6358968AD2C42330D5664DDB73428
failure=
