 Network manager-ab-ab-sharded-burst-75-r2-20260818_default Creating
 Network manager-ab-ab-sharded-burst-75-r2-20260818_default Created
 Container manager-ab-ab-sharded-burst-75-r2-20260818-mysql-1 Creating
 Container manager-ab-ab-sharded-burst-75-r2-20260818-mysql-1 Created
 Container manager-ab-ab-sharded-burst-75-r2-20260818-mysql-1 Starting
 Container manager-ab-ab-sharded-burst-75-r2-20260818-mysql-1 Started
 Image monitor-system-benchmark:local Building
#1 [internal] load local bake definitions
#1 reading from stdin 585B 0.0s done
#1 DONE 0.0s

#2 [internal] load build definition from Dockerfile.benchmark
#2 transferring dockerfile: 747B 0.0s done
#2 DONE 0.0s

#3 [internal] load metadata for docker.io/library/python:3.13-slim
#3 DONE 0.1s

#4 [internal] load .dockerignore
#4 transferring context: 2B done
#4 DONE 0.0s

#5 [1/5] FROM docker.io/library/python:3.13-slim@sha256:6771159cd4fa5d9bba1258caf0b82e6b73458c694d178ad97c5e925c2d0e1a91
#5 resolve docker.io/library/python:3.13-slim@sha256:6771159cd4fa5d9bba1258caf0b82e6b73458c694d178ad97c5e925c2d0e1a91 0.0s done
#5 DONE 0.0s

#6 [internal] load build context
#6 transferring context: 693.45kB 0.3s done
#6 DONE 0.3s

#7 [2/5] RUN sed -i 's|http://deb.debian.org|https://deb.debian.org|g; s|http://security.debian.org|https://security.debian.org|g' /etc/apt/sources.list.d/debian.sources     && apt-get -o Acquire::Retries=3 update && apt-get -o Acquire::Retries=3 install -y --no-install-recommends     build-essential cmake pkg-config     libprotobuf-dev protobuf-compiler protobuf-compiler-grpc     libgrpc++-dev default-libmysqlclient-dev     && rm -rf /var/lib/apt/lists/*
#7 CACHED

#8 [3/5] WORKDIR /app
#8 CACHED

#9 [4/5] COPY . .
#9 DONE 3.9s

#10 [5/5] RUN cmake -S . -B build -DENABLE_EBPF=OFF -DBUILD_MANAGER=ON -DBUILD_BENCHMARK=ON     && cmake --build build --target manager push_benchmark -j"$(nproc)"
#10 0.567 -- The CXX compiler identification is GNU 14.2.0
#10 0.581 -- Detecting CXX compiler ABI info
#10 0.725 -- Detecting CXX compiler ABI info - done
#10 0.741 -- Check for working CXX compiler: /usr/bin/c++ - skipped
#10 0.742 -- Detecting CXX compile features
#10 0.743 -- Detecting CXX compile features - done
#10 0.931 -- Found Protobuf: /usr/lib/x86_64-linux-gnu/libprotobuf.so (found version "3.21.12")
#10 0.941 -- Found ZLIB: /usr/lib/x86_64-linux-gnu/libz.so (found version "1.3.1")
#10 1.003 -- Found OpenSSL: /usr/lib/x86_64-linux-gnu/libcrypto.so (found version "3.5.6")
#10 1.006 -- Found c-ares: /usr/lib/x86_64-linux-gnu/cmake/c-ares/c-ares-config.cmake (found version "1.34.5")
#10 1.009 -- Found Threads: TRUE
#10 1.028 -- Found PkgConfig: /usr/bin/pkg-config (found version "1.8.1")
#10 27.21 -- Found RE2 via pkg-config.
#10 27.27 -- Found RE2 via pkg-config.
#10 27.32 -- Found RE2 via pkg-config.
#10 27.33 -- Checking for module 'mysqlclient'
#10 27.35 --   Found mysqlclient, version 3.4.9
#10 27.39 -- MySQL support enabled
#10 27.39 -- Configuring done (26.9s)
#10 27.54 -- Generating done (0.1s)
#10 27.54 -- Build files have been written to: /app/build
#10 27.62 [  2%] Running grpc protocol buffer compiler on cpu_softirq.proto
#10 27.62 [  8%] Running grpc protocol buffer compiler on cpu_load.proto
#10 27.62 [  8%] Running cpp protocol buffer compiler on query_api.proto
#10 27.62 [  8%] Running cpp protocol buffer compiler on cpu_load.proto
#10 27.62 [ 10%] Running grpc protocol buffer compiler on cpu_stat.proto
#10 27.62 [ 12%] Running cpp protocol buffer compiler on cpu_softirq.proto
#10 27.62 [ 18%] Running cpp protocol buffer compiler on cpu_stat.proto
#10 27.62 [ 18%] Running grpc protocol buffer compiler on disk_info.proto
#10 27.62 [ 18%] Running cpp protocol buffer compiler on diagnostic.proto
#10 27.62 [ 20%] Running cpp protocol buffer compiler on disk_info.proto
#10 27.62 [ 22%] Running cpp protocol buffer compiler on mem_info.proto
#10 27.62 [ 24%] Running grpc protocol buffer compiler on diagnostic.proto
#10 27.62 [ 26%] Running grpc protocol buffer compiler on mem_info.proto
#10 27.63 [ 28%] Running grpc protocol buffer compiler on monitor_info.proto
#10 27.63 [ 30%] Running cpp protocol buffer compiler on monitor_info.proto
#10 27.64 [ 32%] Running grpc protocol buffer compiler on net_info.proto
#10 27.66 [ 36%] Running cpp protocol buffer compiler on net_info.proto
#10 27.66 [ 36%] Running grpc protocol buffer compiler on query_api.proto
#10 27.73 [ 42%] Building CXX object proto/CMakeFiles/monitor_proto.dir/cpu_load.pb.cc.o
#10 27.73 [ 44%] Building CXX object proto/CMakeFiles/monitor_proto.dir/monitor_info.pb.cc.o
#10 27.73 [ 44%] Building CXX object proto/CMakeFiles/monitor_proto.dir/cpu_stat.pb.cc.o
#10 27.73 [ 44%] Building CXX object proto/CMakeFiles/monitor_proto.dir/cpu_softirq.pb.cc.o
#10 27.73 [ 50%] Building CXX object proto/CMakeFiles/monitor_proto.dir/disk_info.pb.cc.o
#10 27.73 [ 50%] Building CXX object proto/CMakeFiles/monitor_proto.dir/mem_info.pb.cc.o
#10 27.73 [ 52%] Building CXX object proto/CMakeFiles/monitor_proto.dir/query_api.pb.cc.o
#10 27.73 [ 56%] Building CXX object proto/CMakeFiles/monitor_proto.dir/monitor_info.grpc.pb.cc.o
#10 27.73 [ 60%] Building CXX object proto/CMakeFiles/monitor_proto.dir/cpu_load.grpc.pb.cc.o
#10 27.73 [ 60%] Building CXX object proto/CMakeFiles/monitor_proto.dir/cpu_softirq.grpc.pb.cc.o
#10 27.73 [ 60%] Building CXX object proto/CMakeFiles/monitor_proto.dir/net_info.pb.cc.o
#10 27.73 [ 60%] Building CXX object proto/CMakeFiles/monitor_proto.dir/diagnostic.pb.cc.o
#10 27.73 [ 64%] Building CXX object proto/CMakeFiles/monitor_proto.dir/cpu_stat.grpc.pb.cc.o
#10 27.73 [ 64%] Building CXX object proto/CMakeFiles/monitor_proto.dir/mem_info.grpc.pb.cc.o
#10 27.75 [ 66%] Building CXX object proto/CMakeFiles/monitor_proto.dir/net_info.grpc.pb.cc.o
#10 27.75 [ 68%] Building CXX object proto/CMakeFiles/monitor_proto.dir/disk_info.grpc.pb.cc.o
#10 32.49 [ 70%] Building CXX object proto/CMakeFiles/monitor_proto.dir/diagnostic.grpc.pb.cc.o
#10 32.56 [ 72%] Building CXX object proto/CMakeFiles/monitor_proto.dir/query_api.grpc.pb.cc.o
#10 37.13 [ 74%] Linking CXX static library libmonitor_proto.a
#10 37.29 [ 74%] Built target monitor_proto
#10 37.33 [ 80%] Building CXX object manager/CMakeFiles/manager.dir/src/main.cpp.o
#10 37.33 [ 80%] Building CXX object manager/CMakeFiles/manager.dir/src/host_manager.cpp.o
#10 37.33 [ 82%] Building CXX object manager/CMakeFiles/manager.dir/src/diagnostics/evidence_builder.cpp.o
#10 37.33 [ 80%] Building CXX object manager/CMakeFiles/manager.dir/src/host_shard_executor.cpp.o
#10 37.33 [ 84%] Building CXX object manager/CMakeFiles/manager.dir/src/mysql_timeout_config.cpp.o
#10 37.33 [ 86%] Building CXX object manager/CMakeFiles/manager.dir/src/persistence_worker.cpp.o
#10 37.33 [ 90%] Building CXX object manager/CMakeFiles/manager.dir/src/diagnostics/root_cause_engine.cpp.o
#10 37.33 [ 90%] Building CXX object manager/CMakeFiles/manager.dir/src/diagnostics/incident_store.cpp.o
#10 37.33 [ 92%] Building CXX object manager/CMakeFiles/manager.dir/src/rpc/grpc_server.cpp.o
#10 37.33 [ 94%] Building CXX object manager/CMakeFiles/manager.dir/src/rpc/query_service.cpp.o
#10 37.33 [ 98%] Building CXX object manager/CMakeFiles/manager.dir/src/query_manager.cpp.o
#10 37.33 [ 98%] Building CXX object manager/CMakeFiles/manager.dir/src/diagnostics/diagnostic_persistence.cpp.o
#10 41.63 [100%] Linking CXX executable manager
#10 42.56 [100%] Built target manager
#10 42.68 [ 94%] Built target monitor_proto
#10 42.71 [ 97%] Building CXX object benchmark/CMakeFiles/push_benchmark.dir/src/push_benchmark.cpp.o
#10 45.17 [100%] Linking CXX executable push_benchmark
#10 45.58 [100%] Built target push_benchmark
#10 DONE 45.7s

#11 exporting to image
#11 exporting layers
#11 exporting layers 11.4s done
#11 exporting manifest sha256:782f5a6ffbf7e7ae27f5d2fbb2a84023645ff9e1846e5e8ac554621e0d7017b1 0.0s done
#11 exporting config sha256:09824daeacc1795d2bf83674c41b893eb4671fe1350dfb3eb294ae18058c074e 0.0s done
#11 exporting attestation manifest sha256:b706ae0f0c66f7b4aee41526ea9d7ae375c358628a8c69b0f336c832e57fb869 0.0s done
#11 exporting manifest list sha256:9fd61097066c8df20893574de7cf6e1c093f5661d7220082aad169eadb519049 0.0s done
#11 naming to docker.io/library/monitor-system-benchmark:local done
#11 unpacking to docker.io/library/monitor-system-benchmark:local
#11 unpacking to docker.io/library/monitor-system-benchmark:local 2.2s done
#11 DONE 13.8s

#12 resolving provenance for metadata file
#12 DONE 0.0s
 Image monitor-system-benchmark:local Built
 Container manager-ab-ab-sharded-burst-75-r2-20260818-mysql-1 Running
 Container manager-ab-ab-sharded-burst-75-r2-20260818-manager-1 Creating
 Container manager-ab-ab-sharded-burst-75-r2-20260818-manager-1 Created
 Container manager-ab-ab-sharded-burst-75-r2-20260818-mysql-1 Waiting
 Container manager-ab-ab-sharded-burst-75-r2-20260818-mysql-1 Healthy
 Container manager-ab-ab-sharded-burst-75-r2-20260818-manager-1 Starting
 Container manager-ab-ab-sharded-burst-75-r2-20260818-manager-1 Started
mysql: [Warning] Using a password on the command line interface can be insecure.
mysql: [Warning] Using a password on the command line interface can be insecure.
 Container manager-ab-ab-sharded-burst-75-r2-20260818-manager-1 Stopping
 Container manager-ab-ab-sharded-burst-75-r2-20260818-manager-1 Stopped
 Container manager-ab-ab-sharded-burst-75-r2-20260818-manager-1 Stopping
 Container manager-ab-ab-sharded-burst-75-r2-20260818-manager-1 Stopped
 Container manager-ab-ab-sharded-burst-75-r2-20260818-manager-1 Removing
 Container manager-ab-ab-sharded-burst-75-r2-20260818-manager-1 Removed
 Container manager-ab-ab-sharded-burst-75-r2-20260818-mysql-1 Stopping
 Container manager-ab-ab-sharded-burst-75-r2-20260818-mysql-1 Stopped
 Container manager-ab-ab-sharded-burst-75-r2-20260818-mysql-1 Removing
 Container manager-ab-ab-sharded-burst-75-r2-20260818-mysql-1 Removed
 Network manager-ab-ab-sharded-burst-75-r2-20260818_default Removing
 Network manager-ab-ab-sharded-burst-75-r2-20260818_default Removed
status=PASS
architecture=Sharded
repository=F:\chenyu_project\monitor_system
run_id=ab-sharded-burst-75-r2-20260818
workers=75
duration_seconds=60
interval_ms=1000
arrival_model=burst
total_samples=4500
successful_rpc=4500
failed_rpc=0
persisted_rows=4500
load_duration_sec=60.52
drain_duration_sec=2.033
total_completion_sec=62.931
accepted_reports_per_sec=71.507
processed_reports_per_sec=71.507
persisted_reports_per_sec=71.507
rpc_p50_us=3362
rpc_p95_us=4930
rpc_p99_us=25796
accepted=4500
queue_full=0
processed=4500
persistence_tasks=4500
persistence_rejected=0
queue_delay_samples=4500
queue_delay_total_us=385349
queue_delay_mean_us=85.63
max_queue_delay_us=2107
max_shard_queue_depth=7
max_shard_queue_bytes=3136
max_persistence_queue_depth=82
max_persistence_queue_bytes=60304
manager_cpu_avg_percent=6.07
manager_cpu_peak_percent=6.81
manager_rss_avg_mib=17.11
manager_rss_peak_mib=20.31
mysql_cpu_avg_percent=21.36
mysql_cpu_peak_percent=28.52
mysql_rss_avg_mib=406.27
mysql_rss_peak_mib=410.1
result_csv_sha256=2436054EAA23AE45AB80A0F4885D0E1A309EEA8B7FE34D580B5FFB2B7B759DB2
failure=
