 Network manager-ab-ab-sharded-stagger-75-r2-20260818_default Creating
 Network manager-ab-ab-sharded-stagger-75-r2-20260818_default Created
 Container manager-ab-ab-sharded-stagger-75-r2-20260818-mysql-1 Creating
 Container manager-ab-ab-sharded-stagger-75-r2-20260818-mysql-1 Created
 Container manager-ab-ab-sharded-stagger-75-r2-20260818-mysql-1 Starting
 Container manager-ab-ab-sharded-stagger-75-r2-20260818-mysql-1 Started
 Image monitor-system-benchmark:local Building
#1 [internal] load local bake definitions
#1 reading from stdin 587B 0.0s done
#1 DONE 0.0s

#2 [internal] load build definition from Dockerfile.benchmark
#2 transferring dockerfile: 747B 0.0s done
#2 DONE 0.0s

#3 [internal] load metadata for docker.io/library/python:3.13-slim
#3 DONE 0.0s

#4 [internal] load .dockerignore
#4 transferring context: 2B done
#4 DONE 0.0s

#5 [internal] load build context
#5 DONE 0.0s

#6 [1/5] FROM docker.io/library/python:3.13-slim@sha256:6771159cd4fa5d9bba1258caf0b82e6b73458c694d178ad97c5e925c2d0e1a91
#6 resolve docker.io/library/python:3.13-slim@sha256:6771159cd4fa5d9bba1258caf0b82e6b73458c694d178ad97c5e925c2d0e1a91 0.0s done
#6 DONE 0.0s

#5 [internal] load build context
#5 transferring context: 706.05kB 0.3s done
#5 DONE 0.3s

#7 [2/5] RUN sed -i 's|http://deb.debian.org|https://deb.debian.org|g; s|http://security.debian.org|https://security.debian.org|g' /etc/apt/sources.list.d/debian.sources     && apt-get -o Acquire::Retries=3 update && apt-get -o Acquire::Retries=3 install -y --no-install-recommends     build-essential cmake pkg-config     libprotobuf-dev protobuf-compiler protobuf-compiler-grpc     libgrpc++-dev default-libmysqlclient-dev     && rm -rf /var/lib/apt/lists/*
#7 CACHED

#8 [3/5] WORKDIR /app
#8 CACHED

#9 [4/5] COPY . .
#9 DONE 6.8s

#10 [5/5] RUN cmake -S . -B build -DENABLE_EBPF=OFF -DBUILD_MANAGER=ON -DBUILD_BENCHMARK=ON     && cmake --build build --target manager push_benchmark -j"$(nproc)"
#10 1.031 -- The CXX compiler identification is GNU 14.2.0
#10 1.055 -- Detecting CXX compiler ABI info
#10 1.249 -- Detecting CXX compiler ABI info - done
#10 1.266 -- Check for working CXX compiler: /usr/bin/c++ - skipped
#10 1.267 -- Detecting CXX compile features
#10 1.268 -- Detecting CXX compile features - done
#10 1.512 -- Found Protobuf: /usr/lib/x86_64-linux-gnu/libprotobuf.so (found version "3.21.12")
#10 1.523 -- Found ZLIB: /usr/lib/x86_64-linux-gnu/libz.so (found version "1.3.1")
#10 1.594 -- Found OpenSSL: /usr/lib/x86_64-linux-gnu/libcrypto.so (found version "3.5.6")
#10 1.598 -- Found c-ares: /usr/lib/x86_64-linux-gnu/cmake/c-ares/c-ares-config.cmake (found version "1.34.5")
#10 1.601 -- Found Threads: TRUE
#10 1.627 -- Found PkgConfig: /usr/bin/pkg-config (found version "1.8.1")
#10 28.10 -- Found RE2 via pkg-config.
#10 28.17 -- Found RE2 via pkg-config.
#10 28.23 -- Found RE2 via pkg-config.
#10 28.23 -- Checking for module 'mysqlclient'
#10 28.25 --   Found mysqlclient, version 3.4.9
#10 28.30 -- MySQL support enabled
#10 28.30 -- Configuring done (27.4s)
#10 28.46 -- Generating done (0.2s)
#10 28.46 -- Build files have been written to: /app/build
#10 28.54 [  6%] Running cpp protocol buffer compiler on cpu_load.proto
#10 28.54 [  4%] Running cpp protocol buffer compiler on query_api.proto
#10 28.54 [  4%] Running grpc protocol buffer compiler on cpu_load.proto
#10 28.54 [ 10%] Running cpp protocol buffer compiler on cpu_softirq.proto
#10 28.54 [ 10%] Running grpc protocol buffer compiler on cpu_softirq.proto
#10 28.54 [ 12%] Running grpc protocol buffer compiler on cpu_stat.proto
#10 28.54 [ 14%] Running grpc protocol buffer compiler on diagnostic.proto
#10 28.54 [ 20%] Running grpc protocol buffer compiler on disk_info.proto
#10 28.54 [ 20%] Running cpp protocol buffer compiler on diagnostic.proto
#10 28.54 [ 20%] Running cpp protocol buffer compiler on disk_info.proto
#10 28.54 [ 22%] Running cpp protocol buffer compiler on mem_info.proto
#10 28.54 [ 24%] Running grpc protocol buffer compiler on mem_info.proto
#10 28.55 [ 26%] Running grpc protocol buffer compiler on monitor_info.proto
#10 28.55 [ 28%] Running grpc protocol buffer compiler on net_info.proto
#10 28.55 [ 30%] Running cpp protocol buffer compiler on cpu_stat.proto
#10 28.56 [ 32%] Running cpp protocol buffer compiler on monitor_info.proto
#10 28.59 [ 34%] Running cpp protocol buffer compiler on net_info.proto
#10 28.59 [ 36%] Running grpc protocol buffer compiler on query_api.proto
#10 28.65 [ 42%] Building CXX object proto/CMakeFiles/monitor_proto.dir/cpu_softirq.pb.cc.o
#10 28.65 [ 44%] Building CXX object proto/CMakeFiles/monitor_proto.dir/monitor_info.pb.cc.o
#10 28.65 [ 46%] Building CXX object proto/CMakeFiles/monitor_proto.dir/net_info.pb.cc.o
#10 28.65 [ 48%] Building CXX object proto/CMakeFiles/monitor_proto.dir/mem_info.pb.cc.o
#10 28.65 [ 52%] Building CXX object proto/CMakeFiles/monitor_proto.dir/query_api.pb.cc.o
#10 28.66 [ 48%] Building CXX object proto/CMakeFiles/monitor_proto.dir/cpu_stat.pb.cc.o
#10 28.66 [ 54%] Building CXX object proto/CMakeFiles/monitor_proto.dir/diagnostic.pb.cc.o
#10 28.66 [ 48%] Building CXX object proto/CMakeFiles/monitor_proto.dir/cpu_load.pb.cc.o
#10 28.66 [ 54%] Building CXX object proto/CMakeFiles/monitor_proto.dir/disk_info.pb.cc.o
#10 28.66 [ 56%] Building CXX object proto/CMakeFiles/monitor_proto.dir/cpu_load.grpc.pb.cc.o
#10 28.66 [ 60%] Building CXX object proto/CMakeFiles/monitor_proto.dir/cpu_softirq.grpc.pb.cc.o
#10 28.66 [ 60%] Building CXX object proto/CMakeFiles/monitor_proto.dir/cpu_stat.grpc.pb.cc.o
#10 28.66 [ 62%] Building CXX object proto/CMakeFiles/monitor_proto.dir/monitor_info.grpc.pb.cc.o
#10 28.67 [ 64%] Building CXX object proto/CMakeFiles/monitor_proto.dir/mem_info.grpc.pb.cc.o
#10 28.68 [ 68%] Building CXX object proto/CMakeFiles/monitor_proto.dir/net_info.grpc.pb.cc.o
#10 28.68 [ 68%] Building CXX object proto/CMakeFiles/monitor_proto.dir/disk_info.grpc.pb.cc.o
#10 33.51 [ 72%] Building CXX object proto/CMakeFiles/monitor_proto.dir/diagnostic.grpc.pb.cc.o
#10 33.51 [ 72%] Building CXX object proto/CMakeFiles/monitor_proto.dir/query_api.grpc.pb.cc.o
#10 38.02 [ 74%] Linking CXX static library libmonitor_proto.a
#10 38.18 [ 74%] Built target monitor_proto
#10 38.22 [ 82%] Building CXX object manager/CMakeFiles/manager.dir/src/mysql_timeout_config.cpp.o
#10 38.22 [ 82%] Building CXX object manager/CMakeFiles/manager.dir/src/main.cpp.o
#10 38.22 [ 82%] Building CXX object manager/CMakeFiles/manager.dir/src/persistence_worker.cpp.o
#10 38.22 [ 82%] Building CXX object manager/CMakeFiles/manager.dir/src/host_shard_executor.cpp.o
#10 38.22 [ 84%] Building CXX object manager/CMakeFiles/manager.dir/src/host_manager.cpp.o
#10 38.22 [ 86%] Building CXX object manager/CMakeFiles/manager.dir/src/diagnostics/evidence_builder.cpp.o
#10 38.22 [ 88%] Building CXX object manager/CMakeFiles/manager.dir/src/query_manager.cpp.o
#10 38.22 [ 90%] Building CXX object manager/CMakeFiles/manager.dir/src/diagnostics/root_cause_engine.cpp.o
#10 38.22 [ 92%] Building CXX object manager/CMakeFiles/manager.dir/src/diagnostics/incident_store.cpp.o
#10 38.22 [ 94%] Building CXX object manager/CMakeFiles/manager.dir/src/diagnostics/diagnostic_persistence.cpp.o
#10 38.22 [ 96%] Building CXX object manager/CMakeFiles/manager.dir/src/rpc/grpc_server.cpp.o
#10 38.22 [ 98%] Building CXX object manager/CMakeFiles/manager.dir/src/rpc/query_service.cpp.o
#10 42.52 [100%] Linking CXX executable manager
#10 43.41 [100%] Built target manager
#10 43.53 [ 94%] Built target monitor_proto
#10 43.56 [ 97%] Building CXX object benchmark/CMakeFiles/push_benchmark.dir/src/push_benchmark.cpp.o
#10 46.01 [100%] Linking CXX executable push_benchmark
#10 46.45 [100%] Built target push_benchmark
#10 DONE 46.8s

#11 exporting to image
#11 exporting layers
#11 exporting layers 12.2s done
#11 exporting manifest sha256:be7e61914461f9ceead022ebb79f76e71453b8d4836a6bcf35dfd54aea05b28c 0.0s done
#11 exporting config sha256:aa5acb0cd9811426306efd79667180fd9aafb3d2ef0cf7efce9987f9ff2ac14a 0.0s done
#11 exporting attestation manifest sha256:f041a26d6ba5e8dbb184de21a93e34aaddee37bdfbd420659c1a8af3f6ef6fd7 0.0s done
#11 exporting manifest list sha256:023c1f4dafdc43194c74d387e74328314ba8101532c32a5433a129c42a3c99fd 0.0s done
#11 naming to docker.io/library/monitor-system-benchmark:local done
#11 unpacking to docker.io/library/monitor-system-benchmark:local
#11 unpacking to docker.io/library/monitor-system-benchmark:local 2.4s done
#11 DONE 14.8s

#12 resolving provenance for metadata file
#12 DONE 0.0s
 Image monitor-system-benchmark:local Built
 Container manager-ab-ab-sharded-stagger-75-r2-20260818-mysql-1 Running
 Container manager-ab-ab-sharded-stagger-75-r2-20260818-manager-1 Creating
 Container manager-ab-ab-sharded-stagger-75-r2-20260818-manager-1 Created
 Container manager-ab-ab-sharded-stagger-75-r2-20260818-mysql-1 Waiting
 Container manager-ab-ab-sharded-stagger-75-r2-20260818-mysql-1 Healthy
 Container manager-ab-ab-sharded-stagger-75-r2-20260818-manager-1 Starting
 Container manager-ab-ab-sharded-stagger-75-r2-20260818-manager-1 Started
mysql: [Warning] Using a password on the command line interface can be insecure.
 Container manager-ab-ab-sharded-stagger-75-r2-20260818-manager-1 Stopping
 Container manager-ab-ab-sharded-stagger-75-r2-20260818-manager-1 Stopped
 Container manager-ab-ab-sharded-stagger-75-r2-20260818-manager-1 Stopping
 Container manager-ab-ab-sharded-stagger-75-r2-20260818-manager-1 Stopped
 Container manager-ab-ab-sharded-stagger-75-r2-20260818-manager-1 Removing
 Container manager-ab-ab-sharded-stagger-75-r2-20260818-manager-1 Removed
 Container manager-ab-ab-sharded-stagger-75-r2-20260818-mysql-1 Stopping
 Container manager-ab-ab-sharded-stagger-75-r2-20260818-mysql-1 Stopped
 Container manager-ab-ab-sharded-stagger-75-r2-20260818-mysql-1 Removing
 Container manager-ab-ab-sharded-stagger-75-r2-20260818-mysql-1 Removed
 Network manager-ab-ab-sharded-stagger-75-r2-20260818_default Removing
 Network manager-ab-ab-sharded-stagger-75-r2-20260818_default Removed
status=PASS
architecture=Sharded
repository=F:\chenyu_project\monitor_system
run_id=ab-sharded-stagger-75-r2-20260818
workers=75
duration_seconds=60
interval_ms=1000
arrival_model=stagger_start
total_samples=4500
successful_rpc=4500
failed_rpc=0
persisted_rows=4500
load_duration_sec=61.524
drain_duration_sec=0.648
total_completion_sec=62.548
accepted_reports_per_sec=71.945
processed_reports_per_sec=71.945
persisted_reports_per_sec=71.945
rpc_p50_us=636
rpc_p95_us=937
rpc_p99_us=1779
accepted=4500
queue_full=0
processed=4500
persistence_tasks=4500
persistence_rejected=0
queue_delay_samples=4500
queue_delay_total_us=307518
queue_delay_mean_us=68.34
max_queue_delay_us=406
max_shard_queue_depth=1
max_shard_queue_bytes=454
max_persistence_queue_depth=14
max_persistence_queue_bytes=10388
manager_cpu_avg_percent=6.85
manager_cpu_peak_percent=8.69
manager_rss_avg_mib=18.51
manager_rss_peak_mib=18.75
mysql_cpu_avg_percent=21.6
mysql_cpu_peak_percent=25.31
mysql_rss_avg_mib=395.47
mysql_rss_peak_mib=399.3
result_csv_sha256=013981B03A8702BB5F8E532FC6CBFFDC8E664A5654C1653ABF5E04C72ABF109C
failure=
