 Network manager-ab-ab-sharded-burst-10-r2-20260818_default Creating
 Network manager-ab-ab-sharded-burst-10-r2-20260818_default Created
 Container manager-ab-ab-sharded-burst-10-r2-20260818-mysql-1 Creating
 Container manager-ab-ab-sharded-burst-10-r2-20260818-mysql-1 Created
 Container manager-ab-ab-sharded-burst-10-r2-20260818-mysql-1 Starting
 Container manager-ab-ab-sharded-burst-10-r2-20260818-mysql-1 Started
 Image monitor-system-benchmark:local Building
#1 [internal] load local bake definitions
#1 reading from stdin 585B 0.0s done
#1 DONE 0.0s

#2 [internal] load build definition from Dockerfile.benchmark
#2 transferring dockerfile: 747B done
#2 DONE 0.0s

#3 [internal] load metadata for docker.io/library/python:3.13-slim
#3 DONE 0.1s

#4 [internal] load .dockerignore
#4 transferring context: 2B done
#4 DONE 0.0s

#5 [internal] load build context
#5 DONE 0.0s

#6 [1/5] FROM docker.io/library/python:3.13-slim@sha256:6771159cd4fa5d9bba1258caf0b82e6b73458c694d178ad97c5e925c2d0e1a91
#6 resolve docker.io/library/python:3.13-slim@sha256:6771159cd4fa5d9bba1258caf0b82e6b73458c694d178ad97c5e925c2d0e1a91 0.0s done
#6 DONE 0.0s

#5 [internal] load build context
#5 transferring context: 5.31MB 0.8s done
#5 DONE 0.8s

#7 [2/5] RUN sed -i 's|http://deb.debian.org|https://deb.debian.org|g; s|http://security.debian.org|https://security.debian.org|g' /etc/apt/sources.list.d/debian.sources     && apt-get -o Acquire::Retries=3 update && apt-get -o Acquire::Retries=3 install -y --no-install-recommends     build-essential cmake pkg-config     libprotobuf-dev protobuf-compiler protobuf-compiler-grpc     libgrpc++-dev default-libmysqlclient-dev     && rm -rf /var/lib/apt/lists/*
#7 CACHED

#8 [3/5] WORKDIR /app
#8 CACHED

#9 [4/5] COPY . .
#9 DONE 4.8s

#10 [5/5] RUN cmake -S . -B build -DENABLE_EBPF=OFF -DBUILD_MANAGER=ON -DBUILD_BENCHMARK=ON     && cmake --build build --target manager push_benchmark -j"$(nproc)"
#10 0.359 -- The CXX compiler identification is GNU 14.2.0
#10 0.370 -- Detecting CXX compiler ABI info
#10 0.500 -- Detecting CXX compiler ABI info - done
#10 0.518 -- Check for working CXX compiler: /usr/bin/c++ - skipped
#10 0.519 -- Detecting CXX compile features
#10 0.519 -- Detecting CXX compile features - done
#10 0.702 -- Found Protobuf: /usr/lib/x86_64-linux-gnu/libprotobuf.so (found version "3.21.12")
#10 0.710 -- Found ZLIB: /usr/lib/x86_64-linux-gnu/libz.so (found version "1.3.1")
#10 0.773 -- Found OpenSSL: /usr/lib/x86_64-linux-gnu/libcrypto.so (found version "3.5.6")
#10 0.777 -- Found c-ares: /usr/lib/x86_64-linux-gnu/cmake/c-ares/c-ares-config.cmake (found version "1.34.5")
#10 0.780 -- Found Threads: TRUE
#10 0.799 -- Found PkgConfig: /usr/bin/pkg-config (found version "1.8.1")
#10 28.67 -- Found RE2 via pkg-config.
#10 28.72 -- Found RE2 via pkg-config.
#10 28.78 -- Found RE2 via pkg-config.
#10 28.79 -- Checking for module 'mysqlclient'
#10 28.80 --   Found mysqlclient, version 3.4.9
#10 28.84 -- MySQL support enabled
#10 28.84 -- Configuring done (28.6s)
#10 28.98 -- Generating done (0.1s)
#10 28.99 -- Build files have been written to: /app/build
#10 29.07 [  2%] Running grpc protocol buffer compiler on cpu_load.proto
#10 29.07 [  4%] Running grpc protocol buffer compiler on cpu_softirq.proto
#10 29.07 [ 10%] Running grpc protocol buffer compiler on diagnostic.proto
#10 29.07 [ 10%] Running cpp protocol buffer compiler on query_api.proto
#10 29.07 [ 10%] Running cpp protocol buffer compiler on cpu_softirq.proto
#10 29.07 [ 12%] Running cpp protocol buffer compiler on diagnostic.proto
#10 29.08 [ 14%] Running cpp protocol buffer compiler on cpu_stat.proto
#10 29.08 [ 18%] Running grpc protocol buffer compiler on cpu_stat.proto
#10 29.08 [ 18%] Running grpc protocol buffer compiler on mem_info.proto
#10 29.08 [ 20%] Running grpc protocol buffer compiler on disk_info.proto
#10 29.08 [ 22%] Running cpp protocol buffer compiler on disk_info.proto
#10 29.08 [ 24%] Running cpp protocol buffer compiler on cpu_load.proto
#10 29.08 [ 26%] Running cpp protocol buffer compiler on monitor_info.proto
#10 29.08 [ 28%] Running cpp protocol buffer compiler on mem_info.proto
#10 29.09 [ 30%] Running grpc protocol buffer compiler on monitor_info.proto
#10 29.09 [ 32%] Running grpc protocol buffer compiler on net_info.proto
#10 29.11 [ 36%] Running cpp protocol buffer compiler on net_info.proto
#10 29.11 [ 36%] Running grpc protocol buffer compiler on query_api.proto
#10 29.19 [ 46%] Building CXX object proto/CMakeFiles/monitor_proto.dir/net_info.pb.cc.o
#10 29.19 [ 50%] Building CXX object proto/CMakeFiles/monitor_proto.dir/disk_info.pb.cc.o
#10 29.19 [ 50%] Building CXX object proto/CMakeFiles/monitor_proto.dir/monitor_info.pb.cc.o
#10 29.19 [ 40%] Building CXX object proto/CMakeFiles/monitor_proto.dir/cpu_load.pb.cc.o
#10 29.19 [ 40%] Building CXX object proto/CMakeFiles/monitor_proto.dir/cpu_stat.pb.cc.o
#10 29.19 [ 50%] Building CXX object proto/CMakeFiles/monitor_proto.dir/cpu_softirq.pb.cc.o
#10 29.19 [ 56%] Building CXX object proto/CMakeFiles/monitor_proto.dir/query_api.pb.cc.o
#10 29.19 [ 56%] Building CXX object proto/CMakeFiles/monitor_proto.dir/monitor_info.grpc.pb.cc.o
#10 29.19 [ 50%] Building CXX object proto/CMakeFiles/monitor_proto.dir/mem_info.pb.cc.o
#10 29.19 [ 56%] Building CXX object proto/CMakeFiles/monitor_proto.dir/diagnostic.pb.cc.o
#10 29.19 [ 60%] Building CXX object proto/CMakeFiles/monitor_proto.dir/cpu_softirq.grpc.pb.cc.o
#10 29.19 [ 60%] Building CXX object proto/CMakeFiles/monitor_proto.dir/cpu_load.grpc.pb.cc.o
#10 29.19 [ 62%] Building CXX object proto/CMakeFiles/monitor_proto.dir/cpu_stat.grpc.pb.cc.o
#10 29.20 [ 64%] Building CXX object proto/CMakeFiles/monitor_proto.dir/mem_info.grpc.pb.cc.o
#10 29.21 [ 66%] Building CXX object proto/CMakeFiles/monitor_proto.dir/net_info.grpc.pb.cc.o
#10 29.21 [ 68%] Building CXX object proto/CMakeFiles/monitor_proto.dir/disk_info.grpc.pb.cc.o
#10 33.15 [ 72%] Building CXX object proto/CMakeFiles/monitor_proto.dir/query_api.grpc.pb.cc.o
#10 33.15 [ 72%] Building CXX object proto/CMakeFiles/monitor_proto.dir/diagnostic.grpc.pb.cc.o
#10 37.70 [ 74%] Linking CXX static library libmonitor_proto.a
#10 37.88 [ 74%] Built target monitor_proto
#10 37.93 [ 86%] Building CXX object manager/CMakeFiles/manager.dir/src/host_manager.cpp.o
#10 37.93 [ 86%] Building CXX object manager/CMakeFiles/manager.dir/src/mysql_timeout_config.cpp.o
#10 37.93 [ 86%] Building CXX object manager/CMakeFiles/manager.dir/src/persistence_worker.cpp.o
#10 37.93 [ 88%] Building CXX object manager/CMakeFiles/manager.dir/src/diagnostics/incident_store.cpp.o
#10 37.93 [ 88%] Building CXX object manager/CMakeFiles/manager.dir/src/main.cpp.o
#10 37.93 [ 86%] Building CXX object manager/CMakeFiles/manager.dir/src/diagnostics/root_cause_engine.cpp.o
#10 37.93 [ 88%] Building CXX object manager/CMakeFiles/manager.dir/src/diagnostics/evidence_builder.cpp.o
#10 37.93 [ 90%] Building CXX object manager/CMakeFiles/manager.dir/src/query_manager.cpp.o
#10 37.93 [ 92%] Building CXX object manager/CMakeFiles/manager.dir/src/host_shard_executor.cpp.o
#10 37.93 [ 94%] Building CXX object manager/CMakeFiles/manager.dir/src/diagnostics/diagnostic_persistence.cpp.o
#10 37.93 [ 96%] Building CXX object manager/CMakeFiles/manager.dir/src/rpc/query_service.cpp.o
#10 37.93 [ 98%] Building CXX object manager/CMakeFiles/manager.dir/src/rpc/grpc_server.cpp.o
#10 42.63 [100%] Linking CXX executable manager
#10 43.36 [100%] Built target manager
#10 43.48 [ 94%] Built target monitor_proto
#10 43.51 [ 97%] Building CXX object benchmark/CMakeFiles/push_benchmark.dir/src/push_benchmark.cpp.o
#10 45.83 [100%] Linking CXX executable push_benchmark
#10 46.24 [100%] Built target push_benchmark
#10 DONE 46.4s

#11 exporting to image
#11 exporting layers
#11 exporting layers 11.3s done
#11 exporting manifest sha256:948a21ff47d29d97ec84632ef918583e98f341877d0b4f6991053c3beb2c143b 0.0s done
#11 exporting config sha256:d47ad7ac064d475c578cdcd0c9dd0681dceb2441a139b35aafd11939616d5e90 0.0s done
#11 exporting attestation manifest sha256:57f3f83be17ac862f831fabdac1457405b95e261a3e6782536836aa3227cda7c 0.0s done
#11 exporting manifest list sha256:23ce523522b351e0c7804d6e6fbf03060884c63ce2d39bc346e89840aada62e8 0.0s done
#11 naming to docker.io/library/monitor-system-benchmark:local done
#11 unpacking to docker.io/library/monitor-system-benchmark:local
#11 unpacking to docker.io/library/monitor-system-benchmark:local 2.3s done
#11 DONE 13.7s

#12 resolving provenance for metadata file
#12 DONE 0.0s
 Image monitor-system-benchmark:local Built
 Container manager-ab-ab-sharded-burst-10-r2-20260818-mysql-1 Running
 Container manager-ab-ab-sharded-burst-10-r2-20260818-manager-1 Creating
 Container manager-ab-ab-sharded-burst-10-r2-20260818-manager-1 Created
 Container manager-ab-ab-sharded-burst-10-r2-20260818-mysql-1 Waiting
 Container manager-ab-ab-sharded-burst-10-r2-20260818-mysql-1 Healthy
 Container manager-ab-ab-sharded-burst-10-r2-20260818-manager-1 Starting
 Container manager-ab-ab-sharded-burst-10-r2-20260818-manager-1 Started
mysql: [Warning] Using a password on the command line interface can be insecure.
 Container manager-ab-ab-sharded-burst-10-r2-20260818-manager-1 Stopping
 Container manager-ab-ab-sharded-burst-10-r2-20260818-manager-1 Stopped
 Container manager-ab-ab-sharded-burst-10-r2-20260818-manager-1 Stopping
 Container manager-ab-ab-sharded-burst-10-r2-20260818-manager-1 Stopped
 Container manager-ab-ab-sharded-burst-10-r2-20260818-manager-1 Removing
 Container manager-ab-ab-sharded-burst-10-r2-20260818-manager-1 Removed
 Container manager-ab-ab-sharded-burst-10-r2-20260818-mysql-1 Stopping
 Container manager-ab-ab-sharded-burst-10-r2-20260818-mysql-1 Stopped
 Container manager-ab-ab-sharded-burst-10-r2-20260818-mysql-1 Removing
 Container manager-ab-ab-sharded-burst-10-r2-20260818-mysql-1 Removed
 Network manager-ab-ab-sharded-burst-10-r2-20260818_default Removing
 Network manager-ab-ab-sharded-burst-10-r2-20260818_default Removed
status=PASS
architecture=Sharded
repository=F:\chenyu_project\monitor_system
run_id=ab-sharded-burst-10-r2-20260818
workers=10
duration_seconds=60
interval_ms=1000
arrival_model=burst
total_samples=600
successful_rpc=600
failed_rpc=0
persisted_rows=600
load_duration_sec=60.399
drain_duration_sec=0.484
total_completion_sec=61.244
accepted_reports_per_sec=9.797
processed_reports_per_sec=9.797
persisted_reports_per_sec=9.797
rpc_p50_us=1592
rpc_p95_us=2165
rpc_p99_us=8450
accepted=600
queue_full=0
processed=600
persistence_tasks=600
persistence_rejected=0
queue_delay_samples=600
queue_delay_total_us=42469
queue_delay_mean_us=70.78
max_queue_delay_us=276
max_shard_queue_depth=2
max_shard_queue_bytes=888
max_persistence_queue_depth=9
max_persistence_queue_bytes=6581
manager_cpu_avg_percent=1.02
manager_cpu_peak_percent=1.19
manager_rss_avg_mib=9.42
manager_rss_peak_mib=9.97
mysql_cpu_avg_percent=4.35
mysql_cpu_peak_percent=7.82
mysql_rss_avg_mib=404.56
mysql_rss_peak_mib=405.1
result_csv_sha256=68F3073A073561A3E707CFED74D7631832B47485C6EB815F0FABFBEAAA9FCFA3
failure=
