 Network manager-ab-ab-legacy-stagger-25-r1-20260818_default Creating
 Network manager-ab-ab-legacy-stagger-25-r1-20260818_default Created
 Container manager-ab-ab-legacy-stagger-25-r1-20260818-mysql-1 Creating
 Container manager-ab-ab-legacy-stagger-25-r1-20260818-mysql-1 Created
 Container manager-ab-ab-legacy-stagger-25-r1-20260818-mysql-1 Starting
 Container manager-ab-ab-legacy-stagger-25-r1-20260818-mysql-1 Started
 Image monitor-system-benchmark:local Building
#1 [internal] load local bake definitions
#1 reading from stdin 610B 0.0s done
#1 DONE 0.0s

#2 [internal] load build definition from Dockerfile.benchmark
#2 transferring dockerfile: 761B 0.0s done
#2 DONE 0.0s

#3 [internal] load metadata for docker.io/library/python:3.13-slim
#3 DONE 0.0s

#4 [internal] load .dockerignore
#4 transferring context:
#4 transferring context: 2B done
#4 DONE 0.0s

#5 [1/5] FROM docker.io/library/python:3.13-slim@sha256:6771159cd4fa5d9bba1258caf0b82e6b73458c694d178ad97c5e925c2d0e1a91
#5 resolve docker.io/library/python:3.13-slim@sha256:6771159cd4fa5d9bba1258caf0b82e6b73458c694d178ad97c5e925c2d0e1a91 0.0s done
#5 DONE 0.0s

#6 [internal] load build context
#6 transferring context: 19.47kB 0.0s done
#6 DONE 0.0s

#7 [2/5] RUN sed -i 's|http://deb.debian.org|https://deb.debian.org|g; s|http://security.debian.org|https://security.debian.org|g' /etc/apt/sources.list.d/debian.sources     && apt-get -o Acquire::Retries=3 update && apt-get -o Acquire::Retries=3 install -y --no-install-recommends     build-essential cmake pkg-config     libprotobuf-dev protobuf-compiler protobuf-compiler-grpc     libgrpc++-dev default-libmysqlclient-dev     && rm -rf /var/lib/apt/lists/*
#7 CACHED

#8 [3/5] WORKDIR /app
#8 CACHED

#9 [4/5] COPY . .
#9 DONE 0.2s

#10 [5/5] RUN cmake -S . -B build -DENABLE_EBPF=OFF -DBUILD_MANAGER=ON -DBUILD_BENCHMARK=ON     && cmake --build build --target manager push_benchmark -j"$(nproc)"
#10 0.800 -- The CXX compiler identification is GNU 14.2.0
#10 0.836 -- Detecting CXX compiler ABI info
#10 1.110 -- Detecting CXX compiler ABI info - done
#10 1.135 -- Check for working CXX compiler: /usr/bin/c++ - skipped
#10 1.136 -- Detecting CXX compile features
#10 1.137 -- Detecting CXX compile features - done
#10 1.462 -- Found Protobuf: /usr/lib/x86_64-linux-gnu/libprotobuf.so (found version "3.21.12")
#10 1.481 -- Found ZLIB: /usr/lib/x86_64-linux-gnu/libz.so (found version "1.3.1")
#10 1.589 -- Found OpenSSL: /usr/lib/x86_64-linux-gnu/libcrypto.so (found version "3.5.6")
#10 1.595 -- Found c-ares: /usr/lib/x86_64-linux-gnu/cmake/c-ares/c-ares-config.cmake (found version "1.34.5")
#10 1.600 -- Found Threads: TRUE
#10 1.627 -- Found PkgConfig: /usr/bin/pkg-config (found version "1.8.1")
#10 28.06 -- Found RE2 via pkg-config.
#10 28.12 -- Found RE2 via pkg-config.
#10 28.18 -- Found RE2 via pkg-config.
#10 28.18 -- Checking for module 'mysqlclient'
#10 28.20 --   Found mysqlclient, version 3.4.9
#10 28.24 -- MySQL support enabled
#10 28.25 -- Configuring done (27.6s)
#10 28.41 -- Generating done (0.2s)
#10 28.41 -- Build files have been written to: /app/build
#10 28.49 [  4%] Running cpp protocol buffer compiler on cpu_stat.proto
#10 28.49 [  4%] Running grpc protocol buffer compiler on cpu_load.proto
#10 28.49 [  8%] Running grpc protocol buffer compiler on cpu_stat.proto
#10 28.50 [ 12%] Running cpp protocol buffer compiler on query_api.proto
#10 28.50 [ 14%] Running cpp protocol buffer compiler on cpu_softirq.proto
#10 28.50 [ 14%] Running cpp protocol buffer compiler on cpu_load.proto
#10 28.50 [ 14%] Running grpc protocol buffer compiler on diagnostic.proto
#10 28.50 [ 17%] Running grpc protocol buffer compiler on cpu_softirq.proto
#10 28.50 [ 21%] Running grpc protocol buffer compiler on mem_info.proto
#10 28.50 [ 21%] Running cpp protocol buffer compiler on diagnostic.proto
#10 28.50 [ 23%] Running cpp protocol buffer compiler on disk_info.proto
#10 28.50 [ 25%] Running grpc protocol buffer compiler on disk_info.proto
#10 28.51 [ 31%] Running grpc protocol buffer compiler on net_info.proto
#10 28.51 [ 31%] Running cpp protocol buffer compiler on mem_info.proto
#10 28.51 [ 31%] Running grpc protocol buffer compiler on monitor_info.proto
#10 28.51 [ 34%] Running cpp protocol buffer compiler on monitor_info.proto
#10 28.53 [ 38%] Running grpc protocol buffer compiler on query_api.proto
#10 28.53 [ 38%] Running cpp protocol buffer compiler on net_info.proto
#10 28.61 [ 44%] Building CXX object proto/CMakeFiles/monitor_proto.dir/disk_info.pb.cc.o
#10 28.61 [ 44%] Building CXX object proto/CMakeFiles/monitor_proto.dir/cpu_load.pb.cc.o
#10 28.61 [ 46%] Building CXX object proto/CMakeFiles/monitor_proto.dir/net_info.pb.cc.o
#10 28.61 [ 48%] Building CXX object proto/CMakeFiles/monitor_proto.dir/monitor_info.grpc.pb.cc.o
#10 28.62 [ 44%] Building CXX object proto/CMakeFiles/monitor_proto.dir/mem_info.pb.cc.o
#10 28.62 [ 51%] Building CXX object proto/CMakeFiles/monitor_proto.dir/cpu_stat.pb.cc.o
#10 28.62 [ 53%] Building CXX object proto/CMakeFiles/monitor_proto.dir/query_api.pb.cc.o
#10 28.62 [ 57%] Building CXX object proto/CMakeFiles/monitor_proto.dir/cpu_load.grpc.pb.cc.o
#10 28.62 [ 57%] Building CXX object proto/CMakeFiles/monitor_proto.dir/cpu_softirq.pb.cc.o
#10 28.62 [ 59%] Building CXX object proto/CMakeFiles/monitor_proto.dir/monitor_info.pb.cc.o
#10 28.62 [ 61%] Building CXX object proto/CMakeFiles/monitor_proto.dir/diagnostic.pb.cc.o
#10 28.62 [ 63%] Building CXX object proto/CMakeFiles/monitor_proto.dir/cpu_softirq.grpc.pb.cc.o
#10 28.63 [ 65%] Building CXX object proto/CMakeFiles/monitor_proto.dir/mem_info.grpc.pb.cc.o
#10 28.63 [ 68%] Building CXX object proto/CMakeFiles/monitor_proto.dir/cpu_stat.grpc.pb.cc.o
#10 28.63 [ 70%] Building CXX object proto/CMakeFiles/monitor_proto.dir/net_info.grpc.pb.cc.o
#10 28.64 [ 72%] Building CXX object proto/CMakeFiles/monitor_proto.dir/disk_info.grpc.pb.cc.o
#10 32.82 [ 74%] Building CXX object proto/CMakeFiles/monitor_proto.dir/diagnostic.grpc.pb.cc.o
#10 32.83 [ 76%] Building CXX object proto/CMakeFiles/monitor_proto.dir/query_api.grpc.pb.cc.o
#10 38.57 [ 78%] Linking CXX static library libmonitor_proto.a
#10 38.82 [ 78%] Built target monitor_proto
#10 38.86 [ 80%] Building CXX object manager/CMakeFiles/manager.dir/src/main.cpp.o
#10 38.86 [ 82%] Building CXX object manager/CMakeFiles/manager.dir/src/host_manager.cpp.o
#10 38.86 [ 85%] Building CXX object manager/CMakeFiles/manager.dir/src/diagnostics/evidence_builder.cpp.o
#10 38.87 [ 89%] Building CXX object manager/CMakeFiles/manager.dir/src/query_manager.cpp.o
#10 38.87 [ 89%] Building CXX object manager/CMakeFiles/manager.dir/src/diagnostics/incident_store.cpp.o
#10 38.87 [ 91%] Building CXX object manager/CMakeFiles/manager.dir/src/diagnostics/diagnostic_persistence.cpp.o
#10 38.88 [ 93%] Building CXX object manager/CMakeFiles/manager.dir/src/rpc/grpc_server.cpp.o
#10 38.88 [ 95%] Building CXX object manager/CMakeFiles/manager.dir/src/rpc/query_service.cpp.o
#10 38.88 [ 97%] Building CXX object manager/CMakeFiles/manager.dir/src/diagnostics/root_cause_engine.cpp.o
#10 44.77 [100%] Linking CXX executable manager
#10 45.82 [100%] Built target manager
#10 46.03 [ 94%] Built target monitor_proto
#10 46.07 [ 97%] Building CXX object benchmark/CMakeFiles/push_benchmark.dir/src/push_benchmark.cpp.o
#10 48.66 [100%] Linking CXX executable push_benchmark
#10 49.10 [100%] Built target push_benchmark
#10 DONE 49.5s

#11 exporting to image
#11 exporting layers
#11 exporting layers 0.8s done
#11 exporting manifest sha256:beb5740c8c16ed5b1d34eeacd89992fdb41a88ce95ef6080c258a021ba452864 0.0s done
#11 exporting config sha256:a74b21a4ef652fd37df6939980cf82b9641729acae6e18a2e2079295d4005c50 0.0s done
#11 exporting attestation manifest sha256:75d0bdfd80bf95234316f575c54e220ec0f507f5d67823ed7f225dab0d2cf9fd 0.0s done
#11 exporting manifest list sha256:e6954de7c0cbf70a99482532fca38143cba6313e28c77700cb6399456c2345ad 0.0s done
#11 naming to docker.io/library/monitor-system-benchmark:local done
#11 unpacking to docker.io/library/monitor-system-benchmark:local
#11 unpacking to docker.io/library/monitor-system-benchmark:local 0.4s done
#11 DONE 1.3s

#12 resolving provenance for metadata file
#12 DONE 0.0s
 Image monitor-system-benchmark:local Built
 Container manager-ab-ab-legacy-stagger-25-r1-20260818-mysql-1 Running
 Container manager-ab-ab-legacy-stagger-25-r1-20260818-manager-1 Creating
 Container manager-ab-ab-legacy-stagger-25-r1-20260818-manager-1 Created
 Container manager-ab-ab-legacy-stagger-25-r1-20260818-mysql-1 Waiting
 Container manager-ab-ab-legacy-stagger-25-r1-20260818-mysql-1 Healthy
 Container manager-ab-ab-legacy-stagger-25-r1-20260818-manager-1 Starting
 Container manager-ab-ab-legacy-stagger-25-r1-20260818-manager-1 Started
mysql: [Warning] Using a password on the command line interface can be insecure.
 Container manager-ab-ab-legacy-stagger-25-r1-20260818-manager-1 Stopping
 Container manager-ab-ab-legacy-stagger-25-r1-20260818-manager-1 Stopped
 Container manager-ab-ab-legacy-stagger-25-r1-20260818-manager-1 Stopping
 Container manager-ab-ab-legacy-stagger-25-r1-20260818-manager-1 Stopped
 Container manager-ab-ab-legacy-stagger-25-r1-20260818-manager-1 Removing
 Container manager-ab-ab-legacy-stagger-25-r1-20260818-manager-1 Removed
 Container manager-ab-ab-legacy-stagger-25-r1-20260818-mysql-1 Stopping
 Container manager-ab-ab-legacy-stagger-25-r1-20260818-mysql-1 Stopped
 Container manager-ab-ab-legacy-stagger-25-r1-20260818-mysql-1 Removing
 Container manager-ab-ab-legacy-stagger-25-r1-20260818-mysql-1 Removed
 Network manager-ab-ab-legacy-stagger-25-r1-20260818_default Removing
 Network manager-ab-ab-legacy-stagger-25-r1-20260818_default Removed
status=PASS
architecture=Legacy
repository=F:\chenyu_project\monitor_system-legacy-5c29
run_id=ab-legacy-stagger-25-r1-20260818
workers=25
duration_seconds=60
interval_ms=1000
arrival_model=stagger_start
total_samples=1500
successful_rpc=1500
failed_rpc=0
persisted_rows=1500
load_duration_sec=61.534
drain_duration_sec=0.539
total_completion_sec=62.493
accepted_reports_per_sec=24.003
processed_reports_per_sec=N/A
persisted_reports_per_sec=24.003
rpc_p50_us=12368
rpc_p95_us=16068
rpc_p99_us=23088
accepted=N/A
queue_full=N/A
processed=N/A
persistence_tasks=N/A
persistence_rejected=N/A
queue_delay_samples=N/A
queue_delay_total_us=N/A
queue_delay_mean_us=N/A
max_queue_delay_us=N/A
max_shard_queue_depth=N/A
max_shard_queue_bytes=N/A
max_persistence_queue_depth=N/A
max_persistence_queue_bytes=N/A
manager_cpu_avg_percent=2.31
manager_cpu_peak_percent=2.63
manager_rss_avg_mib=22
manager_rss_peak_mib=22.29
mysql_cpu_avg_percent=11.41
mysql_cpu_peak_percent=15.37
mysql_rss_avg_mib=385.32
mysql_rss_peak_mib=386.2
result_csv_sha256=C059AE5AA6FA8951C1C41704B6F77ECD3BB894585D6A21BDA077C50CF60ADA77
failure=
