 Network manager-ab-ab-sharded-stagger-75-long600s-20260818_default Creating
 Network manager-ab-ab-sharded-stagger-75-long600s-20260818_default Created
 Container manager-ab-ab-sharded-stagger-75-long600s-20260818-mysql-1 Creating
 Container manager-ab-ab-sharded-stagger-75-long600s-20260818-mysql-1 Created
 Container manager-ab-ab-sharded-stagger-75-long600s-20260818-mysql-1 Starting
 Container manager-ab-ab-sharded-stagger-75-long600s-20260818-mysql-1 Started
 Image monitor-system-benchmark:local Building
#1 [internal] load local bake definitions
#1 reading from stdin 593B 0.0s done
#1 DONE 0.0s

#2 [internal] load build definition from Dockerfile.benchmark
#2 transferring dockerfile: 747B 0.0s done
#2 DONE 0.0s

#3 [internal] load metadata for docker.io/library/python:3.13-slim
#3 DONE 0.1s

#4 [internal] load .dockerignore
#4 transferring context: 2B done
#4 DONE 0.0s

#5 [1/5] FROM docker.io/library/python:3.13-slim@sha256:6771159cd4fa5d9bba1258caf0b82e6b73458c694d178ad97c5e925c2d0e1a91
#5 resolve docker.io/library/python:3.13-slim@sha256:6771159cd4fa5d9bba1258caf0b82e6b73458c694d178ad97c5e925c2d0e1a91 0.0s done
#5 DONE 0.0s

#6 [internal] load build context
#6 transferring context: 5.76MB 0.8s done
#6 DONE 0.8s

#7 [2/5] RUN sed -i 's|http://deb.debian.org|https://deb.debian.org|g; s|http://security.debian.org|https://security.debian.org|g' /etc/apt/sources.list.d/debian.sources     && apt-get -o Acquire::Retries=3 update && apt-get -o Acquire::Retries=3 install -y --no-install-recommends     build-essential cmake pkg-config     libprotobuf-dev protobuf-compiler protobuf-compiler-grpc     libgrpc++-dev default-libmysqlclient-dev     && rm -rf /var/lib/apt/lists/*
#7 CACHED

#8 [3/5] WORKDIR /app
#8 CACHED

#9 [4/5] COPY . .
#9 DONE 2.9s

#10 [5/5] RUN cmake -S . -B build -DENABLE_EBPF=OFF -DBUILD_MANAGER=ON -DBUILD_BENCHMARK=ON     && cmake --build build --target manager push_benchmark -j"$(nproc)"
#10 0.929 -- The CXX compiler identification is GNU 14.2.0
#10 0.950 -- Detecting CXX compiler ABI info
#10 1.159 -- Detecting CXX compiler ABI info - done
#10 1.178 -- Check for working CXX compiler: /usr/bin/c++ - skipped
#10 1.179 -- Detecting CXX compile features
#10 1.180 -- Detecting CXX compile features - done
#10 1.416 -- Found Protobuf: /usr/lib/x86_64-linux-gnu/libprotobuf.so (found version "3.21.12")
#10 1.426 -- Found ZLIB: /usr/lib/x86_64-linux-gnu/libz.so (found version "1.3.1")
#10 1.499 -- Found OpenSSL: /usr/lib/x86_64-linux-gnu/libcrypto.so (found version "3.5.6")
#10 1.505 -- Found c-ares: /usr/lib/x86_64-linux-gnu/cmake/c-ares/c-ares-config.cmake (found version "1.34.5")
#10 1.508 -- Found Threads: TRUE
#10 1.532 -- Found PkgConfig: /usr/bin/pkg-config (found version "1.8.1")
#10 29.54 -- Found RE2 via pkg-config.
#10 29.60 -- Found RE2 via pkg-config.
#10 29.66 -- Found RE2 via pkg-config.
#10 29.67 -- Checking for module 'mysqlclient'
#10 29.68 --   Found mysqlclient, version 3.4.9
#10 29.73 -- MySQL support enabled
#10 29.73 -- Configuring done (28.9s)
#10 29.91 -- Generating done (0.2s)
#10 29.91 -- Build files have been written to: /app/build
#10 29.99 [  6%] Running grpc protocol buffer compiler on cpu_load.proto
#10 29.99 [  6%] Running grpc protocol buffer compiler on cpu_softirq.proto
#10 29.99 [  8%] Running cpp protocol buffer compiler on cpu_load.proto
#10 29.99 [  8%] Running cpp protocol buffer compiler on query_api.proto
#10 30.00 [ 12%] Running grpc protocol buffer compiler on disk_info.proto
#10 30.00 [ 12%] Running cpp protocol buffer compiler on cpu_softirq.proto
#10 30.00 [ 14%] Running grpc protocol buffer compiler on diagnostic.proto
#10 30.00 [ 24%] Running cpp protocol buffer compiler on cpu_stat.proto
#10 30.00 [ 24%] Running cpp protocol buffer compiler on disk_info.proto
#10 30.00 [ 24%] Running cpp protocol buffer compiler on monitor_info.proto
#10 30.00 [ 16%] Running cpp protocol buffer compiler on diagnostic.proto
#10 30.00 [ 24%] Running grpc protocol buffer compiler on cpu_stat.proto
#10 30.00 [ 26%] Running cpp protocol buffer compiler on mem_info.proto
#10 30.01 [ 28%] Running grpc protocol buffer compiler on monitor_info.proto
#10 30.01 [ 30%] Running grpc protocol buffer compiler on mem_info.proto
#10 30.02 [ 32%] Running grpc protocol buffer compiler on net_info.proto
#10 30.04 [ 34%] Running grpc protocol buffer compiler on query_api.proto
#10 30.05 [ 36%] Running cpp protocol buffer compiler on net_info.proto
#10 30.12 [ 42%] Building CXX object proto/CMakeFiles/monitor_proto.dir/mem_info.pb.cc.o
#10 30.12 [ 42%] Building CXX object proto/CMakeFiles/monitor_proto.dir/cpu_softirq.pb.cc.o
#10 30.12 [ 42%] Building CXX object proto/CMakeFiles/monitor_proto.dir/cpu_stat.pb.cc.o
#10 30.12 [ 44%] Building CXX object proto/CMakeFiles/monitor_proto.dir/cpu_load.pb.cc.o
#10 30.12 [ 48%] Building CXX object proto/CMakeFiles/monitor_proto.dir/monitor_info.pb.cc.o
#10 30.12 [ 48%] Building CXX object proto/CMakeFiles/monitor_proto.dir/net_info.pb.cc.o
#10 30.12 [ 56%] Building CXX object proto/CMakeFiles/monitor_proto.dir/monitor_info.grpc.pb.cc.o
#10 30.12 [ 56%] Building CXX object proto/CMakeFiles/monitor_proto.dir/cpu_softirq.grpc.pb.cc.o
#10 30.12 [ 58%] Building CXX object proto/CMakeFiles/monitor_proto.dir/diagnostic.pb.cc.o
#10 30.13 [ 60%] Building CXX object proto/CMakeFiles/monitor_proto.dir/cpu_stat.grpc.pb.cc.o
#10 30.13 [ 60%] Building CXX object proto/CMakeFiles/monitor_proto.dir/query_api.pb.cc.o
#10 30.13 [ 60%] Building CXX object proto/CMakeFiles/monitor_proto.dir/disk_info.pb.cc.o
#10 30.13 [ 62%] Building CXX object proto/CMakeFiles/monitor_proto.dir/cpu_load.grpc.pb.cc.o
#10 30.13 [ 64%] Building CXX object proto/CMakeFiles/monitor_proto.dir/mem_info.grpc.pb.cc.o
#10 30.14 [ 66%] Building CXX object proto/CMakeFiles/monitor_proto.dir/disk_info.grpc.pb.cc.o
#10 30.14 [ 68%] Building CXX object proto/CMakeFiles/monitor_proto.dir/net_info.grpc.pb.cc.o
#10 34.71 [ 70%] Building CXX object proto/CMakeFiles/monitor_proto.dir/diagnostic.grpc.pb.cc.o
#10 34.76 [ 72%] Building CXX object proto/CMakeFiles/monitor_proto.dir/query_api.grpc.pb.cc.o
#10 40.48 [ 74%] Linking CXX static library libmonitor_proto.a
#10 40.72 [ 74%] Built target monitor_proto
#10 40.77 [ 80%] Building CXX object manager/CMakeFiles/manager.dir/src/host_shard_executor.cpp.o
#10 40.77 [ 84%] Building CXX object manager/CMakeFiles/manager.dir/src/host_manager.cpp.o
#10 40.77 [ 84%] Building CXX object manager/CMakeFiles/manager.dir/src/mysql_timeout_config.cpp.o
#10 40.77 [ 80%] Building CXX object manager/CMakeFiles/manager.dir/src/persistence_worker.cpp.o
#10 40.78 [ 84%] Building CXX object manager/CMakeFiles/manager.dir/src/main.cpp.o
#10 40.78 [ 86%] Building CXX object manager/CMakeFiles/manager.dir/src/diagnostics/incident_store.cpp.o
#10 40.78 [ 88%] Building CXX object manager/CMakeFiles/manager.dir/src/diagnostics/evidence_builder.cpp.o
#10 40.78 [ 90%] Building CXX object manager/CMakeFiles/manager.dir/src/diagnostics/root_cause_engine.cpp.o
#10 40.78 [ 92%] Building CXX object manager/CMakeFiles/manager.dir/src/diagnostics/diagnostic_persistence.cpp.o
#10 40.78 [ 96%] Building CXX object manager/CMakeFiles/manager.dir/src/rpc/query_service.cpp.o
#10 40.78 [ 96%] Building CXX object manager/CMakeFiles/manager.dir/src/query_manager.cpp.o
#10 40.78 [ 98%] Building CXX object manager/CMakeFiles/manager.dir/src/rpc/grpc_server.cpp.o
#10 46.15 [100%] Linking CXX executable manager
#10 47.14 [100%] Built target manager
#10 47.27 [ 94%] Built target monitor_proto
#10 47.30 [ 97%] Building CXX object benchmark/CMakeFiles/push_benchmark.dir/src/push_benchmark.cpp.o
#10 50.09 [100%] Linking CXX executable push_benchmark
#10 50.58 [100%] Built target push_benchmark
#10 DONE 50.7s

#11 exporting to image
#11 exporting layers
#11 exporting layers 12.4s done
#11 exporting manifest sha256:893588129a7d49abc828f0cf9f4e1070b9900f3def45be4a8d7f2b057c371358 0.0s done
#11 exporting config sha256:993a65252c658297bb0ed30e1b24c23329a8023e8fb85cb12fc6017cca962377 0.0s done
#11 exporting attestation manifest sha256:58381db60914b99193c0230eaf9fb0673dcffa1af077b0de2ee53c58738f9bb0 0.0s done
#11 exporting manifest list sha256:498d93337ddd3c77c7a1ed1f16ea94ec52020f3d309741bff93caf77b939e21d
#11 exporting manifest list sha256:498d93337ddd3c77c7a1ed1f16ea94ec52020f3d309741bff93caf77b939e21d 0.0s done
#11 naming to docker.io/library/monitor-system-benchmark:local done
#11 unpacking to docker.io/library/monitor-system-benchmark:local
#11 unpacking to docker.io/library/monitor-system-benchmark:local 2.7s done
#11 DONE 15.3s

#12 resolving provenance for metadata file
#12 DONE 0.0s
 Image monitor-system-benchmark:local Built
 Container manager-ab-ab-sharded-stagger-75-long600s-20260818-mysql-1 Running
 Container manager-ab-ab-sharded-stagger-75-long600s-20260818-manager-1 Creating
 Container manager-ab-ab-sharded-stagger-75-long600s-20260818-manager-1 Created
 Container manager-ab-ab-sharded-stagger-75-long600s-20260818-mysql-1 Waiting
 Container manager-ab-ab-sharded-stagger-75-long600s-20260818-mysql-1 Healthy
 Container manager-ab-ab-sharded-stagger-75-long600s-20260818-manager-1 Starting
 Container manager-ab-ab-sharded-stagger-75-long600s-20260818-manager-1 Started
mysql: [Warning] Using a password on the command line interface can be insecure.
 Container manager-ab-ab-sharded-stagger-75-long600s-20260818-manager-1 Stopping
 Container manager-ab-ab-sharded-stagger-75-long600s-20260818-manager-1 Stopped
 Container manager-ab-ab-sharded-stagger-75-long600s-20260818-manager-1 Stopping
 Container manager-ab-ab-sharded-stagger-75-long600s-20260818-manager-1 Stopped
 Container manager-ab-ab-sharded-stagger-75-long600s-20260818-manager-1 Removing
 Container manager-ab-ab-sharded-stagger-75-long600s-20260818-manager-1 Removed
 Container manager-ab-ab-sharded-stagger-75-long600s-20260818-mysql-1 Stopping
 Container manager-ab-ab-sharded-stagger-75-long600s-20260818-mysql-1 Stopped
 Container manager-ab-ab-sharded-stagger-75-long600s-20260818-mysql-1 Removing
 Container manager-ab-ab-sharded-stagger-75-long600s-20260818-mysql-1 Removed
 Network manager-ab-ab-sharded-stagger-75-long600s-20260818_default Removing
 Network manager-ab-ab-sharded-stagger-75-long600s-20260818_default Removed
status=PASS
architecture=Sharded
repository=F:\chenyu_project\monitor_system
run_id=ab-sharded-stagger-75-long600s-20260818
workers=75
duration_seconds=600
interval_ms=1000
arrival_model=stagger_start
total_samples=45000
successful_rpc=45000
failed_rpc=0
persisted_rows=45000
load_duration_sec=602.135
drain_duration_sec=1.824
total_completion_sec=604.399
accepted_reports_per_sec=74.454
processed_reports_per_sec=74.454
persisted_reports_per_sec=74.454
rpc_p50_us=687
rpc_p95_us=1079
rpc_p99_us=1403
accepted=45000
queue_full=0
processed=45000
persistence_tasks=45000
persistence_rejected=0
queue_delay_samples=45000
queue_delay_total_us=3333306
queue_delay_mean_us=74.07
max_queue_delay_us=3646
max_shard_queue_depth=1
max_shard_queue_bytes=472
max_persistence_queue_depth=80
max_persistence_queue_bytes=60744
manager_cpu_avg_percent=7.75
manager_cpu_peak_percent=10.56
manager_rss_avg_mib=20.11
manager_rss_peak_mib=20.3
mysql_cpu_avg_percent=24.78
mysql_cpu_peak_percent=33.35
mysql_rss_avg_mib=437.04
mysql_rss_peak_mib=461.2
result_csv_sha256=E7CA4E73AAAFD72408F5BA173289D9A347032AC97BD569D94FED614F5730B9EF
failure=
