 Network manager-ab-ab-legacy-stagger-100-r1-20260818_default Creating
 Network manager-ab-ab-legacy-stagger-100-r1-20260818_default Created
 Container manager-ab-ab-legacy-stagger-100-r1-20260818-mysql-1 Creating
 Container manager-ab-ab-legacy-stagger-100-r1-20260818-mysql-1 Created
 Container manager-ab-ab-legacy-stagger-100-r1-20260818-mysql-1 Starting
 Container manager-ab-ab-legacy-stagger-100-r1-20260818-mysql-1 Started
 Image monitor-system-benchmark:local Building
#1 [internal] load local bake definitions
#1 reading from stdin 611B 0.0s done
#1 DONE 0.0s

#2 [internal] load build definition from Dockerfile.benchmark
#2 transferring dockerfile: 761B 0.0s done
#2 DONE 0.0s

#3 [internal] load metadata for docker.io/library/python:3.13-slim
#3 DONE 0.0s

#4 [internal] load .dockerignore
#4 transferring context: 2B done
#4 DONE 0.0s

#5 [internal] load build context
#5 DONE 0.0s

#6 [1/5] FROM docker.io/library/python:3.13-slim@sha256:6771159cd4fa5d9bba1258caf0b82e6b73458c694d178ad97c5e925c2d0e1a91
#6 resolve docker.io/library/python:3.13-slim@sha256:6771159cd4fa5d9bba1258caf0b82e6b73458c694d178ad97c5e925c2d0e1a91 0.0s done
#6 DONE 0.0s

#5 [internal] load build context
#5 transferring context: 81.84kB 0.0s done
#5 DONE 0.0s

#7 [2/5] RUN sed -i 's|http://deb.debian.org|https://deb.debian.org|g; s|http://security.debian.org|https://security.debian.org|g' /etc/apt/sources.list.d/debian.sources     && apt-get -o Acquire::Retries=3 update && apt-get -o Acquire::Retries=3 install -y --no-install-recommends     build-essential cmake pkg-config     libprotobuf-dev protobuf-compiler protobuf-compiler-grpc     libgrpc++-dev default-libmysqlclient-dev     && rm -rf /var/lib/apt/lists/*
#7 CACHED

#8 [3/5] WORKDIR /app
#8 CACHED

#9 [4/5] COPY . .
#9 DONE 0.1s

#10 [5/5] RUN cmake -S . -B build -DENABLE_EBPF=OFF -DBUILD_MANAGER=ON -DBUILD_BENCHMARK=ON     && cmake --build build --target manager push_benchmark -j"$(nproc)"
#10 0.415 -- The CXX compiler identification is GNU 14.2.0
#10 0.428 -- Detecting CXX compiler ABI info
#10 0.576 -- Detecting CXX compiler ABI info - done
#10 0.595 -- Check for working CXX compiler: /usr/bin/c++ - skipped
#10 0.596 -- Detecting CXX compile features
#10 0.597 -- Detecting CXX compile features - done
#10 0.797 -- Found Protobuf: /usr/lib/x86_64-linux-gnu/libprotobuf.so (found version "3.21.12")
#10 0.805 -- Found ZLIB: /usr/lib/x86_64-linux-gnu/libz.so (found version "1.3.1")
#10 0.881 -- Found OpenSSL: /usr/lib/x86_64-linux-gnu/libcrypto.so (found version "3.5.6")
#10 0.885 -- Found c-ares: /usr/lib/x86_64-linux-gnu/cmake/c-ares/c-ares-config.cmake (found version "1.34.5")
#10 0.887 -- Found Threads: TRUE
#10 0.909 -- Found PkgConfig: /usr/bin/pkg-config (found version "1.8.1")
#10 27.36 -- Found RE2 via pkg-config.
#10 27.42 -- Found RE2 via pkg-config.
#10 27.48 -- Found RE2 via pkg-config.
#10 27.48 -- Checking for module 'mysqlclient'
#10 27.50 --   Found mysqlclient, version 3.4.9
#10 27.54 -- MySQL support enabled
#10 27.54 -- Configuring done (27.2s)
#10 27.68 -- Generating done (0.1s)
#10 27.68 -- Build files have been written to: /app/build
#10 27.77 [  8%] Running cpp protocol buffer compiler on cpu_stat.proto
#10 27.77 [  8%] Running cpp protocol buffer compiler on cpu_load.proto
#10 27.77 [  8%] Running grpc protocol buffer compiler on cpu_softirq.proto
#10 27.77 [ 10%] Running cpp protocol buffer compiler on cpu_softirq.proto
#10 27.77 [ 12%] Running grpc protocol buffer compiler on cpu_load.proto
#10 27.77 [ 17%] Running grpc protocol buffer compiler on diagnostic.proto
#10 27.77 [  8%] Running grpc protocol buffer compiler on cpu_stat.proto
#10 27.77 [ 17%] Running cpp protocol buffer compiler on query_api.proto
#10 27.77 [ 21%] Running grpc protocol buffer compiler on mem_info.proto
#10 27.77 [ 23%] Running grpc protocol buffer compiler on disk_info.proto
#10 27.77 [ 21%] Running cpp protocol buffer compiler on diagnostic.proto
#10 27.78 [ 25%] Running cpp protocol buffer compiler on disk_info.proto
#10 27.78 [ 27%] Running grpc protocol buffer compiler on monitor_info.proto
#10 27.79 [ 31%] Running cpp protocol buffer compiler on monitor_info.proto
#10 27.79 [ 31%] Running grpc protocol buffer compiler on net_info.proto
#10 27.79 [ 34%] Running cpp protocol buffer compiler on mem_info.proto
#10 27.80 [ 38%] Running cpp protocol buffer compiler on net_info.proto
#10 27.80 [ 38%] Running grpc protocol buffer compiler on query_api.proto
#10 27.88 [ 51%] Building CXX object proto/CMakeFiles/monitor_proto.dir/cpu_load.pb.cc.o
#10 27.88 [ 51%] Building CXX object proto/CMakeFiles/monitor_proto.dir/diagnostic.pb.cc.o
#10 27.88 [ 57%] Building CXX object proto/CMakeFiles/monitor_proto.dir/query_api.pb.cc.o
#10 27.88 [ 57%] Building CXX object proto/CMakeFiles/monitor_proto.dir/monitor_info.pb.cc.o
#10 27.88 [ 57%] Building CXX object proto/CMakeFiles/monitor_proto.dir/cpu_stat.pb.cc.o
#10 27.88 [ 59%] Building CXX object proto/CMakeFiles/monitor_proto.dir/monitor_info.grpc.pb.cc.o
#10 27.88 [ 61%] Building CXX object proto/CMakeFiles/monitor_proto.dir/cpu_softirq.grpc.pb.cc.o
#10 27.88 [ 63%] Building CXX object proto/CMakeFiles/monitor_proto.dir/cpu_load.grpc.pb.cc.o
#10 27.88 [ 65%] Building CXX object proto/CMakeFiles/monitor_proto.dir/cpu_stat.grpc.pb.cc.o
#10 27.88 [ 68%] Building CXX object proto/CMakeFiles/monitor_proto.dir/mem_info.grpc.pb.cc.o
#10 27.88 [ 68%] Building CXX object proto/CMakeFiles/monitor_proto.dir/cpu_softirq.pb.cc.o
#10 27.88 [ 68%] Building CXX object proto/CMakeFiles/monitor_proto.dir/mem_info.pb.cc.o
#10 27.88 [ 68%] Building CXX object proto/CMakeFiles/monitor_proto.dir/net_info.pb.cc.o
#10 27.88 [ 68%] Building CXX object proto/CMakeFiles/monitor_proto.dir/disk_info.pb.cc.o
#10 27.89 [ 70%] Building CXX object proto/CMakeFiles/monitor_proto.dir/net_info.grpc.pb.cc.o
#10 27.90 [ 72%] Building CXX object proto/CMakeFiles/monitor_proto.dir/disk_info.grpc.pb.cc.o
#10 30.43 [ 74%] Building CXX object proto/CMakeFiles/monitor_proto.dir/diagnostic.grpc.pb.cc.o
#10 30.48 [ 76%] Building CXX object proto/CMakeFiles/monitor_proto.dir/query_api.grpc.pb.cc.o
#10 35.14 [ 78%] Linking CXX static library libmonitor_proto.a
#10 35.29 [ 78%] Built target monitor_proto
#10 35.33 [ 91%] Building CXX object manager/CMakeFiles/manager.dir/src/diagnostics/diagnostic_persistence.cpp.o
#10 35.33 [ 93%] Building CXX object manager/CMakeFiles/manager.dir/src/query_manager.cpp.o
#10 35.33 [ 93%] Building CXX object manager/CMakeFiles/manager.dir/src/diagnostics/root_cause_engine.cpp.o
#10 35.33 [ 93%] Building CXX object manager/CMakeFiles/manager.dir/src/main.cpp.o
#10 35.33 [ 93%] Building CXX object manager/CMakeFiles/manager.dir/src/diagnostics/incident_store.cpp.o
#10 35.33 [ 93%] Building CXX object manager/CMakeFiles/manager.dir/src/diagnostics/evidence_builder.cpp.o
#10 35.33 [ 91%] Building CXX object manager/CMakeFiles/manager.dir/src/host_manager.cpp.o
#10 35.33 [ 95%] Building CXX object manager/CMakeFiles/manager.dir/src/rpc/grpc_server.cpp.o
#10 35.33 [ 97%] Building CXX object manager/CMakeFiles/manager.dir/src/rpc/query_service.cpp.o
#10 39.37 [100%] Linking CXX executable manager
#10 40.04 [100%] Built target manager
#10 40.16 [ 94%] Built target monitor_proto
#10 40.18 [ 97%] Building CXX object benchmark/CMakeFiles/push_benchmark.dir/src/push_benchmark.cpp.o
#10 42.56 [100%] Linking CXX executable push_benchmark
#10 42.99 [100%] Built target push_benchmark
#10 DONE 43.0s

#11 exporting to image
#11 exporting layers
#11 exporting layers 0.6s done
#11 exporting manifest sha256:07a0eee46783f202078f14faff16e4ebf8eaed2cc78a1f8438479f9fb51c208c 0.0s done
#11 exporting config sha256:9f21e27abfdf2164f10423117758b5a65483417872b2f990ec420a61a8fabf56 0.0s done
#11 exporting attestation manifest sha256:70a7b6aac3553bb19529ab44093ddef9173dc1a7ebaa8d4aec7391fe4a39089d 0.0s done
#11 exporting manifest list sha256:97996a3f107339a05c46ced26e9829a126f88fc1f5adb18cb828d2b45038c8ba 0.0s done
#11 naming to docker.io/library/monitor-system-benchmark:local done
#11 unpacking to docker.io/library/monitor-system-benchmark:local
#11 unpacking to docker.io/library/monitor-system-benchmark:local 0.3s done
#11 DONE 1.1s

#12 resolving provenance for metadata file
#12 DONE 0.0s
 Image monitor-system-benchmark:local Built
 Container manager-ab-ab-legacy-stagger-100-r1-20260818-mysql-1 Running
 Container manager-ab-ab-legacy-stagger-100-r1-20260818-manager-1 Creating
 Container manager-ab-ab-legacy-stagger-100-r1-20260818-manager-1 Created
 Container manager-ab-ab-legacy-stagger-100-r1-20260818-mysql-1 Waiting
 Container manager-ab-ab-legacy-stagger-100-r1-20260818-mysql-1 Healthy
 Container manager-ab-ab-legacy-stagger-100-r1-20260818-manager-1 Starting
 Container manager-ab-ab-legacy-stagger-100-r1-20260818-manager-1 Started
mysql: [Warning] Using a password on the command line interface can be insecure.
 Container manager-ab-ab-legacy-stagger-100-r1-20260818-manager-1 Stopping
 Container manager-ab-ab-legacy-stagger-100-r1-20260818-manager-1 Stopped
 Container manager-ab-ab-legacy-stagger-100-r1-20260818-manager-1 Stopping
 Container manager-ab-ab-legacy-stagger-100-r1-20260818-manager-1 Stopped
 Container manager-ab-ab-legacy-stagger-100-r1-20260818-manager-1 Removing
 Container manager-ab-ab-legacy-stagger-100-r1-20260818-manager-1 Removed
 Container manager-ab-ab-legacy-stagger-100-r1-20260818-mysql-1 Stopping
 Container manager-ab-ab-legacy-stagger-100-r1-20260818-mysql-1 Stopped
 Container manager-ab-ab-legacy-stagger-100-r1-20260818-mysql-1 Removing
 Container manager-ab-ab-legacy-stagger-100-r1-20260818-mysql-1 Removed
 Network manager-ab-ab-legacy-stagger-100-r1-20260818_default Removing
 Network manager-ab-ab-legacy-stagger-100-r1-20260818_default Removed
status=PASS
architecture=Legacy
repository=F:\chenyu_project\monitor_system-legacy-5c29
run_id=ab-legacy-stagger-100-r1-20260818
workers=100
duration_seconds=60
interval_ms=1000
arrival_model=stagger_start
total_samples=6000
successful_rpc=6000
failed_rpc=0
persisted_rows=6000
load_duration_sec=77.657
drain_duration_sec=0.674
total_completion_sec=78.698
accepted_reports_per_sec=76.241
processed_reports_per_sec=N/A
persisted_reports_per_sec=76.241
rpc_p50_us=1159301
rpc_p95_us=1783579
rpc_p99_us=2116618
accepted=N/A
queue_full=N/A
processed=N/A
persistence_tasks=N/A
persistence_rejected=N/A
queue_delay_samples=N/A
queue_delay_total_us=N/A
queue_delay_mean_us=N/A
max_queue_delay_us=N/A
max_shard_queue_depth=N/A
max_shard_queue_bytes=N/A
max_persistence_queue_depth=N/A
max_persistence_queue_bytes=N/A
manager_cpu_avg_percent=7.27
manager_cpu_peak_percent=10.65
manager_rss_avg_mib=25.6
manager_rss_peak_mib=26.68
mysql_cpu_avg_percent=25.29
mysql_cpu_peak_percent=31.59
mysql_rss_avg_mib=378.77
mysql_rss_peak_mib=381.8
result_csv_sha256=F6070B8E452CF72C97BF3C478E0263D1BAE552E6E0D914C87F71DB4CC6BB9217
failure=
