 Network manager-ab-ab-sharded-burst-50-r1-20260818_default Creating
 Network manager-ab-ab-sharded-burst-50-r1-20260818_default Created
 Container manager-ab-ab-sharded-burst-50-r1-20260818-mysql-1 Creating
 Container manager-ab-ab-sharded-burst-50-r1-20260818-mysql-1 Created
 Container manager-ab-ab-sharded-burst-50-r1-20260818-mysql-1 Starting
 Container manager-ab-ab-sharded-burst-50-r1-20260818-mysql-1 Started
 Image monitor-system-benchmark:local Building
#1 [internal] load local bake definitions
#1 reading from stdin 585B 0.0s done
#1 DONE 0.0s

#2 [internal] load build definition from Dockerfile.benchmark
#2 transferring dockerfile: 747B 0.0s done
#2 DONE 0.0s

#3 [internal] load metadata for docker.io/library/python:3.13-slim
#3 DONE 0.0s

#4 [internal] load .dockerignore
#4 transferring context: 2B done
#4 DONE 0.0s

#5 [internal] load build context
#5 DONE 0.0s

#6 [1/5] FROM docker.io/library/python:3.13-slim@sha256:6771159cd4fa5d9bba1258caf0b82e6b73458c694d178ad97c5e925c2d0e1a91
#6 resolve docker.io/library/python:3.13-slim@sha256:6771159cd4fa5d9bba1258caf0b82e6b73458c694d178ad97c5e925c2d0e1a91 0.0s done
#6 DONE 0.0s

#5 [internal] load build context
#5 transferring context: 509.82kB 0.3s done
#5 DONE 0.3s

#7 [2/5] RUN sed -i 's|http://deb.debian.org|https://deb.debian.org|g; s|http://security.debian.org|https://security.debian.org|g' /etc/apt/sources.list.d/debian.sources     && apt-get -o Acquire::Retries=3 update && apt-get -o Acquire::Retries=3 install -y --no-install-recommends     build-essential cmake pkg-config     libprotobuf-dev protobuf-compiler protobuf-compiler-grpc     libgrpc++-dev default-libmysqlclient-dev     && rm -rf /var/lib/apt/lists/*
#7 CACHED

#8 [3/5] WORKDIR /app
#8 CACHED

#9 [4/5] COPY . .
#9 DONE 2.9s

#10 [5/5] RUN cmake -S . -B build -DENABLE_EBPF=OFF -DBUILD_MANAGER=ON -DBUILD_BENCHMARK=ON     && cmake --build build --target manager push_benchmark -j"$(nproc)"
#10 0.935 -- The CXX compiler identification is GNU 14.2.0
#10 0.966 -- Detecting CXX compiler ABI info
#10 1.157 -- Detecting CXX compiler ABI info - done
#10 1.174 -- Check for working CXX compiler: /usr/bin/c++ - skipped
#10 1.176 -- Detecting CXX compile features
#10 1.177 -- Detecting CXX compile features - done
#10 1.414 -- Found Protobuf: /usr/lib/x86_64-linux-gnu/libprotobuf.so (found version "3.21.12")
#10 1.425 -- Found ZLIB: /usr/lib/x86_64-linux-gnu/libz.so (found version "1.3.1")
#10 1.500 -- Found OpenSSL: /usr/lib/x86_64-linux-gnu/libcrypto.so (found version "3.5.6")
#10 1.504 -- Found c-ares: /usr/lib/x86_64-linux-gnu/cmake/c-ares/c-ares-config.cmake (found version "1.34.5")
#10 1.507 -- Found Threads: TRUE
#10 1.529 -- Found PkgConfig: /usr/bin/pkg-config (found version "1.8.1")
#10 28.32 -- Found RE2 via pkg-config.
#10 28.38 -- Found RE2 via pkg-config.
#10 28.44 -- Found RE2 via pkg-config.
#10 28.44 -- Checking for module 'mysqlclient'
#10 28.46 --   Found mysqlclient, version 3.4.9
#10 28.50 -- MySQL support enabled
#10 28.51 -- Configuring done (27.7s)
#10 28.64 -- Generating done (0.1s)
#10 28.64 -- Build files have been written to: /app/build
#10 28.73 [ 10%] Running cpp protocol buffer compiler on cpu_softirq.proto
#10 28.73 [ 10%] Running grpc protocol buffer compiler on cpu_stat.proto
#10 28.73 [ 10%] Running cpp protocol buffer compiler on cpu_stat.proto
#10 28.73 [ 10%] Running grpc protocol buffer compiler on cpu_softirq.proto
#10 28.73 [ 10%] Running cpp protocol buffer compiler on query_api.proto
#10 28.73 [ 12%] Running grpc protocol buffer compiler on cpu_load.proto
#10 28.73 [ 14%] Running cpp protocol buffer compiler on diagnostic.proto
#10 28.73 [ 16%] Running cpp protocol buffer compiler on cpu_load.proto
#10 28.73 [ 18%] Running grpc protocol buffer compiler on disk_info.proto
#10 28.73 [ 20%] Running grpc protocol buffer compiler on diagnostic.proto
#10 28.73 [ 22%] Running grpc protocol buffer compiler on mem_info.proto
#10 28.73 [ 28%] Running cpp protocol buffer compiler on monitor_info.proto
#10 28.73 [ 28%] Running cpp protocol buffer compiler on mem_info.proto
#10 28.73 [ 28%] Running grpc protocol buffer compiler on monitor_info.proto
#10 28.73 [ 30%] Running cpp protocol buffer compiler on disk_info.proto
#10 28.74 [ 32%] Running grpc protocol buffer compiler on net_info.proto
#10 28.76 [ 34%] Running grpc protocol buffer compiler on query_api.proto
#10 28.76 [ 36%] Running cpp protocol buffer compiler on net_info.proto
#10 28.83 [ 40%] Building CXX object proto/CMakeFiles/monitor_proto.dir/disk_info.pb.cc.o
#10 28.83 [ 42%] Building CXX object proto/CMakeFiles/monitor_proto.dir/monitor_info.pb.cc.o
#10 28.83 [ 40%] Building CXX object proto/CMakeFiles/monitor_proto.dir/cpu_stat.pb.cc.o
#10 28.83 [ 46%] Building CXX object proto/CMakeFiles/monitor_proto.dir/diagnostic.pb.cc.o
#10 28.83 [ 44%] Building CXX object proto/CMakeFiles/monitor_proto.dir/mem_info.pb.cc.o
#10 28.84 [ 50%] Building CXX object proto/CMakeFiles/monitor_proto.dir/cpu_softirq.pb.cc.o
#10 28.84 [ 50%] Building CXX object proto/CMakeFiles/monitor_proto.dir/monitor_info.grpc.pb.cc.o
#10 28.84 [ 54%] Building CXX object proto/CMakeFiles/monitor_proto.dir/query_api.pb.cc.o
#10 28.84 [ 54%] Building CXX object proto/CMakeFiles/monitor_proto.dir/cpu_softirq.grpc.pb.cc.o
#10 28.84 [ 56%] Building CXX object proto/CMakeFiles/monitor_proto.dir/net_info.pb.cc.o
#10 28.84 [ 58%] Building CXX object proto/CMakeFiles/monitor_proto.dir/cpu_load.pb.cc.o
#10 28.84 [ 62%] Building CXX object proto/CMakeFiles/monitor_proto.dir/net_info.grpc.pb.cc.o
#10 28.84 [ 62%] Building CXX object proto/CMakeFiles/monitor_proto.dir/cpu_stat.grpc.pb.cc.o
#10 28.84 [ 64%] Building CXX object proto/CMakeFiles/monitor_proto.dir/cpu_load.grpc.pb.cc.o
#10 28.85 [ 66%] Building CXX object proto/CMakeFiles/monitor_proto.dir/mem_info.grpc.pb.cc.o
#10 28.85 [ 68%] Building CXX object proto/CMakeFiles/monitor_proto.dir/disk_info.grpc.pb.cc.o
#10 32.73 [ 70%] Building CXX object proto/CMakeFiles/monitor_proto.dir/diagnostic.grpc.pb.cc.o
#10 32.88 [ 72%] Building CXX object proto/CMakeFiles/monitor_proto.dir/query_api.grpc.pb.cc.o
#10 37.22 [ 74%] Linking CXX static library libmonitor_proto.a
#10 37.36 [ 74%] Built target monitor_proto
#10 37.40 [ 78%] Building CXX object manager/CMakeFiles/manager.dir/src/main.cpp.o
#10 37.40 [ 78%] Building CXX object manager/CMakeFiles/manager.dir/src/persistence_worker.cpp.o
#10 37.40 [ 80%] Building CXX object manager/CMakeFiles/manager.dir/src/diagnostics/evidence_builder.cpp.o
#10 37.40 [ 84%] Building CXX object manager/CMakeFiles/manager.dir/src/host_shard_executor.cpp.o
#10 37.40 [ 84%] Building CXX object manager/CMakeFiles/manager.dir/src/host_manager.cpp.o
#10 37.40 [ 86%] Building CXX object manager/CMakeFiles/manager.dir/src/query_manager.cpp.o
#10 37.40 [ 88%] Building CXX object manager/CMakeFiles/manager.dir/src/diagnostics/incident_store.cpp.o
#10 37.40 [ 92%] Building CXX object manager/CMakeFiles/manager.dir/src/diagnostics/diagnostic_persistence.cpp.o
#10 37.40 [ 92%] Building CXX object manager/CMakeFiles/manager.dir/src/diagnostics/root_cause_engine.cpp.o
#10 37.40 [ 94%] Building CXX object manager/CMakeFiles/manager.dir/src/rpc/query_service.cpp.o
#10 37.40 [ 96%] Building CXX object manager/CMakeFiles/manager.dir/src/rpc/grpc_server.cpp.o
#10 37.41 [ 98%] Building CXX object manager/CMakeFiles/manager.dir/src/mysql_timeout_config.cpp.o
#10 41.84 [100%] Linking CXX executable manager
#10 42.65 [100%] Built target manager
#10 42.76 [ 94%] Built target monitor_proto
#10 42.79 [ 97%] Building CXX object benchmark/CMakeFiles/push_benchmark.dir/src/push_benchmark.cpp.o
#10 45.15 [100%] Linking CXX executable push_benchmark
#10 45.55 [100%] Built target push_benchmark
#10 DONE 45.6s

#11 exporting to image
#11 exporting layers
#11 exporting layers 11.4s done
#11 exporting manifest sha256:bd5bd22da1fdb2b5c0175492b667d24a052f03d3ab186ccf51b9e4b3b3f3a397 0.0s done
#11 exporting config sha256:c2202b101b5c6fb074fb6f5e691d0dbeabbd79e77bc8c691963ee30a0948e572 0.0s done
#11 exporting attestation manifest sha256:7d4a8009bfd740ddcead6001f3f90df9bcbbdc758e3c667157ccf8a6c211a9d3 0.0s done
#11 exporting manifest list sha256:e380e68926e668ef79185e651923604a8061bc648a5a7774ce572d10d52f6b55 0.0s done
#11 naming to docker.io/library/monitor-system-benchmark:local done
#11 unpacking to docker.io/library/monitor-system-benchmark:local
#11 unpacking to docker.io/library/monitor-system-benchmark:local 2.9s done
#11 DONE 14.5s

#12 resolving provenance for metadata file
#12 DONE 0.0s
 Image monitor-system-benchmark:local Built
 Container manager-ab-ab-sharded-burst-50-r1-20260818-mysql-1 Running
 Container manager-ab-ab-sharded-burst-50-r1-20260818-manager-1 Creating
 Container manager-ab-ab-sharded-burst-50-r1-20260818-manager-1 Created
 Container manager-ab-ab-sharded-burst-50-r1-20260818-mysql-1 Waiting
 Container manager-ab-ab-sharded-burst-50-r1-20260818-mysql-1 Healthy
 Container manager-ab-ab-sharded-burst-50-r1-20260818-manager-1 Starting
 Container manager-ab-ab-sharded-burst-50-r1-20260818-manager-1 Started
mysql: [Warning] Using a password on the command line interface can be insecure.
 Container manager-ab-ab-sharded-burst-50-r1-20260818-manager-1 Stopping
 Container manager-ab-ab-sharded-burst-50-r1-20260818-manager-1 Stopped
 Container manager-ab-ab-sharded-burst-50-r1-20260818-manager-1 Stopping
 Container manager-ab-ab-sharded-burst-50-r1-20260818-manager-1 Stopped
 Container manager-ab-ab-sharded-burst-50-r1-20260818-manager-1 Removing
 Container manager-ab-ab-sharded-burst-50-r1-20260818-manager-1 Removed
 Container manager-ab-ab-sharded-burst-50-r1-20260818-mysql-1 Stopping
 Container manager-ab-ab-sharded-burst-50-r1-20260818-mysql-1 Stopped
 Container manager-ab-ab-sharded-burst-50-r1-20260818-mysql-1 Removing
 Container manager-ab-ab-sharded-burst-50-r1-20260818-mysql-1 Removed
 Network manager-ab-ab-sharded-burst-50-r1-20260818_default Removing
 Network manager-ab-ab-sharded-burst-50-r1-20260818_default Removed
status=PASS
architecture=Sharded
repository=F:\chenyu_project\monitor_system
run_id=ab-sharded-burst-50-r1-20260818
workers=50
duration_seconds=60
interval_ms=1000
arrival_model=burst
total_samples=3000
successful_rpc=3000
failed_rpc=0
persisted_rows=3000
load_duration_sec=60.523
drain_duration_sec=0.577
total_completion_sec=61.506
accepted_reports_per_sec=48.776
processed_reports_per_sec=48.776
persisted_reports_per_sec=48.776
rpc_p50_us=3192
rpc_p95_us=4757
rpc_p99_us=24230
accepted=3000
queue_full=0
processed=3000
persistence_tasks=3000
persistence_rejected=0
queue_delay_samples=3000
queue_delay_total_us=231485
queue_delay_mean_us=77.16
max_queue_delay_us=1758
max_shard_queue_depth=6
max_shard_queue_bytes=2688
max_persistence_queue_depth=49
max_persistence_queue_bytes=36021
manager_cpu_avg_percent=4.09
manager_cpu_peak_percent=4.58
manager_rss_avg_mib=20.67
manager_rss_peak_mib=24.62
mysql_cpu_avg_percent=14.85
mysql_cpu_peak_percent=22.79
mysql_rss_avg_mib=412.97
mysql_rss_peak_mib=415.6
result_csv_sha256=D4F9A9E7DFCD9A1DB743D3746B5B38EE79DE00FD634E6F5BD1FA45358DB58974
failure=
