 Network manager-ab-ab-sharded-stagger-10-r3-20260818_default Creating
 Network manager-ab-ab-sharded-stagger-10-r3-20260818_default Created
 Container manager-ab-ab-sharded-stagger-10-r3-20260818-mysql-1 Creating
 Container manager-ab-ab-sharded-stagger-10-r3-20260818-mysql-1 Created
 Container manager-ab-ab-sharded-stagger-10-r3-20260818-mysql-1 Starting
 Container manager-ab-ab-sharded-stagger-10-r3-20260818-mysql-1 Started
 Image monitor-system-benchmark:local Building
#1 [internal] load local bake definitions
#1 reading from stdin 587B 0.0s done
#1 DONE 0.0s

#2 [internal] load build definition from Dockerfile.benchmark
#2 transferring dockerfile: 747B done
#2 DONE 0.0s

#3 [internal] load metadata for docker.io/library/python:3.13-slim
#3 DONE 0.1s

#4 [internal] load .dockerignore
#4 transferring context: 2B done
#4 DONE 0.0s

#5 [1/5] FROM docker.io/library/python:3.13-slim@sha256:6771159cd4fa5d9bba1258caf0b82e6b73458c694d178ad97c5e925c2d0e1a91
#5 resolve docker.io/library/python:3.13-slim@sha256:6771159cd4fa5d9bba1258caf0b82e6b73458c694d178ad97c5e925c2d0e1a91 0.0s done
#5 DONE 0.0s

#6 [internal] load build context
#6 transferring context: 328.62kB 0.3s done
#6 DONE 0.3s

#7 [2/5] RUN sed -i 's|http://deb.debian.org|https://deb.debian.org|g; s|http://security.debian.org|https://security.debian.org|g' /etc/apt/sources.list.d/debian.sources     && apt-get -o Acquire::Retries=3 update && apt-get -o Acquire::Retries=3 install -y --no-install-recommends     build-essential cmake pkg-config     libprotobuf-dev protobuf-compiler protobuf-compiler-grpc     libgrpc++-dev default-libmysqlclient-dev     && rm -rf /var/lib/apt/lists/*
#7 CACHED

#8 [3/5] WORKDIR /app
#8 CACHED

#9 [4/5] COPY . .
#9 DONE 2.9s

#10 [5/5] RUN cmake -S . -B build -DENABLE_EBPF=OFF -DBUILD_MANAGER=ON -DBUILD_BENCHMARK=ON     && cmake --build build --target manager push_benchmark -j"$(nproc)"
#10 0.464 -- The CXX compiler identification is GNU 14.2.0
#10 0.483 -- Detecting CXX compiler ABI info
#10 0.619 -- Detecting CXX compiler ABI info - done
#10 0.636 -- Check for working CXX compiler: /usr/bin/c++ - skipped
#10 0.636 -- Detecting CXX compile features
#10 0.637 -- Detecting CXX compile features - done
#10 0.852 -- Found Protobuf: /usr/lib/x86_64-linux-gnu/libprotobuf.so (found version "3.21.12")
#10 0.860 -- Found ZLIB: /usr/lib/x86_64-linux-gnu/libz.so (found version "1.3.1")
#10 0.934 -- Found OpenSSL: /usr/lib/x86_64-linux-gnu/libcrypto.so (found version "3.5.6")
#10 0.938 -- Found c-ares: /usr/lib/x86_64-linux-gnu/cmake/c-ares/c-ares-config.cmake (found version "1.34.5")
#10 0.942 -- Found Threads: TRUE
#10 0.964 -- Found PkgConfig: /usr/bin/pkg-config (found version "1.8.1")
#10 27.08 -- Found RE2 via pkg-config.
#10 27.14 -- Found RE2 via pkg-config.
#10 27.19 -- Found RE2 via pkg-config.
#10 27.19 -- Checking for module 'mysqlclient'
#10 27.21 --   Found mysqlclient, version 3.4.9
#10 27.25 -- MySQL support enabled
#10 27.25 -- Configuring done (26.9s)
#10 27.38 -- Generating done (0.1s)
#10 27.38 -- Build files have been written to: /app/build
#10 27.46 [  8%] Running cpp protocol buffer compiler on query_api.proto
#10 27.46 [  8%] Running cpp protocol buffer compiler on cpu_load.proto
#10 27.46 [  8%] Running grpc protocol buffer compiler on cpu_load.proto
#10 27.46 [  8%] Running grpc protocol buffer compiler on cpu_softirq.proto
#10 27.46 [ 10%] Running cpp protocol buffer compiler on cpu_softirq.proto
#10 27.46 [ 14%] Running cpp protocol buffer compiler on diagnostic.proto
#10 27.46 [ 14%] Running cpp protocol buffer compiler on cpu_stat.proto
#10 27.46 [ 16%] Running grpc protocol buffer compiler on diagnostic.proto
#10 27.46 [ 20%] Running cpp protocol buffer compiler on mem_info.proto
#10 27.46 [ 20%] Running grpc protocol buffer compiler on disk_info.proto
#10 27.46 [ 22%] Running cpp protocol buffer compiler on disk_info.proto
#10 27.46 [ 26%] Running grpc protocol buffer compiler on mem_info.proto
#10 27.46 [ 26%] Running grpc protocol buffer compiler on monitor_info.proto
#10 27.46 [ 28%] Running grpc protocol buffer compiler on cpu_stat.proto
#10 27.46 [ 30%] Running cpp protocol buffer compiler on monitor_info.proto
#10 27.48 [ 32%] Running grpc protocol buffer compiler on net_info.proto
#10 27.49 [ 36%] Running cpp protocol buffer compiler on net_info.proto
#10 27.49 [ 36%] Running grpc protocol buffer compiler on query_api.proto
#10 27.56 [ 38%] Building CXX object proto/CMakeFiles/monitor_proto.dir/monitor_info.pb.cc.o
#10 27.56 [ 40%] Building CXX object proto/CMakeFiles/monitor_proto.dir/cpu_load.pb.cc.o
#10 27.56 [ 42%] Building CXX object proto/CMakeFiles/monitor_proto.dir/cpu_stat.pb.cc.o
#10 27.56 [ 44%] Building CXX object proto/CMakeFiles/monitor_proto.dir/cpu_softirq.pb.cc.o
#10 27.56 [ 48%] Building CXX object proto/CMakeFiles/monitor_proto.dir/mem_info.pb.cc.o
#10 27.56 [ 48%] Building CXX object proto/CMakeFiles/monitor_proto.dir/net_info.pb.cc.o
#10 27.56 [ 52%] Building CXX object proto/CMakeFiles/monitor_proto.dir/cpu_softirq.grpc.pb.cc.o
#10 27.56 [ 54%] Building CXX object proto/CMakeFiles/monitor_proto.dir/query_api.pb.cc.o
#10 27.56 [ 54%] Building CXX object proto/CMakeFiles/monitor_proto.dir/cpu_load.grpc.pb.cc.o
#10 27.56 [ 58%] Building CXX object proto/CMakeFiles/monitor_proto.dir/monitor_info.grpc.pb.cc.o
#10 27.56 [ 58%] Building CXX object proto/CMakeFiles/monitor_proto.dir/cpu_stat.grpc.pb.cc.o
#10 27.56 [ 60%] Building CXX object proto/CMakeFiles/monitor_proto.dir/disk_info.pb.cc.o
#10 27.56 [ 62%] Building CXX object proto/CMakeFiles/monitor_proto.dir/net_info.grpc.pb.cc.o
#10 27.57 [ 64%] Building CXX object proto/CMakeFiles/monitor_proto.dir/mem_info.grpc.pb.cc.o
#10 27.57 [ 66%] Building CXX object proto/CMakeFiles/monitor_proto.dir/diagnostic.pb.cc.o
#10 27.57 [ 68%] Building CXX object proto/CMakeFiles/monitor_proto.dir/disk_info.grpc.pb.cc.o
#10 31.25 [ 70%] Building CXX object proto/CMakeFiles/monitor_proto.dir/diagnostic.grpc.pb.cc.o
#10 31.30 [ 72%] Building CXX object proto/CMakeFiles/monitor_proto.dir/query_api.grpc.pb.cc.o
#10 35.90 [ 74%] Linking CXX static library libmonitor_proto.a
#10 36.05 [ 74%] Built target monitor_proto
#10 36.08 [ 78%] Building CXX object manager/CMakeFiles/manager.dir/src/host_shard_executor.cpp.o
#10 36.08 [ 78%] Building CXX object manager/CMakeFiles/manager.dir/src/mysql_timeout_config.cpp.o
#10 36.08 [ 82%] Building CXX object manager/CMakeFiles/manager.dir/src/main.cpp.o
#10 36.08 [ 82%] Building CXX object manager/CMakeFiles/manager.dir/src/host_manager.cpp.o
#10 36.08 [ 86%] Building CXX object manager/CMakeFiles/manager.dir/src/persistence_worker.cpp.o
#10 36.08 [ 86%] Building CXX object manager/CMakeFiles/manager.dir/src/diagnostics/evidence_builder.cpp.o
#10 36.08 [ 88%] Building CXX object manager/CMakeFiles/manager.dir/src/diagnostics/root_cause_engine.cpp.o
#10 36.08 [ 90%] Building CXX object manager/CMakeFiles/manager.dir/src/diagnostics/incident_store.cpp.o
#10 36.08 [ 92%] Building CXX object manager/CMakeFiles/manager.dir/src/diagnostics/diagnostic_persistence.cpp.o
#10 36.08 [ 96%] Building CXX object manager/CMakeFiles/manager.dir/src/rpc/grpc_server.cpp.o
#10 36.08 [ 94%] Building CXX object manager/CMakeFiles/manager.dir/src/query_manager.cpp.o
#10 36.08 [ 98%] Building CXX object manager/CMakeFiles/manager.dir/src/rpc/query_service.cpp.o
#10 40.43 [100%] Linking CXX executable manager
#10 41.37 [100%] Built target manager
#10 41.49 [ 94%] Built target monitor_proto
#10 41.52 [ 97%] Building CXX object benchmark/CMakeFiles/push_benchmark.dir/src/push_benchmark.cpp.o
#10 43.85 [100%] Linking CXX executable push_benchmark
#10 44.25 [100%] Built target push_benchmark
#10 DONE 44.4s

#11 exporting to image
#11 exporting layers
#11 exporting layers 11.0s done
#11 exporting manifest sha256:13d0d1ee212b18a12eff768f28c925f30ffc055de0ffd9ef5bbcf9c95d7fcf77 0.0s done
#11 exporting config sha256:5e5a9dce719e0fd663b9aa1faec765a85811d2290e0cc43cbb3259343fea3ee6 0.0s done
#11 exporting attestation manifest sha256:a56cdd93a4fb9b4dca628c0c64e131256c01ce06e24bdba61239be73e9367ed9 0.0s done
#11 exporting manifest list sha256:473f36820b18741bbe8d5baa797dd6be0a12ae422a60b809b83b04bd251814a3 0.0s done
#11 naming to docker.io/library/monitor-system-benchmark:local done
#11 unpacking to docker.io/library/monitor-system-benchmark:local
#11 unpacking to docker.io/library/monitor-system-benchmark:local 2.4s done
#11 DONE 13.6s

#12 resolving provenance for metadata file
#12 DONE 0.0s
 Image monitor-system-benchmark:local Built
 Container manager-ab-ab-sharded-stagger-10-r3-20260818-mysql-1 Running
 Container manager-ab-ab-sharded-stagger-10-r3-20260818-manager-1 Creating
 Container manager-ab-ab-sharded-stagger-10-r3-20260818-manager-1 Created
 Container manager-ab-ab-sharded-stagger-10-r3-20260818-mysql-1 Waiting
 Container manager-ab-ab-sharded-stagger-10-r3-20260818-mysql-1 Healthy
 Container manager-ab-ab-sharded-stagger-10-r3-20260818-manager-1 Starting
 Container manager-ab-ab-sharded-stagger-10-r3-20260818-manager-1 Started
mysql: [Warning] Using a password on the command line interface can be insecure.
 Container manager-ab-ab-sharded-stagger-10-r3-20260818-manager-1 Stopping
 Container manager-ab-ab-sharded-stagger-10-r3-20260818-manager-1 Stopped
 Container manager-ab-ab-sharded-stagger-10-r3-20260818-manager-1 Stopping
 Container manager-ab-ab-sharded-stagger-10-r3-20260818-manager-1 Stopped
 Container manager-ab-ab-sharded-stagger-10-r3-20260818-manager-1 Removing
 Container manager-ab-ab-sharded-stagger-10-r3-20260818-manager-1 Removed
 Container manager-ab-ab-sharded-stagger-10-r3-20260818-mysql-1 Stopping
 Container manager-ab-ab-sharded-stagger-10-r3-20260818-mysql-1 Stopped
 Container manager-ab-ab-sharded-stagger-10-r3-20260818-mysql-1 Removing
 Container manager-ab-ab-sharded-stagger-10-r3-20260818-mysql-1 Removed
 Network manager-ab-ab-sharded-stagger-10-r3-20260818_default Removing
 Network manager-ab-ab-sharded-stagger-10-r3-20260818_default Removed
status=PASS
architecture=Sharded
repository=F:\chenyu_project\monitor_system
run_id=ab-sharded-stagger-10-r3-20260818
workers=10
duration_seconds=60
interval_ms=1000
arrival_model=stagger_start
total_samples=600
successful_rpc=600
failed_rpc=0
persisted_rows=600
load_duration_sec=61.414
drain_duration_sec=0.482
total_completion_sec=62.267
accepted_reports_per_sec=9.636
processed_reports_per_sec=9.636
persisted_reports_per_sec=9.636
rpc_p50_us=713
rpc_p95_us=1012
rpc_p99_us=2062
accepted=600
queue_full=0
processed=600
persistence_tasks=600
persistence_rejected=0
queue_delay_samples=600
queue_delay_total_us=44083
queue_delay_mean_us=73.47
max_queue_delay_us=210
max_shard_queue_depth=1
max_shard_queue_bytes=451
max_persistence_queue_depth=1
max_persistence_queue_bytes=739
manager_cpu_avg_percent=1.07
manager_cpu_peak_percent=1.23
manager_rss_avg_mib=8.96
manager_rss_peak_mib=9.13
mysql_cpu_avg_percent=5.93
mysql_cpu_peak_percent=8.43
mysql_rss_avg_mib=403.74
mysql_rss_peak_mib=404.3
result_csv_sha256=D63C2028DC30279E82DC6C75A84DDE4BCF2D735B225633339A158165F599167D
failure=
