 Network manager-ab-ab-legacy-burst-100-r2-20260818_default Creating
 Network manager-ab-ab-legacy-burst-100-r2-20260818_default Created
 Container manager-ab-ab-legacy-burst-100-r2-20260818-mysql-1 Creating
 Container manager-ab-ab-legacy-burst-100-r2-20260818-mysql-1 Created
 Container manager-ab-ab-legacy-burst-100-r2-20260818-mysql-1 Starting
 Container manager-ab-ab-legacy-burst-100-r2-20260818-mysql-1 Started
 Image monitor-system-benchmark:local Building
#1 [internal] load local bake definitions
#1 reading from stdin 609B 0.0s done
#1 DONE 0.0s

#2 [internal] load build definition from Dockerfile.benchmark
#2 transferring dockerfile: 761B done
#2 DONE 0.0s

#3 [internal] load metadata for docker.io/library/python:3.13-slim
#3 DONE 0.0s

#4 [internal] load .dockerignore
#4 transferring context: 2B done
#4 DONE 0.0s

#5 [1/5] FROM docker.io/library/python:3.13-slim@sha256:6771159cd4fa5d9bba1258caf0b82e6b73458c694d178ad97c5e925c2d0e1a91
#5 resolve docker.io/library/python:3.13-slim@sha256:6771159cd4fa5d9bba1258caf0b82e6b73458c694d178ad97c5e925c2d0e1a91 0.0s done
#5 DONE 0.0s

#6 [internal] load build context
#6 transferring context: 86.96kB 0.0s done
#6 DONE 0.0s

#7 [2/5] RUN sed -i 's|http://deb.debian.org|https://deb.debian.org|g; s|http://security.debian.org|https://security.debian.org|g' /etc/apt/sources.list.d/debian.sources     && apt-get -o Acquire::Retries=3 update && apt-get -o Acquire::Retries=3 install -y --no-install-recommends     build-essential cmake pkg-config     libprotobuf-dev protobuf-compiler protobuf-compiler-grpc     libgrpc++-dev default-libmysqlclient-dev     && rm -rf /var/lib/apt/lists/*
#7 CACHED

#8 [3/5] WORKDIR /app
#8 CACHED

#9 [4/5] COPY . .
#9 DONE 0.1s

#10 [5/5] RUN cmake -S . -B build -DENABLE_EBPF=OFF -DBUILD_MANAGER=ON -DBUILD_BENCHMARK=ON     && cmake --build build --target manager push_benchmark -j"$(nproc)"
#10 0.347 -- The CXX compiler identification is GNU 14.2.0
#10 0.358 -- Detecting CXX compiler ABI info
#10 0.488 -- Detecting CXX compiler ABI info - done
#10 0.507 -- Check for working CXX compiler: /usr/bin/c++ - skipped
#10 0.508 -- Detecting CXX compile features
#10 0.509 -- Detecting CXX compile features - done
#10 0.690 -- Found Protobuf: /usr/lib/x86_64-linux-gnu/libprotobuf.so (found version "3.21.12")
#10 0.699 -- Found ZLIB: /usr/lib/x86_64-linux-gnu/libz.so (found version "1.3.1")
#10 0.759 -- Found OpenSSL: /usr/lib/x86_64-linux-gnu/libcrypto.so (found version "3.5.6")
#10 0.762 -- Found c-ares: /usr/lib/x86_64-linux-gnu/cmake/c-ares/c-ares-config.cmake (found version "1.34.5")
#10 0.765 -- Found Threads: TRUE
#10 0.784 -- Found PkgConfig: /usr/bin/pkg-config (found version "1.8.1")
#10 27.03 -- Found RE2 via pkg-config.
#10 27.08 -- Found RE2 via pkg-config.
#10 27.14 -- Found RE2 via pkg-config.
#10 27.15 -- Checking for module 'mysqlclient'
#10 27.17 --   Found mysqlclient, version 3.4.9
#10 27.21 -- MySQL support enabled
#10 27.21 -- Configuring done (26.9s)
#10 27.35 -- Generating done (0.1s)
#10 27.35 -- Build files have been written to: /app/build
#10 27.43 [  4%] Running grpc protocol buffer compiler on cpu_load.proto
#10 27.43 [  4%] Running cpp protocol buffer compiler on cpu_softirq.proto
#10 27.43 [  6%] Running cpp protocol buffer compiler on cpu_load.proto
#10 27.43 [  8%] Running grpc protocol buffer compiler on cpu_softirq.proto
#10 27.44 [ 12%] Running cpp protocol buffer compiler on disk_info.proto
#10 27.44 [ 12%] Running grpc protocol buffer compiler on cpu_stat.proto
#10 27.44 [ 17%] Running cpp protocol buffer compiler on diagnostic.proto
#10 27.44 [ 21%] Running grpc protocol buffer compiler on mem_info.proto
#10 27.44 [ 21%] Running cpp protocol buffer compiler on query_api.proto
#10 27.44 [ 23%] Running cpp protocol buffer compiler on monitor_info.proto
#10 27.44 [ 25%] Running grpc protocol buffer compiler on disk_info.proto
#10 27.44 [ 23%] Running cpp protocol buffer compiler on mem_info.proto
#10 27.44 [ 27%] Running grpc protocol buffer compiler on monitor_info.proto
#10 27.44 [ 29%] Running grpc protocol buffer compiler on diagnostic.proto
#10 27.45 [ 31%] Running cpp protocol buffer compiler on cpu_stat.proto
#10 27.45 [ 34%] Running grpc protocol buffer compiler on net_info.proto
#10 27.48 [ 36%] Running cpp protocol buffer compiler on net_info.proto
#10 27.48 [ 38%] Running grpc protocol buffer compiler on query_api.proto
#10 27.55 [ 42%] Building CXX object proto/CMakeFiles/monitor_proto.dir/cpu_softirq.pb.cc.o
#10 27.55 [ 42%] Building CXX object proto/CMakeFiles/monitor_proto.dir/monitor_info.pb.cc.o
#10 27.55 [ 44%] Building CXX object proto/CMakeFiles/monitor_proto.dir/mem_info.pb.cc.o
#10 27.55 [ 46%] Building CXX object proto/CMakeFiles/monitor_proto.dir/net_info.pb.cc.o
#10 27.56 [ 48%] Building CXX object proto/CMakeFiles/monitor_proto.dir/cpu_stat.pb.cc.o
#10 27.56 [ 51%] Building CXX object proto/CMakeFiles/monitor_proto.dir/diagnostic.pb.cc.o
#10 27.56 [ 55%] Building CXX object proto/CMakeFiles/monitor_proto.dir/query_api.pb.cc.o
#10 27.56 [ 57%] Building CXX object proto/CMakeFiles/monitor_proto.dir/cpu_load.pb.cc.o
#10 27.56 [ 57%] Building CXX object proto/CMakeFiles/monitor_proto.dir/monitor_info.grpc.pb.cc.o
#10 27.56 [ 61%] Building CXX object proto/CMakeFiles/monitor_proto.dir/cpu_softirq.grpc.pb.cc.o
#10 27.56 [ 61%] Building CXX object proto/CMakeFiles/monitor_proto.dir/cpu_stat.grpc.pb.cc.o
#10 27.56 [ 63%] Building CXX object proto/CMakeFiles/monitor_proto.dir/cpu_load.grpc.pb.cc.o
#10 27.56 [ 65%] Building CXX object proto/CMakeFiles/monitor_proto.dir/disk_info.pb.cc.o
#10 27.56 [ 68%] Building CXX object proto/CMakeFiles/monitor_proto.dir/mem_info.grpc.pb.cc.o
#10 27.57 [ 70%] Building CXX object proto/CMakeFiles/monitor_proto.dir/net_info.grpc.pb.cc.o
#10 27.58 [ 72%] Building CXX object proto/CMakeFiles/monitor_proto.dir/disk_info.grpc.pb.cc.o
#10 30.20 [ 74%] Building CXX object proto/CMakeFiles/monitor_proto.dir/diagnostic.grpc.pb.cc.o
#10 30.21 [ 76%] Building CXX object proto/CMakeFiles/monitor_proto.dir/query_api.grpc.pb.cc.o
#10 34.82 [ 78%] Linking CXX static library libmonitor_proto.a
#10 34.97 [ 78%] Built target monitor_proto
#10 35.00 [ 87%] Building CXX object manager/CMakeFiles/manager.dir/src/main.cpp.o
#10 35.00 [ 87%] Building CXX object manager/CMakeFiles/manager.dir/src/diagnostics/root_cause_engine.cpp.o
#10 35.00 [ 87%] Building CXX object manager/CMakeFiles/manager.dir/src/diagnostics/diagnostic_persistence.cpp.o
#10 35.00 [ 87%] Building CXX object manager/CMakeFiles/manager.dir/src/host_manager.cpp.o
#10 35.00 [ 89%] Building CXX object manager/CMakeFiles/manager.dir/src/diagnostics/evidence_builder.cpp.o
#10 35.00 [ 91%] Building CXX object manager/CMakeFiles/manager.dir/src/diagnostics/incident_store.cpp.o
#10 35.00 [ 97%] Building CXX object manager/CMakeFiles/manager.dir/src/rpc/grpc_server.cpp.o
#10 35.00 [ 97%] Building CXX object manager/CMakeFiles/manager.dir/src/rpc/query_service.cpp.o
#10 35.00 [ 97%] Building CXX object manager/CMakeFiles/manager.dir/src/query_manager.cpp.o
#10 38.93 [100%] Linking CXX executable manager
#10 39.73 [100%] Built target manager
#10 39.84 [ 94%] Built target monitor_proto
#10 39.87 [ 97%] Building CXX object benchmark/CMakeFiles/push_benchmark.dir/src/push_benchmark.cpp.o
#10 42.18 [100%] Linking CXX executable push_benchmark
#10 42.58 [100%] Built target push_benchmark
#10 DONE 42.7s

#11 exporting to image
#11 exporting layers
#11 exporting layers 0.6s done
#11 exporting manifest sha256:943a055cb9078ceefd8338c8c1fca2e17f22261bc797897a6181a1bcc18db636 0.0s done
#11 exporting config sha256:a5de1619ecb826f1441588544e75f3be7f2cda2154410c66329a03ae6a4b195d 0.0s done
#11 exporting attestation manifest sha256:6897dbd39f0f35011c40bfc7d0ad659668bb14fe4bbfefb7c1c27a779905d84e 0.0s done
#11 exporting manifest list sha256:a100e71210de58ffdcdf3bb5abf815886dcfc814987f77419814c455a7278688 0.0s done
#11 naming to docker.io/library/monitor-system-benchmark:local done
#11 unpacking to docker.io/library/monitor-system-benchmark:local
#11 unpacking to docker.io/library/monitor-system-benchmark:local 0.4s done
#11 DONE 1.1s

#12 resolving provenance for metadata file
#12 DONE 0.0s
 Image monitor-system-benchmark:local Built
 Container manager-ab-ab-legacy-burst-100-r2-20260818-mysql-1 Running
 Container manager-ab-ab-legacy-burst-100-r2-20260818-manager-1 Creating
 Container manager-ab-ab-legacy-burst-100-r2-20260818-manager-1 Created
 Container manager-ab-ab-legacy-burst-100-r2-20260818-mysql-1 Waiting
 Container manager-ab-ab-legacy-burst-100-r2-20260818-mysql-1 Healthy
 Container manager-ab-ab-legacy-burst-100-r2-20260818-manager-1 Starting
 Container manager-ab-ab-legacy-burst-100-r2-20260818-manager-1 Started
mysql: [Warning] Using a password on the command line interface can be insecure.
 Container manager-ab-ab-legacy-burst-100-r2-20260818-manager-1 Stopping
 Container manager-ab-ab-legacy-burst-100-r2-20260818-manager-1 Stopped
 Container manager-ab-ab-legacy-burst-100-r2-20260818-manager-1 Stopping
 Container manager-ab-ab-legacy-burst-100-r2-20260818-manager-1 Stopped
 Container manager-ab-ab-legacy-burst-100-r2-20260818-manager-1 Removing
 Container manager-ab-ab-legacy-burst-100-r2-20260818-manager-1 Removed
 Container manager-ab-ab-legacy-burst-100-r2-20260818-mysql-1 Stopping
 Container manager-ab-ab-legacy-burst-100-r2-20260818-mysql-1 Stopped
 Container manager-ab-ab-legacy-burst-100-r2-20260818-mysql-1 Removing
 Container manager-ab-ab-legacy-burst-100-r2-20260818-mysql-1 Removed
 Network manager-ab-ab-legacy-burst-100-r2-20260818_default Removing
 Network manager-ab-ab-legacy-burst-100-r2-20260818_default Removed
status=PASS
architecture=Legacy
repository=F:\chenyu_project\monitor_system-legacy-5c29
run_id=ab-legacy-burst-100-r2-20260818
workers=100
duration_seconds=60
interval_ms=1000
arrival_model=burst
total_samples=6000
successful_rpc=6000
failed_rpc=0
persisted_rows=6000
load_duration_sec=69.022
drain_duration_sec=0.589
total_completion_sec=69.97
accepted_reports_per_sec=85.751
processed_reports_per_sec=N/A
persisted_reports_per_sec=85.751
rpc_p50_us=1108509
rpc_p95_us=1227269
rpc_p99_us=1283007
accepted=N/A
queue_full=N/A
processed=N/A
persistence_tasks=N/A
persistence_rejected=N/A
queue_delay_samples=N/A
queue_delay_total_us=N/A
queue_delay_mean_us=N/A
max_queue_delay_us=N/A
max_shard_queue_depth=N/A
max_shard_queue_bytes=N/A
max_persistence_queue_depth=N/A
max_persistence_queue_bytes=N/A
manager_cpu_avg_percent=7.61
manager_cpu_peak_percent=9.22
manager_rss_avg_mib=21.25
manager_rss_peak_mib=21.81
mysql_cpu_avg_percent=24.08
mysql_cpu_peak_percent=27.75
mysql_rss_avg_mib=404.07
mysql_rss_peak_mib=408.6
result_csv_sha256=6E524EE35ED0DB54311C29BC9CD46390F6E6553076751A8D6EA7E30D24FA8185
failure=
