 Network manager-ab-ab-sharded-stagger-25-r1-20260818_default Creating
 Network manager-ab-ab-sharded-stagger-25-r1-20260818_default Created
 Container manager-ab-ab-sharded-stagger-25-r1-20260818-mysql-1 Creating
 Container manager-ab-ab-sharded-stagger-25-r1-20260818-mysql-1 Created
 Container manager-ab-ab-sharded-stagger-25-r1-20260818-mysql-1 Starting
 Container manager-ab-ab-sharded-stagger-25-r1-20260818-mysql-1 Started
 Image monitor-system-benchmark:local Building
#1 [internal] load local bake definitions
#1 reading from stdin 587B 0.0s done
#1 DONE 0.0s

#2 [internal] load build definition from Dockerfile.benchmark
#2 transferring dockerfile: 747B done
#2 DONE 0.0s

#3 [internal] load metadata for docker.io/library/python:3.13-slim
#3 DONE 0.0s

#4 [internal] load .dockerignore
#4 transferring context: 2B done
#4 DONE 0.0s

#5 [1/5] FROM docker.io/library/python:3.13-slim@sha256:6771159cd4fa5d9bba1258caf0b82e6b73458c694d178ad97c5e925c2d0e1a91
#5 resolve docker.io/library/python:3.13-slim@sha256:6771159cd4fa5d9bba1258caf0b82e6b73458c694d178ad97c5e925c2d0e1a91 0.0s done
#5 DONE 0.0s

#6 [internal] load build context
#6 transferring context: 389.38kB 0.3s done
#6 DONE 0.3s

#7 [2/5] RUN sed -i 's|http://deb.debian.org|https://deb.debian.org|g; s|http://security.debian.org|https://security.debian.org|g' /etc/apt/sources.list.d/debian.sources     && apt-get -o Acquire::Retries=3 update && apt-get -o Acquire::Retries=3 install -y --no-install-recommends     build-essential cmake pkg-config     libprotobuf-dev protobuf-compiler protobuf-compiler-grpc     libgrpc++-dev default-libmysqlclient-dev     && rm -rf /var/lib/apt/lists/*
#7 CACHED

#8 [3/5] WORKDIR /app
#8 CACHED

#9 [4/5] COPY . .
#9 DONE 2.9s

#10 [5/5] RUN cmake -S . -B build -DENABLE_EBPF=OFF -DBUILD_MANAGER=ON -DBUILD_BENCHMARK=ON     && cmake --build build --target manager push_benchmark -j"$(nproc)"
#10 0.394 -- The CXX compiler identification is GNU 14.2.0
#10 0.409 -- Detecting CXX compiler ABI info
#10 0.550 -- Detecting CXX compiler ABI info - done
#10 0.566 -- Check for working CXX compiler: /usr/bin/c++ - skipped
#10 0.566 -- Detecting CXX compile features
#10 0.567 -- Detecting CXX compile features - done
#10 0.761 -- Found Protobuf: /usr/lib/x86_64-linux-gnu/libprotobuf.so (found version "3.21.12")
#10 0.770 -- Found ZLIB: /usr/lib/x86_64-linux-gnu/libz.so (found version "1.3.1")
#10 0.835 -- Found OpenSSL: /usr/lib/x86_64-linux-gnu/libcrypto.so (found version "3.5.6")
#10 0.838 -- Found c-ares: /usr/lib/x86_64-linux-gnu/cmake/c-ares/c-ares-config.cmake (found version "1.34.5")
#10 0.841 -- Found Threads: TRUE
#10 0.865 -- Found PkgConfig: /usr/bin/pkg-config (found version "1.8.1")
#10 26.98 -- Found RE2 via pkg-config.
#10 27.04 -- Found RE2 via pkg-config.
#10 27.09 -- Found RE2 via pkg-config.
#10 27.10 -- Checking for module 'mysqlclient'
#10 27.11 --   Found mysqlclient, version 3.4.9
#10 27.15 -- MySQL support enabled
#10 27.16 -- Configuring done (26.9s)
#10 27.32 -- Generating done (0.2s)
#10 27.32 -- Build files have been written to: /app/build
#10 27.41 [ 10%] Running grpc protocol buffer compiler on diagnostic.proto
#10 27.41 [ 16%] Running grpc protocol buffer compiler on cpu_softirq.proto
#10 27.41 [ 16%] Running grpc protocol buffer compiler on cpu_load.proto
#10 27.41 [ 16%] Running cpp protocol buffer compiler on query_api.proto
#10 27.41 [ 18%] Running grpc protocol buffer compiler on disk_info.proto
#10 27.41 [ 20%] Running cpp protocol buffer compiler on diagnostic.proto
#10 27.41 [ 16%] Running cpp protocol buffer compiler on cpu_stat.proto
#10 27.41 [ 16%] Running cpp protocol buffer compiler on cpu_load.proto
#10 27.41 [ 20%] Running cpp protocol buffer compiler on cpu_softirq.proto
#10 27.41 [ 20%] Running grpc protocol buffer compiler on cpu_stat.proto
#10 27.41 [ 28%] Running grpc protocol buffer compiler on mem_info.proto
#10 27.41 [ 28%] Running cpp protocol buffer compiler on disk_info.proto
#10 27.41 [ 28%] Running grpc protocol buffer compiler on monitor_info.proto
#10 27.41 [ 28%] Running cpp protocol buffer compiler on mem_info.proto
#10 27.41 [ 30%] Running cpp protocol buffer compiler on monitor_info.proto
#10 27.42 [ 32%] Running grpc protocol buffer compiler on net_info.proto
#10 27.45 [ 34%] Running cpp protocol buffer compiler on net_info.proto
#10 27.45 [ 36%] Running grpc protocol buffer compiler on query_api.proto
#10 27.53 [ 40%] Building CXX object proto/CMakeFiles/monitor_proto.dir/cpu_load.pb.cc.o
#10 27.53 [ 40%] Building CXX object proto/CMakeFiles/monitor_proto.dir/monitor_info.pb.cc.o
#10 27.53 [ 42%] Building CXX object proto/CMakeFiles/monitor_proto.dir/cpu_stat.pb.cc.o
#10 27.53 [ 44%] Building CXX object proto/CMakeFiles/monitor_proto.dir/mem_info.pb.cc.o
#10 27.54 [ 48%] Building CXX object proto/CMakeFiles/monitor_proto.dir/cpu_softirq.pb.cc.o
#10 27.54 [ 52%] Building CXX object proto/CMakeFiles/monitor_proto.dir/net_info.pb.cc.o
#10 27.54 [ 56%] Building CXX object proto/CMakeFiles/monitor_proto.dir/monitor_info.grpc.pb.cc.o
#10 27.54 [ 52%] Building CXX object proto/CMakeFiles/monitor_proto.dir/disk_info.pb.cc.o
#10 27.54 [ 56%] Building CXX object proto/CMakeFiles/monitor_proto.dir/query_api.pb.cc.o
#10 27.54 [ 56%] Building CXX object proto/CMakeFiles/monitor_proto.dir/cpu_load.grpc.pb.cc.o
#10 27.54 [ 58%] Building CXX object proto/CMakeFiles/monitor_proto.dir/cpu_stat.grpc.pb.cc.o
#10 27.54 [ 60%] Building CXX object proto/CMakeFiles/monitor_proto.dir/diagnostic.pb.cc.o
#10 27.54 [ 62%] Building CXX object proto/CMakeFiles/monitor_proto.dir/cpu_softirq.grpc.pb.cc.o
#10 27.54 [ 64%] Building CXX object proto/CMakeFiles/monitor_proto.dir/mem_info.grpc.pb.cc.o
#10 27.55 [ 66%] Building CXX object proto/CMakeFiles/monitor_proto.dir/net_info.grpc.pb.cc.o
#10 27.56 [ 68%] Building CXX object proto/CMakeFiles/monitor_proto.dir/disk_info.grpc.pb.cc.o
#10 30.75 [ 70%] Building CXX object proto/CMakeFiles/monitor_proto.dir/diagnostic.grpc.pb.cc.o
#10 30.85 [ 72%] Building CXX object proto/CMakeFiles/monitor_proto.dir/query_api.grpc.pb.cc.o
#10 35.11 [ 74%] Linking CXX static library libmonitor_proto.a
#10 35.25 [ 74%] Built target monitor_proto
#10 35.28 [ 80%] Building CXX object manager/CMakeFiles/manager.dir/src/host_shard_executor.cpp.o
#10 35.28 [ 80%] Building CXX object manager/CMakeFiles/manager.dir/src/persistence_worker.cpp.o
#10 35.28 [ 84%] Building CXX object manager/CMakeFiles/manager.dir/src/main.cpp.o
#10 35.28 [ 84%] Building CXX object manager/CMakeFiles/manager.dir/src/host_manager.cpp.o
#10 35.28 [ 84%] Building CXX object manager/CMakeFiles/manager.dir/src/diagnostics/evidence_builder.cpp.o
#10 35.28 [ 86%] Building CXX object manager/CMakeFiles/manager.dir/src/mysql_timeout_config.cpp.o
#10 35.29 [ 90%] Building CXX object manager/CMakeFiles/manager.dir/src/query_manager.cpp.o
#10 35.29 [ 90%] Building CXX object manager/CMakeFiles/manager.dir/src/diagnostics/root_cause_engine.cpp.o
#10 35.29 [ 94%] Building CXX object manager/CMakeFiles/manager.dir/src/diagnostics/incident_store.cpp.o
#10 35.29 [ 94%] Building CXX object manager/CMakeFiles/manager.dir/src/diagnostics/diagnostic_persistence.cpp.o
#10 35.29 [ 96%] Building CXX object manager/CMakeFiles/manager.dir/src/rpc/query_service.cpp.o
#10 35.29 [ 98%] Building CXX object manager/CMakeFiles/manager.dir/src/rpc/grpc_server.cpp.o
#10 39.67 [100%] Linking CXX executable manager
#10 40.45 [100%] Built target manager
#10 40.57 [ 94%] Built target monitor_proto
#10 40.60 [ 97%] Building CXX object benchmark/CMakeFiles/push_benchmark.dir/src/push_benchmark.cpp.o
#10 42.85 [100%] Linking CXX executable push_benchmark
#10 43.24 [100%] Built target push_benchmark
#10 DONE 43.3s

#11 exporting to image
#11 exporting layers
#11 exporting layers 10.5s done
#11 exporting manifest sha256:ac396f434fdb54754a0d3ede4baa475305a9badf370598387e48b2f4f2822dc5 0.0s done
#11 exporting config sha256:5ab7fac1bdcbfb11200e461df31c4f85dac3ebd40bd83fb02ac1fa45edb02b6f 0.0s done
#11 exporting attestation manifest sha256:7103606b702e1a219423798e88756dd5c68baa11e03e9d5fec42072121420085 0.0s done
#11 exporting manifest list sha256:9fa741c9454854aa98d44a5a72a61096bee0c558579327dda86d7d21933cf16b 0.0s done
#11 naming to docker.io/library/monitor-system-benchmark:local done
#11 unpacking to docker.io/library/monitor-system-benchmark:local
#11 unpacking to docker.io/library/monitor-system-benchmark:local 2.1s done
#11 DONE 12.7s

#12 resolving provenance for metadata file
#12 DONE 0.0s
 Image monitor-system-benchmark:local Built
 Container manager-ab-ab-sharded-stagger-25-r1-20260818-mysql-1 Running
 Container manager-ab-ab-sharded-stagger-25-r1-20260818-manager-1 Creating
 Container manager-ab-ab-sharded-stagger-25-r1-20260818-manager-1 Created
 Container manager-ab-ab-sharded-stagger-25-r1-20260818-mysql-1 Waiting
 Container manager-ab-ab-sharded-stagger-25-r1-20260818-mysql-1 Healthy
 Container manager-ab-ab-sharded-stagger-25-r1-20260818-manager-1 Starting
 Container manager-ab-ab-sharded-stagger-25-r1-20260818-manager-1 Started
mysql: [Warning] Using a password on the command line interface can be insecure.
 Container manager-ab-ab-sharded-stagger-25-r1-20260818-manager-1 Stopping
 Container manager-ab-ab-sharded-stagger-25-r1-20260818-manager-1 Stopped
 Container manager-ab-ab-sharded-stagger-25-r1-20260818-manager-1 Stopping
 Container manager-ab-ab-sharded-stagger-25-r1-20260818-manager-1 Stopped
 Container manager-ab-ab-sharded-stagger-25-r1-20260818-manager-1 Removing
 Container manager-ab-ab-sharded-stagger-25-r1-20260818-manager-1 Removed
 Container manager-ab-ab-sharded-stagger-25-r1-20260818-mysql-1 Stopping
 Container manager-ab-ab-sharded-stagger-25-r1-20260818-mysql-1 Stopped
 Container manager-ab-ab-sharded-stagger-25-r1-20260818-mysql-1 Removing
 Container manager-ab-ab-sharded-stagger-25-r1-20260818-mysql-1 Removed
 Network manager-ab-ab-sharded-stagger-25-r1-20260818_default Removing
 Network manager-ab-ab-sharded-stagger-25-r1-20260818_default Removed
status=PASS
architecture=Sharded
repository=F:\chenyu_project\monitor_system
run_id=ab-sharded-stagger-25-r1-20260818
workers=25
duration_seconds=60
interval_ms=1000
arrival_model=stagger_start
total_samples=1500
successful_rpc=1500
failed_rpc=0
persisted_rows=1500
load_duration_sec=61.466
drain_duration_sec=0.466
total_completion_sec=62.301
accepted_reports_per_sec=24.077
processed_reports_per_sec=24.077
persisted_reports_per_sec=24.077
rpc_p50_us=720
rpc_p95_us=967
rpc_p99_us=1751
accepted=1500
queue_full=0
processed=1500
persistence_tasks=1500
persistence_rejected=0
queue_delay_samples=1500
queue_delay_total_us=114228
queue_delay_mean_us=76.15
max_queue_delay_us=298
max_shard_queue_depth=1
max_shard_queue_bytes=454
max_persistence_queue_depth=1
max_persistence_queue_bytes=742
manager_cpu_avg_percent=2.64
manager_cpu_peak_percent=3.26
manager_rss_avg_mib=10.59
manager_rss_peak_mib=10.89
mysql_cpu_avg_percent=10.65
mysql_cpu_peak_percent=15.79
mysql_rss_avg_mib=403.57
mysql_rss_peak_mib=404.6
result_csv_sha256=8E082B74651B150ACD9B59BF98C28565C3DDE87507104D6E61374654F4D97628
failure=
