 Network manager-ab-ab-sharded-burst-75-r1-20260818_default Creating
 Network manager-ab-ab-sharded-burst-75-r1-20260818_default Created
 Container manager-ab-ab-sharded-burst-75-r1-20260818-mysql-1 Creating
 Container manager-ab-ab-sharded-burst-75-r1-20260818-mysql-1 Created
 Container manager-ab-ab-sharded-burst-75-r1-20260818-mysql-1 Starting
 Container manager-ab-ab-sharded-burst-75-r1-20260818-mysql-1 Started
 Image monitor-system-benchmark:local Building
#1 [internal] load local bake definitions
#1 reading from stdin 585B 0.0s done
#1 DONE 0.0s

#2 [internal] load build definition from Dockerfile.benchmark
#2 transferring dockerfile: 747B done
#2 DONE 0.0s

#3 [internal] load metadata for docker.io/library/python:3.13-slim
#3 DONE 0.1s

#4 [internal] load .dockerignore
#4 transferring context: 2B done
#4 DONE 0.0s

#5 [1/5] FROM docker.io/library/python:3.13-slim@sha256:6771159cd4fa5d9bba1258caf0b82e6b73458c694d178ad97c5e925c2d0e1a91
#5 resolve docker.io/library/python:3.13-slim@sha256:6771159cd4fa5d9bba1258caf0b82e6b73458c694d178ad97c5e925c2d0e1a91 0.0s done
#5 DONE 0.0s

#6 [internal] load build context
#6 transferring context: 681.58kB 0.3s done
#6 DONE 0.3s

#7 [2/5] RUN sed -i 's|http://deb.debian.org|https://deb.debian.org|g; s|http://security.debian.org|https://security.debian.org|g' /etc/apt/sources.list.d/debian.sources     && apt-get -o Acquire::Retries=3 update && apt-get -o Acquire::Retries=3 install -y --no-install-recommends     build-essential cmake pkg-config     libprotobuf-dev protobuf-compiler protobuf-compiler-grpc     libgrpc++-dev default-libmysqlclient-dev     && rm -rf /var/lib/apt/lists/*
#7 CACHED

#8 [3/5] WORKDIR /app
#8 CACHED

#9 [4/5] COPY . .
#9 DONE 2.6s

#10 [5/5] RUN cmake -S . -B build -DENABLE_EBPF=OFF -DBUILD_MANAGER=ON -DBUILD_BENCHMARK=ON     && cmake --build build --target manager push_benchmark -j"$(nproc)"
#10 0.470 -- The CXX compiler identification is GNU 14.2.0
#10 0.484 -- Detecting CXX compiler ABI info
#10 0.628 -- Detecting CXX compiler ABI info - done
#10 0.647 -- Check for working CXX compiler: /usr/bin/c++ - skipped
#10 0.647 -- Detecting CXX compile features
#10 0.649 -- Detecting CXX compile features - done
#10 0.838 -- Found Protobuf: /usr/lib/x86_64-linux-gnu/libprotobuf.so (found version "3.21.12")
#10 0.847 -- Found ZLIB: /usr/lib/x86_64-linux-gnu/libz.so (found version "1.3.1")
#10 0.909 -- Found OpenSSL: /usr/lib/x86_64-linux-gnu/libcrypto.so (found version "3.5.6")
#10 0.912 -- Found c-ares: /usr/lib/x86_64-linux-gnu/cmake/c-ares/c-ares-config.cmake (found version "1.34.5")
#10 0.915 -- Found Threads: TRUE
#10 0.934 -- Found PkgConfig: /usr/bin/pkg-config (found version "1.8.1")
#10 27.00 -- Found RE2 via pkg-config.
#10 27.06 -- Found RE2 via pkg-config.
#10 27.11 -- Found RE2 via pkg-config.
#10 27.12 -- Checking for module 'mysqlclient'
#10 27.14 --   Found mysqlclient, version 3.4.9
#10 27.18 -- MySQL support enabled
#10 27.18 -- Configuring done (26.8s)
#10 27.30 -- Generating done (0.1s)
#10 27.30 -- Build files have been written to: /app/build
#10 27.38 [  4%] Running grpc protocol buffer compiler on cpu_load.proto
#10 27.38 [  4%] Running cpp protocol buffer compiler on query_api.proto
#10 27.38 [  6%] Running cpp protocol buffer compiler on cpu_load.proto
#10 27.39 [  8%] Running grpc protocol buffer compiler on cpu_stat.proto
#10 27.39 [ 10%] Running grpc protocol buffer compiler on diagnostic.proto
#10 27.39 [ 12%] Running grpc protocol buffer compiler on cpu_softirq.proto
#10 27.39 [ 14%] Running grpc protocol buffer compiler on disk_info.proto
#10 27.39 [ 16%] Running cpp protocol buffer compiler on cpu_softirq.proto
#10 27.39 [ 18%] Running cpp protocol buffer compiler on cpu_stat.proto
#10 27.39 [ 20%] Running cpp protocol buffer compiler on disk_info.proto
#10 27.39 [ 22%] Running grpc protocol buffer compiler on monitor_info.proto
#10 27.39 [ 24%] Running grpc protocol buffer compiler on mem_info.proto
#10 27.39 [ 26%] Running cpp protocol buffer compiler on mem_info.proto
#10 27.39 [ 28%] Running cpp protocol buffer compiler on diagnostic.proto
#10 27.40 [ 30%] Running cpp protocol buffer compiler on monitor_info.proto
#10 27.40 [ 32%] Running grpc protocol buffer compiler on net_info.proto
#10 27.42 [ 34%] Running cpp protocol buffer compiler on net_info.proto
#10 27.42 [ 36%] Running grpc protocol buffer compiler on query_api.proto
#10 27.49 [ 44%] Building CXX object proto/CMakeFiles/monitor_proto.dir/cpu_softirq.pb.cc.o
#10 27.49 [ 44%] Building CXX object proto/CMakeFiles/monitor_proto.dir/monitor_info.pb.cc.o
#10 27.49 [ 44%] Building CXX object proto/CMakeFiles/monitor_proto.dir/mem_info.pb.cc.o
#10 27.49 [ 44%] Building CXX object proto/CMakeFiles/monitor_proto.dir/cpu_stat.pb.cc.o
#10 27.49 [ 46%] Building CXX object proto/CMakeFiles/monitor_proto.dir/disk_info.pb.cc.o
#10 27.49 [ 48%] Building CXX object proto/CMakeFiles/monitor_proto.dir/net_info.pb.cc.o
#10 27.49 [ 50%] Building CXX object proto/CMakeFiles/monitor_proto.dir/diagnostic.pb.cc.o
#10 27.49 [ 52%] Building CXX object proto/CMakeFiles/monitor_proto.dir/monitor_info.grpc.pb.cc.o
#10 27.49 [ 54%] Building CXX object proto/CMakeFiles/monitor_proto.dir/query_api.pb.cc.o
#10 27.49 [ 58%] Building CXX object proto/CMakeFiles/monitor_proto.dir/cpu_load.pb.cc.o
#10 27.49 [ 60%] Building CXX object proto/CMakeFiles/monitor_proto.dir/cpu_softirq.grpc.pb.cc.o
#10 27.49 [ 60%] Building CXX object proto/CMakeFiles/monitor_proto.dir/cpu_load.grpc.pb.cc.o
#10 27.49 [ 64%] Building CXX object proto/CMakeFiles/monitor_proto.dir/cpu_stat.grpc.pb.cc.o
#10 27.49 [ 64%] Building CXX object proto/CMakeFiles/monitor_proto.dir/mem_info.grpc.pb.cc.o
#10 27.50 [ 66%] Building CXX object proto/CMakeFiles/monitor_proto.dir/disk_info.grpc.pb.cc.o
#10 27.51 [ 68%] Building CXX object proto/CMakeFiles/monitor_proto.dir/net_info.grpc.pb.cc.o
#10 30.34 [ 70%] Building CXX object proto/CMakeFiles/monitor_proto.dir/diagnostic.grpc.pb.cc.o
#10 30.34 [ 72%] Building CXX object proto/CMakeFiles/monitor_proto.dir/query_api.grpc.pb.cc.o
#10 34.41 [ 74%] Linking CXX static library libmonitor_proto.a
#10 34.56 [ 74%] Built target monitor_proto
#10 34.60 [ 78%] Building CXX object manager/CMakeFiles/manager.dir/src/host_manager.cpp.o
#10 34.60 [ 78%] Building CXX object manager/CMakeFiles/manager.dir/src/main.cpp.o
#10 34.60 [ 80%] Building CXX object manager/CMakeFiles/manager.dir/src/diagnostics/evidence_builder.cpp.o
#10 34.60 [ 84%] Building CXX object manager/CMakeFiles/manager.dir/src/persistence_worker.cpp.o
#10 34.60 [ 84%] Building CXX object manager/CMakeFiles/manager.dir/src/host_shard_executor.cpp.o
#10 34.60 [ 88%] Building CXX object manager/CMakeFiles/manager.dir/src/mysql_timeout_config.cpp.o
#10 34.60 [ 88%] Building CXX object manager/CMakeFiles/manager.dir/src/diagnostics/incident_store.cpp.o
#10 34.60 [ 92%] Building CXX object manager/CMakeFiles/manager.dir/src/diagnostics/root_cause_engine.cpp.o
#10 34.60 [ 92%] Building CXX object manager/CMakeFiles/manager.dir/src/diagnostics/diagnostic_persistence.cpp.o
#10 34.60 [ 94%] Building CXX object manager/CMakeFiles/manager.dir/src/query_manager.cpp.o
#10 34.61 [ 96%] Building CXX object manager/CMakeFiles/manager.dir/src/rpc/query_service.cpp.o
#10 34.61 [ 98%] Building CXX object manager/CMakeFiles/manager.dir/src/rpc/grpc_server.cpp.o
#10 39.08 [100%] Linking CXX executable manager
#10 39.81 [100%] Built target manager
#10 39.92 [ 94%] Built target monitor_proto
#10 39.95 [ 97%] Building CXX object benchmark/CMakeFiles/push_benchmark.dir/src/push_benchmark.cpp.o
#10 42.25 [100%] Linking CXX executable push_benchmark
#10 42.66 [100%] Built target push_benchmark
#10 DONE 42.8s

#11 exporting to image
#11 exporting layers
#11 exporting layers 11.2s done
#11 exporting manifest sha256:83858c3241a666342cb0d36792afc3e12c6f9541bcd8da663fbaa8cf7278983e 0.0s done
#11 exporting config sha256:41f6c0fceccbe5387311535f6628f1ea9ea57083ba5de4cf824b3ef2d4c2540f 0.0s done
#11 exporting attestation manifest sha256:ceaf840880281fc6a8280c8f875c8074529c0b22d3ea4c2831006cfe077224d1
#11 exporting attestation manifest sha256:ceaf840880281fc6a8280c8f875c8074529c0b22d3ea4c2831006cfe077224d1 0.1s done
#11 exporting manifest list sha256:93b29d01c3e4bf917900da4732f6eefaf0e6ccec732a8548dd16b3def173d09b 0.0s done
#11 naming to docker.io/library/monitor-system-benchmark:local done
#11 unpacking to docker.io/library/monitor-system-benchmark:local
#11 unpacking to docker.io/library/monitor-system-benchmark:local 2.3s done
#11 DONE 13.7s

#12 resolving provenance for metadata file
#12 DONE 0.0s
 Image monitor-system-benchmark:local Built
 Container manager-ab-ab-sharded-burst-75-r1-20260818-mysql-1 Running
 Container manager-ab-ab-sharded-burst-75-r1-20260818-manager-1 Creating
 Container manager-ab-ab-sharded-burst-75-r1-20260818-manager-1 Created
 Container manager-ab-ab-sharded-burst-75-r1-20260818-mysql-1 Waiting
 Container manager-ab-ab-sharded-burst-75-r1-20260818-mysql-1 Healthy
 Container manager-ab-ab-sharded-burst-75-r1-20260818-manager-1 Starting
 Container manager-ab-ab-sharded-burst-75-r1-20260818-manager-1 Started
mysql: [Warning] Using a password on the command line interface can be insecure.
mysql: [Warning] Using a password on the command line interface can be insecure.
mysql: [Warning] Using a password on the command line interface can be insecure.
mysql: [Warning] Using a password on the command line interface can be insecure.
mysql: [Warning] Using a password on the command line interface can be insecure.
 Container manager-ab-ab-sharded-burst-75-r1-20260818-manager-1 Stopping
 Container manager-ab-ab-sharded-burst-75-r1-20260818-manager-1 Stopped
 Container manager-ab-ab-sharded-burst-75-r1-20260818-manager-1 Stopping
 Container manager-ab-ab-sharded-burst-75-r1-20260818-manager-1 Stopped
 Container manager-ab-ab-sharded-burst-75-r1-20260818-manager-1 Removing
 Container manager-ab-ab-sharded-burst-75-r1-20260818-manager-1 Removed
 Container manager-ab-ab-sharded-burst-75-r1-20260818-mysql-1 Stopping
 Container manager-ab-ab-sharded-burst-75-r1-20260818-mysql-1 Stopped
 Container manager-ab-ab-sharded-burst-75-r1-20260818-mysql-1 Removing
 Container manager-ab-ab-sharded-burst-75-r1-20260818-mysql-1 Removed
 Network manager-ab-ab-sharded-burst-75-r1-20260818_default Removing
 Network manager-ab-ab-sharded-burst-75-r1-20260818_default Removed
status=PASS
architecture=Sharded
repository=F:\chenyu_project\monitor_system
run_id=ab-sharded-burst-75-r1-20260818
workers=75
duration_seconds=60
interval_ms=1000
arrival_model=burst
total_samples=4500
successful_rpc=4500
failed_rpc=0
persisted_rows=4500
load_duration_sec=60.573
drain_duration_sec=6.154
total_completion_sec=67.105
accepted_reports_per_sec=67.059
processed_reports_per_sec=67.059
persisted_reports_per_sec=67.059
rpc_p50_us=4707
rpc_p95_us=7050
rpc_p99_us=33149
accepted=4500
queue_full=0
processed=4500
persistence_tasks=4500
persistence_rejected=0
queue_delay_samples=4500
queue_delay_total_us=181602514
queue_delay_mean_us=40356.11
max_queue_delay_us=1388606
max_shard_queue_depth=17
max_shard_queue_bytes=7611
max_persistence_queue_depth=1024
max_persistence_queue_bytes=753025
manager_cpu_avg_percent=5.83
manager_cpu_peak_percent=8.7
manager_rss_avg_mib=26.55
manager_rss_peak_mib=32.74
mysql_cpu_avg_percent=19.84
mysql_cpu_peak_percent=34.7
mysql_rss_avg_mib=401.45
mysql_rss_peak_mib=406.3
result_csv_sha256=4D5FBE67E9BD7EFF61B887671D57E7A2B7326C43798C725FDF21D93791C49F2C
failure=
