 Network manager-ab-ab-legacy-stagger-50-r2-20260818_default Creating
 Network manager-ab-ab-legacy-stagger-50-r2-20260818_default Created
 Container manager-ab-ab-legacy-stagger-50-r2-20260818-mysql-1 Creating
 Container manager-ab-ab-legacy-stagger-50-r2-20260818-mysql-1 Created
 Container manager-ab-ab-legacy-stagger-50-r2-20260818-mysql-1 Starting
 Container manager-ab-ab-legacy-stagger-50-r2-20260818-mysql-1 Started
 Image monitor-system-benchmark:local Building
#1 [internal] load local bake definitions
#1 reading from stdin 610B 0.0s done
#1 DONE 0.0s

#2 [internal] load build definition from Dockerfile.benchmark
#2 transferring dockerfile: 761B 0.0s done
#2 DONE 0.0s

#3 [internal] load metadata for docker.io/library/python:3.13-slim
#3 DONE 0.1s

#4 [internal] load .dockerignore
#4 transferring context: 2B done
#4 DONE 0.0s

#5 [internal] load build context
#5 DONE 0.0s

#6 [1/5] FROM docker.io/library/python:3.13-slim@sha256:6771159cd4fa5d9bba1258caf0b82e6b73458c694d178ad97c5e925c2d0e1a91
#6 resolve docker.io/library/python:3.13-slim@sha256:6771159cd4fa5d9bba1258caf0b82e6b73458c694d178ad97c5e925c2d0e1a91
#6 resolve docker.io/library/python:3.13-slim@sha256:6771159cd4fa5d9bba1258caf0b82e6b73458c694d178ad97c5e925c2d0e1a91 0.0s done
#6 DONE 0.0s

#5 [internal] load build context
#5 transferring context: 19.91kB 0.0s done
#5 DONE 0.0s

#7 [2/5] RUN sed -i 's|http://deb.debian.org|https://deb.debian.org|g; s|http://security.debian.org|https://security.debian.org|g' /etc/apt/sources.list.d/debian.sources     && apt-get -o Acquire::Retries=3 update && apt-get -o Acquire::Retries=3 install -y --no-install-recommends     build-essential cmake pkg-config     libprotobuf-dev protobuf-compiler protobuf-compiler-grpc     libgrpc++-dev default-libmysqlclient-dev     && rm -rf /var/lib/apt/lists/*
#7 CACHED

#8 [3/5] WORKDIR /app
#8 CACHED

#9 [4/5] COPY . .
#9 DONE 0.1s

#10 [5/5] RUN cmake -S . -B build -DENABLE_EBPF=OFF -DBUILD_MANAGER=ON -DBUILD_BENCHMARK=ON     && cmake --build build --target manager push_benchmark -j"$(nproc)"
#10 0.296 -- The CXX compiler identification is GNU 14.2.0
#10 0.306 -- Detecting CXX compiler ABI info
#10 0.430 -- Detecting CXX compiler ABI info - done
#10 0.446 -- Check for working CXX compiler: /usr/bin/c++ - skipped
#10 0.446 -- Detecting CXX compile features
#10 0.447 -- Detecting CXX compile features - done
#10 0.626 -- Found Protobuf: /usr/lib/x86_64-linux-gnu/libprotobuf.so (found version "3.21.12")
#10 0.633 -- Found ZLIB: /usr/lib/x86_64-linux-gnu/libz.so (found version "1.3.1")
#10 0.693 -- Found OpenSSL: /usr/lib/x86_64-linux-gnu/libcrypto.so (found version "3.5.6")
#10 0.696 -- Found c-ares: /usr/lib/x86_64-linux-gnu/cmake/c-ares/c-ares-config.cmake (found version "1.34.5")
#10 0.698 -- Found Threads: TRUE
#10 0.718 -- Found PkgConfig: /usr/bin/pkg-config (found version "1.8.1")
#10 27.00 -- Found RE2 via pkg-config.
#10 27.05 -- Found RE2 via pkg-config.
#10 27.11 -- Found RE2 via pkg-config.
#10 27.11 -- Checking for module 'mysqlclient'
#10 27.13 --   Found mysqlclient, version 3.4.9
#10 27.17 -- MySQL support enabled
#10 27.17 -- Configuring done (26.9s)
#10 27.30 -- Generating done (0.1s)
#10 27.31 -- Build files have been written to: /app/build
#10 27.38 [  8%] Running grpc protocol buffer compiler on cpu_softirq.proto
#10 27.38 [  8%] Running cpp protocol buffer compiler on query_api.proto
#10 27.38 [  8%] Running cpp protocol buffer compiler on cpu_load.proto
#10 27.38 [  8%] Running cpp protocol buffer compiler on cpu_softirq.proto
#10 27.38 [ 10%] Running grpc protocol buffer compiler on cpu_stat.proto
#10 27.39 [ 12%] Running grpc protocol buffer compiler on diagnostic.proto
#10 27.39 [ 17%] Running cpp protocol buffer compiler on cpu_stat.proto
#10 27.39 [ 17%] Running grpc protocol buffer compiler on cpu_load.proto
#10 27.39 [ 19%] Running cpp protocol buffer compiler on diagnostic.proto
#10 27.39 [ 23%] Running cpp protocol buffer compiler on disk_info.proto
#10 27.39 [ 23%] Running cpp protocol buffer compiler on mem_info.proto
#10 27.39 [ 27%] Running grpc protocol buffer compiler on mem_info.proto
#10 27.39 [ 27%] Running grpc protocol buffer compiler on disk_info.proto
#10 27.39 [ 29%] Running cpp protocol buffer compiler on monitor_info.proto
#10 27.39 [ 31%] Running grpc protocol buffer compiler on monitor_info.proto
#10 27.40 [ 34%] Running grpc protocol buffer compiler on net_info.proto
#10 27.41 [ 36%] Running cpp protocol buffer compiler on net_info.proto
#10 27.41 [ 38%] Running grpc protocol buffer compiler on query_api.proto
#10 27.49 [ 40%] Building CXX object proto/CMakeFiles/monitor_proto.dir/monitor_info.pb.cc.o
#10 27.49 [ 53%] Building CXX object proto/CMakeFiles/monitor_proto.dir/net_info.pb.cc.o
#10 27.49 [ 53%] Building CXX object proto/CMakeFiles/monitor_proto.dir/diagnostic.pb.cc.o
#10 27.49 [ 48%] Building CXX object proto/CMakeFiles/monitor_proto.dir/cpu_stat.pb.cc.o
#10 27.49 [ 53%] Building CXX object proto/CMakeFiles/monitor_proto.dir/cpu_load.pb.cc.o
#10 27.49 [ 53%] Building CXX object proto/CMakeFiles/monitor_proto.dir/mem_info.pb.cc.o
#10 27.49 [ 53%] Building CXX object proto/CMakeFiles/monitor_proto.dir/cpu_softirq.pb.cc.o
#10 27.49 [ 55%] Building CXX object proto/CMakeFiles/monitor_proto.dir/disk_info.pb.cc.o
#10 27.49 [ 61%] Building CXX object proto/CMakeFiles/monitor_proto.dir/monitor_info.grpc.pb.cc.o
#10 27.49 [ 61%] Building CXX object proto/CMakeFiles/monitor_proto.dir/query_api.pb.cc.o
#10 27.49 [ 57%] Building CXX object proto/CMakeFiles/monitor_proto.dir/cpu_load.grpc.pb.cc.o
#10 27.49 [ 68%] Building CXX object proto/CMakeFiles/monitor_proto.dir/cpu_stat.grpc.pb.cc.o
#10 27.49 [ 70%] Building CXX object proto/CMakeFiles/monitor_proto.dir/mem_info.grpc.pb.cc.o
#10 27.49 [ 70%] Building CXX object proto/CMakeFiles/monitor_proto.dir/net_info.grpc.pb.cc.o
#10 27.49 [ 70%] Building CXX object proto/CMakeFiles/monitor_proto.dir/cpu_softirq.grpc.pb.cc.o
#10 27.50 [ 72%] Building CXX object proto/CMakeFiles/monitor_proto.dir/disk_info.grpc.pb.cc.o
#10 29.94 [ 74%] Building CXX object proto/CMakeFiles/monitor_proto.dir/diagnostic.grpc.pb.cc.o
#10 29.97 [ 76%] Building CXX object proto/CMakeFiles/monitor_proto.dir/query_api.grpc.pb.cc.o
#10 34.48 [ 78%] Linking CXX static library libmonitor_proto.a
#10 34.62 [ 78%] Built target monitor_proto
#10 34.65 [ 82%] Building CXX object manager/CMakeFiles/manager.dir/src/diagnostics/root_cause_engine.cpp.o
#10 34.65 [ 82%] Building CXX object manager/CMakeFiles/manager.dir/src/diagnostics/evidence_builder.cpp.o
#10 34.65 [ 85%] Building CXX object manager/CMakeFiles/manager.dir/src/main.cpp.o
#10 34.65 [ 89%] Building CXX object manager/CMakeFiles/manager.dir/src/diagnostics/diagnostic_persistence.cpp.o
#10 34.65 [ 89%] Building CXX object manager/CMakeFiles/manager.dir/src/query_manager.cpp.o
#10 34.65 [ 91%] Building CXX object manager/CMakeFiles/manager.dir/src/rpc/grpc_server.cpp.o
#10 34.65 [ 93%] Building CXX object manager/CMakeFiles/manager.dir/src/diagnostics/incident_store.cpp.o
#10 34.66 [ 97%] Building CXX object manager/CMakeFiles/manager.dir/src/rpc/query_service.cpp.o
#10 34.66 [ 97%] Building CXX object manager/CMakeFiles/manager.dir/src/host_manager.cpp.o
#10 38.47 [100%] Linking CXX executable manager
#10 39.15 [100%] Built target manager
#10 39.26 [ 94%] Built target monitor_proto
#10 39.28 [ 97%] Building CXX object benchmark/CMakeFiles/push_benchmark.dir/src/push_benchmark.cpp.o
#10 41.64 [100%] Linking CXX executable push_benchmark
#10 42.07 [100%] Built target push_benchmark
#10 DONE 42.1s

#11 exporting to image
#11 exporting layers
#11 exporting layers 0.6s done
#11 exporting manifest sha256:17db4249f85e3a22b762bfc63677f0e95a560834e6ed7df522b67490f41ae723 0.0s done
#11 exporting config sha256:cefbd2cab95875e781b464f6bbb60816fa0319d03a46c8bf7e50545810cac7f0 0.0s done
#11 exporting attestation manifest sha256:6a6447db2d77aa424377a3af913740715055711cacf399984e0fa5b782688002 0.0s done
#11 exporting manifest list sha256:ad4a6981a66aa7c8f7b0511baa78e2ca2f9fbf285455ab6e6dff28e37586abbe 0.0s done
#11 naming to docker.io/library/monitor-system-benchmark:local done
#11 unpacking to docker.io/library/monitor-system-benchmark:local
#11 unpacking to docker.io/library/monitor-system-benchmark:local 0.3s done
#11 DONE 1.1s

#12 resolving provenance for metadata file
#12 DONE 0.0s
 Image monitor-system-benchmark:local Built
 Container manager-ab-ab-legacy-stagger-50-r2-20260818-mysql-1 Running
 Container manager-ab-ab-legacy-stagger-50-r2-20260818-manager-1 Creating
 Container manager-ab-ab-legacy-stagger-50-r2-20260818-manager-1 Created
 Container manager-ab-ab-legacy-stagger-50-r2-20260818-mysql-1 Waiting
 Container manager-ab-ab-legacy-stagger-50-r2-20260818-mysql-1 Healthy
 Container manager-ab-ab-legacy-stagger-50-r2-20260818-manager-1 Starting
 Container manager-ab-ab-legacy-stagger-50-r2-20260818-manager-1 Started
mysql: [Warning] Using a password on the command line interface can be insecure.
 Container manager-ab-ab-legacy-stagger-50-r2-20260818-manager-1 Stopping
 Container manager-ab-ab-legacy-stagger-50-r2-20260818-manager-1 Stopped
 Container manager-ab-ab-legacy-stagger-50-r2-20260818-manager-1 Stopping
 Container manager-ab-ab-legacy-stagger-50-r2-20260818-manager-1 Stopped
 Container manager-ab-ab-legacy-stagger-50-r2-20260818-manager-1 Removing
 Container manager-ab-ab-legacy-stagger-50-r2-20260818-manager-1 Removed
 Container manager-ab-ab-legacy-stagger-50-r2-20260818-mysql-1 Stopping
 Container manager-ab-ab-legacy-stagger-50-r2-20260818-mysql-1 Stopped
 Container manager-ab-ab-legacy-stagger-50-r2-20260818-mysql-1 Removing
 Container manager-ab-ab-legacy-stagger-50-r2-20260818-mysql-1 Removed
 Network manager-ab-ab-legacy-stagger-50-r2-20260818_default Removing
 Network manager-ab-ab-legacy-stagger-50-r2-20260818_default Removed
status=PASS
architecture=Legacy
repository=F:\chenyu_project\monitor_system-legacy-5c29
run_id=ab-legacy-stagger-50-r2-20260818
workers=50
duration_seconds=60
interval_ms=1000
arrival_model=stagger_start
total_samples=3000
successful_rpc=3000
failed_rpc=0
persisted_rows=3000
load_duration_sec=61.498
drain_duration_sec=0.592
total_completion_sec=62.467
accepted_reports_per_sec=48.025
processed_reports_per_sec=N/A
persisted_reports_per_sec=48.025
rpc_p50_us=12200
rpc_p95_us=20171
rpc_p99_us=165979
accepted=N/A
queue_full=N/A
processed=N/A
persistence_tasks=N/A
persistence_rejected=N/A
queue_delay_samples=N/A
queue_delay_total_us=N/A
queue_delay_mean_us=N/A
max_queue_delay_us=N/A
max_shard_queue_depth=N/A
max_shard_queue_bytes=N/A
max_persistence_queue_depth=N/A
max_persistence_queue_bytes=N/A
manager_cpu_avg_percent=4.28
manager_cpu_peak_percent=5.25
manager_rss_avg_mib=9.91
manager_rss_peak_mib=10.14
mysql_cpu_avg_percent=16.01
mysql_cpu_peak_percent=19.84
mysql_rss_avg_mib=395.55
mysql_rss_peak_mib=398.5
result_csv_sha256=3D8828FDA83B7D2421C4F15A4A14D16ABD2EE045C3AD72A12D5411C8987AC617
failure=
