 Network manager-ab-ab-legacy-stagger-10-r2-20260818_default Creating
 Network manager-ab-ab-legacy-stagger-10-r2-20260818_default Created
 Container manager-ab-ab-legacy-stagger-10-r2-20260818-mysql-1 Creating
 Container manager-ab-ab-legacy-stagger-10-r2-20260818-mysql-1 Created
 Container manager-ab-ab-legacy-stagger-10-r2-20260818-mysql-1 Starting
 Container manager-ab-ab-legacy-stagger-10-r2-20260818-mysql-1 Started
 Image monitor-system-benchmark:local Building
#1 [internal] load local bake definitions
#1 reading from stdin 610B 0.0s done
#1 DONE 0.0s

#2 [internal] load build definition from Dockerfile.benchmark
#2 transferring dockerfile: 761B 0.0s done
#2 DONE 0.0s

#3 [internal] load metadata for docker.io/library/python:3.13-slim
#3 DONE 0.1s

#4 [internal] load .dockerignore
#4 transferring context: 2B done
#4 DONE 0.0s

#5 [1/5] FROM docker.io/library/python:3.13-slim@sha256:6771159cd4fa5d9bba1258caf0b82e6b73458c694d178ad97c5e925c2d0e1a91
#5 resolve docker.io/library/python:3.13-slim@sha256:6771159cd4fa5d9bba1258caf0b82e6b73458c694d178ad97c5e925c2d0e1a91 0.0s done
#5 DONE 0.0s

#6 [internal] load build context
#6 transferring context: 117.05kB 0.0s done
#6 DONE 0.0s

#7 [2/5] RUN sed -i 's|http://deb.debian.org|https://deb.debian.org|g; s|http://security.debian.org|https://security.debian.org|g' /etc/apt/sources.list.d/debian.sources     && apt-get -o Acquire::Retries=3 update && apt-get -o Acquire::Retries=3 install -y --no-install-recommends     build-essential cmake pkg-config     libprotobuf-dev protobuf-compiler protobuf-compiler-grpc     libgrpc++-dev default-libmysqlclient-dev     && rm -rf /var/lib/apt/lists/*
#7 CACHED

#8 [3/5] WORKDIR /app
#8 CACHED

#9 [4/5] COPY . .
#9 DONE 0.1s

#10 [5/5] RUN cmake -S . -B build -DENABLE_EBPF=OFF -DBUILD_MANAGER=ON -DBUILD_BENCHMARK=ON     && cmake --build build --target manager push_benchmark -j"$(nproc)"
#10 0.335 -- The CXX compiler identification is GNU 14.2.0
#10 0.349 -- Detecting CXX compiler ABI info
#10 0.474 -- Detecting CXX compiler ABI info - done
#10 0.491 -- Check for working CXX compiler: /usr/bin/c++ - skipped
#10 0.492 -- Detecting CXX compile features
#10 0.493 -- Detecting CXX compile features - done
#10 0.671 -- Found Protobuf: /usr/lib/x86_64-linux-gnu/libprotobuf.so (found version "3.21.12")
#10 0.680 -- Found ZLIB: /usr/lib/x86_64-linux-gnu/libz.so (found version "1.3.1")
#10 0.742 -- Found OpenSSL: /usr/lib/x86_64-linux-gnu/libcrypto.so (found version "3.5.6")
#10 0.747 -- Found c-ares: /usr/lib/x86_64-linux-gnu/cmake/c-ares/c-ares-config.cmake (found version "1.34.5")
#10 0.750 -- Found Threads: TRUE
#10 0.772 -- Found PkgConfig: /usr/bin/pkg-config (found version "1.8.1")
#10 26.77 -- Found RE2 via pkg-config.
#10 26.83 -- Found RE2 via pkg-config.
#10 26.89 -- Found RE2 via pkg-config.
#10 26.90 -- Checking for module 'mysqlclient'
#10 26.92 --   Found mysqlclient, version 3.4.9
#10 26.96 -- MySQL support enabled
#10 26.96 -- Configuring done (26.7s)
#10 27.11 -- Generating done (0.2s)
#10 27.11 -- Build files have been written to: /app/build
#10 27.19 [  2%] Running cpp protocol buffer compiler on query_api.proto
#10 27.19 [  4%] Running grpc protocol buffer compiler on cpu_load.proto
#10 27.19 [  6%] Running cpp protocol buffer compiler on cpu_load.proto
#10 27.19 [  8%] Running cpp protocol buffer compiler on cpu_softirq.proto
#10 27.20 [ 10%] Running cpp protocol buffer compiler on cpu_stat.proto
#10 27.20 [ 19%] Running grpc protocol buffer compiler on cpu_stat.proto
#10 27.20 [ 19%] Running grpc protocol buffer compiler on diagnostic.proto
#10 27.20 [ 19%] Running cpp protocol buffer compiler on diagnostic.proto
#10 27.20 [ 19%] Running grpc protocol buffer compiler on cpu_softirq.proto
#10 27.20 [ 25%] Running cpp protocol buffer compiler on disk_info.proto
#10 27.20 [ 25%] Running grpc protocol buffer compiler on mem_info.proto
#10 27.20 [ 25%] Running grpc protocol buffer compiler on disk_info.proto
#10 27.21 [ 27%] Running cpp protocol buffer compiler on mem_info.proto
#10 27.21 [ 29%] Running grpc protocol buffer compiler on monitor_info.proto
#10 27.21 [ 31%] Running cpp protocol buffer compiler on monitor_info.proto
#10 27.22 [ 34%] Running grpc protocol buffer compiler on net_info.proto
#10 27.23 [ 36%] Running cpp protocol buffer compiler on net_info.proto
#10 27.23 [ 38%] Running grpc protocol buffer compiler on query_api.proto
#10 27.32 [ 44%] Building CXX object proto/CMakeFiles/monitor_proto.dir/net_info.pb.cc.o
#10 27.32 [ 46%] Building CXX object proto/CMakeFiles/monitor_proto.dir/diagnostic.pb.cc.o
#10 27.32 [ 53%] Building CXX object proto/CMakeFiles/monitor_proto.dir/monitor_info.grpc.pb.cc.o
#10 27.32 [ 51%] Building CXX object proto/CMakeFiles/monitor_proto.dir/mem_info.pb.cc.o
#10 27.32 [ 55%] Building CXX object proto/CMakeFiles/monitor_proto.dir/monitor_info.pb.cc.o
#10 27.32 [ 59%] Building CXX object proto/CMakeFiles/monitor_proto.dir/cpu_stat.grpc.pb.cc.o
#10 27.32 [ 59%] Building CXX object proto/CMakeFiles/monitor_proto.dir/cpu_softirq.pb.cc.o
#10 27.32 [ 61%] Building CXX object proto/CMakeFiles/monitor_proto.dir/disk_info.pb.cc.o
#10 27.32 [ 44%] Building CXX object proto/CMakeFiles/monitor_proto.dir/cpu_load.pb.cc.o
#10 27.32 [ 61%] Building CXX object proto/CMakeFiles/monitor_proto.dir/cpu_stat.pb.cc.o
#10 27.32 [ 61%] Building CXX object proto/CMakeFiles/monitor_proto.dir/query_api.pb.cc.o
#10 27.32 [ 63%] Building CXX object proto/CMakeFiles/monitor_proto.dir/cpu_softirq.grpc.pb.cc.o
#10 27.33 [ 65%] Building CXX object proto/CMakeFiles/monitor_proto.dir/cpu_load.grpc.pb.cc.o
#10 27.33 [ 68%] Building CXX object proto/CMakeFiles/monitor_proto.dir/net_info.grpc.pb.cc.o
#10 27.33 [ 70%] Building CXX object proto/CMakeFiles/monitor_proto.dir/mem_info.grpc.pb.cc.o
#10 27.34 [ 72%] Building CXX object proto/CMakeFiles/monitor_proto.dir/disk_info.grpc.pb.cc.o
#10 31.73 [ 74%] Building CXX object proto/CMakeFiles/monitor_proto.dir/query_api.grpc.pb.cc.o
#10 31.74 [ 76%] Building CXX object proto/CMakeFiles/monitor_proto.dir/diagnostic.grpc.pb.cc.o
#10 36.40 [ 78%] Linking CXX static library libmonitor_proto.a
#10 36.56 [ 78%] Built target monitor_proto
#10 36.60 [ 91%] Building CXX object manager/CMakeFiles/manager.dir/src/diagnostics/diagnostic_persistence.cpp.o
#10 36.60 [ 91%] Building CXX object manager/CMakeFiles/manager.dir/src/diagnostics/incident_store.cpp.o
#10 36.60 [ 91%] Building CXX object manager/CMakeFiles/manager.dir/src/diagnostics/root_cause_engine.cpp.o
#10 36.60 [ 91%] Building CXX object manager/CMakeFiles/manager.dir/src/host_manager.cpp.o
#10 36.60 [ 93%] Building CXX object manager/CMakeFiles/manager.dir/src/rpc/grpc_server.cpp.o
#10 36.60 [ 97%] Building CXX object manager/CMakeFiles/manager.dir/src/rpc/query_service.cpp.o
#10 36.61 [ 97%] Building CXX object manager/CMakeFiles/manager.dir/src/query_manager.cpp.o
#10 36.61 [ 97%] Building CXX object manager/CMakeFiles/manager.dir/src/main.cpp.o
#10 36.61 [ 97%] Building CXX object manager/CMakeFiles/manager.dir/src/diagnostics/evidence_builder.cpp.o
#10 40.69 [100%] Linking CXX executable manager
#10 41.56 [100%] Built target manager
#10 41.68 [ 94%] Built target monitor_proto
#10 41.71 [ 97%] Building CXX object benchmark/CMakeFiles/push_benchmark.dir/src/push_benchmark.cpp.o
#10 43.99 [100%] Linking CXX executable push_benchmark
#10 44.37 [100%] Built target push_benchmark
#10 DONE 44.4s

#11 exporting to image
#11 exporting layers
#11 exporting layers 0.6s done
#11 exporting manifest sha256:f06b3872a191a24bb04e600e92faa99bb5e7aa99e6d10b974199c683da001b0e 0.0s done
#11 exporting config sha256:1597d2f5d1dcfdd92ffa0477eccbdba14be81f0da9d86777bcf2b24cc8266be0 0.0s done
#11 exporting attestation manifest sha256:5a20966f97b599898321c9893f1007d3d385df22f7889d07bd26cb96907868ab 0.0s done
#11 exporting manifest list sha256:c52baac224d38e89725a88f554ee1634bad99fb6547d27db8c4d4bab67ffe027 0.0s done
#11 naming to docker.io/library/monitor-system-benchmark:local done
#11 unpacking to docker.io/library/monitor-system-benchmark:local
#11 unpacking to docker.io/library/monitor-system-benchmark:local 0.4s done
#11 DONE 1.1s

#12 resolving provenance for metadata file
#12 DONE 0.0s
 Image monitor-system-benchmark:local Built
 Container manager-ab-ab-legacy-stagger-10-r2-20260818-mysql-1 Running
 Container manager-ab-ab-legacy-stagger-10-r2-20260818-manager-1 Creating
 Container manager-ab-ab-legacy-stagger-10-r2-20260818-manager-1 Created
 Container manager-ab-ab-legacy-stagger-10-r2-20260818-mysql-1 Waiting
 Container manager-ab-ab-legacy-stagger-10-r2-20260818-mysql-1 Healthy
 Container manager-ab-ab-legacy-stagger-10-r2-20260818-manager-1 Starting
 Container manager-ab-ab-legacy-stagger-10-r2-20260818-manager-1 Started
mysql: [Warning] Using a password on the command line interface can be insecure.
 Container manager-ab-ab-legacy-stagger-10-r2-20260818-manager-1 Stopping
 Container manager-ab-ab-legacy-stagger-10-r2-20260818-manager-1 Stopped
 Container manager-ab-ab-legacy-stagger-10-r2-20260818-manager-1 Stopping
 Container manager-ab-ab-legacy-stagger-10-r2-20260818-manager-1 Stopped
 Container manager-ab-ab-legacy-stagger-10-r2-20260818-manager-1 Removing
 Container manager-ab-ab-legacy-stagger-10-r2-20260818-manager-1 Removed
 Container manager-ab-ab-legacy-stagger-10-r2-20260818-mysql-1 Stopping
 Container manager-ab-ab-legacy-stagger-10-r2-20260818-mysql-1 Stopped
 Container manager-ab-ab-legacy-stagger-10-r2-20260818-mysql-1 Removing
 Container manager-ab-ab-legacy-stagger-10-r2-20260818-mysql-1 Removed
 Network manager-ab-ab-legacy-stagger-10-r2-20260818_default Removing
 Network manager-ab-ab-legacy-stagger-10-r2-20260818_default Removed
status=PASS
architecture=Legacy
repository=F:\chenyu_project\monitor_system-legacy-5c29
run_id=ab-legacy-stagger-10-r2-20260818
workers=10
duration_seconds=60
interval_ms=1000
arrival_model=stagger_start
total_samples=600
successful_rpc=600
failed_rpc=0
persisted_rows=600
load_duration_sec=61.38
drain_duration_sec=0.484
total_completion_sec=62.247
accepted_reports_per_sec=9.639
processed_reports_per_sec=N/A
persisted_reports_per_sec=9.639
rpc_p50_us=13497
rpc_p95_us=18654
rpc_p99_us=37186
accepted=N/A
queue_full=N/A
processed=N/A
persistence_tasks=N/A
persistence_rejected=N/A
queue_delay_samples=N/A
queue_delay_total_us=N/A
queue_delay_mean_us=N/A
max_queue_delay_us=N/A
max_shard_queue_depth=N/A
max_shard_queue_bytes=N/A
max_persistence_queue_depth=N/A
max_persistence_queue_bytes=N/A
manager_cpu_avg_percent=1.11
manager_cpu_peak_percent=1.45
manager_rss_avg_mib=22.51
manager_rss_peak_mib=22.67
mysql_cpu_avg_percent=6.38
mysql_cpu_peak_percent=10.05
mysql_rss_avg_mib=379.34
mysql_rss_peak_mib=380.1
result_csv_sha256=34018F363774493042522704DFB71EF15E2A5606AB12F80F3902294040E5DE88
failure=
