 Network manager-ab-ab-sharded-stagger-100-r3-20260818_default Creating
 Network manager-ab-ab-sharded-stagger-100-r3-20260818_default Created
 Container manager-ab-ab-sharded-stagger-100-r3-20260818-mysql-1 Creating
 Container manager-ab-ab-sharded-stagger-100-r3-20260818-mysql-1 Created
 Container manager-ab-ab-sharded-stagger-100-r3-20260818-mysql-1 Starting
 Container manager-ab-ab-sharded-stagger-100-r3-20260818-mysql-1 Started
 Image monitor-system-benchmark:local Building
#1 [internal] load local bake definitions
#1 reading from stdin 588B 0.0s done
#1 DONE 0.0s

#2 [internal] load build definition from Dockerfile.benchmark
#2 transferring dockerfile: 747B 0.0s done
#2 DONE 0.0s

#3 [internal] load metadata for docker.io/library/python:3.13-slim
#3 DONE 0.0s

#4 [internal] load .dockerignore
#4 transferring context: 2B done
#4 DONE 0.0s

#5 [internal] load build context
#5 DONE 0.0s

#6 [1/5] FROM docker.io/library/python:3.13-slim@sha256:6771159cd4fa5d9bba1258caf0b82e6b73458c694d178ad97c5e925c2d0e1a91
#6 resolve docker.io/library/python:3.13-slim@sha256:6771159cd4fa5d9bba1258caf0b82e6b73458c694d178ad97c5e925c2d0e1a91 0.0s done
#6 DONE 0.0s

#5 [internal] load build context
#5 transferring context: 879.81kB 0.3s done
#5 DONE 0.3s

#7 [2/5] RUN sed -i 's|http://deb.debian.org|https://deb.debian.org|g; s|http://security.debian.org|https://security.debian.org|g' /etc/apt/sources.list.d/debian.sources     && apt-get -o Acquire::Retries=3 update && apt-get -o Acquire::Retries=3 install -y --no-install-recommends     build-essential cmake pkg-config     libprotobuf-dev protobuf-compiler protobuf-compiler-grpc     libgrpc++-dev default-libmysqlclient-dev     && rm -rf /var/lib/apt/lists/*
#7 CACHED

#8 [3/5] WORKDIR /app
#8 CACHED

#9 [4/5] COPY . .
#9 DONE 7.2s

#10 [5/5] RUN cmake -S . -B build -DENABLE_EBPF=OFF -DBUILD_MANAGER=ON -DBUILD_BENCHMARK=ON     && cmake --build build --target manager push_benchmark -j"$(nproc)"
#10 0.988 -- The CXX compiler identification is GNU 14.2.0
#10 1.009 -- Detecting CXX compiler ABI info
#10 1.202 -- Detecting CXX compiler ABI info - done
#10 1.219 -- Check for working CXX compiler: /usr/bin/c++ - skipped
#10 1.221 -- Detecting CXX compile features
#10 1.222 -- Detecting CXX compile features - done
#10 1.465 -- Found Protobuf: /usr/lib/x86_64-linux-gnu/libprotobuf.so (found version "3.21.12")
#10 1.476 -- Found ZLIB: /usr/lib/x86_64-linux-gnu/libz.so (found version "1.3.1")
#10 1.550 -- Found OpenSSL: /usr/lib/x86_64-linux-gnu/libcrypto.so (found version "3.5.6")
#10 1.555 -- Found c-ares: /usr/lib/x86_64-linux-gnu/cmake/c-ares/c-ares-config.cmake (found version "1.34.5")
#10 1.559 -- Found Threads: TRUE
#10 1.585 -- Found PkgConfig: /usr/bin/pkg-config (found version "1.8.1")
#10 27.21 -- Found RE2 via pkg-config.
#10 27.27 -- Found RE2 via pkg-config.
#10 27.33 -- Found RE2 via pkg-config.
#10 27.34 -- Checking for module 'mysqlclient'
#10 27.35 --   Found mysqlclient, version 3.4.9
#10 27.39 -- MySQL support enabled
#10 27.40 -- Configuring done (26.5s)
#10 27.55 -- Generating done (0.1s)
#10 27.55 -- Build files have been written to: /app/build
#10 27.64 [  8%] Running cpp protocol buffer compiler on cpu_load.proto
#10 27.64 [  8%] Running cpp protocol buffer compiler on query_api.proto
#10 27.64 [  8%] Running grpc protocol buffer compiler on cpu_load.proto
#10 27.64 [ 12%] Running cpp protocol buffer compiler on cpu_softirq.proto
#10 27.64 [ 12%] Running grpc protocol buffer compiler on cpu_stat.proto
#10 27.64 [  8%] Running grpc protocol buffer compiler on cpu_softirq.proto
#10 27.64 [ 14%] Running grpc protocol buffer compiler on disk_info.proto
#10 27.64 [ 16%] Running cpp protocol buffer compiler on cpu_stat.proto
#10 27.64 [ 18%] Running cpp protocol buffer compiler on diagnostic.proto
#10 27.64 [ 22%] Running grpc protocol buffer compiler on mem_info.proto
#10 27.64 [ 22%] Running cpp protocol buffer compiler on disk_info.proto
#10 27.64 [ 24%] Running grpc protocol buffer compiler on diagnostic.proto
#10 27.64 [ 26%] Running grpc protocol buffer compiler on monitor_info.proto
#10 27.64 [ 30%] Running cpp protocol buffer compiler on monitor_info.proto
#10 27.64 [ 30%] Running cpp protocol buffer compiler on mem_info.proto
#10 27.65 [ 32%] Running grpc protocol buffer compiler on net_info.proto
#10 27.68 [ 34%] Running grpc protocol buffer compiler on query_api.proto
#10 27.68 [ 36%] Running cpp protocol buffer compiler on net_info.proto
#10 27.75 [ 46%] Building CXX object proto/CMakeFiles/monitor_proto.dir/cpu_softirq.pb.cc.o
#10 27.75 [ 46%] Building CXX object proto/CMakeFiles/monitor_proto.dir/cpu_stat.pb.cc.o
#10 27.75 [ 48%] Building CXX object proto/CMakeFiles/monitor_proto.dir/net_info.pb.cc.o
#10 27.75 [ 46%] Building CXX object proto/CMakeFiles/monitor_proto.dir/monitor_info.pb.cc.o
#10 27.75 [ 48%] Building CXX object proto/CMakeFiles/monitor_proto.dir/mem_info.pb.cc.o
#10 27.75 [ 48%] Building CXX object proto/CMakeFiles/monitor_proto.dir/cpu_load.pb.cc.o
#10 27.75 [ 54%] Building CXX object proto/CMakeFiles/monitor_proto.dir/cpu_load.grpc.pb.cc.o
#10 27.76 [ 60%] Building CXX object proto/CMakeFiles/monitor_proto.dir/query_api.pb.cc.o
#10 27.76 [ 62%] Building CXX object proto/CMakeFiles/monitor_proto.dir/disk_info.pb.cc.o
#10 27.76 [ 64%] Building CXX object proto/CMakeFiles/monitor_proto.dir/mem_info.grpc.pb.cc.o
#10 27.76 [ 62%] Building CXX object proto/CMakeFiles/monitor_proto.dir/cpu_softirq.grpc.pb.cc.o
#10 27.76 [ 64%] Building CXX object proto/CMakeFiles/monitor_proto.dir/cpu_stat.grpc.pb.cc.o
#10 27.76 [ 66%] Building CXX object proto/CMakeFiles/monitor_proto.dir/monitor_info.grpc.pb.cc.o
#10 27.76 [ 66%] Building CXX object proto/CMakeFiles/monitor_proto.dir/disk_info.grpc.pb.cc.o
#10 27.76 [ 64%] Building CXX object proto/CMakeFiles/monitor_proto.dir/diagnostic.pb.cc.o
#10 27.76 [ 68%] Building CXX object proto/CMakeFiles/monitor_proto.dir/net_info.grpc.pb.cc.o
#10 33.28 [ 72%] Building CXX object proto/CMakeFiles/monitor_proto.dir/diagnostic.grpc.pb.cc.o
#10 33.28 [ 72%] Building CXX object proto/CMakeFiles/monitor_proto.dir/query_api.grpc.pb.cc.o
#10 38.25 [ 74%] Linking CXX static library libmonitor_proto.a
#10 38.41 [ 74%] Built target monitor_proto
#10 38.45 [ 76%] Building CXX object manager/CMakeFiles/manager.dir/src/main.cpp.o
#10 38.45 [ 84%] Building CXX object manager/CMakeFiles/manager.dir/src/host_manager.cpp.o
#10 38.45 [ 84%] Building CXX object manager/CMakeFiles/manager.dir/src/host_shard_executor.cpp.o
#10 38.45 [ 82%] Building CXX object manager/CMakeFiles/manager.dir/src/mysql_timeout_config.cpp.o
#10 38.45 [ 84%] Building CXX object manager/CMakeFiles/manager.dir/src/persistence_worker.cpp.o
#10 38.45 [ 86%] Building CXX object manager/CMakeFiles/manager.dir/src/diagnostics/evidence_builder.cpp.o
#10 38.45 [ 88%] Building CXX object manager/CMakeFiles/manager.dir/src/diagnostics/incident_store.cpp.o
#10 38.45 [ 94%] Building CXX object manager/CMakeFiles/manager.dir/src/query_manager.cpp.o
#10 38.45 [ 94%] Building CXX object manager/CMakeFiles/manager.dir/src/diagnostics/root_cause_engine.cpp.o
#10 38.45 [ 94%] Building CXX object manager/CMakeFiles/manager.dir/src/rpc/grpc_server.cpp.o
#10 38.45 [ 96%] Building CXX object manager/CMakeFiles/manager.dir/src/rpc/query_service.cpp.o
#10 38.46 [ 98%] Building CXX object manager/CMakeFiles/manager.dir/src/diagnostics/diagnostic_persistence.cpp.o
#10 42.73 [100%] Linking CXX executable manager
#10 43.62 [100%] Built target manager
#10 43.74 [ 94%] Built target monitor_proto
#10 43.78 [ 97%] Building CXX object benchmark/CMakeFiles/push_benchmark.dir/src/push_benchmark.cpp.o
#10 46.20 [100%] Linking CXX executable push_benchmark
#10 46.63 [100%] Built target push_benchmark
#10 DONE 46.7s

#11 exporting to image
#11 exporting layers
#11 exporting layers 11.6s done
#11 exporting manifest sha256:6310014ccc00f18007619661dbf248f29b0947963a28700e43a4c252a926d3d4 0.0s done
#11 exporting config sha256:cecbba1468a85dd44840d4db8d7c06d5054d363f90616e000d0850b6e0e3531d 0.0s done
#11 exporting attestation manifest sha256:1f7edbbeda84864f6993dd788af3963b87a62ca77c0a00bb5bcf3081e8996c10 0.0s done
#11 exporting manifest list sha256:24893c4ee45cae275847da1b9df1bf25b5366dd88220894cfed941af4b754e36 0.0s done
#11 naming to docker.io/library/monitor-system-benchmark:local done
#11 unpacking to docker.io/library/monitor-system-benchmark:local
#11 unpacking to docker.io/library/monitor-system-benchmark:local 2.5s done
#11 DONE 14.3s

#12 resolving provenance for metadata file
#12 DONE 0.0s
 Image monitor-system-benchmark:local Built
 Container manager-ab-ab-sharded-stagger-100-r3-20260818-mysql-1 Running
 Container manager-ab-ab-sharded-stagger-100-r3-20260818-manager-1 Creating
 Container manager-ab-ab-sharded-stagger-100-r3-20260818-manager-1 Created
 Container manager-ab-ab-sharded-stagger-100-r3-20260818-mysql-1 Waiting
 Container manager-ab-ab-sharded-stagger-100-r3-20260818-mysql-1 Healthy
 Container manager-ab-ab-sharded-stagger-100-r3-20260818-manager-1 Starting
 Container manager-ab-ab-sharded-stagger-100-r3-20260818-manager-1 Started
mysql: [Warning] Using a password on the command line interface can be insecure.
mysql: [Warning] Using a password on the command line interface can be insecure.
mysql: [Warning] Using a password on the command line interface can be insecure.
mysql: [Warning] Using a password on the command line interface can be insecure.
mysql: [Warning] Using a password on the command line interface can be insecure.
mysql: [Warning] Using a password on the command line interface can be insecure.
mysql: [Warning] Using a password on the command line interface can be insecure.
mysql: [Warning] Using a password on the command line interface can be insecure.
 Container manager-ab-ab-sharded-stagger-100-r3-20260818-manager-1 Stopping
 Container manager-ab-ab-sharded-stagger-100-r3-20260818-manager-1 Stopped
 Container manager-ab-ab-sharded-stagger-100-r3-20260818-manager-1 Stopping
 Container manager-ab-ab-sharded-stagger-100-r3-20260818-manager-1 Stopped
 Container manager-ab-ab-sharded-stagger-100-r3-20260818-manager-1 Removing
 Container manager-ab-ab-sharded-stagger-100-r3-20260818-manager-1 Removed
 Container manager-ab-ab-sharded-stagger-100-r3-20260818-mysql-1 Stopping
 Container manager-ab-ab-sharded-stagger-100-r3-20260818-mysql-1 Stopped
 Container manager-ab-ab-sharded-stagger-100-r3-20260818-mysql-1 Removing
 Container manager-ab-ab-sharded-stagger-100-r3-20260818-mysql-1 Removed
 Network manager-ab-ab-sharded-stagger-100-r3-20260818_default Removing
 Network manager-ab-ab-sharded-stagger-100-r3-20260818_default Removed
status=PASS
architecture=Sharded
repository=F:\chenyu_project\monitor_system
run_id=ab-sharded-stagger-100-r3-20260818
workers=100
duration_seconds=60
interval_ms=1000
arrival_model=stagger_start
total_samples=6000
successful_rpc=6000
failed_rpc=0
persisted_rows=6000
load_duration_sec=61.534
drain_duration_sec=10.278
total_completion_sec=72.192
accepted_reports_per_sec=83.112
processed_reports_per_sec=83.112
persisted_reports_per_sec=83.112
rpc_p50_us=632
rpc_p95_us=938
rpc_p99_us=1684
accepted=6000
queue_full=0
processed=6000
persistence_tasks=6000
persistence_rejected=0
queue_delay_samples=6000
queue_delay_total_us=434375
queue_delay_mean_us=72.4
max_queue_delay_us=920
max_shard_queue_depth=1
max_shard_queue_bytes=459
max_persistence_queue_depth=832
max_persistence_queue_bytes=619474
manager_cpu_avg_percent=7.34
manager_cpu_peak_percent=8.57
manager_rss_avg_mib=15.54
manager_rss_peak_mib=16.15
mysql_cpu_avg_percent=24.32
mysql_cpu_peak_percent=30.77
mysql_rss_avg_mib=381.91
mysql_rss_peak_mib=389.9
result_csv_sha256=BB0B93BA94F85413EF0B87C13B3CA7146F5597977B69F9FA8675FD55A2CB955D
failure=
