 Network manager-ab-ab-legacy-burst-75-r3-20260818_default Creating
 Network manager-ab-ab-legacy-burst-75-r3-20260818_default Created
 Container manager-ab-ab-legacy-burst-75-r3-20260818-mysql-1 Creating
 Container manager-ab-ab-legacy-burst-75-r3-20260818-mysql-1 Created
 Container manager-ab-ab-legacy-burst-75-r3-20260818-mysql-1 Starting
 Container manager-ab-ab-legacy-burst-75-r3-20260818-mysql-1 Started
 Image monitor-system-benchmark:local Building
#1 [internal] load local bake definitions
#1 reading from stdin 608B 0.0s done
#1 DONE 0.0s

#2 [internal] load build definition from Dockerfile.benchmark
#2 transferring dockerfile: 761B 0.0s done
#2 DONE 0.0s

#3 [internal] load metadata for docker.io/library/python:3.13-slim
#3 DONE 0.0s

#4 [internal] load .dockerignore
#4 transferring context: 2B done
#4 DONE 0.0s

#5 [1/5] FROM docker.io/library/python:3.13-slim@sha256:6771159cd4fa5d9bba1258caf0b82e6b73458c694d178ad97c5e925c2d0e1a91
#5 resolve docker.io/library/python:3.13-slim@sha256:6771159cd4fa5d9bba1258caf0b82e6b73458c694d178ad97c5e925c2d0e1a91 0.0s done
#5 DONE 0.0s

#6 [internal] load build context
#6 transferring context: 61.92kB 0.0s done
#6 DONE 0.0s

#7 [2/5] RUN sed -i 's|http://deb.debian.org|https://deb.debian.org|g; s|http://security.debian.org|https://security.debian.org|g' /etc/apt/sources.list.d/debian.sources     && apt-get -o Acquire::Retries=3 update && apt-get -o Acquire::Retries=3 install -y --no-install-recommends     build-essential cmake pkg-config     libprotobuf-dev protobuf-compiler protobuf-compiler-grpc     libgrpc++-dev default-libmysqlclient-dev     && rm -rf /var/lib/apt/lists/*
#7 CACHED

#8 [3/5] WORKDIR /app
#8 CACHED

#9 [4/5] COPY . .
#9 DONE 0.1s

#10 [5/5] RUN cmake -S . -B build -DENABLE_EBPF=OFF -DBUILD_MANAGER=ON -DBUILD_BENCHMARK=ON     && cmake --build build --target manager push_benchmark -j"$(nproc)"
#10 0.342 -- The CXX compiler identification is GNU 14.2.0
#10 0.355 -- Detecting CXX compiler ABI info
#10 0.490 -- Detecting CXX compiler ABI info - done
#10 0.510 -- Check for working CXX compiler: /usr/bin/c++ - skipped
#10 0.510 -- Detecting CXX compile features
#10 0.511 -- Detecting CXX compile features - done
#10 0.700 -- Found Protobuf: /usr/lib/x86_64-linux-gnu/libprotobuf.so (found version "3.21.12")
#10 0.707 -- Found ZLIB: /usr/lib/x86_64-linux-gnu/libz.so (found version "1.3.1")
#10 0.770 -- Found OpenSSL: /usr/lib/x86_64-linux-gnu/libcrypto.so (found version "3.5.6")
#10 0.773 -- Found c-ares: /usr/lib/x86_64-linux-gnu/cmake/c-ares/c-ares-config.cmake (found version "1.34.5")
#10 0.776 -- Found Threads: TRUE
#10 0.795 -- Found PkgConfig: /usr/bin/pkg-config (found version "1.8.1")
#10 26.83 -- Found RE2 via pkg-config.
#10 26.89 -- Found RE2 via pkg-config.
#10 26.94 -- Found RE2 via pkg-config.
#10 26.95 -- Checking for module 'mysqlclient'
#10 26.96 --   Found mysqlclient, version 3.4.9
#10 27.00 -- MySQL support enabled
#10 27.01 -- Configuring done (26.7s)
#10 27.15 -- Generating done (0.1s)
#10 27.15 -- Build files have been written to: /app/build
#10 27.23 [ 17%] Running grpc protocol buffer compiler on diagnostic.proto
#10 27.24 [ 19%] Running grpc protocol buffer compiler on disk_info.proto
#10 27.24 [ 21%] Running cpp protocol buffer compiler on disk_info.proto
#10 27.24 [ 27%] Running grpc protocol buffer compiler on mem_info.proto
#10 27.24 [ 27%] Running cpp protocol buffer compiler on mem_info.proto
#10 27.24 [ 27%] Running grpc protocol buffer compiler on cpu_load.proto
#10 27.24 [ 27%] Running cpp protocol buffer compiler on query_api.proto
#10 27.24 [ 27%] Running cpp protocol buffer compiler on cpu_load.proto
#10 27.24 [ 14%] Running grpc protocol buffer compiler on cpu_stat.proto
#10 27.24 [ 27%] Running cpp protocol buffer compiler on diagnostic.proto
#10 27.24 [ 17%] Running cpp protocol buffer compiler on cpu_stat.proto
#10 27.24 [ 29%] Running grpc protocol buffer compiler on monitor_info.proto
#10 27.24 [ 27%] Running cpp protocol buffer compiler on cpu_softirq.proto
#10 27.24 [ 14%] Running grpc protocol buffer compiler on cpu_softirq.proto
#10 27.24 [ 31%] Running cpp protocol buffer compiler on monitor_info.proto
#10 27.25 [ 34%] Running grpc protocol buffer compiler on net_info.proto
#10 27.27 [ 38%] Running cpp protocol buffer compiler on net_info.proto
#10 27.27 [ 38%] Running grpc protocol buffer compiler on query_api.proto
#10 27.34 [ 44%] Building CXX object proto/CMakeFiles/monitor_proto.dir/cpu_softirq.pb.cc.o
#10 27.34 [ 44%] Building CXX object proto/CMakeFiles/monitor_proto.dir/cpu_load.pb.cc.o
#10 27.34 [ 44%] Building CXX object proto/CMakeFiles/monitor_proto.dir/monitor_info.pb.cc.o
#10 27.34 [ 48%] Building CXX object proto/CMakeFiles/monitor_proto.dir/diagnostic.pb.cc.o
#10 27.34 [ 53%] Building CXX object proto/CMakeFiles/monitor_proto.dir/disk_info.pb.cc.o
#10 27.34 [ 55%] Building CXX object proto/CMakeFiles/monitor_proto.dir/monitor_info.grpc.pb.cc.o
#10 27.34 [ 57%] Building CXX object proto/CMakeFiles/monitor_proto.dir/cpu_load.grpc.pb.cc.o
#10 27.34 [ 53%] Building CXX object proto/CMakeFiles/monitor_proto.dir/mem_info.pb.cc.o
#10 27.34 [ 53%] Building CXX object proto/CMakeFiles/monitor_proto.dir/cpu_stat.pb.cc.o
#10 27.34 [ 63%] Building CXX object proto/CMakeFiles/monitor_proto.dir/cpu_softirq.grpc.pb.cc.o
#10 27.34 [ 63%] Building CXX object proto/CMakeFiles/monitor_proto.dir/query_api.pb.cc.o
#10 27.35 [ 68%] Building CXX object proto/CMakeFiles/monitor_proto.dir/cpu_stat.grpc.pb.cc.o
#10 27.35 [ 68%] Building CXX object proto/CMakeFiles/monitor_proto.dir/mem_info.grpc.pb.cc.o
#10 27.35 [ 63%] Building CXX object proto/CMakeFiles/monitor_proto.dir/net_info.pb.cc.o
#10 27.36 [ 72%] Building CXX object proto/CMakeFiles/monitor_proto.dir/disk_info.grpc.pb.cc.o
#10 27.36 [ 72%] Building CXX object proto/CMakeFiles/monitor_proto.dir/net_info.grpc.pb.cc.o
#10 29.91 [ 74%] Building CXX object proto/CMakeFiles/monitor_proto.dir/diagnostic.grpc.pb.cc.o
#10 30.30 [ 76%] Building CXX object proto/CMakeFiles/monitor_proto.dir/query_api.grpc.pb.cc.o
#10 35.60 [ 78%] Linking CXX static library libmonitor_proto.a
#10 35.76 [ 78%] Built target monitor_proto
#10 35.79 [ 85%] Building CXX object manager/CMakeFiles/manager.dir/src/diagnostics/evidence_builder.cpp.o
#10 35.79 [ 85%] Building CXX object manager/CMakeFiles/manager.dir/src/diagnostics/root_cause_engine.cpp.o
#10 35.79 [ 85%] Building CXX object manager/CMakeFiles/manager.dir/src/host_manager.cpp.o
#10 35.79 [ 89%] Building CXX object manager/CMakeFiles/manager.dir/src/rpc/query_service.cpp.o
#10 35.79 [ 89%] Building CXX object manager/CMakeFiles/manager.dir/src/main.cpp.o
#10 35.79 [ 95%] Building CXX object manager/CMakeFiles/manager.dir/src/diagnostics/diagnostic_persistence.cpp.o
#10 35.79 [ 93%] Building CXX object manager/CMakeFiles/manager.dir/src/query_manager.cpp.o
#10 35.79 [ 95%] Building CXX object manager/CMakeFiles/manager.dir/src/rpc/grpc_server.cpp.o
#10 35.79 [ 97%] Building CXX object manager/CMakeFiles/manager.dir/src/diagnostics/incident_store.cpp.o
#10 39.70 [100%] Linking CXX executable manager
#10 40.41 [100%] Built target manager
#10 40.53 [ 94%] Built target monitor_proto
#10 40.56 [ 97%] Building CXX object benchmark/CMakeFiles/push_benchmark.dir/src/push_benchmark.cpp.o
#10 42.83 [100%] Linking CXX executable push_benchmark
#10 43.22 [100%] Built target push_benchmark
#10 DONE 43.3s

#11 exporting to image
#11 exporting layers
#11 exporting layers 0.6s done
#11 exporting manifest sha256:9726c304b6da2f5df272333b6fd64966e67488c0f70e504d28e0e224a2c034bb 0.0s done
#11 exporting config sha256:1040d311354f342efddda5a8f0d97d88a93e6ecdb2b6b8073c99aee730d0bced 0.0s done
#11 exporting attestation manifest sha256:6b5c76417db4369e2b6331361b94c69f26d23eeb3f23f947547d21b314319f9d 0.0s done
#11 exporting manifest list sha256:0eb943ce2768a8b96323746ee5351634320ad79365e98931c59fcf66fbb24922 0.0s done
#11 naming to docker.io/library/monitor-system-benchmark:local done
#11 unpacking to docker.io/library/monitor-system-benchmark:local
#11 unpacking to docker.io/library/monitor-system-benchmark:local 0.3s done
#11 DONE 1.1s

#12 resolving provenance for metadata file
#12 DONE 0.0s
 Image monitor-system-benchmark:local Built
 Container manager-ab-ab-legacy-burst-75-r3-20260818-mysql-1 Running
 Container manager-ab-ab-legacy-burst-75-r3-20260818-manager-1 Creating
 Container manager-ab-ab-legacy-burst-75-r3-20260818-manager-1 Created
 Container manager-ab-ab-legacy-burst-75-r3-20260818-mysql-1 Waiting
 Container manager-ab-ab-legacy-burst-75-r3-20260818-mysql-1 Healthy
 Container manager-ab-ab-legacy-burst-75-r3-20260818-manager-1 Starting
 Container manager-ab-ab-legacy-burst-75-r3-20260818-manager-1 Started
mysql: [Warning] Using a password on the command line interface can be insecure.
 Container manager-ab-ab-legacy-burst-75-r3-20260818-manager-1 Stopping
 Container manager-ab-ab-legacy-burst-75-r3-20260818-manager-1 Stopped
 Container manager-ab-ab-legacy-burst-75-r3-20260818-manager-1 Stopping
 Container manager-ab-ab-legacy-burst-75-r3-20260818-manager-1 Stopped
 Container manager-ab-ab-legacy-burst-75-r3-20260818-manager-1 Removing
 Container manager-ab-ab-legacy-burst-75-r3-20260818-manager-1 Removed
 Container manager-ab-ab-legacy-burst-75-r3-20260818-mysql-1 Stopping
 Container manager-ab-ab-legacy-burst-75-r3-20260818-mysql-1 Stopped
 Container manager-ab-ab-legacy-burst-75-r3-20260818-mysql-1 Removing
 Container manager-ab-ab-legacy-burst-75-r3-20260818-mysql-1 Removed
 Network manager-ab-ab-legacy-burst-75-r3-20260818_default Removing
 Network manager-ab-ab-legacy-burst-75-r3-20260818_default Removed
status=PASS
architecture=Legacy
repository=F:\chenyu_project\monitor_system-legacy-5c29
run_id=ab-legacy-burst-75-r3-20260818
workers=75
duration_seconds=60
interval_ms=1000
arrival_model=burst
total_samples=4500
successful_rpc=4500
failed_rpc=0
persisted_rows=4500
load_duration_sec=61.307
drain_duration_sec=0.692
total_completion_sec=62.379
accepted_reports_per_sec=72.14
processed_reports_per_sec=N/A
persisted_reports_per_sec=72.14
rpc_p50_us=453995
rpc_p95_us=863607
rpc_p99_us=991572
accepted=N/A
queue_full=N/A
processed=N/A
persistence_tasks=N/A
persistence_rejected=N/A
queue_delay_samples=N/A
queue_delay_total_us=N/A
queue_delay_mean_us=N/A
max_queue_delay_us=N/A
max_shard_queue_depth=N/A
max_shard_queue_bytes=N/A
max_persistence_queue_depth=N/A
max_persistence_queue_bytes=N/A
manager_cpu_avg_percent=7.91
manager_cpu_peak_percent=9.77
manager_rss_avg_mib=28.57
manager_rss_peak_mib=33.8
mysql_cpu_avg_percent=19.54
mysql_cpu_peak_percent=24.16
mysql_rss_avg_mib=395.3
mysql_rss_peak_mib=398.8
result_csv_sha256=FC6FAF42B19999F667B5B228D15895F861744843F26A392554EDADC9D9E9F8CA
failure=
