 Network manager-ab-ab-sharded-stagger-50-r1-20260818_default Creating
 Network manager-ab-ab-sharded-stagger-50-r1-20260818_default Created
 Container manager-ab-ab-sharded-stagger-50-r1-20260818-mysql-1 Creating
 Container manager-ab-ab-sharded-stagger-50-r1-20260818-mysql-1 Created
 Container manager-ab-ab-sharded-stagger-50-r1-20260818-mysql-1 Starting
 Container manager-ab-ab-sharded-stagger-50-r1-20260818-mysql-1 Started
 Image monitor-system-benchmark:local Building
#1 [internal] load local bake definitions
#1 reading from stdin 587B 0.0s done
#1 DONE 0.0s

#2 [internal] load build definition from Dockerfile.benchmark
#2 DONE 0.0s

#2 [internal] load build definition from Dockerfile.benchmark
#2 transferring dockerfile: 747B done
#2 DONE 0.0s

#3 [internal] load metadata for docker.io/library/python:3.13-slim
#3 DONE 0.1s

#4 [internal] load .dockerignore
#4 transferring context: 2B done
#4 DONE 0.0s

#5 [internal] load build context
#5 DONE 0.0s

#6 [1/5] FROM docker.io/library/python:3.13-slim@sha256:6771159cd4fa5d9bba1258caf0b82e6b73458c694d178ad97c5e925c2d0e1a91
#6 resolve docker.io/library/python:3.13-slim@sha256:6771159cd4fa5d9bba1258caf0b82e6b73458c694d178ad97c5e925c2d0e1a91 0.0s done
#6 DONE 0.0s

#5 [internal] load build context
#5 transferring context: 492.87kB 0.3s done
#5 DONE 0.3s

#7 [2/5] RUN sed -i 's|http://deb.debian.org|https://deb.debian.org|g; s|http://security.debian.org|https://security.debian.org|g' /etc/apt/sources.list.d/debian.sources     && apt-get -o Acquire::Retries=3 update && apt-get -o Acquire::Retries=3 install -y --no-install-recommends     build-essential cmake pkg-config     libprotobuf-dev protobuf-compiler protobuf-compiler-grpc     libgrpc++-dev default-libmysqlclient-dev     && rm -rf /var/lib/apt/lists/*
#7 CACHED

#8 [3/5] WORKDIR /app
#8 CACHED

#9 [4/5] COPY . .
#9 DONE 1.7s

#10 [5/5] RUN cmake -S . -B build -DENABLE_EBPF=OFF -DBUILD_MANAGER=ON -DBUILD_BENCHMARK=ON     && cmake --build build --target manager push_benchmark -j"$(nproc)"
#10 0.374 -- The CXX compiler identification is GNU 14.2.0
#10 0.387 -- Detecting CXX compiler ABI info
#10 0.515 -- Detecting CXX compiler ABI info - done
#10 0.532 -- Check for working CXX compiler: /usr/bin/c++ - skipped
#10 0.533 -- Detecting CXX compile features
#10 0.533 -- Detecting CXX compile features - done
#10 0.706 -- Found Protobuf: /usr/lib/x86_64-linux-gnu/libprotobuf.so (found version "3.21.12")
#10 0.715 -- Found ZLIB: /usr/lib/x86_64-linux-gnu/libz.so (found version "1.3.1")
#10 0.776 -- Found OpenSSL: /usr/lib/x86_64-linux-gnu/libcrypto.so (found version "3.5.6")
#10 0.780 -- Found c-ares: /usr/lib/x86_64-linux-gnu/cmake/c-ares/c-ares-config.cmake (found version "1.34.5")
#10 0.783 -- Found Threads: TRUE
#10 0.801 -- Found PkgConfig: /usr/bin/pkg-config (found version "1.8.1")
#10 26.46 -- Found RE2 via pkg-config.
#10 26.52 -- Found RE2 via pkg-config.
#10 26.57 -- Found RE2 via pkg-config.
#10 26.58 -- Checking for module 'mysqlclient'
#10 26.59 --   Found mysqlclient, version 3.4.9
#10 26.63 -- MySQL support enabled
#10 26.63 -- Configuring done (26.3s)
#10 26.76 -- Generating done (0.1s)
#10 26.76 -- Build files have been written to: /app/build
#10 26.84 [  8%] Running cpp protocol buffer compiler on query_api.proto
#10 26.84 [  8%] Running cpp protocol buffer compiler on cpu_load.proto
#10 26.84 [ 10%] Running cpp protocol buffer compiler on cpu_softirq.proto
#10 26.85 [ 10%] Running grpc protocol buffer compiler on cpu_softirq.proto
#10 26.85 [ 10%] Running grpc protocol buffer compiler on cpu_load.proto
#10 26.85 [ 12%] Running cpp protocol buffer compiler on cpu_stat.proto
#10 26.85 [ 16%] Running grpc protocol buffer compiler on disk_info.proto
#10 26.85 [ 16%] Running grpc protocol buffer compiler on cpu_stat.proto
#10 26.85 [ 20%] Running cpp protocol buffer compiler on diagnostic.proto
#10 26.85 [ 20%] Running grpc protocol buffer compiler on diagnostic.proto
#10 26.85 [ 22%] Running cpp protocol buffer compiler on mem_info.proto
#10 26.85 [ 24%] Running grpc protocol buffer compiler on mem_info.proto
#10 26.85 [ 26%] Running cpp protocol buffer compiler on disk_info.proto
#10 26.85 [ 28%] Running grpc protocol buffer compiler on monitor_info.proto
#10 26.86 [ 30%] Running cpp protocol buffer compiler on monitor_info.proto
#10 26.86 [ 32%] Running grpc protocol buffer compiler on net_info.proto
#10 26.88 [ 34%] Running cpp protocol buffer compiler on net_info.proto
#10 26.88 [ 36%] Running grpc protocol buffer compiler on query_api.proto
#10 26.95 [ 44%] Building CXX object proto/CMakeFiles/monitor_proto.dir/cpu_softirq.pb.cc.o
#10 26.95 [ 44%] Building CXX object proto/CMakeFiles/monitor_proto.dir/cpu_load.pb.cc.o
#10 26.95 [ 44%] Building CXX object proto/CMakeFiles/monitor_proto.dir/net_info.pb.cc.o
#10 26.95 [ 44%] Building CXX object proto/CMakeFiles/monitor_proto.dir/cpu_stat.pb.cc.o
#10 26.95 [ 48%] Building CXX object proto/CMakeFiles/monitor_proto.dir/monitor_info.pb.cc.o
#10 26.95 [ 48%] Building CXX object proto/CMakeFiles/monitor_proto.dir/mem_info.pb.cc.o
#10 26.95 [ 50%] Building CXX object proto/CMakeFiles/monitor_proto.dir/disk_info.pb.cc.o
#10 26.95 [ 52%] Building CXX object proto/CMakeFiles/monitor_proto.dir/diagnostic.pb.cc.o
#10 26.95 [ 54%] Building CXX object proto/CMakeFiles/monitor_proto.dir/query_api.pb.cc.o
#10 26.95 [ 56%] Building CXX object proto/CMakeFiles/monitor_proto.dir/cpu_load.grpc.pb.cc.o
#10 26.95 [ 58%] Building CXX object proto/CMakeFiles/monitor_proto.dir/monitor_info.grpc.pb.cc.o
#10 26.96 [ 60%] Building CXX object proto/CMakeFiles/monitor_proto.dir/cpu_softirq.grpc.pb.cc.o
#10 26.96 [ 62%] Building CXX object proto/CMakeFiles/monitor_proto.dir/mem_info.grpc.pb.cc.o
#10 26.96 [ 64%] Building CXX object proto/CMakeFiles/monitor_proto.dir/net_info.grpc.pb.cc.o
#10 26.96 [ 66%] Building CXX object proto/CMakeFiles/monitor_proto.dir/cpu_stat.grpc.pb.cc.o
#10 26.98 [ 68%] Building CXX object proto/CMakeFiles/monitor_proto.dir/disk_info.grpc.pb.cc.o
#10 29.52 [ 70%] Building CXX object proto/CMakeFiles/monitor_proto.dir/diagnostic.grpc.pb.cc.o
#10 29.57 [ 72%] Building CXX object proto/CMakeFiles/monitor_proto.dir/query_api.grpc.pb.cc.o
#10 33.38 [ 74%] Linking CXX static library libmonitor_proto.a
#10 33.52 [ 74%] Built target monitor_proto
#10 33.55 [ 84%] Building CXX object manager/CMakeFiles/manager.dir/src/main.cpp.o
#10 33.55 [ 84%] Building CXX object manager/CMakeFiles/manager.dir/src/persistence_worker.cpp.o
#10 33.55 [ 84%] Building CXX object manager/CMakeFiles/manager.dir/src/mysql_timeout_config.cpp.o
#10 33.55 [ 84%] Building CXX object manager/CMakeFiles/manager.dir/src/host_shard_executor.cpp.o
#10 33.55 [ 84%] Building CXX object manager/CMakeFiles/manager.dir/src/host_manager.cpp.o
#10 33.55 [ 86%] Building CXX object manager/CMakeFiles/manager.dir/src/diagnostics/root_cause_engine.cpp.o
#10 33.55 [ 88%] Building CXX object manager/CMakeFiles/manager.dir/src/diagnostics/evidence_builder.cpp.o
#10 33.55 [ 90%] Building CXX object manager/CMakeFiles/manager.dir/src/diagnostics/diagnostic_persistence.cpp.o
#10 33.55 [ 98%] Building CXX object manager/CMakeFiles/manager.dir/src/rpc/query_service.cpp.o
#10 33.55 [ 98%] Building CXX object manager/CMakeFiles/manager.dir/src/rpc/grpc_server.cpp.o
#10 33.55 [ 98%] Building CXX object manager/CMakeFiles/manager.dir/src/query_manager.cpp.o
#10 33.55 [ 98%] Building CXX object manager/CMakeFiles/manager.dir/src/diagnostics/incident_store.cpp.o
#10 37.60 [100%] Linking CXX executable manager
#10 38.41 [100%] Built target manager
#10 38.53 [ 94%] Built target monitor_proto
#10 38.56 [ 97%] Building CXX object benchmark/CMakeFiles/push_benchmark.dir/src/push_benchmark.cpp.o
#10 40.86 [100%] Linking CXX executable push_benchmark
#10 41.24 [100%] Built target push_benchmark
#10 DONE 41.3s

#11 exporting to image
#11 exporting layers
#11 exporting layers 9.8s done
#11 exporting manifest sha256:6c20b7808b7cf3b3688e8d2954150882b610ee1cf87e3ff9abb8a75df7d149af 0.0s done
#11 exporting config sha256:8465a8f54f4cdd7d44f42672cd11dd081d6c8ea099e07872ad867f98b995927e 0.0s done
#11 exporting attestation manifest sha256:7e39063dc53baef08ce8448524959d695a936e243257aeb3acdf67fdfa978005 0.0s done
#11 exporting manifest list sha256:4e0dbabdd29128b4ac0f1d803173ddae7adb5bdf832480f83deb36bade0c3a38 0.0s done
#11 naming to docker.io/library/monitor-system-benchmark:local done
#11 unpacking to docker.io/library/monitor-system-benchmark:local
#11 unpacking to docker.io/library/monitor-system-benchmark:local 1.9s done
#11 DONE 11.8s

#12 resolving provenance for metadata file
#12 DONE 0.0s
 Image monitor-system-benchmark:local Built
 Container manager-ab-ab-sharded-stagger-50-r1-20260818-mysql-1 Running
 Container manager-ab-ab-sharded-stagger-50-r1-20260818-manager-1 Creating
 Container manager-ab-ab-sharded-stagger-50-r1-20260818-manager-1 Created
 Container manager-ab-ab-sharded-stagger-50-r1-20260818-mysql-1 Waiting
 Container manager-ab-ab-sharded-stagger-50-r1-20260818-mysql-1 Healthy
 Container manager-ab-ab-sharded-stagger-50-r1-20260818-manager-1 Starting
 Container manager-ab-ab-sharded-stagger-50-r1-20260818-manager-1 Started
mysql: [Warning] Using a password on the command line interface can be insecure.
 Container manager-ab-ab-sharded-stagger-50-r1-20260818-manager-1 Stopping
 Container manager-ab-ab-sharded-stagger-50-r1-20260818-manager-1 Stopped
 Container manager-ab-ab-sharded-stagger-50-r1-20260818-manager-1 Stopping
 Container manager-ab-ab-sharded-stagger-50-r1-20260818-manager-1 Stopped
 Container manager-ab-ab-sharded-stagger-50-r1-20260818-manager-1 Removing
 Container manager-ab-ab-sharded-stagger-50-r1-20260818-manager-1 Removed
 Container manager-ab-ab-sharded-stagger-50-r1-20260818-mysql-1 Stopping
 Container manager-ab-ab-sharded-stagger-50-r1-20260818-mysql-1 Stopped
 Container manager-ab-ab-sharded-stagger-50-r1-20260818-mysql-1 Removing
 Container manager-ab-ab-sharded-stagger-50-r1-20260818-mysql-1 Removed
 Network manager-ab-ab-sharded-stagger-50-r1-20260818_default Removing
 Network manager-ab-ab-sharded-stagger-50-r1-20260818_default Removed
status=PASS
architecture=Sharded
repository=F:\chenyu_project\monitor_system
run_id=ab-sharded-stagger-50-r1-20260818
workers=50
duration_seconds=60
interval_ms=1000
arrival_model=stagger_start
total_samples=3000
successful_rpc=3000
failed_rpc=0
persisted_rows=3000
load_duration_sec=61.466
drain_duration_sec=0.468
total_completion_sec=62.258
accepted_reports_per_sec=48.187
processed_reports_per_sec=48.187
persisted_reports_per_sec=48.187
rpc_p50_us=644
rpc_p95_us=861
rpc_p99_us=1530
accepted=3000
queue_full=0
processed=3000
persistence_tasks=3000
persistence_rejected=0
queue_delay_samples=3000
queue_delay_total_us=206777
queue_delay_mean_us=68.93
max_queue_delay_us=298
max_shard_queue_depth=1
max_shard_queue_bytes=454
max_persistence_queue_depth=1
max_persistence_queue_bytes=742
manager_cpu_avg_percent=4.61
manager_cpu_peak_percent=5.16
manager_rss_avg_mib=15.24
manager_rss_peak_mib=15.57
mysql_cpu_avg_percent=16.83
mysql_cpu_peak_percent=21.65
mysql_rss_avg_mib=379.06
mysql_rss_peak_mib=381.7
result_csv_sha256=AE17D84A6083CCA9DFDF636158D2817DF8A08CFBF6697506273013DAD231BCE5
failure=
