 Network manager-ab-ab-legacy-stagger-50-r1-20260818_default Creating
 Network manager-ab-ab-legacy-stagger-50-r1-20260818_default Created
 Container manager-ab-ab-legacy-stagger-50-r1-20260818-mysql-1 Creating
 Container manager-ab-ab-legacy-stagger-50-r1-20260818-mysql-1 Created
 Container manager-ab-ab-legacy-stagger-50-r1-20260818-mysql-1 Starting
 Container manager-ab-ab-legacy-stagger-50-r1-20260818-mysql-1 Started
 Image monitor-system-benchmark:local Building
#1 [internal] load local bake definitions
#1 reading from stdin 610B 0.0s done
#1 DONE 0.0s

#2 [internal] load build definition from Dockerfile.benchmark
#2 transferring dockerfile: 761B 0.0s done
#2 DONE 0.0s

#3 [internal] load metadata for docker.io/library/python:3.13-slim
#3 DONE 0.1s

#4 [internal] load .dockerignore
#4 transferring context: 2B done
#4 DONE 0.0s

#5 [1/5] FROM docker.io/library/python:3.13-slim@sha256:6771159cd4fa5d9bba1258caf0b82e6b73458c694d178ad97c5e925c2d0e1a91
#5 resolve docker.io/library/python:3.13-slim@sha256:6771159cd4fa5d9bba1258caf0b82e6b73458c694d178ad97c5e925c2d0e1a91 0.0s done
#5 DONE 0.0s

#6 [internal] load build context
#6 transferring context: 33.76kB 0.0s done
#6 DONE 0.0s

#7 [2/5] RUN sed -i 's|http://deb.debian.org|https://deb.debian.org|g; s|http://security.debian.org|https://security.debian.org|g' /etc/apt/sources.list.d/debian.sources     && apt-get -o Acquire::Retries=3 update && apt-get -o Acquire::Retries=3 install -y --no-install-recommends     build-essential cmake pkg-config     libprotobuf-dev protobuf-compiler protobuf-compiler-grpc     libgrpc++-dev default-libmysqlclient-dev     && rm -rf /var/lib/apt/lists/*
#7 CACHED

#8 [3/5] WORKDIR /app
#8 CACHED

#9 [4/5] COPY . .
#9 DONE 0.2s

#10 [5/5] RUN cmake -S . -B build -DENABLE_EBPF=OFF -DBUILD_MANAGER=ON -DBUILD_BENCHMARK=ON     && cmake --build build --target manager push_benchmark -j"$(nproc)"
#10 0.695 -- The CXX compiler identification is GNU 14.2.0
#10 0.713 -- Detecting CXX compiler ABI info
#10 0.885 -- Detecting CXX compiler ABI info - done
#10 0.903 -- Check for working CXX compiler: /usr/bin/c++ - skipped
#10 0.903 -- Detecting CXX compile features
#10 0.905 -- Detecting CXX compile features - done
#10 1.098 -- Found Protobuf: /usr/lib/x86_64-linux-gnu/libprotobuf.so (found version "3.21.12")
#10 1.108 -- Found ZLIB: /usr/lib/x86_64-linux-gnu/libz.so (found version "1.3.1")
#10 1.176 -- Found OpenSSL: /usr/lib/x86_64-linux-gnu/libcrypto.so (found version "3.5.6")
#10 1.181 -- Found c-ares: /usr/lib/x86_64-linux-gnu/cmake/c-ares/c-ares-config.cmake (found version "1.34.5")
#10 1.184 -- Found Threads: TRUE
#10 1.206 -- Found PkgConfig: /usr/bin/pkg-config (found version "1.8.1")
#10 27.58 -- Found RE2 via pkg-config.
#10 27.64 -- Found RE2 via pkg-config.
#10 27.70 -- Found RE2 via pkg-config.
#10 27.70 -- Checking for module 'mysqlclient'
#10 27.72 --   Found mysqlclient, version 3.4.9
#10 27.76 -- MySQL support enabled
#10 27.76 -- Configuring done (27.2s)
#10 27.91 -- Generating done (0.1s)
#10 27.91 -- Build files have been written to: /app/build
#10 27.99 [  4%] Running grpc protocol buffer compiler on cpu_load.proto
#10 27.99 [  4%] Running cpp protocol buffer compiler on query_api.proto
#10 27.99 [ 10%] Running grpc protocol buffer compiler on cpu_stat.proto
#10 27.99 [ 10%] Running cpp protocol buffer compiler on cpu_softirq.proto
#10 27.99 [ 10%] Running grpc protocol buffer compiler on disk_info.proto
#10 28.00 [ 14%] Running cpp protocol buffer compiler on cpu_load.proto
#10 28.00 [ 17%] Running grpc protocol buffer compiler on diagnostic.proto
#10 28.00 [ 19%] Running cpp protocol buffer compiler on disk_info.proto
#10 28.00 [ 23%] Running grpc protocol buffer compiler on monitor_info.proto
#10 28.00 [ 23%] Running cpp protocol buffer compiler on cpu_stat.proto
#10 28.00 [ 25%] Running cpp protocol buffer compiler on mem_info.proto
#10 28.00 [ 27%] Running cpp protocol buffer compiler on diagnostic.proto
#10 28.00 [ 23%] Running grpc protocol buffer compiler on mem_info.proto
#10 28.00 [ 29%] Running grpc protocol buffer compiler on cpu_softirq.proto
#10 28.00 [ 31%] Running cpp protocol buffer compiler on monitor_info.proto
#10 28.01 [ 34%] Running grpc protocol buffer compiler on net_info.proto
#10 28.03 [ 36%] Running grpc protocol buffer compiler on query_api.proto
#10 28.04 [ 38%] Running cpp protocol buffer compiler on net_info.proto
#10 28.11 [ 48%] Building CXX object proto/CMakeFiles/monitor_proto.dir/net_info.pb.cc.o
#10 28.11 [ 48%] Building CXX object proto/CMakeFiles/monitor_proto.dir/cpu_load.pb.cc.o
#10 28.11 [ 48%] Building CXX object proto/CMakeFiles/monitor_proto.dir/cpu_softirq.pb.cc.o
#10 28.11 [ 48%] Building CXX object proto/CMakeFiles/monitor_proto.dir/cpu_stat.pb.cc.o
#10 28.11 [ 51%] Building CXX object proto/CMakeFiles/monitor_proto.dir/query_api.pb.cc.o
#10 28.11 [ 53%] Building CXX object proto/CMakeFiles/monitor_proto.dir/diagnostic.pb.cc.o
#10 28.11 [ 48%] Building CXX object proto/CMakeFiles/monitor_proto.dir/monitor_info.pb.cc.o
#10 28.11 [ 57%] Building CXX object proto/CMakeFiles/monitor_proto.dir/monitor_info.grpc.pb.cc.o
#10 28.11 [ 57%] Building CXX object proto/CMakeFiles/monitor_proto.dir/mem_info.pb.cc.o
#10 28.11 [ 59%] Building CXX object proto/CMakeFiles/monitor_proto.dir/cpu_load.grpc.pb.cc.o
#10 28.11 [ 63%] Building CXX object proto/CMakeFiles/monitor_proto.dir/cpu_softirq.grpc.pb.cc.o
#10 28.11 [ 63%] Building CXX object proto/CMakeFiles/monitor_proto.dir/cpu_stat.grpc.pb.cc.o
#10 28.11 [ 65%] Building CXX object proto/CMakeFiles/monitor_proto.dir/disk_info.pb.cc.o
#10 28.11 [ 68%] Building CXX object proto/CMakeFiles/monitor_proto.dir/mem_info.grpc.pb.cc.o
#10 28.12 [ 70%] Building CXX object proto/CMakeFiles/monitor_proto.dir/disk_info.grpc.pb.cc.o
#10 28.12 [ 72%] Building CXX object proto/CMakeFiles/monitor_proto.dir/net_info.grpc.pb.cc.o
#10 30.71 [ 74%] Building CXX object proto/CMakeFiles/monitor_proto.dir/diagnostic.grpc.pb.cc.o
#10 30.82 [ 76%] Building CXX object proto/CMakeFiles/monitor_proto.dir/query_api.grpc.pb.cc.o
#10 34.90 [ 78%] Linking CXX static library libmonitor_proto.a
#10 35.06 [ 78%] Built target monitor_proto
#10 35.09 [ 87%] Building CXX object manager/CMakeFiles/manager.dir/src/main.cpp.o
#10 35.09 [ 87%] Building CXX object manager/CMakeFiles/manager.dir/src/host_manager.cpp.o
#10 35.09 [ 87%] Building CXX object manager/CMakeFiles/manager.dir/src/diagnostics/root_cause_engine.cpp.o
#10 35.09 [ 87%] Building CXX object manager/CMakeFiles/manager.dir/src/diagnostics/evidence_builder.cpp.o
#10 35.09 [ 91%] Building CXX object manager/CMakeFiles/manager.dir/src/diagnostics/diagnostic_persistence.cpp.o
#10 35.09 [ 91%] Building CXX object manager/CMakeFiles/manager.dir/src/diagnostics/incident_store.cpp.o
#10 35.09 [ 93%] Building CXX object manager/CMakeFiles/manager.dir/src/query_manager.cpp.o
#10 35.09 [ 97%] Building CXX object manager/CMakeFiles/manager.dir/src/rpc/query_service.cpp.o
#10 35.09 [ 97%] Building CXX object manager/CMakeFiles/manager.dir/src/rpc/grpc_server.cpp.o
#10 39.11 [100%] Linking CXX executable manager
#10 39.80 [100%] Built target manager
#10 39.91 [ 94%] Built target monitor_proto
#10 39.94 [ 97%] Building CXX object benchmark/CMakeFiles/push_benchmark.dir/src/push_benchmark.cpp.o
#10 42.25 [100%] Linking CXX executable push_benchmark
#10 42.65 [100%] Built target push_benchmark
#10 DONE 42.7s

#11 exporting to image
#11 exporting layers
#11 exporting layers 0.6s done
#11 exporting manifest sha256:a7284474a1976c2d74cb9cf427fa830d4bb92fa1100fa201f1d93c88251164c0 0.0s done
#11 exporting config sha256:d52fb4ffc74f11f4c17d3dce62589cfa98d65e65da312a8720b3465b84336135 0.0s done
#11 exporting attestation manifest sha256:96023fdb4b74644dde2b4a1c4d4e23c57f35b3ae62ed06c3fba3d4dbd3820397 0.0s done
#11 exporting manifest list sha256:ac5b6ef2a47e43812778aff75b71f839dc4cd6a706936d860525bd23dbf4626f 0.0s done
#11 naming to docker.io/library/monitor-system-benchmark:local done
#11 unpacking to docker.io/library/monitor-system-benchmark:local
#11 unpacking to docker.io/library/monitor-system-benchmark:local 0.3s done
#11 DONE 1.0s

#12 resolving provenance for metadata file
#12 DONE 0.0s
 Image monitor-system-benchmark:local Built
 Container manager-ab-ab-legacy-stagger-50-r1-20260818-mysql-1 Running
 Container manager-ab-ab-legacy-stagger-50-r1-20260818-manager-1 Creating
 Container manager-ab-ab-legacy-stagger-50-r1-20260818-manager-1 Created
 Container manager-ab-ab-legacy-stagger-50-r1-20260818-mysql-1 Waiting
 Container manager-ab-ab-legacy-stagger-50-r1-20260818-mysql-1 Healthy
 Container manager-ab-ab-legacy-stagger-50-r1-20260818-manager-1 Starting
 Container manager-ab-ab-legacy-stagger-50-r1-20260818-manager-1 Started
mysql: [Warning] Using a password on the command line interface can be insecure.
 Container manager-ab-ab-legacy-stagger-50-r1-20260818-manager-1 Stopping
 Container manager-ab-ab-legacy-stagger-50-r1-20260818-manager-1 Stopped
 Container manager-ab-ab-legacy-stagger-50-r1-20260818-manager-1 Stopping
 Container manager-ab-ab-legacy-stagger-50-r1-20260818-manager-1 Stopped
 Container manager-ab-ab-legacy-stagger-50-r1-20260818-manager-1 Removing
 Container manager-ab-ab-legacy-stagger-50-r1-20260818-manager-1 Removed
 Container manager-ab-ab-legacy-stagger-50-r1-20260818-mysql-1 Stopping
 Container manager-ab-ab-legacy-stagger-50-r1-20260818-mysql-1 Stopped
 Container manager-ab-ab-legacy-stagger-50-r1-20260818-mysql-1 Removing
 Container manager-ab-ab-legacy-stagger-50-r1-20260818-mysql-1 Removed
 Network manager-ab-ab-legacy-stagger-50-r1-20260818_default Removing
 Network manager-ab-ab-legacy-stagger-50-r1-20260818_default Removed
status=PASS
architecture=Legacy
repository=F:\chenyu_project\monitor_system-legacy-5c29
run_id=ab-legacy-stagger-50-r1-20260818
workers=50
duration_seconds=60
interval_ms=1000
arrival_model=stagger_start
total_samples=3000
successful_rpc=3000
failed_rpc=0
persisted_rows=3000
load_duration_sec=61.474
drain_duration_sec=0.488
total_completion_sec=62.363
accepted_reports_per_sec=48.105
processed_reports_per_sec=N/A
persisted_reports_per_sec=48.105
rpc_p50_us=11838
rpc_p95_us=15290
rpc_p99_us=23305
accepted=N/A
queue_full=N/A
processed=N/A
persistence_tasks=N/A
persistence_rejected=N/A
queue_delay_samples=N/A
queue_delay_total_us=N/A
queue_delay_mean_us=N/A
max_queue_delay_us=N/A
max_shard_queue_depth=N/A
max_shard_queue_bytes=N/A
max_persistence_queue_depth=N/A
max_persistence_queue_bytes=N/A
manager_cpu_avg_percent=4.27
manager_cpu_peak_percent=4.65
manager_rss_avg_mib=9.34
manager_rss_peak_mib=9.51
mysql_cpu_avg_percent=16.78
mysql_cpu_peak_percent=20.23
mysql_rss_avg_mib=408.21
mysql_rss_peak_mib=410.3
result_csv_sha256=6E59659C4DE8B9928FAA8ACA6659B3DC71FF79325ED51984EC7445E6D6AF2A84
failure=
