 Network manager-ab-ab-sharded-burst-100-r3-20260818_default Creating
 Network manager-ab-ab-sharded-burst-100-r3-20260818_default Created
 Container manager-ab-ab-sharded-burst-100-r3-20260818-mysql-1 Creating
 Container manager-ab-ab-sharded-burst-100-r3-20260818-mysql-1 Created
 Container manager-ab-ab-sharded-burst-100-r3-20260818-mysql-1 Starting
 Container manager-ab-ab-sharded-burst-100-r3-20260818-mysql-1 Started
 Image monitor-system-benchmark:local Building
#1 [internal] load local bake definitions
#1 reading from stdin 586B 0.0s done
#1 DONE 0.0s

#2 [internal] load build definition from Dockerfile.benchmark
#2 transferring dockerfile: 747B done
#2 DONE 0.0s

#3 [internal] load metadata for docker.io/library/python:3.13-slim
#3 DONE 0.0s

#4 [internal] load .dockerignore
#4 transferring context: 2B done
#4 DONE 0.0s

#5 [1/5] FROM docker.io/library/python:3.13-slim@sha256:6771159cd4fa5d9bba1258caf0b82e6b73458c694d178ad97c5e925c2d0e1a91
#5 resolve docker.io/library/python:3.13-slim@sha256:6771159cd4fa5d9bba1258caf0b82e6b73458c694d178ad97c5e925c2d0e1a91 0.0s done
#5 DONE 0.0s

#6 [internal] load build context
#6 transferring context: 868.51kB 0.3s done
#6 DONE 0.3s

#7 [2/5] RUN sed -i 's|http://deb.debian.org|https://deb.debian.org|g; s|http://security.debian.org|https://security.debian.org|g' /etc/apt/sources.list.d/debian.sources     && apt-get -o Acquire::Retries=3 update && apt-get -o Acquire::Retries=3 install -y --no-install-recommends     build-essential cmake pkg-config     libprotobuf-dev protobuf-compiler protobuf-compiler-grpc     libgrpc++-dev default-libmysqlclient-dev     && rm -rf /var/lib/apt/lists/*
#7 CACHED

#8 [3/5] WORKDIR /app
#8 CACHED

#9 [4/5] COPY . .
#9 DONE 2.2s

#10 [5/5] RUN cmake -S . -B build -DENABLE_EBPF=OFF -DBUILD_MANAGER=ON -DBUILD_BENCHMARK=ON     && cmake --build build --target manager push_benchmark -j"$(nproc)"
#10 0.384 -- The CXX compiler identification is GNU 14.2.0
#10 0.402 -- Detecting CXX compiler ABI info
#10 0.565 -- Detecting CXX compiler ABI info - done
#10 0.581 -- Check for working CXX compiler: /usr/bin/c++ - skipped
#10 0.582 -- Detecting CXX compile features
#10 0.583 -- Detecting CXX compile features - done
#10 0.775 -- Found Protobuf: /usr/lib/x86_64-linux-gnu/libprotobuf.so (found version "3.21.12")
#10 0.786 -- Found ZLIB: /usr/lib/x86_64-linux-gnu/libz.so (found version "1.3.1")
#10 0.851 -- Found OpenSSL: /usr/lib/x86_64-linux-gnu/libcrypto.so (found version "3.5.6")
#10 0.856 -- Found c-ares: /usr/lib/x86_64-linux-gnu/cmake/c-ares/c-ares-config.cmake (found version "1.34.5")
#10 0.859 -- Found Threads: TRUE
#10 0.879 -- Found PkgConfig: /usr/bin/pkg-config (found version "1.8.1")
#10 27.13 -- Found RE2 via pkg-config.
#10 27.19 -- Found RE2 via pkg-config.
#10 27.24 -- Found RE2 via pkg-config.
#10 27.25 -- Checking for module 'mysqlclient'
#10 27.26 --   Found mysqlclient, version 3.4.9
#10 27.30 -- MySQL support enabled
#10 27.30 -- Configuring done (27.0s)
#10 27.43 -- Generating done (0.1s)
#10 27.43 -- Build files have been written to: /app/build
#10 27.51 [  2%] Running cpp protocol buffer compiler on query_api.proto
#10 27.51 [  6%] Running grpc protocol buffer compiler on cpu_load.proto
#10 27.51 [  6%] Running cpp protocol buffer compiler on cpu_load.proto
#10 27.51 [  8%] Running cpp protocol buffer compiler on cpu_softirq.proto
#10 27.51 [ 10%] Running grpc protocol buffer compiler on cpu_softirq.proto
#10 27.51 [ 12%] Running grpc protocol buffer compiler on cpu_stat.proto
#10 27.51 [ 14%] Running grpc protocol buffer compiler on diagnostic.proto
#10 27.51 [ 16%] Running cpp protocol buffer compiler on diagnostic.proto
#10 27.51 [ 18%] Running cpp protocol buffer compiler on cpu_stat.proto
#10 27.51 [ 20%] Running grpc protocol buffer compiler on disk_info.proto
#10 27.51 [ 22%] Running cpp protocol buffer compiler on disk_info.proto
#10 27.51 [ 24%] Running cpp protocol buffer compiler on mem_info.proto
#10 27.51 [ 26%] Running grpc protocol buffer compiler on mem_info.proto
#10 27.51 [ 28%] Running grpc protocol buffer compiler on monitor_info.proto
#10 27.52 [ 30%] Running cpp protocol buffer compiler on monitor_info.proto
#10 27.53 [ 32%] Running grpc protocol buffer compiler on net_info.proto
#10 27.54 [ 36%] Running grpc protocol buffer compiler on query_api.proto
#10 27.54 [ 36%] Running cpp protocol buffer compiler on net_info.proto
#10 27.61 [ 42%] Building CXX object proto/CMakeFiles/monitor_proto.dir/cpu_stat.pb.cc.o
#10 27.61 [ 40%] Building CXX object proto/CMakeFiles/monitor_proto.dir/mem_info.pb.cc.o
#10 27.61 [ 42%] Building CXX object proto/CMakeFiles/monitor_proto.dir/cpu_softirq.pb.cc.o
#10 27.61 [ 44%] Building CXX object proto/CMakeFiles/monitor_proto.dir/cpu_load.pb.cc.o
#10 27.62 [ 46%] Building CXX object proto/CMakeFiles/monitor_proto.dir/disk_info.pb.cc.o
#10 27.62 [ 50%] Building CXX object proto/CMakeFiles/monitor_proto.dir/diagnostic.pb.cc.o
#10 27.62 [ 50%] Building CXX object proto/CMakeFiles/monitor_proto.dir/net_info.pb.cc.o
#10 27.62 [ 52%] Building CXX object proto/CMakeFiles/monitor_proto.dir/monitor_info.pb.cc.o
#10 27.62 [ 56%] Building CXX object proto/CMakeFiles/monitor_proto.dir/query_api.pb.cc.o
#10 27.62 [ 56%] Building CXX object proto/CMakeFiles/monitor_proto.dir/monitor_info.grpc.pb.cc.o
#10 27.62 [ 58%] Building CXX object proto/CMakeFiles/monitor_proto.dir/cpu_stat.grpc.pb.cc.o
#10 27.62 [ 60%] Building CXX object proto/CMakeFiles/monitor_proto.dir/cpu_load.grpc.pb.cc.o
#10 27.62 [ 64%] Building CXX object proto/CMakeFiles/monitor_proto.dir/cpu_softirq.grpc.pb.cc.o
#10 27.62 [ 64%] Building CXX object proto/CMakeFiles/monitor_proto.dir/net_info.grpc.pb.cc.o
#10 27.62 [ 66%] Building CXX object proto/CMakeFiles/monitor_proto.dir/mem_info.grpc.pb.cc.o
#10 27.63 [ 68%] Building CXX object proto/CMakeFiles/monitor_proto.dir/disk_info.grpc.pb.cc.o
#10 31.76 [ 70%] Building CXX object proto/CMakeFiles/monitor_proto.dir/diagnostic.grpc.pb.cc.o
#10 31.79 [ 72%] Building CXX object proto/CMakeFiles/monitor_proto.dir/query_api.grpc.pb.cc.o
#10 36.46 [ 74%] Linking CXX static library libmonitor_proto.a
#10 36.60 [ 74%] Built target monitor_proto
#10 36.63 [ 78%] Building CXX object manager/CMakeFiles/manager.dir/src/host_shard_executor.cpp.o
#10 36.63 [ 78%] Building CXX object manager/CMakeFiles/manager.dir/src/main.cpp.o
#10 36.63 [ 80%] Building CXX object manager/CMakeFiles/manager.dir/src/diagnostics/evidence_builder.cpp.o
#10 36.63 [ 82%] Building CXX object manager/CMakeFiles/manager.dir/src/mysql_timeout_config.cpp.o
#10 36.64 [ 84%] Building CXX object manager/CMakeFiles/manager.dir/src/host_manager.cpp.o
#10 36.64 [ 86%] Building CXX object manager/CMakeFiles/manager.dir/src/persistence_worker.cpp.o
#10 36.64 [ 88%] Building CXX object manager/CMakeFiles/manager.dir/src/diagnostics/root_cause_engine.cpp.o
#10 36.64 [ 90%] Building CXX object manager/CMakeFiles/manager.dir/src/diagnostics/incident_store.cpp.o
#10 36.64 [ 92%] Building CXX object manager/CMakeFiles/manager.dir/src/query_manager.cpp.o
#10 36.64 [ 96%] Building CXX object manager/CMakeFiles/manager.dir/src/diagnostics/diagnostic_persistence.cpp.o
#10 36.64 [ 96%] Building CXX object manager/CMakeFiles/manager.dir/src/rpc/query_service.cpp.o
#10 36.64 [ 98%] Building CXX object manager/CMakeFiles/manager.dir/src/rpc/grpc_server.cpp.o
#10 40.96 [100%] Linking CXX executable manager
#10 41.74 [100%] Built target manager
#10 41.86 [ 94%] Built target monitor_proto
#10 41.90 [ 97%] Building CXX object benchmark/CMakeFiles/push_benchmark.dir/src/push_benchmark.cpp.o
#10 44.23 [100%] Linking CXX executable push_benchmark
#10 44.62 [100%] Built target push_benchmark
#10 DONE 44.7s

#11 exporting to image
#11 exporting layers
#11 exporting layers 11.4s done
#11 exporting manifest sha256:abbac2c0848c6f0c547dd885a46a2202ab6e322b7d94f3eab5b717c20c995fd9 0.0s done
#11 exporting config sha256:5d8f55608b129205f07703a0a65e8b958bdb6e58702c547b1f64961c5f923926 0.0s done
#11 exporting attestation manifest sha256:06472e1783fc15dc481423ee50d8fceff21dbfec57f1be048e34308bedb44fb4 0.0s done
#11 exporting manifest list sha256:387628346bad069c74668dd7578e1b881333192d690eaa9b3d1400a3107f6840 0.0s done
#11 naming to docker.io/library/monitor-system-benchmark:local done
#11 unpacking to docker.io/library/monitor-system-benchmark:local
#11 unpacking to docker.io/library/monitor-system-benchmark:local 2.4s done
#11 DONE 13.9s

#12 resolving provenance for metadata file
#12 DONE 0.0s
 Image monitor-system-benchmark:local Built
 Container manager-ab-ab-sharded-burst-100-r3-20260818-mysql-1 Running
 Container manager-ab-ab-sharded-burst-100-r3-20260818-manager-1 Creating
 Container manager-ab-ab-sharded-burst-100-r3-20260818-manager-1 Created
 Container manager-ab-ab-sharded-burst-100-r3-20260818-mysql-1 Waiting
 Container manager-ab-ab-sharded-burst-100-r3-20260818-mysql-1 Healthy
 Container manager-ab-ab-sharded-burst-100-r3-20260818-manager-1 Starting
 Container manager-ab-ab-sharded-burst-100-r3-20260818-manager-1 Started
mysql: [Warning] Using a password on the command line interface can be insecure.
mysql: [Warning] Using a password on the command line interface can be insecure.
mysql: [Warning] Using a password on the command line interface can be insecure.
mysql: [Warning] Using a password on the command line interface can be insecure.
mysql: [Warning] Using a password on the command line interface can be insecure.
mysql: [Warning] Using a password on the command line interface can be insecure.
mysql: [Warning] Using a password on the command line interface can be insecure.
mysql: [Warning] Using a password on the command line interface can be insecure.
 Container manager-ab-ab-sharded-burst-100-r3-20260818-manager-1 Stopping
 Container manager-ab-ab-sharded-burst-100-r3-20260818-manager-1 Stopped
 Container manager-ab-ab-sharded-burst-100-r3-20260818-manager-1 Stopping
 Container manager-ab-ab-sharded-burst-100-r3-20260818-manager-1 Stopped
 Container manager-ab-ab-sharded-burst-100-r3-20260818-manager-1 Removing
 Container manager-ab-ab-sharded-burst-100-r3-20260818-manager-1 Removed
 Container manager-ab-ab-sharded-burst-100-r3-20260818-mysql-1 Stopping
 Container manager-ab-ab-sharded-burst-100-r3-20260818-mysql-1 Stopped
 Container manager-ab-ab-sharded-burst-100-r3-20260818-mysql-1 Removing
 Container manager-ab-ab-sharded-burst-100-r3-20260818-mysql-1 Removed
 Network manager-ab-ab-sharded-burst-100-r3-20260818_default Removing
 Network manager-ab-ab-sharded-burst-100-r3-20260818_default Removed
status=PASS
architecture=Sharded
repository=F:\chenyu_project\monitor_system
run_id=ab-sharded-burst-100-r3-20260818
workers=100
duration_seconds=60
interval_ms=1000
arrival_model=burst
total_samples=6000
successful_rpc=6000
failed_rpc=0
persisted_rows=6000
load_duration_sec=60.492
drain_duration_sec=10.203
total_completion_sec=71.075
accepted_reports_per_sec=84.418
processed_reports_per_sec=84.418
persisted_reports_per_sec=84.418
rpc_p50_us=5787
rpc_p95_us=9489
rpc_p99_us=24234
accepted=6000
queue_full=0
processed=6000
persistence_tasks=6000
persistence_rejected=0
queue_delay_samples=6000
queue_delay_total_us=519069
queue_delay_mean_us=86.51
max_queue_delay_us=1867
max_shard_queue_depth=5
max_shard_queue_bytes=2255
max_persistence_queue_depth=839
max_persistence_queue_bytes=619638
manager_cpu_avg_percent=6.95
manager_cpu_peak_percent=8.08
manager_rss_avg_mib=28.86
manager_rss_peak_mib=39.25
mysql_cpu_avg_percent=24.5
mysql_cpu_peak_percent=32.7
mysql_rss_avg_mib=414.06
mysql_rss_peak_mib=418.3
result_csv_sha256=870B909AC2A388188701F66A7A686D56DD24224E9AA4FD2A2E1E223AC0E7232C
failure=
