 Network manager-ab-ab-sharded-stagger-100-r2-20260818_default Creating
 Network manager-ab-ab-sharded-stagger-100-r2-20260818_default Created
 Container manager-ab-ab-sharded-stagger-100-r2-20260818-mysql-1 Creating
 Container manager-ab-ab-sharded-stagger-100-r2-20260818-mysql-1 Created
 Container manager-ab-ab-sharded-stagger-100-r2-20260818-mysql-1 Starting
 Container manager-ab-ab-sharded-stagger-100-r2-20260818-mysql-1 Started
 Image monitor-system-benchmark:local Building
#1 [internal] load local bake definitions
#1 reading from stdin 588B 0.0s done
#1 DONE 0.0s

#2 [internal] load build definition from Dockerfile.benchmark
#2 transferring dockerfile: 747B 0.0s done
#2 DONE 0.0s

#3 [internal] load metadata for docker.io/library/python:3.13-slim
#3 DONE 0.1s

#4 [internal] load .dockerignore
#4 transferring context: 2B done
#4 DONE 0.0s

#5 [1/5] FROM docker.io/library/python:3.13-slim@sha256:6771159cd4fa5d9bba1258caf0b82e6b73458c694d178ad97c5e925c2d0e1a91
#5 resolve docker.io/library/python:3.13-slim@sha256:6771159cd4fa5d9bba1258caf0b82e6b73458c694d178ad97c5e925c2d0e1a91 0.0s done
#5 DONE 0.0s

#6 [internal] load build context
#6 transferring context: 877.28kB 0.3s done
#6 DONE 0.4s

#7 [2/5] RUN sed -i 's|http://deb.debian.org|https://deb.debian.org|g; s|http://security.debian.org|https://security.debian.org|g' /etc/apt/sources.list.d/debian.sources     && apt-get -o Acquire::Retries=3 update && apt-get -o Acquire::Retries=3 install -y --no-install-recommends     build-essential cmake pkg-config     libprotobuf-dev protobuf-compiler protobuf-compiler-grpc     libgrpc++-dev default-libmysqlclient-dev     && rm -rf /var/lib/apt/lists/*
#7 CACHED

#8 [3/5] WORKDIR /app
#8 CACHED

#9 [4/5] COPY . .
#9 DONE 7.0s

#10 [5/5] RUN cmake -S . -B build -DENABLE_EBPF=OFF -DBUILD_MANAGER=ON -DBUILD_BENCHMARK=ON     && cmake --build build --target manager push_benchmark -j"$(nproc)"
#10 1.019 -- The CXX compiler identification is GNU 14.2.0
#10 1.040 -- Detecting CXX compiler ABI info
#10 1.226 -- Detecting CXX compiler ABI info - done
#10 1.244 -- Check for working CXX compiler: /usr/bin/c++ - skipped
#10 1.245 -- Detecting CXX compile features
#10 1.246 -- Detecting CXX compile features - done
#10 1.487 -- Found Protobuf: /usr/lib/x86_64-linux-gnu/libprotobuf.so (found version "3.21.12")
#10 1.498 -- Found ZLIB: /usr/lib/x86_64-linux-gnu/libz.so (found version "1.3.1")
#10 1.568 -- Found OpenSSL: /usr/lib/x86_64-linux-gnu/libcrypto.so (found version "3.5.6")
#10 1.572 -- Found c-ares: /usr/lib/x86_64-linux-gnu/cmake/c-ares/c-ares-config.cmake (found version "1.34.5")
#10 1.576 -- Found Threads: TRUE
#10 1.600 -- Found PkgConfig: /usr/bin/pkg-config (found version "1.8.1")
#10 27.59 -- Found RE2 via pkg-config.
#10 27.65 -- Found RE2 via pkg-config.
#10 27.70 -- Found RE2 via pkg-config.
#10 27.71 -- Checking for module 'mysqlclient'
#10 27.73 --   Found mysqlclient, version 3.4.9
#10 27.76 -- MySQL support enabled
#10 27.77 -- Configuring done (26.9s)
#10 27.91 -- Generating done (0.1s)
#10 27.91 -- Build files have been written to: /app/build
#10 28.00 [  8%] Running cpp protocol buffer compiler on cpu_load.proto
#10 28.00 [  8%] Running cpp protocol buffer compiler on query_api.proto
#10 28.00 [ 10%] Running cpp protocol buffer compiler on cpu_softirq.proto
#10 28.00 [ 12%] Running cpp protocol buffer compiler on cpu_stat.proto
#10 28.00 [ 12%] Running grpc protocol buffer compiler on cpu_softirq.proto
#10 28.00 [ 10%] Running grpc protocol buffer compiler on cpu_load.proto
#10 28.00 [ 14%] Running grpc protocol buffer compiler on cpu_stat.proto
#10 28.00 [ 18%] Running grpc protocol buffer compiler on disk_info.proto
#10 28.00 [ 18%] Running grpc protocol buffer compiler on diagnostic.proto
#10 28.00 [ 20%] Running cpp protocol buffer compiler on diagnostic.proto
#10 28.00 [ 22%] Running cpp protocol buffer compiler on disk_info.proto
#10 28.00 [ 24%] Running cpp protocol buffer compiler on mem_info.proto
#10 28.00 [ 28%] Running grpc protocol buffer compiler on mem_info.proto
#10 28.00 [ 28%] Running grpc protocol buffer compiler on monitor_info.proto
#10 28.01 [ 32%] Running cpp protocol buffer compiler on monitor_info.proto
#10 28.01 [ 32%] Running grpc protocol buffer compiler on net_info.proto
#10 28.04 [ 36%] Running cpp protocol buffer compiler on net_info.proto
#10 28.04 [ 36%] Running grpc protocol buffer compiler on query_api.proto
#10 28.12 [ 38%] Building CXX object proto/CMakeFiles/monitor_proto.dir/cpu_load.pb.cc.o
#10 28.12 [ 44%] Building CXX object proto/CMakeFiles/monitor_proto.dir/cpu_softirq.pb.cc.o
#10 28.12 [ 44%] Building CXX object proto/CMakeFiles/monitor_proto.dir/cpu_stat.pb.cc.o
#10 28.12 [ 44%] Building CXX object proto/CMakeFiles/monitor_proto.dir/monitor_info.pb.cc.o
#10 28.13 [ 48%] Building CXX object proto/CMakeFiles/monitor_proto.dir/net_info.pb.cc.o
#10 28.13 [ 52%] Building CXX object proto/CMakeFiles/monitor_proto.dir/query_api.pb.cc.o
#10 28.13 [ 58%] Building CXX object proto/CMakeFiles/monitor_proto.dir/cpu_stat.grpc.pb.cc.o
#10 28.13 [ 62%] Building CXX object proto/CMakeFiles/monitor_proto.dir/diagnostic.pb.cc.o
#10 28.13 [ 48%] Building CXX object proto/CMakeFiles/monitor_proto.dir/disk_info.pb.cc.o
#10 28.13 [ 62%] Building CXX object proto/CMakeFiles/monitor_proto.dir/cpu_load.grpc.pb.cc.o
#10 28.13 [ 62%] Building CXX object proto/CMakeFiles/monitor_proto.dir/cpu_softirq.grpc.pb.cc.o
#10 28.13 [ 56%] Building CXX object proto/CMakeFiles/monitor_proto.dir/mem_info.pb.cc.o
#10 28.13 [ 64%] Building CXX object proto/CMakeFiles/monitor_proto.dir/mem_info.grpc.pb.cc.o
#10 28.13 [ 62%] Building CXX object proto/CMakeFiles/monitor_proto.dir/monitor_info.grpc.pb.cc.o
#10 28.13 [ 66%] Building CXX object proto/CMakeFiles/monitor_proto.dir/net_info.grpc.pb.cc.o
#10 28.14 [ 68%] Building CXX object proto/CMakeFiles/monitor_proto.dir/disk_info.grpc.pb.cc.o
#10 31.86 [ 70%] Building CXX object proto/CMakeFiles/monitor_proto.dir/diagnostic.grpc.pb.cc.o
#10 31.87 [ 72%] Building CXX object proto/CMakeFiles/monitor_proto.dir/query_api.grpc.pb.cc.o
#10 36.19 [ 74%] Linking CXX static library libmonitor_proto.a
#10 36.33 [ 74%] Built target monitor_proto
#10 36.37 [ 86%] Building CXX object manager/CMakeFiles/manager.dir/src/host_shard_executor.cpp.o
#10 36.37 [ 88%] Building CXX object manager/CMakeFiles/manager.dir/src/host_manager.cpp.o
#10 36.37 [ 88%] Building CXX object manager/CMakeFiles/manager.dir/src/main.cpp.o
#10 36.37 [ 86%] Building CXX object manager/CMakeFiles/manager.dir/src/persistence_worker.cpp.o
#10 36.37 [ 88%] Building CXX object manager/CMakeFiles/manager.dir/src/query_manager.cpp.o
#10 36.37 [ 86%] Building CXX object manager/CMakeFiles/manager.dir/src/diagnostics/evidence_builder.cpp.o
#10 36.37 [ 90%] Building CXX object manager/CMakeFiles/manager.dir/src/diagnostics/root_cause_engine.cpp.o
#10 36.37 [ 92%] Building CXX object manager/CMakeFiles/manager.dir/src/diagnostics/diagnostic_persistence.cpp.o
#10 36.37 [ 94%] Building CXX object manager/CMakeFiles/manager.dir/src/rpc/query_service.cpp.o
#10 36.37 [ 96%] Building CXX object manager/CMakeFiles/manager.dir/src/rpc/grpc_server.cpp.o
#10 36.37 [ 88%] Building CXX object manager/CMakeFiles/manager.dir/src/diagnostics/incident_store.cpp.o
#10 36.37 [ 98%] Building CXX object manager/CMakeFiles/manager.dir/src/mysql_timeout_config.cpp.o
#10 40.45 [100%] Linking CXX executable manager
#10 41.17 [100%] Built target manager
#10 41.28 [ 94%] Built target monitor_proto
#10 41.31 [ 97%] Building CXX object benchmark/CMakeFiles/push_benchmark.dir/src/push_benchmark.cpp.o
#10 43.61 [100%] Linking CXX executable push_benchmark
#10 44.04 [100%] Built target push_benchmark
#10 DONE 44.1s

#11 exporting to image
#11 exporting layers
#11 exporting layers 10.9s done
#11 exporting manifest sha256:15a456ecaead84a7292b4a9e4a399d6c5d2924dda8deb53dec35d4011baf3f90 0.0s done
#11 exporting config sha256:7f3811dc7d1bec608003046297e11e4a156a68ce3c9b4f8514f82961cdef852a 0.0s done
#11 exporting attestation manifest sha256:3020a42450d08ce5ae1dc0231fba034cfd6def060766145703a35f25fd8dc9d7 0.0s done
#11 exporting manifest list sha256:f7f89864ad7f4a46377c69366d1c9ea302e0d5f54114e76a25adf9fe4ccf0c49 0.0s done
#11 naming to docker.io/library/monitor-system-benchmark:local done
#11 unpacking to docker.io/library/monitor-system-benchmark:local
#11 unpacking to docker.io/library/monitor-system-benchmark:local 2.2s done
#11 DONE 13.2s

#12 resolving provenance for metadata file
#12 DONE 0.0s
 Image monitor-system-benchmark:local Built
 Container manager-ab-ab-sharded-stagger-100-r2-20260818-mysql-1 Running
 Container manager-ab-ab-sharded-stagger-100-r2-20260818-manager-1 Creating
 Container manager-ab-ab-sharded-stagger-100-r2-20260818-manager-1 Created
 Container manager-ab-ab-sharded-stagger-100-r2-20260818-mysql-1 Waiting
 Container manager-ab-ab-sharded-stagger-100-r2-20260818-mysql-1 Healthy
 Container manager-ab-ab-sharded-stagger-100-r2-20260818-manager-1 Starting
 Container manager-ab-ab-sharded-stagger-100-r2-20260818-manager-1 Started
mysql: [Warning] Using a password on the command line interface can be insecure.
mysql: [Warning] Using a password on the command line interface can be insecure.
mysql: [Warning] Using a password on the command line interface can be insecure.
mysql: [Warning] Using a password on the command line interface can be insecure.
mysql: [Warning] Using a password on the command line interface can be insecure.
mysql: [Warning] Using a password on the command line interface can be insecure.
 Container manager-ab-ab-sharded-stagger-100-r2-20260818-manager-1 Stopping
 Container manager-ab-ab-sharded-stagger-100-r2-20260818-manager-1 Stopped
 Container manager-ab-ab-sharded-stagger-100-r2-20260818-manager-1 Stopping
 Container manager-ab-ab-sharded-stagger-100-r2-20260818-manager-1 Stopped
 Container manager-ab-ab-sharded-stagger-100-r2-20260818-manager-1 Removing
 Container manager-ab-ab-sharded-stagger-100-r2-20260818-manager-1 Removed
 Container manager-ab-ab-sharded-stagger-100-r2-20260818-mysql-1 Stopping
 Container manager-ab-ab-sharded-stagger-100-r2-20260818-mysql-1 Stopped
 Container manager-ab-ab-sharded-stagger-100-r2-20260818-mysql-1 Removing
 Container manager-ab-ab-sharded-stagger-100-r2-20260818-mysql-1 Removed
 Network manager-ab-ab-sharded-stagger-100-r2-20260818_default Removing
 Network manager-ab-ab-sharded-stagger-100-r2-20260818_default Removed
status=PASS
architecture=Sharded
repository=F:\chenyu_project\monitor_system
run_id=ab-sharded-stagger-100-r2-20260818
workers=100
duration_seconds=60
interval_ms=1000
arrival_model=stagger_start
total_samples=6000
successful_rpc=6000
failed_rpc=0
persisted_rows=6000
load_duration_sec=61.541
drain_duration_sec=7.583
total_completion_sec=69.49
accepted_reports_per_sec=86.343
processed_reports_per_sec=86.343
persisted_reports_per_sec=86.343
rpc_p50_us=624
rpc_p95_us=915
rpc_p99_us=1604
accepted=6000
queue_full=0
processed=6000
persistence_tasks=6000
persistence_rejected=0
queue_delay_samples=6000
queue_delay_total_us=419788
queue_delay_mean_us=69.96
max_queue_delay_us=876
max_shard_queue_depth=1
max_shard_queue_bytes=459
max_persistence_queue_depth=591
max_persistence_queue_bytes=440064
manager_cpu_avg_percent=7.7
manager_cpu_peak_percent=9.02
manager_rss_avg_mib=11.23
manager_rss_peak_mib=11.92
mysql_cpu_avg_percent=24.25
mysql_cpu_peak_percent=35.6
mysql_rss_avg_mib=414.94
mysql_rss_peak_mib=420.3
result_csv_sha256=FA7CFAF5E889F8519C00349003807D94FCD322D400144C6D1EA10C7D204F391C
failure=
