 Network manager-ab-ab-sharded-burst-10-r3-20260818_default Creating
 Network manager-ab-ab-sharded-burst-10-r3-20260818_default Created
 Container manager-ab-ab-sharded-burst-10-r3-20260818-mysql-1 Creating
 Container manager-ab-ab-sharded-burst-10-r3-20260818-mysql-1 Created
 Container manager-ab-ab-sharded-burst-10-r3-20260818-mysql-1 Starting
 Container manager-ab-ab-sharded-burst-10-r3-20260818-mysql-1 Started
 Image monitor-system-benchmark:local Building
#1 [internal] load local bake definitions
#1 reading from stdin 585B 0.0s done
#1 DONE 0.0s

#2 [internal] load build definition from Dockerfile.benchmark
#2 transferring dockerfile: 747B done
#2 DONE 0.0s

#3 [internal] load metadata for docker.io/library/python:3.13-slim
#3 DONE 0.1s

#4 [internal] load .dockerignore
#4 transferring context:
#4 transferring context: 2B done
#4 DONE 0.0s

#5 [1/5] FROM docker.io/library/python:3.13-slim@sha256:6771159cd4fa5d9bba1258caf0b82e6b73458c694d178ad97c5e925c2d0e1a91
#5 resolve docker.io/library/python:3.13-slim@sha256:6771159cd4fa5d9bba1258caf0b82e6b73458c694d178ad97c5e925c2d0e1a91 0.0s done
#5 DONE 0.0s

#6 [internal] load build context
#6 transferring context: 1.04MB 0.3s done
#6 DONE 0.3s

#7 [2/5] RUN sed -i 's|http://deb.debian.org|https://deb.debian.org|g; s|http://security.debian.org|https://security.debian.org|g' /etc/apt/sources.list.d/debian.sources     && apt-get -o Acquire::Retries=3 update && apt-get -o Acquire::Retries=3 install -y --no-install-recommends     build-essential cmake pkg-config     libprotobuf-dev protobuf-compiler protobuf-compiler-grpc     libgrpc++-dev default-libmysqlclient-dev     && rm -rf /var/lib/apt/lists/*
#7 CACHED

#8 [3/5] WORKDIR /app
#8 CACHED

#9 [4/5] COPY . .
#9 DONE 1.6s

#10 [5/5] RUN cmake -S . -B build -DENABLE_EBPF=OFF -DBUILD_MANAGER=ON -DBUILD_BENCHMARK=ON     && cmake --build build --target manager push_benchmark -j"$(nproc)"
#10 0.350 -- The CXX compiler identification is GNU 14.2.0
#10 0.365 -- Detecting CXX compiler ABI info
#10 0.493 -- Detecting CXX compiler ABI info - done
#10 0.509 -- Check for working CXX compiler: /usr/bin/c++ - skipped
#10 0.510 -- Detecting CXX compile features
#10 0.511 -- Detecting CXX compile features - done
#10 0.692 -- Found Protobuf: /usr/lib/x86_64-linux-gnu/libprotobuf.so (found version "3.21.12")
#10 0.702 -- Found ZLIB: /usr/lib/x86_64-linux-gnu/libz.so (found version "1.3.1")
#10 0.763 -- Found OpenSSL: /usr/lib/x86_64-linux-gnu/libcrypto.so (found version "3.5.6")
#10 0.767 -- Found c-ares: /usr/lib/x86_64-linux-gnu/cmake/c-ares/c-ares-config.cmake (found version "1.34.5")
#10 0.771 -- Found Threads: TRUE
#10 0.790 -- Found PkgConfig: /usr/bin/pkg-config (found version "1.8.1")
#10 26.73 -- Found RE2 via pkg-config.
#10 26.79 -- Found RE2 via pkg-config.
#10 26.84 -- Found RE2 via pkg-config.
#10 26.85 -- Checking for module 'mysqlclient'
#10 26.86 --   Found mysqlclient, version 3.4.9
#10 26.90 -- MySQL support enabled
#10 26.90 -- Configuring done (26.6s)
#10 27.02 -- Generating done (0.1s)
#10 27.03 -- Build files have been written to: /app/build
#10 27.11 [  6%] Running grpc protocol buffer compiler on cpu_stat.proto
#10 27.11 [  6%] Running grpc protocol buffer compiler on cpu_load.proto
#10 27.11 [  6%] Running grpc protocol buffer compiler on cpu_softirq.proto
#10 27.11 [ 10%] Running cpp protocol buffer compiler on query_api.proto
#10 27.11 [ 10%] Running cpp protocol buffer compiler on cpu_load.proto
#10 27.11 [ 12%] Running cpp protocol buffer compiler on cpu_softirq.proto
#10 27.11 [ 14%] Running cpp protocol buffer compiler on cpu_stat.proto
#10 27.11 [ 16%] Running grpc protocol buffer compiler on diagnostic.proto
#10 27.11 [ 18%] Running grpc protocol buffer compiler on disk_info.proto
#10 27.11 [ 20%] Running cpp protocol buffer compiler on disk_info.proto
#10 27.11 [ 22%] Running cpp protocol buffer compiler on mem_info.proto
#10 27.11 [ 24%] Running grpc protocol buffer compiler on mem_info.proto
#10 27.12 [ 26%] Running cpp protocol buffer compiler on diagnostic.proto
#10 27.12 [ 28%] Running cpp protocol buffer compiler on monitor_info.proto
#10 27.12 [ 30%] Running grpc protocol buffer compiler on monitor_info.proto
#10 27.13 [ 32%] Running grpc protocol buffer compiler on net_info.proto
#10 27.14 [ 34%] Running cpp protocol buffer compiler on net_info.proto
#10 27.14 [ 36%] Running grpc protocol buffer compiler on query_api.proto
#10 27.21 [ 44%] Building CXX object proto/CMakeFiles/monitor_proto.dir/cpu_softirq.pb.cc.o
#10 27.21 [ 44%] Building CXX object proto/CMakeFiles/monitor_proto.dir/monitor_info.pb.cc.o
#10 27.21 [ 44%] Building CXX object proto/CMakeFiles/monitor_proto.dir/cpu_load.pb.cc.o
#10 27.21 [ 44%] Building CXX object proto/CMakeFiles/monitor_proto.dir/cpu_stat.pb.cc.o
#10 27.21 [ 46%] Building CXX object proto/CMakeFiles/monitor_proto.dir/mem_info.pb.cc.o
#10 27.22 [ 50%] Building CXX object proto/CMakeFiles/monitor_proto.dir/diagnostic.pb.cc.o
#10 27.22 [ 50%] Building CXX object proto/CMakeFiles/monitor_proto.dir/monitor_info.grpc.pb.cc.o
#10 27.22 [ 52%] Building CXX object proto/CMakeFiles/monitor_proto.dir/query_api.pb.cc.o
#10 27.22 [ 54%] Building CXX object proto/CMakeFiles/monitor_proto.dir/net_info.pb.cc.o
#10 27.22 [ 58%] Building CXX object proto/CMakeFiles/monitor_proto.dir/cpu_load.grpc.pb.cc.o
#10 27.22 [ 58%] Building CXX object proto/CMakeFiles/monitor_proto.dir/mem_info.grpc.pb.cc.o
#10 27.22 [ 62%] Building CXX object proto/CMakeFiles/monitor_proto.dir/cpu_softirq.grpc.pb.cc.o
#10 27.22 [ 60%] Building CXX object proto/CMakeFiles/monitor_proto.dir/cpu_stat.grpc.pb.cc.o
#10 27.22 [ 64%] Building CXX object proto/CMakeFiles/monitor_proto.dir/disk_info.pb.cc.o
#10 27.22 [ 66%] Building CXX object proto/CMakeFiles/monitor_proto.dir/net_info.grpc.pb.cc.o
#10 27.23 [ 68%] Building CXX object proto/CMakeFiles/monitor_proto.dir/disk_info.grpc.pb.cc.o
#10 31.19 [ 72%] Building CXX object proto/CMakeFiles/monitor_proto.dir/query_api.grpc.pb.cc.o
#10 31.19 [ 72%] Building CXX object proto/CMakeFiles/monitor_proto.dir/diagnostic.grpc.pb.cc.o
#10 35.79 [ 74%] Linking CXX static library libmonitor_proto.a
#10 35.94 [ 74%] Built target monitor_proto
#10 35.98 [ 80%] Building CXX object manager/CMakeFiles/manager.dir/src/persistence_worker.cpp.o
#10 35.98 [ 84%] Building CXX object manager/CMakeFiles/manager.dir/src/host_shard_executor.cpp.o
#10 35.98 [ 92%] Building CXX object manager/CMakeFiles/manager.dir/src/query_manager.cpp.o
#10 35.98 [ 92%] Building CXX object manager/CMakeFiles/manager.dir/src/diagnostics/incident_store.cpp.o
#10 35.98 [ 92%] Building CXX object manager/CMakeFiles/manager.dir/src/mysql_timeout_config.cpp.o
#10 35.98 [ 94%] Building CXX object manager/CMakeFiles/manager.dir/src/diagnostics/diagnostic_persistence.cpp.o
#10 35.98 [ 80%] Building CXX object manager/CMakeFiles/manager.dir/src/host_manager.cpp.o
#10 35.98 [ 94%] Building CXX object manager/CMakeFiles/manager.dir/src/main.cpp.o
#10 35.98 [ 94%] Building CXX object manager/CMakeFiles/manager.dir/src/diagnostics/root_cause_engine.cpp.o
#10 35.98 [ 94%] Building CXX object manager/CMakeFiles/manager.dir/src/diagnostics/evidence_builder.cpp.o
#10 35.98 [ 96%] Building CXX object manager/CMakeFiles/manager.dir/src/rpc/grpc_server.cpp.o
#10 35.98 [ 98%] Building CXX object manager/CMakeFiles/manager.dir/src/rpc/query_service.cpp.o
#10 40.14 [100%] Linking CXX executable manager
#10 40.98 [100%] Built target manager
#10 41.09 [ 94%] Built target monitor_proto
#10 41.12 [ 97%] Building CXX object benchmark/CMakeFiles/push_benchmark.dir/src/push_benchmark.cpp.o
#10 43.48 [100%] Linking CXX executable push_benchmark
#10 43.91 [100%] Built target push_benchmark
#10 DONE 44.0s

#11 exporting to image
#11 exporting layers
#11 exporting layers 11.4s done
#11 exporting manifest sha256:d08bd98bdec6158d6efaa43d191f8992e5abd8e50f42da36b49c1a37722caac2 0.0s done
#11 exporting config sha256:39c30709b078e9b1c7b4de7789514467e2eaec0bffd0fea485e3191c8c043ae2 0.0s done
#11 exporting attestation manifest sha256:684c7fe6faef1d1331464d09b0a8e6dee1f0c9fc9ea2623f1745e214260d34e1 0.0s done
#11 exporting manifest list sha256:320d4244d8bc50cdafac903c64d3b0600d7d5d540462d13ae61f7bdf291b87df 0.0s done
#11 naming to docker.io/library/monitor-system-benchmark:local done
#11 unpacking to docker.io/library/monitor-system-benchmark:local
#11 unpacking to docker.io/library/monitor-system-benchmark:local 2.4s done
#11 DONE 14.0s

#12 resolving provenance for metadata file
#12 DONE 0.0s
 Image monitor-system-benchmark:local Built
 Container manager-ab-ab-sharded-burst-10-r3-20260818-mysql-1 Running
 Container manager-ab-ab-sharded-burst-10-r3-20260818-manager-1 Creating
 Container manager-ab-ab-sharded-burst-10-r3-20260818-manager-1 Created
 Container manager-ab-ab-sharded-burst-10-r3-20260818-mysql-1 Waiting
 Container manager-ab-ab-sharded-burst-10-r3-20260818-mysql-1 Healthy
 Container manager-ab-ab-sharded-burst-10-r3-20260818-manager-1 Starting
 Container manager-ab-ab-sharded-burst-10-r3-20260818-manager-1 Started
mysql: [Warning] Using a password on the command line interface can be insecure.
 Container manager-ab-ab-sharded-burst-10-r3-20260818-manager-1 Stopping
 Container manager-ab-ab-sharded-burst-10-r3-20260818-manager-1 Stopped
 Container manager-ab-ab-sharded-burst-10-r3-20260818-manager-1 Stopping
 Container manager-ab-ab-sharded-burst-10-r3-20260818-manager-1 Stopped
 Container manager-ab-ab-sharded-burst-10-r3-20260818-manager-1 Removing
 Container manager-ab-ab-sharded-burst-10-r3-20260818-manager-1 Removed
 Container manager-ab-ab-sharded-burst-10-r3-20260818-mysql-1 Stopping
 Container manager-ab-ab-sharded-burst-10-r3-20260818-mysql-1 Stopped
 Container manager-ab-ab-sharded-burst-10-r3-20260818-mysql-1 Removing
 Container manager-ab-ab-sharded-burst-10-r3-20260818-mysql-1 Removed
 Network manager-ab-ab-sharded-burst-10-r3-20260818_default Removing
 Network manager-ab-ab-sharded-burst-10-r3-20260818_default Removed
status=PASS
architecture=Sharded
repository=F:\chenyu_project\monitor_system
run_id=ab-sharded-burst-10-r3-20260818
workers=10
duration_seconds=60
interval_ms=1000
arrival_model=burst
total_samples=600
successful_rpc=600
failed_rpc=0
persisted_rows=600
load_duration_sec=60.446
drain_duration_sec=0.547
total_completion_sec=61.357
accepted_reports_per_sec=9.779
processed_reports_per_sec=9.779
persisted_reports_per_sec=9.779
rpc_p50_us=1276
rpc_p95_us=1629
rpc_p99_us=7988
accepted=600
queue_full=0
processed=600
persistence_tasks=600
persistence_rejected=0
queue_delay_samples=600
queue_delay_total_us=43534
queue_delay_mean_us=72.56
max_queue_delay_us=294
max_shard_queue_depth=2
max_shard_queue_bytes=886
max_persistence_queue_depth=9
max_persistence_queue_bytes=6581
manager_cpu_avg_percent=1.05
manager_cpu_peak_percent=1.48
manager_rss_avg_mib=20.34
manager_rss_peak_mib=20.89
mysql_cpu_avg_percent=4.4
mysql_cpu_peak_percent=7.12
mysql_rss_avg_mib=388.13
mysql_rss_peak_mib=388.7
result_csv_sha256=140121327C866A6A3BA646D986669E66F6618FA70894499C051252A883BBB392
failure=
