 Network manager-ab-ab-sharded-burst-75-r3-20260818_default Creating
 Network manager-ab-ab-sharded-burst-75-r3-20260818_default Created
 Container manager-ab-ab-sharded-burst-75-r3-20260818-mysql-1 Creating
 Container manager-ab-ab-sharded-burst-75-r3-20260818-mysql-1 Created
 Container manager-ab-ab-sharded-burst-75-r3-20260818-mysql-1 Starting
 Container manager-ab-ab-sharded-burst-75-r3-20260818-mysql-1 Started
 Image monitor-system-benchmark:local Building
#1 [internal] load local bake definitions
#1 reading from stdin 585B 0.0s done
#1 DONE 0.0s

#2 [internal] load build definition from Dockerfile.benchmark
#2 transferring dockerfile: 747B done
#2 DONE 0.0s

#3 [internal] load metadata for docker.io/library/python:3.13-slim
#3 DONE 0.1s

#4 [internal] load .dockerignore
#4 transferring context: 2B done
#4 DONE 0.0s

#5 [1/5] FROM docker.io/library/python:3.13-slim@sha256:6771159cd4fa5d9bba1258caf0b82e6b73458c694d178ad97c5e925c2d0e1a91
#5 resolve docker.io/library/python:3.13-slim@sha256:6771159cd4fa5d9bba1258caf0b82e6b73458c694d178ad97c5e925c2d0e1a91 0.0s done
#5 DONE 0.0s

#6 [internal] load build context
#6 transferring context: 699.78kB 0.3s done
#6 DONE 0.3s

#7 [2/5] RUN sed -i 's|http://deb.debian.org|https://deb.debian.org|g; s|http://security.debian.org|https://security.debian.org|g' /etc/apt/sources.list.d/debian.sources     && apt-get -o Acquire::Retries=3 update && apt-get -o Acquire::Retries=3 install -y --no-install-recommends     build-essential cmake pkg-config     libprotobuf-dev protobuf-compiler protobuf-compiler-grpc     libgrpc++-dev default-libmysqlclient-dev     && rm -rf /var/lib/apt/lists/*
#7 CACHED

#8 [3/5] WORKDIR /app
#8 CACHED

#9 [4/5] COPY . .
#9 DONE 4.5s

#10 [5/5] RUN cmake -S . -B build -DENABLE_EBPF=OFF -DBUILD_MANAGER=ON -DBUILD_BENCHMARK=ON     && cmake --build build --target manager push_benchmark -j"$(nproc)"
#10 0.574 -- The CXX compiler identification is GNU 14.2.0
#10 0.589 -- Detecting CXX compiler ABI info
#10 0.723 -- Detecting CXX compiler ABI info - done
#10 0.740 -- Check for working CXX compiler: /usr/bin/c++ - skipped
#10 0.740 -- Detecting CXX compile features
#10 0.741 -- Detecting CXX compile features - done
#10 0.923 -- Found Protobuf: /usr/lib/x86_64-linux-gnu/libprotobuf.so (found version "3.21.12")
#10 0.932 -- Found ZLIB: /usr/lib/x86_64-linux-gnu/libz.so (found version "1.3.1")
#10 0.994 -- Found OpenSSL: /usr/lib/x86_64-linux-gnu/libcrypto.so (found version "3.5.6")
#10 0.998 -- Found c-ares: /usr/lib/x86_64-linux-gnu/cmake/c-ares/c-ares-config.cmake (found version "1.34.5")
#10 1.001 -- Found Threads: TRUE
#10 1.022 -- Found PkgConfig: /usr/bin/pkg-config (found version "1.8.1")
#10 26.98 -- Found RE2 via pkg-config.
#10 27.04 -- Found RE2 via pkg-config.
#10 27.09 -- Found RE2 via pkg-config.
#10 27.10 -- Checking for module 'mysqlclient'
#10 27.12 --   Found mysqlclient, version 3.4.9
#10 27.16 -- MySQL support enabled
#10 27.16 -- Configuring done (26.7s)
#10 27.28 -- Generating done (0.1s)
#10 27.28 -- Build files have been written to: /app/build
#10 27.37 [  4%] Running grpc protocol buffer compiler on cpu_load.proto
#10 27.37 [  4%] Running grpc protocol buffer compiler on cpu_softirq.proto
#10 27.37 [  8%] Running grpc protocol buffer compiler on cpu_stat.proto
#10 27.37 [  8%] Running cpp protocol buffer compiler on cpu_softirq.proto
#10 27.37 [ 10%] Running cpp protocol buffer compiler on cpu_load.proto
#10 27.37 [ 12%] Running cpp protocol buffer compiler on cpu_stat.proto
#10 27.37 [ 14%] Running grpc protocol buffer compiler on diagnostic.proto
#10 27.37 [ 16%] Running grpc protocol buffer compiler on disk_info.proto
#10 27.37 [ 20%] Running cpp protocol buffer compiler on query_api.proto
#10 27.37 [ 22%] Running cpp protocol buffer compiler on mem_info.proto
#10 27.37 [ 20%] Running cpp protocol buffer compiler on diagnostic.proto
#10 27.37 [ 24%] Running grpc protocol buffer compiler on mem_info.proto
#10 27.38 [ 26%] Running grpc protocol buffer compiler on monitor_info.proto
#10 27.38 [ 28%] Running cpp protocol buffer compiler on disk_info.proto
#10 27.39 [ 30%] Running cpp protocol buffer compiler on monitor_info.proto
#10 27.40 [ 32%] Running grpc protocol buffer compiler on net_info.proto
#10 27.41 [ 34%] Running cpp protocol buffer compiler on net_info.proto
#10 27.42 [ 36%] Running grpc protocol buffer compiler on query_api.proto
#10 27.50 [ 38%] Building CXX object proto/CMakeFiles/monitor_proto.dir/cpu_load.pb.cc.o
#10 27.50 [ 42%] Building CXX object proto/CMakeFiles/monitor_proto.dir/net_info.pb.cc.o
#10 27.50 [ 42%] Building CXX object proto/CMakeFiles/monitor_proto.dir/cpu_stat.pb.cc.o
#10 27.50 [ 44%] Building CXX object proto/CMakeFiles/monitor_proto.dir/monitor_info.pb.cc.o
#10 27.50 [ 56%] Building CXX object proto/CMakeFiles/monitor_proto.dir/mem_info.pb.cc.o
#10 27.50 [ 56%] Building CXX object proto/CMakeFiles/monitor_proto.dir/monitor_info.grpc.pb.cc.o
#10 27.50 [ 58%] Building CXX object proto/CMakeFiles/monitor_proto.dir/cpu_softirq.grpc.pb.cc.o
#10 27.50 [ 54%] Building CXX object proto/CMakeFiles/monitor_proto.dir/disk_info.pb.cc.o
#10 27.50 [ 56%] Building CXX object proto/CMakeFiles/monitor_proto.dir/diagnostic.pb.cc.o
#10 27.50 [ 58%] Building CXX object proto/CMakeFiles/monitor_proto.dir/query_api.pb.cc.o
#10 27.50 [ 54%] Building CXX object proto/CMakeFiles/monitor_proto.dir/cpu_softirq.pb.cc.o
#10 27.51 [ 64%] Building CXX object proto/CMakeFiles/monitor_proto.dir/cpu_stat.grpc.pb.cc.o
#10 27.51 [ 64%] Building CXX object proto/CMakeFiles/monitor_proto.dir/cpu_load.grpc.pb.cc.o
#10 27.51 [ 64%] Building CXX object proto/CMakeFiles/monitor_proto.dir/mem_info.grpc.pb.cc.o
#10 27.52 [ 66%] Building CXX object proto/CMakeFiles/monitor_proto.dir/net_info.grpc.pb.cc.o
#10 27.53 [ 68%] Building CXX object proto/CMakeFiles/monitor_proto.dir/disk_info.grpc.pb.cc.o
#10 30.68 [ 70%] Building CXX object proto/CMakeFiles/monitor_proto.dir/diagnostic.grpc.pb.cc.o
#10 30.82 [ 72%] Building CXX object proto/CMakeFiles/monitor_proto.dir/query_api.grpc.pb.cc.o
#10 35.01 [ 74%] Linking CXX static library libmonitor_proto.a
#10 35.15 [ 74%] Built target monitor_proto
#10 35.18 [ 80%] Building CXX object manager/CMakeFiles/manager.dir/src/host_manager.cpp.o
#10 35.18 [ 80%] Building CXX object manager/CMakeFiles/manager.dir/src/host_shard_executor.cpp.o
#10 35.18 [ 80%] Building CXX object manager/CMakeFiles/manager.dir/src/main.cpp.o
#10 35.18 [ 82%] Building CXX object manager/CMakeFiles/manager.dir/src/mysql_timeout_config.cpp.o
#10 35.18 [ 84%] Building CXX object manager/CMakeFiles/manager.dir/src/persistence_worker.cpp.o
#10 35.18 [ 86%] Building CXX object manager/CMakeFiles/manager.dir/src/diagnostics/incident_store.cpp.o
#10 35.18 [ 88%] Building CXX object manager/CMakeFiles/manager.dir/src/diagnostics/root_cause_engine.cpp.o
#10 35.18 [ 90%] Building CXX object manager/CMakeFiles/manager.dir/src/diagnostics/evidence_builder.cpp.o
#10 35.18 [ 92%] Building CXX object manager/CMakeFiles/manager.dir/src/query_manager.cpp.o
#10 35.18 [ 96%] Building CXX object manager/CMakeFiles/manager.dir/src/diagnostics/diagnostic_persistence.cpp.o
#10 35.18 [ 96%] Building CXX object manager/CMakeFiles/manager.dir/src/rpc/grpc_server.cpp.o
#10 35.18 [ 98%] Building CXX object manager/CMakeFiles/manager.dir/src/rpc/query_service.cpp.o
#10 39.61 [100%] Linking CXX executable manager
#10 40.42 [100%] Built target manager
#10 40.53 [ 94%] Built target monitor_proto
#10 40.56 [ 97%] Building CXX object benchmark/CMakeFiles/push_benchmark.dir/src/push_benchmark.cpp.o
#10 42.86 [100%] Linking CXX executable push_benchmark
#10 43.24 [100%] Built target push_benchmark
#10 DONE 43.3s

#11 exporting to image
#11 exporting layers
#11 exporting layers 11.3s done
#11 exporting manifest sha256:2ca99b934c60a5e5faf3f465b8536479fe3cec9ea0a634bb1532c87898e1b02b 0.0s done
#11 exporting config sha256:a31e95c299e01250f7b508f7c5931e42ca594de12b52ba354c746ab696218da6 0.0s done
#11 exporting attestation manifest sha256:97c8bef1773b9987aae10ce918fca1aab2e042384d5026e8af4640a16593a02c 0.0s done
#11 exporting manifest list sha256:1fb1a296d20f676d8c80b6df72ae80a906a21be5994206628495a9d5b13c470e 0.0s done
#11 naming to docker.io/library/monitor-system-benchmark:local done
#11 unpacking to docker.io/library/monitor-system-benchmark:local
#11 unpacking to docker.io/library/monitor-system-benchmark:local 2.6s done
#11 DONE 14.1s

#12 resolving provenance for metadata file
#12 DONE 0.0s
 Image monitor-system-benchmark:local Built
 Container manager-ab-ab-sharded-burst-75-r3-20260818-mysql-1 Running
 Container manager-ab-ab-sharded-burst-75-r3-20260818-manager-1 Creating
 Container manager-ab-ab-sharded-burst-75-r3-20260818-manager-1 Created
 Container manager-ab-ab-sharded-burst-75-r3-20260818-mysql-1 Waiting
 Container manager-ab-ab-sharded-burst-75-r3-20260818-mysql-1 Healthy
 Container manager-ab-ab-sharded-burst-75-r3-20260818-manager-1 Starting
 Container manager-ab-ab-sharded-burst-75-r3-20260818-manager-1 Started
mysql: [Warning] Using a password on the command line interface can be insecure.
mysql: [Warning] Using a password on the command line interface can be insecure.
 Container manager-ab-ab-sharded-burst-75-r3-20260818-manager-1 Stopping
 Container manager-ab-ab-sharded-burst-75-r3-20260818-manager-1 Stopped
 Container manager-ab-ab-sharded-burst-75-r3-20260818-manager-1 Stopping
 Container manager-ab-ab-sharded-burst-75-r3-20260818-manager-1 Stopped
 Container manager-ab-ab-sharded-burst-75-r3-20260818-manager-1 Removing
 Container manager-ab-ab-sharded-burst-75-r3-20260818-manager-1 Removed
 Container manager-ab-ab-sharded-burst-75-r3-20260818-mysql-1 Stopping
 Container manager-ab-ab-sharded-burst-75-r3-20260818-mysql-1 Stopped
 Container manager-ab-ab-sharded-burst-75-r3-20260818-mysql-1 Removing
 Container manager-ab-ab-sharded-burst-75-r3-20260818-mysql-1 Removed
 Network manager-ab-ab-sharded-burst-75-r3-20260818_default Removing
 Network manager-ab-ab-sharded-burst-75-r3-20260818_default Removed
status=PASS
architecture=Sharded
repository=F:\chenyu_project\monitor_system
run_id=ab-sharded-burst-75-r3-20260818
workers=75
duration_seconds=60
interval_ms=1000
arrival_model=burst
total_samples=4500
successful_rpc=4500
failed_rpc=0
persisted_rows=4500
load_duration_sec=60.517
drain_duration_sec=2.042
total_completion_sec=62.911
accepted_reports_per_sec=71.53
processed_reports_per_sec=71.53
persisted_reports_per_sec=71.53
rpc_p50_us=4645
rpc_p95_us=7204
rpc_p99_us=47123
accepted=4500
queue_full=0
processed=4500
persistence_tasks=4500
persistence_rejected=0
queue_delay_samples=4500
queue_delay_total_us=372728
queue_delay_mean_us=82.83
max_queue_delay_us=1649
max_shard_queue_depth=6
max_shard_queue_bytes=2688
max_persistence_queue_depth=79
max_persistence_queue_bytes=58096
manager_cpu_avg_percent=5.98
manager_cpu_peak_percent=6.49
manager_rss_avg_mib=31.63
manager_rss_peak_mib=38.84
mysql_cpu_avg_percent=19.71
mysql_cpu_peak_percent=22.8
mysql_rss_avg_mib=403.92
mysql_rss_peak_mib=407.8
result_csv_sha256=7C9E497F9B1FCAE253162CDF7E77407DA1378D7F3AEDD60331D551C405C7E755
failure=
