 Network manager-ab-ab-legacy-burst-75-r1-20260818_default Creating
 Network manager-ab-ab-legacy-burst-75-r1-20260818_default Created
 Container manager-ab-ab-legacy-burst-75-r1-20260818-mysql-1 Creating
 Container manager-ab-ab-legacy-burst-75-r1-20260818-mysql-1 Created
 Container manager-ab-ab-legacy-burst-75-r1-20260818-mysql-1 Starting
 Container manager-ab-ab-legacy-burst-75-r1-20260818-mysql-1 Started
 Image monitor-system-benchmark:local Building
#1 [internal] load local bake definitions
#1 reading from stdin 608B 0.0s done
#1 DONE 0.0s

#2 [internal] load build definition from Dockerfile.benchmark
#2 transferring dockerfile: 761B done
#2 DONE 0.0s

#3 [internal] load metadata for docker.io/library/python:3.13-slim
#3 DONE 0.0s

#4 [internal] load .dockerignore
#4 transferring context: 2B done
#4 DONE 0.0s

#5 [internal] load build context
#5 DONE 0.0s

#6 [1/5] FROM docker.io/library/python:3.13-slim@sha256:6771159cd4fa5d9bba1258caf0b82e6b73458c694d178ad97c5e925c2d0e1a91
#6 resolve docker.io/library/python:3.13-slim@sha256:6771159cd4fa5d9bba1258caf0b82e6b73458c694d178ad97c5e925c2d0e1a91 0.0s done
#6 DONE 0.0s

#5 [internal] load build context
#5 transferring context: 61.20kB 0.0s done
#5 DONE 0.0s

#7 [2/5] RUN sed -i 's|http://deb.debian.org|https://deb.debian.org|g; s|http://security.debian.org|https://security.debian.org|g' /etc/apt/sources.list.d/debian.sources     && apt-get -o Acquire::Retries=3 update && apt-get -o Acquire::Retries=3 install -y --no-install-recommends     build-essential cmake pkg-config     libprotobuf-dev protobuf-compiler protobuf-compiler-grpc     libgrpc++-dev default-libmysqlclient-dev     && rm -rf /var/lib/apt/lists/*
#7 CACHED

#8 [3/5] WORKDIR /app
#8 CACHED

#9 [4/5] COPY . .
#9 DONE 0.1s

#10 [5/5] RUN cmake -S . -B build -DENABLE_EBPF=OFF -DBUILD_MANAGER=ON -DBUILD_BENCHMARK=ON     && cmake --build build --target manager push_benchmark -j"$(nproc)"
#10 0.311 -- The CXX compiler identification is GNU 14.2.0
#10 0.322 -- Detecting CXX compiler ABI info
#10 0.443 -- Detecting CXX compiler ABI info - done
#10 0.461 -- Check for working CXX compiler: /usr/bin/c++ - skipped
#10 0.462 -- Detecting CXX compile features
#10 0.463 -- Detecting CXX compile features - done
#10 0.644 -- Found Protobuf: /usr/lib/x86_64-linux-gnu/libprotobuf.so (found version "3.21.12")
#10 0.652 -- Found ZLIB: /usr/lib/x86_64-linux-gnu/libz.so (found version "1.3.1")
#10 0.718 -- Found OpenSSL: /usr/lib/x86_64-linux-gnu/libcrypto.so (found version "3.5.6")
#10 0.721 -- Found c-ares: /usr/lib/x86_64-linux-gnu/cmake/c-ares/c-ares-config.cmake (found version "1.34.5")
#10 0.724 -- Found Threads: TRUE
#10 0.744 -- Found PkgConfig: /usr/bin/pkg-config (found version "1.8.1")
#10 26.85 -- Found RE2 via pkg-config.
#10 26.91 -- Found RE2 via pkg-config.
#10 26.97 -- Found RE2 via pkg-config.
#10 26.97 -- Checking for module 'mysqlclient'
#10 26.99 --   Found mysqlclient, version 3.4.9
#10 27.03 -- MySQL support enabled
#10 27.03 -- Configuring done (26.8s)
#10 27.16 -- Generating done (0.1s)
#10 27.16 -- Build files have been written to: /app/build
#10 27.25 [  6%] Running cpp protocol buffer compiler on query_api.proto
#10 27.25 [  6%] Running grpc protocol buffer compiler on cpu_load.proto
#10 27.25 [  6%] Running cpp protocol buffer compiler on cpu_load.proto
#10 27.25 [  8%] Running cpp protocol buffer compiler on cpu_softirq.proto
#10 27.25 [ 10%] Running grpc protocol buffer compiler on cpu_stat.proto
#10 27.25 [ 12%] Running grpc protocol buffer compiler on cpu_softirq.proto
#10 27.25 [ 14%] Running cpp protocol buffer compiler on diagnostic.proto
#10 27.25 [ 19%] Running grpc protocol buffer compiler on diagnostic.proto
#10 27.25 [ 19%] Running grpc protocol buffer compiler on disk_info.proto
#10 27.25 [ 23%] Running grpc protocol buffer compiler on mem_info.proto
#10 27.25 [ 23%] Running cpp protocol buffer compiler on disk_info.proto
#10 27.25 [ 25%] Running cpp protocol buffer compiler on cpu_stat.proto
#10 27.26 [ 27%] Running cpp protocol buffer compiler on mem_info.proto
#10 27.26 [ 29%] Running cpp protocol buffer compiler on monitor_info.proto
#10 27.26 [ 31%] Running grpc protocol buffer compiler on monitor_info.proto
#10 27.27 [ 34%] Running grpc protocol buffer compiler on net_info.proto
#10 27.28 [ 36%] Running cpp protocol buffer compiler on net_info.proto
#10 27.28 [ 38%] Running grpc protocol buffer compiler on query_api.proto
#10 27.36 [ 44%] Building CXX object proto/CMakeFiles/monitor_proto.dir/cpu_stat.pb.cc.o
#10 27.36 [ 44%] Building CXX object proto/CMakeFiles/monitor_proto.dir/cpu_softirq.pb.cc.o
#10 27.36 [ 44%] Building CXX object proto/CMakeFiles/monitor_proto.dir/monitor_info.pb.cc.o
#10 27.36 [ 48%] Building CXX object proto/CMakeFiles/monitor_proto.dir/net_info.pb.cc.o
#10 27.36 [ 46%] Building CXX object proto/CMakeFiles/monitor_proto.dir/disk_info.pb.cc.o
#10 27.36 [ 51%] Building CXX object proto/CMakeFiles/monitor_proto.dir/mem_info.pb.cc.o
#10 27.36 [ 53%] Building CXX object proto/CMakeFiles/monitor_proto.dir/query_api.pb.cc.o
#10 27.36 [ 55%] Building CXX object proto/CMakeFiles/monitor_proto.dir/diagnostic.pb.cc.o
#10 27.36 [ 57%] Building CXX object proto/CMakeFiles/monitor_proto.dir/cpu_load.pb.cc.o
#10 27.36 [ 59%] Building CXX object proto/CMakeFiles/monitor_proto.dir/cpu_load.grpc.pb.cc.o
#10 27.36 [ 61%] Building CXX object proto/CMakeFiles/monitor_proto.dir/cpu_softirq.grpc.pb.cc.o
#10 27.36 [ 65%] Building CXX object proto/CMakeFiles/monitor_proto.dir/monitor_info.grpc.pb.cc.o
#10 27.36 [ 65%] Building CXX object proto/CMakeFiles/monitor_proto.dir/cpu_stat.grpc.pb.cc.o
#10 27.37 [ 68%] Building CXX object proto/CMakeFiles/monitor_proto.dir/net_info.grpc.pb.cc.o
#10 27.37 [ 70%] Building CXX object proto/CMakeFiles/monitor_proto.dir/disk_info.grpc.pb.cc.o
#10 27.37 [ 72%] Building CXX object proto/CMakeFiles/monitor_proto.dir/mem_info.grpc.pb.cc.o
#10 30.05 [ 74%] Building CXX object proto/CMakeFiles/monitor_proto.dir/query_api.grpc.pb.cc.o
#10 30.10 [ 76%] Building CXX object proto/CMakeFiles/monitor_proto.dir/diagnostic.grpc.pb.cc.o
#10 34.60 [ 78%] Linking CXX static library libmonitor_proto.a
#10 34.74 [ 78%] Built target monitor_proto
#10 34.77 [ 85%] Building CXX object manager/CMakeFiles/manager.dir/src/diagnostics/diagnostic_persistence.cpp.o
#10 34.77 [ 85%] Building CXX object manager/CMakeFiles/manager.dir/src/diagnostics/evidence_builder.cpp.o
#10 34.77 [ 85%] Building CXX object manager/CMakeFiles/manager.dir/src/query_manager.cpp.o
#10 34.77 [ 89%] Building CXX object manager/CMakeFiles/manager.dir/src/diagnostics/root_cause_engine.cpp.o
#10 34.77 [ 91%] Building CXX object manager/CMakeFiles/manager.dir/src/host_manager.cpp.o
#10 34.77 [ 91%] Building CXX object manager/CMakeFiles/manager.dir/src/main.cpp.o
#10 34.77 [ 93%] Building CXX object manager/CMakeFiles/manager.dir/src/rpc/query_service.cpp.o
#10 34.77 [ 95%] Building CXX object manager/CMakeFiles/manager.dir/src/diagnostics/incident_store.cpp.o
#10 34.77 [ 97%] Building CXX object manager/CMakeFiles/manager.dir/src/rpc/grpc_server.cpp.o
#10 38.63 [100%] Linking CXX executable manager
#10 39.32 [100%] Built target manager
#10 39.44 [ 94%] Built target monitor_proto
#10 39.48 [ 97%] Building CXX object benchmark/CMakeFiles/push_benchmark.dir/src/push_benchmark.cpp.o
#10 41.82 [100%] Linking CXX executable push_benchmark
#10 42.21 [100%] Built target push_benchmark
#10 DONE 42.3s

#11 exporting to image
#11 exporting layers
#11 exporting layers 0.8s done
#11 exporting manifest sha256:cbc620abefc5d37da9cf8288f46b2a3a10fd4032e2b553a51e23d402b4066cab
#11 exporting manifest sha256:cbc620abefc5d37da9cf8288f46b2a3a10fd4032e2b553a51e23d402b4066cab 0.2s done
#11 exporting config sha256:945a86d38496412c6b3218ba3f5bf126468032dab4d63a5723fad2831e641219
#11 exporting config sha256:945a86d38496412c6b3218ba3f5bf126468032dab4d63a5723fad2831e641219 0.1s done
#11 exporting attestation manifest sha256:01cf0bf492a8c50d17901274b11958eb6c2d8c8171834ed9615630aa64a3c7dc
#11 exporting attestation manifest sha256:01cf0bf492a8c50d17901274b11958eb6c2d8c8171834ed9615630aa64a3c7dc 0.0s done
#11 exporting manifest list sha256:f4142fcf25077cef23eaeb14f913d10a3d642432296b13120d1485abf935642b 0.0s done
#11 naming to docker.io/library/monitor-system-benchmark:local done
#11 unpacking to docker.io/library/monitor-system-benchmark:local
#11 unpacking to docker.io/library/monitor-system-benchmark:local 0.3s done
#11 DONE 1.6s

#12 resolving provenance for metadata file
#12 DONE 0.0s
 Image monitor-system-benchmark:local Built
 Container manager-ab-ab-legacy-burst-75-r1-20260818-mysql-1 Running
 Container manager-ab-ab-legacy-burst-75-r1-20260818-manager-1 Creating
 Container manager-ab-ab-legacy-burst-75-r1-20260818-manager-1 Created
 Container manager-ab-ab-legacy-burst-75-r1-20260818-mysql-1 Waiting
 Container manager-ab-ab-legacy-burst-75-r1-20260818-mysql-1 Healthy
 Container manager-ab-ab-legacy-burst-75-r1-20260818-manager-1 Starting
 Container manager-ab-ab-legacy-burst-75-r1-20260818-manager-1 Started
mysql: [Warning] Using a password on the command line interface can be insecure.
 Container manager-ab-ab-legacy-burst-75-r1-20260818-manager-1 Stopping
 Container manager-ab-ab-legacy-burst-75-r1-20260818-manager-1 Stopped
 Container manager-ab-ab-legacy-burst-75-r1-20260818-manager-1 Stopping
 Container manager-ab-ab-legacy-burst-75-r1-20260818-manager-1 Stopped
 Container manager-ab-ab-legacy-burst-75-r1-20260818-manager-1 Removing
 Container manager-ab-ab-legacy-burst-75-r1-20260818-manager-1 Removed
 Container manager-ab-ab-legacy-burst-75-r1-20260818-mysql-1 Stopping
 Container manager-ab-ab-legacy-burst-75-r1-20260818-mysql-1 Stopped
 Container manager-ab-ab-legacy-burst-75-r1-20260818-mysql-1 Removing
 Container manager-ab-ab-legacy-burst-75-r1-20260818-mysql-1 Removed
 Network manager-ab-ab-legacy-burst-75-r1-20260818_default Removing
 Network manager-ab-ab-legacy-burst-75-r1-20260818_default Removed
status=PASS
architecture=Legacy
repository=F:\chenyu_project\monitor_system-legacy-5c29
run_id=ab-legacy-burst-75-r1-20260818
workers=75
duration_seconds=60
interval_ms=1000
arrival_model=burst
total_samples=4500
successful_rpc=4500
failed_rpc=0
persisted_rows=4500
load_duration_sec=61.269
drain_duration_sec=0.589
total_completion_sec=62.217
accepted_reports_per_sec=72.327
processed_reports_per_sec=N/A
persisted_reports_per_sec=72.327
rpc_p50_us=447851
rpc_p95_us=855509
rpc_p99_us=975096
accepted=N/A
queue_full=N/A
processed=N/A
persistence_tasks=N/A
persistence_rejected=N/A
queue_delay_samples=N/A
queue_delay_total_us=N/A
queue_delay_mean_us=N/A
max_queue_delay_us=N/A
max_shard_queue_depth=N/A
max_shard_queue_bytes=N/A
max_persistence_queue_depth=N/A
max_persistence_queue_bytes=N/A
manager_cpu_avg_percent=7.9
manager_cpu_peak_percent=9.78
manager_rss_avg_mib=24.41
manager_rss_peak_mib=28.93
mysql_cpu_avg_percent=20.36
mysql_cpu_peak_percent=26.81
mysql_rss_avg_mib=408.3
mysql_rss_peak_mib=412
result_csv_sha256=33354B0F00E9CFF994006547C6133FA14051D102C3A3AF223F899DD1AC9559E8
failure=
