 Network manager-ab-ab-legacy-burst-100-r1-20260818_default Creating
 Network manager-ab-ab-legacy-burst-100-r1-20260818_default Created
 Container manager-ab-ab-legacy-burst-100-r1-20260818-mysql-1 Creating
 Container manager-ab-ab-legacy-burst-100-r1-20260818-mysql-1 Created
 Container manager-ab-ab-legacy-burst-100-r1-20260818-mysql-1 Starting
 Container manager-ab-ab-legacy-burst-100-r1-20260818-mysql-1 Started
 Image monitor-system-benchmark:local Building
#1 [internal] load local bake definitions
#1 reading from stdin 609B 0.0s done
#1 DONE 0.0s

#2 [internal] load build definition from Dockerfile.benchmark
#2 transferring dockerfile: 761B done
#2 DONE 0.0s

#3 [internal] load metadata for docker.io/library/python:3.13-slim
#3 DONE 0.0s

#4 [internal] load .dockerignore
#4 transferring context: 2B done
#4 DONE 0.0s

#5 [1/5] FROM docker.io/library/python:3.13-slim@sha256:6771159cd4fa5d9bba1258caf0b82e6b73458c694d178ad97c5e925c2d0e1a91
#5 resolve docker.io/library/python:3.13-slim@sha256:6771159cd4fa5d9bba1258caf0b82e6b73458c694d178ad97c5e925c2d0e1a91 0.0s done
#5 DONE 0.0s

#6 [internal] load build context
#6 transferring context: 86.59kB 0.0s done
#6 DONE 0.0s

#7 [2/5] RUN sed -i 's|http://deb.debian.org|https://deb.debian.org|g; s|http://security.debian.org|https://security.debian.org|g' /etc/apt/sources.list.d/debian.sources     && apt-get -o Acquire::Retries=3 update && apt-get -o Acquire::Retries=3 install -y --no-install-recommends     build-essential cmake pkg-config     libprotobuf-dev protobuf-compiler protobuf-compiler-grpc     libgrpc++-dev default-libmysqlclient-dev     && rm -rf /var/lib/apt/lists/*
#7 CACHED

#8 [3/5] WORKDIR /app
#8 CACHED

#9 [4/5] COPY . .
#9 DONE 0.1s

#10 [5/5] RUN cmake -S . -B build -DENABLE_EBPF=OFF -DBUILD_MANAGER=ON -DBUILD_BENCHMARK=ON     && cmake --build build --target manager push_benchmark -j"$(nproc)"
#10 0.329 -- The CXX compiler identification is GNU 14.2.0
#10 0.339 -- Detecting CXX compiler ABI info
#10 0.463 -- Detecting CXX compiler ABI info - done
#10 0.483 -- Check for working CXX compiler: /usr/bin/c++ - skipped
#10 0.483 -- Detecting CXX compile features
#10 0.485 -- Detecting CXX compile features - done
#10 0.700 -- Found Protobuf: /usr/lib/x86_64-linux-gnu/libprotobuf.so (found version "3.21.12")
#10 0.708 -- Found ZLIB: /usr/lib/x86_64-linux-gnu/libz.so (found version "1.3.1")
#10 0.769 -- Found OpenSSL: /usr/lib/x86_64-linux-gnu/libcrypto.so (found version "3.5.6")
#10 0.772 -- Found c-ares: /usr/lib/x86_64-linux-gnu/cmake/c-ares/c-ares-config.cmake (found version "1.34.5")
#10 0.775 -- Found Threads: TRUE
#10 0.795 -- Found PkgConfig: /usr/bin/pkg-config (found version "1.8.1")
#10 26.74 -- Found RE2 via pkg-config.
#10 26.79 -- Found RE2 via pkg-config.
#10 26.85 -- Found RE2 via pkg-config.
#10 26.85 -- Checking for module 'mysqlclient'
#10 26.87 --   Found mysqlclient, version 3.4.9
#10 26.91 -- MySQL support enabled
#10 26.91 -- Configuring done (26.7s)
#10 27.04 -- Generating done (0.1s)
#10 27.04 -- Build files have been written to: /app/build
#10 27.12 [ 10%] Running cpp protocol buffer compiler on query_api.proto
#10 27.12 [ 10%] Running cpp protocol buffer compiler on cpu_softirq.proto
#10 27.12 [ 10%] Running cpp protocol buffer compiler on cpu_load.proto
#10 27.12 [ 12%] Running grpc protocol buffer compiler on cpu_stat.proto
#10 27.12 [ 14%] Running cpp protocol buffer compiler on cpu_stat.proto
#10 27.13 [ 17%] Running cpp protocol buffer compiler on disk_info.proto
#10 27.13 [ 19%] Running cpp protocol buffer compiler on diagnostic.proto
#10 27.13 [ 10%] Running grpc protocol buffer compiler on cpu_load.proto
#10 27.13 [ 21%] Running grpc protocol buffer compiler on diagnostic.proto
#10 27.13 [ 21%] Running grpc protocol buffer compiler on cpu_softirq.proto
#10 27.13 [ 23%] Running grpc protocol buffer compiler on mem_info.proto
#10 27.13 [ 25%] Running grpc protocol buffer compiler on disk_info.proto
#10 27.13 [ 27%] Running cpp protocol buffer compiler on mem_info.proto
#10 27.14 [ 29%] Running grpc protocol buffer compiler on monitor_info.proto
#10 27.14 [ 31%] Running grpc protocol buffer compiler on net_info.proto
#10 27.14 [ 34%] Running cpp protocol buffer compiler on monitor_info.proto
#10 27.15 [ 38%] Running grpc protocol buffer compiler on query_api.proto
#10 27.15 [ 38%] Running cpp protocol buffer compiler on net_info.proto
#10 27.23 [ 42%] Building CXX object proto/CMakeFiles/monitor_proto.dir/cpu_load.pb.cc.o
#10 27.23 [ 44%] Building CXX object proto/CMakeFiles/monitor_proto.dir/cpu_softirq.pb.cc.o
#10 27.23 [ 48%] Building CXX object proto/CMakeFiles/monitor_proto.dir/mem_info.pb.cc.o
#10 27.23 [ 48%] Building CXX object proto/CMakeFiles/monitor_proto.dir/monitor_info.pb.cc.o
#10 27.23 [ 48%] Building CXX object proto/CMakeFiles/monitor_proto.dir/net_info.pb.cc.o
#10 27.23 [ 51%] Building CXX object proto/CMakeFiles/monitor_proto.dir/cpu_stat.pb.cc.o
#10 27.23 [ 55%] Building CXX object proto/CMakeFiles/monitor_proto.dir/query_api.pb.cc.o
#10 27.23 [ 55%] Building CXX object proto/CMakeFiles/monitor_proto.dir/diagnostic.pb.cc.o
#10 27.23 [ 57%] Building CXX object proto/CMakeFiles/monitor_proto.dir/disk_info.pb.cc.o
#10 27.24 [ 59%] Building CXX object proto/CMakeFiles/monitor_proto.dir/monitor_info.grpc.pb.cc.o
#10 27.24 [ 61%] Building CXX object proto/CMakeFiles/monitor_proto.dir/cpu_stat.grpc.pb.cc.o
#10 27.24 [ 65%] Building CXX object proto/CMakeFiles/monitor_proto.dir/cpu_load.grpc.pb.cc.o
#10 27.24 [ 65%] Building CXX object proto/CMakeFiles/monitor_proto.dir/cpu_softirq.grpc.pb.cc.o
#10 27.24 [ 68%] Building CXX object proto/CMakeFiles/monitor_proto.dir/mem_info.grpc.pb.cc.o
#10 27.25 [ 70%] Building CXX object proto/CMakeFiles/monitor_proto.dir/net_info.grpc.pb.cc.o
#10 27.25 [ 72%] Building CXX object proto/CMakeFiles/monitor_proto.dir/disk_info.grpc.pb.cc.o
#10 29.62 [ 74%] Building CXX object proto/CMakeFiles/monitor_proto.dir/diagnostic.grpc.pb.cc.o
#10 29.77 [ 76%] Building CXX object proto/CMakeFiles/monitor_proto.dir/query_api.grpc.pb.cc.o
#10 33.96 [ 78%] Linking CXX static library libmonitor_proto.a
#10 34.09 [ 78%] Built target monitor_proto
#10 34.12 [ 82%] Building CXX object manager/CMakeFiles/manager.dir/src/main.cpp.o
#10 34.12 [ 85%] Building CXX object manager/CMakeFiles/manager.dir/src/host_manager.cpp.o
#10 34.12 [ 87%] Building CXX object manager/CMakeFiles/manager.dir/src/diagnostics/diagnostic_persistence.cpp.o
#10 34.12 [ 87%] Building CXX object manager/CMakeFiles/manager.dir/src/diagnostics/root_cause_engine.cpp.o
#10 34.12 [ 89%] Building CXX object manager/CMakeFiles/manager.dir/src/rpc/query_service.cpp.o
#10 34.12 [ 91%] Building CXX object manager/CMakeFiles/manager.dir/src/diagnostics/evidence_builder.cpp.o
#10 34.13 [ 93%] Building CXX object manager/CMakeFiles/manager.dir/src/diagnostics/incident_store.cpp.o
#10 34.13 [ 97%] Building CXX object manager/CMakeFiles/manager.dir/src/query_manager.cpp.o
#10 34.13 [ 97%] Building CXX object manager/CMakeFiles/manager.dir/src/rpc/grpc_server.cpp.o
#10 37.73 [100%] Linking CXX executable manager
#10 38.42 [100%] Built target manager
#10 38.53 [ 94%] Built target monitor_proto
#10 38.55 [ 97%] Building CXX object benchmark/CMakeFiles/push_benchmark.dir/src/push_benchmark.cpp.o
#10 40.85 [100%] Linking CXX executable push_benchmark
#10 41.25 [100%] Built target push_benchmark
#10 DONE 41.3s

#11 exporting to image
#11 exporting layers
#11 exporting layers 0.6s done
#11 exporting manifest sha256:2613fd70949ae10dd1109bb15bae85f4aa04a8dcfa696c2373b6f7977ddba3f3 0.0s done
#11 exporting config sha256:a0339055cca0653d397d494336b3d4e49f044bcb289e61de70a9aeec34049194 0.0s done
#11 exporting attestation manifest sha256:9c335a7925459842a0eddd3006f7c0f1a089c6f143b8e3ff4657f6dd1a2782e8 0.0s done
#11 exporting manifest list sha256:dc050cd07a4146a24ed7613ffed8732f438b38416399aa53450570e3b7a2a9a0 0.0s done
#11 naming to docker.io/library/monitor-system-benchmark:local done
#11 unpacking to docker.io/library/monitor-system-benchmark:local
#11 unpacking to docker.io/library/monitor-system-benchmark:local 0.3s done
#11 DONE 1.0s

#12 resolving provenance for metadata file
#12 DONE 0.0s
 Image monitor-system-benchmark:local Built
 Container manager-ab-ab-legacy-burst-100-r1-20260818-mysql-1 Running
 Container manager-ab-ab-legacy-burst-100-r1-20260818-manager-1 Creating
 Container manager-ab-ab-legacy-burst-100-r1-20260818-manager-1 Created
 Container manager-ab-ab-legacy-burst-100-r1-20260818-mysql-1 Waiting
 Container manager-ab-ab-legacy-burst-100-r1-20260818-mysql-1 Healthy
 Container manager-ab-ab-legacy-burst-100-r1-20260818-manager-1 Starting
 Container manager-ab-ab-legacy-burst-100-r1-20260818-manager-1 Started
mysql: [Warning] Using a password on the command line interface can be insecure.
 Container manager-ab-ab-legacy-burst-100-r1-20260818-manager-1 Stopping
 Container manager-ab-ab-legacy-burst-100-r1-20260818-manager-1 Stopped
 Container manager-ab-ab-legacy-burst-100-r1-20260818-manager-1 Stopping
 Container manager-ab-ab-legacy-burst-100-r1-20260818-manager-1 Stopped
 Container manager-ab-ab-legacy-burst-100-r1-20260818-manager-1 Removing
 Container manager-ab-ab-legacy-burst-100-r1-20260818-manager-1 Removed
 Container manager-ab-ab-legacy-burst-100-r1-20260818-mysql-1 Stopping
 Container manager-ab-ab-legacy-burst-100-r1-20260818-mysql-1 Stopped
 Container manager-ab-ab-legacy-burst-100-r1-20260818-mysql-1 Removing
 Container manager-ab-ab-legacy-burst-100-r1-20260818-mysql-1 Removed
 Network manager-ab-ab-legacy-burst-100-r1-20260818_default Removing
 Network manager-ab-ab-legacy-burst-100-r1-20260818_default Removed
status=PASS
architecture=Legacy
repository=F:\chenyu_project\monitor_system-legacy-5c29
run_id=ab-legacy-burst-100-r1-20260818
workers=100
duration_seconds=60
interval_ms=1000
arrival_model=burst
total_samples=6000
successful_rpc=6000
failed_rpc=0
persisted_rows=6000
load_duration_sec=69.345
drain_duration_sec=0.594
total_completion_sec=70.305
accepted_reports_per_sec=85.342
processed_reports_per_sec=N/A
persisted_reports_per_sec=85.342
rpc_p50_us=1088909
rpc_p95_us=1379910
rpc_p99_us=1526609
accepted=N/A
queue_full=N/A
processed=N/A
persistence_tasks=N/A
persistence_rejected=N/A
queue_delay_samples=N/A
queue_delay_total_us=N/A
queue_delay_mean_us=N/A
max_queue_delay_us=N/A
max_shard_queue_depth=N/A
max_shard_queue_bytes=N/A
max_persistence_queue_depth=N/A
max_persistence_queue_bytes=N/A
manager_cpu_avg_percent=7.6
manager_cpu_peak_percent=9.75
manager_rss_avg_mib=23.5
manager_rss_peak_mib=24.78
mysql_cpu_avg_percent=23.36
mysql_cpu_peak_percent=27.92
mysql_rss_avg_mib=406.89
mysql_rss_peak_mib=409.9
result_csv_sha256=BD65FF1BCA120DF30D709FC0B0F0D7B2A213BE6AA65211C4EA540F723E1CA96C
failure=
