 Network manager-ab-ab-sharded-stagger-50-r3-20260818_default Creating
 Network manager-ab-ab-sharded-stagger-50-r3-20260818_default Created
 Container manager-ab-ab-sharded-stagger-50-r3-20260818-mysql-1 Creating
 Container manager-ab-ab-sharded-stagger-50-r3-20260818-mysql-1 Created
 Container manager-ab-ab-sharded-stagger-50-r3-20260818-mysql-1 Starting
 Container manager-ab-ab-sharded-stagger-50-r3-20260818-mysql-1 Started
 Image monitor-system-benchmark:local Building
#1 [internal] load local bake definitions
#1 reading from stdin 587B 0.0s done
#1 DONE 0.0s

#2 [internal] load build definition from Dockerfile.benchmark
#2 transferring dockerfile: 747B 0.0s done
#2 DONE 0.0s

#3 [internal] load metadata for docker.io/library/python:3.13-slim
#3 DONE 0.0s

#4 [internal] load .dockerignore
#4 transferring context: 2B done
#4 DONE 0.0s

#5 [1/5] FROM docker.io/library/python:3.13-slim@sha256:6771159cd4fa5d9bba1258caf0b82e6b73458c694d178ad97c5e925c2d0e1a91
#5 resolve docker.io/library/python:3.13-slim@sha256:6771159cd4fa5d9bba1258caf0b82e6b73458c694d178ad97c5e925c2d0e1a91 0.0s done
#5 DONE 0.0s

#6 [internal] load build context
#6 transferring context: 1.06MB 0.3s done
#6 DONE 0.4s

#7 [2/5] RUN sed -i 's|http://deb.debian.org|https://deb.debian.org|g; s|http://security.debian.org|https://security.debian.org|g' /etc/apt/sources.list.d/debian.sources     && apt-get -o Acquire::Retries=3 update && apt-get -o Acquire::Retries=3 install -y --no-install-recommends     build-essential cmake pkg-config     libprotobuf-dev protobuf-compiler protobuf-compiler-grpc     libgrpc++-dev default-libmysqlclient-dev     && rm -rf /var/lib/apt/lists/*
#7 CACHED

#8 [3/5] WORKDIR /app
#8 CACHED

#9 [4/5] COPY . .
#9 DONE 2.2s

#10 [5/5] RUN cmake -S . -B build -DENABLE_EBPF=OFF -DBUILD_MANAGER=ON -DBUILD_BENCHMARK=ON     && cmake --build build --target manager push_benchmark -j"$(nproc)"
#10 0.444 -- The CXX compiler identification is GNU 14.2.0
#10 0.455 -- Detecting CXX compiler ABI info
#10 0.586 -- Detecting CXX compiler ABI info - done
#10 0.602 -- Check for working CXX compiler: /usr/bin/c++ - skipped
#10 0.602 -- Detecting CXX compile features
#10 0.603 -- Detecting CXX compile features - done
#10 0.781 -- Found Protobuf: /usr/lib/x86_64-linux-gnu/libprotobuf.so (found version "3.21.12")
#10 0.789 -- Found ZLIB: /usr/lib/x86_64-linux-gnu/libz.so (found version "1.3.1")
#10 0.850 -- Found OpenSSL: /usr/lib/x86_64-linux-gnu/libcrypto.so (found version "3.5.6")
#10 0.853 -- Found c-ares: /usr/lib/x86_64-linux-gnu/cmake/c-ares/c-ares-config.cmake (found version "1.34.5")
#10 0.856 -- Found Threads: TRUE
#10 0.876 -- Found PkgConfig: /usr/bin/pkg-config (found version "1.8.1")
#10 27.09 -- Found RE2 via pkg-config.
#10 27.14 -- Found RE2 via pkg-config.
#10 27.19 -- Found RE2 via pkg-config.
#10 27.20 -- Checking for module 'mysqlclient'
#10 27.22 --   Found mysqlclient, version 3.4.9
#10 27.25 -- MySQL support enabled
#10 27.25 -- Configuring done (26.9s)
#10 27.38 -- Generating done (0.1s)
#10 27.38 -- Build files have been written to: /app/build
#10 27.46 [  4%] Running grpc protocol buffer compiler on cpu_softirq.proto
#10 27.46 [  4%] Running cpp protocol buffer compiler on query_api.proto
#10 27.46 [  6%] Running cpp protocol buffer compiler on cpu_load.proto
#10 27.46 [  8%] Running grpc protocol buffer compiler on cpu_load.proto
#10 27.46 [ 12%] Running grpc protocol buffer compiler on cpu_stat.proto
#10 27.46 [ 12%] Running cpp protocol buffer compiler on cpu_softirq.proto
#10 27.46 [ 14%] Running cpp protocol buffer compiler on cpu_stat.proto
#10 27.46 [ 16%] Running grpc protocol buffer compiler on diagnostic.proto
#10 27.46 [ 22%] Running cpp protocol buffer compiler on disk_info.proto
#10 27.46 [ 22%] Running cpp protocol buffer compiler on mem_info.proto
#10 27.47 [ 24%] Running grpc protocol buffer compiler on mem_info.proto
#10 27.47 [ 22%] Running grpc protocol buffer compiler on disk_info.proto
#10 27.47 [ 26%] Running cpp protocol buffer compiler on diagnostic.proto
#10 27.48 [ 28%] Running grpc protocol buffer compiler on net_info.proto
#10 27.48 [ 30%] Running cpp protocol buffer compiler on monitor_info.proto
#10 27.48 [ 32%] Running grpc protocol buffer compiler on monitor_info.proto
#10 27.49 [ 36%] Running cpp protocol buffer compiler on net_info.proto
#10 27.49 [ 36%] Running grpc protocol buffer compiler on query_api.proto
#10 27.57 [ 42%] Building CXX object proto/CMakeFiles/monitor_proto.dir/monitor_info.pb.cc.o
#10 27.57 [ 52%] Building CXX object proto/CMakeFiles/monitor_proto.dir/cpu_softirq.pb.cc.o
#10 27.57 [ 52%] Building CXX object proto/CMakeFiles/monitor_proto.dir/diagnostic.pb.cc.o
#10 27.57 [ 54%] Building CXX object proto/CMakeFiles/monitor_proto.dir/cpu_load.grpc.pb.cc.o
#10 27.57 [ 54%] Building CXX object proto/CMakeFiles/monitor_proto.dir/cpu_stat.pb.cc.o
#10 27.57 [ 54%] Building CXX object proto/CMakeFiles/monitor_proto.dir/disk_info.pb.cc.o
#10 27.57 [ 54%] Building CXX object proto/CMakeFiles/monitor_proto.dir/net_info.pb.cc.o
#10 27.57 [ 46%] Building CXX object proto/CMakeFiles/monitor_proto.dir/mem_info.pb.cc.o
#10 27.57 [ 54%] Building CXX object proto/CMakeFiles/monitor_proto.dir/cpu_load.pb.cc.o
#10 27.57 [ 60%] Building CXX object proto/CMakeFiles/monitor_proto.dir/query_api.pb.cc.o
#10 27.57 [ 62%] Building CXX object proto/CMakeFiles/monitor_proto.dir/cpu_stat.grpc.pb.cc.o
#10 27.57 [ 62%] Building CXX object proto/CMakeFiles/monitor_proto.dir/cpu_softirq.grpc.pb.cc.o
#10 27.57 [ 64%] Building CXX object proto/CMakeFiles/monitor_proto.dir/mem_info.grpc.pb.cc.o
#10 27.57 [ 62%] Building CXX object proto/CMakeFiles/monitor_proto.dir/monitor_info.grpc.pb.cc.o
#10 27.58 [ 66%] Building CXX object proto/CMakeFiles/monitor_proto.dir/net_info.grpc.pb.cc.o
#10 27.59 [ 68%] Building CXX object proto/CMakeFiles/monitor_proto.dir/disk_info.grpc.pb.cc.o
#10 31.56 [ 70%] Building CXX object proto/CMakeFiles/monitor_proto.dir/diagnostic.grpc.pb.cc.o
#10 31.69 [ 72%] Building CXX object proto/CMakeFiles/monitor_proto.dir/query_api.grpc.pb.cc.o
#10 36.48 [ 74%] Linking CXX static library libmonitor_proto.a
#10 36.63 [ 74%] Built target monitor_proto
#10 36.66 [ 78%] Building CXX object manager/CMakeFiles/manager.dir/src/host_shard_executor.cpp.o
#10 36.66 [ 78%] Building CXX object manager/CMakeFiles/manager.dir/src/main.cpp.o
#10 36.66 [ 82%] Building CXX object manager/CMakeFiles/manager.dir/src/diagnostics/root_cause_engine.cpp.o
#10 36.66 [ 84%] Building CXX object manager/CMakeFiles/manager.dir/src/mysql_timeout_config.cpp.o
#10 36.67 [ 82%] Building CXX object manager/CMakeFiles/manager.dir/src/host_manager.cpp.o
#10 36.67 [ 86%] Building CXX object manager/CMakeFiles/manager.dir/src/persistence_worker.cpp.o
#10 36.67 [ 88%] Building CXX object manager/CMakeFiles/manager.dir/src/diagnostics/diagnostic_persistence.cpp.o
#10 36.67 [ 92%] Building CXX object manager/CMakeFiles/manager.dir/src/rpc/grpc_server.cpp.o
#10 36.67 [ 92%] Building CXX object manager/CMakeFiles/manager.dir/src/diagnostics/evidence_builder.cpp.o
#10 36.67 [ 94%] Building CXX object manager/CMakeFiles/manager.dir/src/rpc/query_service.cpp.o
#10 36.67 [ 96%] Building CXX object manager/CMakeFiles/manager.dir/src/diagnostics/incident_store.cpp.o
#10 36.67 [ 98%] Building CXX object manager/CMakeFiles/manager.dir/src/query_manager.cpp.o
#10 41.01 [100%] Linking CXX executable manager
#10 41.79 [100%] Built target manager
#10 41.90 [ 94%] Built target monitor_proto
#10 41.94 [ 97%] Building CXX object benchmark/CMakeFiles/push_benchmark.dir/src/push_benchmark.cpp.o
#10 44.63 [100%] Linking CXX executable push_benchmark
#10 45.08 [100%] Built target push_benchmark
#10 DONE 45.2s

#11 exporting to image
#11 exporting layers
#11 exporting layers 11.7s done
#11 exporting manifest sha256:afc5fb1d95965b074d76c998d910d6affae9c632c01a7911888e9d824706ad44 0.0s done
#11 exporting config sha256:a74d89ff862880fff337e40040c03cd6bacb175add9777e1d012fde2718f0d88 0.0s done
#11 exporting attestation manifest sha256:a94613bb768442b3d9d5fe2f65bbe1b1f851322e3a4d626cc4209c3141078167 0.0s done
#11 exporting manifest list sha256:4ddd81b42af1f9c8e8555926b42e51742c5acd6a44e642ab320719eba6fe190e 0.0s done
#11 naming to docker.io/library/monitor-system-benchmark:local done
#11 unpacking to docker.io/library/monitor-system-benchmark:local
#11 unpacking to docker.io/library/monitor-system-benchmark:local 2.3s done
#11 DONE 14.1s

#12 resolving provenance for metadata file
#12 DONE 0.0s
 Image monitor-system-benchmark:local Built
 Container manager-ab-ab-sharded-stagger-50-r3-20260818-mysql-1 Running
 Container manager-ab-ab-sharded-stagger-50-r3-20260818-manager-1 Creating
 Container manager-ab-ab-sharded-stagger-50-r3-20260818-manager-1 Created
 Container manager-ab-ab-sharded-stagger-50-r3-20260818-mysql-1 Waiting
 Container manager-ab-ab-sharded-stagger-50-r3-20260818-mysql-1 Healthy
 Container manager-ab-ab-sharded-stagger-50-r3-20260818-manager-1 Starting
 Container manager-ab-ab-sharded-stagger-50-r3-20260818-manager-1 Started
mysql: [Warning] Using a password on the command line interface can be insecure.
 Container manager-ab-ab-sharded-stagger-50-r3-20260818-manager-1 Stopping
 Container manager-ab-ab-sharded-stagger-50-r3-20260818-manager-1 Stopped
 Container manager-ab-ab-sharded-stagger-50-r3-20260818-manager-1 Stopping
 Container manager-ab-ab-sharded-stagger-50-r3-20260818-manager-1 Stopped
 Container manager-ab-ab-sharded-stagger-50-r3-20260818-manager-1 Removing
 Container manager-ab-ab-sharded-stagger-50-r3-20260818-manager-1 Removed
 Container manager-ab-ab-sharded-stagger-50-r3-20260818-mysql-1 Stopping
 Container manager-ab-ab-sharded-stagger-50-r3-20260818-mysql-1 Stopped
 Container manager-ab-ab-sharded-stagger-50-r3-20260818-mysql-1 Removing
 Container manager-ab-ab-sharded-stagger-50-r3-20260818-mysql-1 Removed
 Network manager-ab-ab-sharded-stagger-50-r3-20260818_default Removing
 Network manager-ab-ab-sharded-stagger-50-r3-20260818_default Removed
status=PASS
architecture=Sharded
repository=F:\chenyu_project\monitor_system
run_id=ab-sharded-stagger-50-r3-20260818
workers=50
duration_seconds=60
interval_ms=1000
arrival_model=stagger_start
total_samples=3000
successful_rpc=3000
failed_rpc=0
persisted_rows=3000
load_duration_sec=61.504
drain_duration_sec=0.561
total_completion_sec=62.437
accepted_reports_per_sec=48.048
processed_reports_per_sec=48.048
persisted_reports_per_sec=48.048
rpc_p50_us=659
rpc_p95_us=989
rpc_p99_us=1727
accepted=3000
queue_full=0
processed=3000
persistence_tasks=3000
persistence_rejected=0
queue_delay_samples=3000
queue_delay_total_us=214885
queue_delay_mean_us=71.63
max_queue_delay_us=2048
max_shard_queue_depth=1
max_shard_queue_bytes=454
max_persistence_queue_depth=3
max_persistence_queue_bytes=2226
manager_cpu_avg_percent=4.72
manager_cpu_peak_percent=5.25
manager_rss_avg_mib=16.11
manager_rss_peak_mib=16.54
mysql_cpu_avg_percent=16.76
mysql_cpu_peak_percent=21.03
mysql_rss_avg_mib=407.89
mysql_rss_peak_mib=410.8
result_csv_sha256=C99114F42A792BC91632E71C102EE166ADE2075D4DD2BF204E8DAD6EFE7B6580
failure=
