 Network manager-ab-ab-sharded-stagger-50-r2-20260818_default Creating
 Network manager-ab-ab-sharded-stagger-50-r2-20260818_default Created
 Container manager-ab-ab-sharded-stagger-50-r2-20260818-mysql-1 Creating
 Container manager-ab-ab-sharded-stagger-50-r2-20260818-mysql-1 Created
 Container manager-ab-ab-sharded-stagger-50-r2-20260818-mysql-1 Starting
 Container manager-ab-ab-sharded-stagger-50-r2-20260818-mysql-1 Started
 Image monitor-system-benchmark:local Building
#1 [internal] load local bake definitions
#1 reading from stdin 587B 0.0s done
#1 DONE 0.0s

#2 [internal] load build definition from Dockerfile.benchmark
#2 transferring dockerfile: 747B 0.0s done
#2 DONE 0.0s

#3 [internal] load metadata for docker.io/library/python:3.13-slim
#3 DONE 0.0s

#4 [internal] load .dockerignore
#4 transferring context: 2B done
#4 DONE 0.0s

#5 [internal] load build context
#5 DONE 0.0s

#6 [1/5] FROM docker.io/library/python:3.13-slim@sha256:6771159cd4fa5d9bba1258caf0b82e6b73458c694d178ad97c5e925c2d0e1a91
#6 resolve docker.io/library/python:3.13-slim@sha256:6771159cd4fa5d9bba1258caf0b82e6b73458c694d178ad97c5e925c2d0e1a91 0.0s done
#6 DONE 0.0s

#5 [internal] load build context
#5 transferring context: 4.06MB 0.7s done
#5 DONE 0.7s

#7 [2/5] RUN sed -i 's|http://deb.debian.org|https://deb.debian.org|g; s|http://security.debian.org|https://security.debian.org|g' /etc/apt/sources.list.d/debian.sources     && apt-get -o Acquire::Retries=3 update && apt-get -o Acquire::Retries=3 install -y --no-install-recommends     build-essential cmake pkg-config     libprotobuf-dev protobuf-compiler protobuf-compiler-grpc     libgrpc++-dev default-libmysqlclient-dev     && rm -rf /var/lib/apt/lists/*
#7 CACHED

#8 [3/5] WORKDIR /app
#8 CACHED

#9 [4/5] COPY . .
#9 DONE 8.0s

#10 [5/5] RUN cmake -S . -B build -DENABLE_EBPF=OFF -DBUILD_MANAGER=ON -DBUILD_BENCHMARK=ON     && cmake --build build --target manager push_benchmark -j"$(nproc)"
#10 0.423 -- The CXX compiler identification is GNU 14.2.0
#10 0.434 -- Detecting CXX compiler ABI info
#10 0.591 -- Detecting CXX compiler ABI info - done
#10 0.607 -- Check for working CXX compiler: /usr/bin/c++ - skipped
#10 0.608 -- Detecting CXX compile features
#10 0.608 -- Detecting CXX compile features - done
#10 0.796 -- Found Protobuf: /usr/lib/x86_64-linux-gnu/libprotobuf.so (found version "3.21.12")
#10 0.805 -- Found ZLIB: /usr/lib/x86_64-linux-gnu/libz.so (found version "1.3.1")
#10 0.866 -- Found OpenSSL: /usr/lib/x86_64-linux-gnu/libcrypto.so (found version "3.5.6")
#10 0.869 -- Found c-ares: /usr/lib/x86_64-linux-gnu/cmake/c-ares/c-ares-config.cmake (found version "1.34.5")
#10 0.871 -- Found Threads: TRUE
#10 0.891 -- Found PkgConfig: /usr/bin/pkg-config (found version "1.8.1")
#10 27.01 -- Found RE2 via pkg-config.
#10 27.07 -- Found RE2 via pkg-config.
#10 27.12 -- Found RE2 via pkg-config.
#10 27.13 -- Checking for module 'mysqlclient'
#10 27.15 --   Found mysqlclient, version 3.4.9
#10 27.19 -- MySQL support enabled
#10 27.19 -- Configuring done (26.9s)
#10 27.36 -- Generating done (0.2s)
#10 27.36 -- Build files have been written to: /app/build
#10 27.45 [  4%] Running grpc protocol buffer compiler on cpu_load.proto
#10 27.45 [  4%] Running cpp protocol buffer compiler on query_api.proto
#10 27.45 [  6%] Running cpp protocol buffer compiler on cpu_load.proto
#10 27.45 [  8%] Running grpc protocol buffer compiler on cpu_stat.proto
#10 27.45 [ 10%] Running grpc protocol buffer compiler on cpu_softirq.proto
#10 27.45 [ 16%] Running cpp protocol buffer compiler on cpu_softirq.proto
#10 27.45 [ 18%] Running grpc protocol buffer compiler on diagnostic.proto
#10 27.45 [ 18%] Running cpp protocol buffer compiler on cpu_stat.proto
#10 27.45 [ 18%] Running cpp protocol buffer compiler on diagnostic.proto
#10 27.45 [ 22%] Running cpp protocol buffer compiler on disk_info.proto
#10 27.45 [ 24%] Running cpp protocol buffer compiler on mem_info.proto
#10 27.45 [ 24%] Running grpc protocol buffer compiler on mem_info.proto
#10 27.45 [ 26%] Running grpc protocol buffer compiler on disk_info.proto
#10 27.46 [ 30%] Running cpp protocol buffer compiler on monitor_info.proto
#10 27.46 [ 30%] Running grpc protocol buffer compiler on monitor_info.proto
#10 27.46 [ 32%] Running grpc protocol buffer compiler on net_info.proto
#10 27.48 [ 34%] Running cpp protocol buffer compiler on net_info.proto
#10 27.48 [ 36%] Running grpc protocol buffer compiler on query_api.proto
#10 27.56 [ 38%] Building CXX object proto/CMakeFiles/monitor_proto.dir/cpu_stat.pb.cc.o
#10 27.56 [ 44%] Building CXX object proto/CMakeFiles/monitor_proto.dir/monitor_info.pb.cc.o
#10 27.56 [ 50%] Building CXX object proto/CMakeFiles/monitor_proto.dir/mem_info.pb.cc.o
#10 27.56 [ 52%] Building CXX object proto/CMakeFiles/monitor_proto.dir/query_api.pb.cc.o
#10 27.56 [ 52%] Building CXX object proto/CMakeFiles/monitor_proto.dir/cpu_softirq.pb.cc.o
#10 27.56 [ 52%] Building CXX object proto/CMakeFiles/monitor_proto.dir/net_info.pb.cc.o
#10 27.56 [ 44%] Building CXX object proto/CMakeFiles/monitor_proto.dir/cpu_load.pb.cc.o
#10 27.56 [ 52%] Building CXX object proto/CMakeFiles/monitor_proto.dir/disk_info.pb.cc.o
#10 27.56 [ 56%] Building CXX object proto/CMakeFiles/monitor_proto.dir/monitor_info.grpc.pb.cc.o
#10 27.56 [ 56%] Building CXX object proto/CMakeFiles/monitor_proto.dir/cpu_softirq.grpc.pb.cc.o
#10 27.56 [ 62%] Building CXX object proto/CMakeFiles/monitor_proto.dir/diagnostic.pb.cc.o
#10 27.56 [ 62%] Building CXX object proto/CMakeFiles/monitor_proto.dir/cpu_load.grpc.pb.cc.o
#10 27.56 [ 62%] Building CXX object proto/CMakeFiles/monitor_proto.dir/mem_info.grpc.pb.cc.o
#10 27.56 [ 64%] Building CXX object proto/CMakeFiles/monitor_proto.dir/cpu_stat.grpc.pb.cc.o
#10 27.56 [ 66%] Building CXX object proto/CMakeFiles/monitor_proto.dir/disk_info.grpc.pb.cc.o
#10 27.57 [ 68%] Building CXX object proto/CMakeFiles/monitor_proto.dir/net_info.grpc.pb.cc.o
#10 31.95 [ 70%] Building CXX object proto/CMakeFiles/monitor_proto.dir/diagnostic.grpc.pb.cc.o
#10 31.95 [ 72%] Building CXX object proto/CMakeFiles/monitor_proto.dir/query_api.grpc.pb.cc.o
#10 37.19 [ 74%] Linking CXX static library libmonitor_proto.a
#10 37.35 [ 74%] Built target monitor_proto
#10 37.39 [ 92%] Building CXX object manager/CMakeFiles/manager.dir/src/host_manager.cpp.o
#10 37.39 [ 92%] Building CXX object manager/CMakeFiles/manager.dir/src/mysql_timeout_config.cpp.o
#10 37.40 [ 92%] Building CXX object manager/CMakeFiles/manager.dir/src/diagnostics/diagnostic_persistence.cpp.o
#10 37.40 [ 92%] Building CXX object manager/CMakeFiles/manager.dir/src/main.cpp.o
#10 37.40 [ 94%] Building CXX object manager/CMakeFiles/manager.dir/src/rpc/grpc_server.cpp.o
#10 37.40 [ 84%] Building CXX object manager/CMakeFiles/manager.dir/src/diagnostics/root_cause_engine.cpp.o
#10 37.40 [ 92%] Building CXX object manager/CMakeFiles/manager.dir/src/persistence_worker.cpp.o
#10 37.40 [ 94%] Building CXX object manager/CMakeFiles/manager.dir/src/host_shard_executor.cpp.o
#10 37.40 [ 94%] Building CXX object manager/CMakeFiles/manager.dir/src/query_manager.cpp.o
#10 37.40 [ 94%] Building CXX object manager/CMakeFiles/manager.dir/src/diagnostics/evidence_builder.cpp.o
#10 37.40 [ 96%] Building CXX object manager/CMakeFiles/manager.dir/src/diagnostics/incident_store.cpp.o
#10 37.41 [ 98%] Building CXX object manager/CMakeFiles/manager.dir/src/rpc/query_service.cpp.o
#10 42.27 [100%] Linking CXX executable manager
#10 43.12 [100%] Built target manager
#10 43.24 [ 94%] Built target monitor_proto
#10 43.28 [ 97%] Building CXX object benchmark/CMakeFiles/push_benchmark.dir/src/push_benchmark.cpp.o
#10 45.59 [100%] Linking CXX executable push_benchmark
#10 45.98 [100%] Built target push_benchmark
#10 DONE 46.1s

#11 exporting to image
#11 exporting layers
#11 exporting layers 12.0s done
#11 exporting manifest sha256:718b6b5faa105a8d1eba90ed46546e5fbf476c3e8fa8444c610cdd98c724ace9 0.0s done
#11 exporting config sha256:69ab50ce47f097252adaadb1ae10946ca563621df05e54855b4fc48b49f1eafe 0.0s done
#11 exporting attestation manifest sha256:c877498f143c81bfb7acf29637d7c031e4d80a11512d84c738d0135cdffb5f7f 0.0s done
#11 exporting manifest list sha256:e1f8c3d3e5b73932cd85b1134fed4244c4124efb13aa8b1a33d4f94bf14f2803 0.0s done
#11 naming to docker.io/library/monitor-system-benchmark:local done
#11 unpacking to docker.io/library/monitor-system-benchmark:local
#11 unpacking to docker.io/library/monitor-system-benchmark:local 2.6s done
#11 DONE 14.8s

#12 resolving provenance for metadata file
#12 DONE 0.0s
 Image monitor-system-benchmark:local Built
 Container manager-ab-ab-sharded-stagger-50-r2-20260818-mysql-1 Running
 Container manager-ab-ab-sharded-stagger-50-r2-20260818-manager-1 Creating
 Container manager-ab-ab-sharded-stagger-50-r2-20260818-manager-1 Created
 Container manager-ab-ab-sharded-stagger-50-r2-20260818-mysql-1 Waiting
 Container manager-ab-ab-sharded-stagger-50-r2-20260818-mysql-1 Healthy
 Container manager-ab-ab-sharded-stagger-50-r2-20260818-manager-1 Starting
 Container manager-ab-ab-sharded-stagger-50-r2-20260818-manager-1 Started
mysql: [Warning] Using a password on the command line interface can be insecure.
 Container manager-ab-ab-sharded-stagger-50-r2-20260818-manager-1 Stopping
 Container manager-ab-ab-sharded-stagger-50-r2-20260818-manager-1 Stopped
 Container manager-ab-ab-sharded-stagger-50-r2-20260818-manager-1 Stopping
 Container manager-ab-ab-sharded-stagger-50-r2-20260818-manager-1 Stopped
 Container manager-ab-ab-sharded-stagger-50-r2-20260818-manager-1 Removing
 Container manager-ab-ab-sharded-stagger-50-r2-20260818-manager-1 Removed
 Container manager-ab-ab-sharded-stagger-50-r2-20260818-mysql-1 Stopping
 Container manager-ab-ab-sharded-stagger-50-r2-20260818-mysql-1 Stopped
 Container manager-ab-ab-sharded-stagger-50-r2-20260818-mysql-1 Removing
 Container manager-ab-ab-sharded-stagger-50-r2-20260818-mysql-1 Removed
 Network manager-ab-ab-sharded-stagger-50-r2-20260818_default Removing
 Network manager-ab-ab-sharded-stagger-50-r2-20260818_default Removed
status=PASS
architecture=Sharded
repository=F:\chenyu_project\monitor_system
run_id=ab-sharded-stagger-50-r2-20260818
workers=50
duration_seconds=60
interval_ms=1000
arrival_model=stagger_start
total_samples=3000
successful_rpc=3000
failed_rpc=0
persisted_rows=3000
load_duration_sec=61.484
drain_duration_sec=0.582
total_completion_sec=62.475
accepted_reports_per_sec=48.019
processed_reports_per_sec=48.019
persisted_reports_per_sec=48.019
rpc_p50_us=670
rpc_p95_us=938
rpc_p99_us=1699
accepted=3000
queue_full=0
processed=3000
persistence_tasks=3000
persistence_rejected=0
queue_delay_samples=3000
queue_delay_total_us=215253
queue_delay_mean_us=71.75
max_queue_delay_us=243
max_shard_queue_depth=1
max_shard_queue_bytes=454
max_persistence_queue_depth=2
max_persistence_queue_bytes=1474
manager_cpu_avg_percent=4.9
manager_cpu_peak_percent=5.82
manager_rss_avg_mib=14.98
manager_rss_peak_mib=15.18
mysql_cpu_avg_percent=17.98
mysql_cpu_peak_percent=22.28
mysql_rss_avg_mib=406.25
mysql_rss_peak_mib=411
result_csv_sha256=C43C05DA8D96CAB7D28D50F1B0EFA6F8D10FE0D7D6FE4694EDBC3ACA49CFE89F
failure=
