 Network manager-ab-ab-legacy-stagger-10-r1-20260818_default Creating
 Network manager-ab-ab-legacy-stagger-10-r1-20260818_default Created
 Container manager-ab-ab-legacy-stagger-10-r1-20260818-mysql-1 Creating
 Container manager-ab-ab-legacy-stagger-10-r1-20260818-mysql-1 Created
 Container manager-ab-ab-legacy-stagger-10-r1-20260818-mysql-1 Starting
 Container manager-ab-ab-legacy-stagger-10-r1-20260818-mysql-1 Started
 Image monitor-system-benchmark:local Building
#1 [internal] load local bake definitions
#1 reading from stdin 610B 0.0s done
#1 DONE 0.0s

#2 [internal] load build definition from Dockerfile.benchmark
#2 transferring dockerfile: 761B done
#2 DONE 0.0s

#3 [internal] load metadata for docker.io/library/python:3.13-slim
#3 DONE 0.0s

#4 [internal] load .dockerignore
#4 transferring context: 2B done
#4 DONE 0.0s

#5 [internal] load build context
#5 DONE 0.0s

#6 [1/5] FROM docker.io/library/python:3.13-slim@sha256:6771159cd4fa5d9bba1258caf0b82e6b73458c694d178ad97c5e925c2d0e1a91
#6 resolve docker.io/library/python:3.13-slim@sha256:6771159cd4fa5d9bba1258caf0b82e6b73458c694d178ad97c5e925c2d0e1a91 0.0s done
#6 DONE 0.0s

#5 [internal] load build context
#5 transferring context: 11.38kB 0.0s done
#5 DONE 0.0s

#7 [2/5] RUN sed -i 's|http://deb.debian.org|https://deb.debian.org|g; s|http://security.debian.org|https://security.debian.org|g' /etc/apt/sources.list.d/debian.sources     && apt-get -o Acquire::Retries=3 update && apt-get -o Acquire::Retries=3 install -y --no-install-recommends     build-essential cmake pkg-config     libprotobuf-dev protobuf-compiler protobuf-compiler-grpc     libgrpc++-dev default-libmysqlclient-dev     && rm -rf /var/lib/apt/lists/*
#7 CACHED

#8 [3/5] WORKDIR /app
#8 CACHED

#9 [4/5] COPY . .
#9 DONE 0.1s

#10 [5/5] RUN cmake -S . -B build -DENABLE_EBPF=OFF -DBUILD_MANAGER=ON -DBUILD_BENCHMARK=ON     && cmake --build build --target manager push_benchmark -j"$(nproc)"
#10 0.315 -- The CXX compiler identification is GNU 14.2.0
#10 0.326 -- Detecting CXX compiler ABI info
#10 0.457 -- Detecting CXX compiler ABI info - done
#10 0.474 -- Check for working CXX compiler: /usr/bin/c++ - skipped
#10 0.474 -- Detecting CXX compile features
#10 0.475 -- Detecting CXX compile features - done
#10 0.658 -- Found Protobuf: /usr/lib/x86_64-linux-gnu/libprotobuf.so (found version "3.21.12")
#10 0.667 -- Found ZLIB: /usr/lib/x86_64-linux-gnu/libz.so (found version "1.3.1")
#10 0.732 -- Found OpenSSL: /usr/lib/x86_64-linux-gnu/libcrypto.so (found version "3.5.6")
#10 0.736 -- Found c-ares: /usr/lib/x86_64-linux-gnu/cmake/c-ares/c-ares-config.cmake (found version "1.34.5")
#10 0.738 -- Found Threads: TRUE
#10 0.757 -- Found PkgConfig: /usr/bin/pkg-config (found version "1.8.1")
#10 26.62 -- Found RE2 via pkg-config.
#10 26.68 -- Found RE2 via pkg-config.
#10 26.75 -- Found RE2 via pkg-config.
#10 26.76 -- Checking for module 'mysqlclient'
#10 26.79 --   Found mysqlclient, version 3.4.9
#10 26.84 -- MySQL support enabled
#10 26.84 -- Configuring done (26.6s)
#10 26.97 -- Generating done (0.1s)
#10 26.97 -- Build files have been written to: /app/build
#10 27.06 [  6%] Running cpp protocol buffer compiler on cpu_load.proto
#10 27.06 [  8%] Running cpp protocol buffer compiler on cpu_stat.proto
#10 27.06 [  6%] Running grpc protocol buffer compiler on cpu_load.proto
#10 27.06 [  8%] Running grpc protocol buffer compiler on cpu_softirq.proto
#10 27.06 [ 12%] Running cpp protocol buffer compiler on query_api.proto
#10 27.06 [ 10%] Running cpp protocol buffer compiler on cpu_softirq.proto
#10 27.06 [ 17%] Running grpc protocol buffer compiler on cpu_stat.proto
#10 27.06 [ 21%] Running cpp protocol buffer compiler on diagnostic.proto
#10 27.06 [ 23%] Running grpc protocol buffer compiler on disk_info.proto
#10 27.06 [ 27%] Running cpp protocol buffer compiler on disk_info.proto
#10 27.06 [ 27%] Running grpc protocol buffer compiler on mem_info.proto
#10 27.06 [ 29%] Running grpc protocol buffer compiler on monitor_info.proto
#10 27.07 [ 27%] Running grpc protocol buffer compiler on diagnostic.proto
#10 27.07 [ 29%] Running cpp protocol buffer compiler on mem_info.proto
#10 27.07 [ 34%] Running cpp protocol buffer compiler on monitor_info.proto
#10 27.07 [ 34%] Running grpc protocol buffer compiler on net_info.proto
#10 27.09 [ 38%] Running cpp protocol buffer compiler on net_info.proto
#10 27.09 [ 38%] Running grpc protocol buffer compiler on query_api.proto
#10 27.16 [ 46%] Building CXX object proto/CMakeFiles/monitor_proto.dir/cpu_stat.pb.cc.o
#10 27.16 [ 46%] Building CXX object proto/CMakeFiles/monitor_proto.dir/mem_info.pb.cc.o
#10 27.16 [ 46%] Building CXX object proto/CMakeFiles/monitor_proto.dir/cpu_softirq.pb.cc.o
#10 27.16 [ 48%] Building CXX object proto/CMakeFiles/monitor_proto.dir/monitor_info.pb.cc.o
#10 27.16 [ 51%] Building CXX object proto/CMakeFiles/monitor_proto.dir/diagnostic.pb.cc.o
#10 27.16 [ 53%] Building CXX object proto/CMakeFiles/monitor_proto.dir/disk_info.pb.cc.o
#10 27.16 [ 55%] Building CXX object proto/CMakeFiles/monitor_proto.dir/query_api.pb.cc.o
#10 27.17 [ 57%] Building CXX object proto/CMakeFiles/monitor_proto.dir/cpu_load.grpc.pb.cc.o
#10 27.17 [ 59%] Building CXX object proto/CMakeFiles/monitor_proto.dir/cpu_softirq.grpc.pb.cc.o
#10 27.17 [ 46%] Building CXX object proto/CMakeFiles/monitor_proto.dir/cpu_load.pb.cc.o
#10 27.17 [ 61%] Building CXX object proto/CMakeFiles/monitor_proto.dir/net_info.pb.cc.o
#10 27.17 [ 63%] Building CXX object proto/CMakeFiles/monitor_proto.dir/monitor_info.grpc.pb.cc.o
#10 27.17 [ 65%] Building CXX object proto/CMakeFiles/monitor_proto.dir/mem_info.grpc.pb.cc.o
#10 27.17 [ 68%] Building CXX object proto/CMakeFiles/monitor_proto.dir/cpu_stat.grpc.pb.cc.o
#10 27.17 [ 70%] Building CXX object proto/CMakeFiles/monitor_proto.dir/disk_info.grpc.pb.cc.o
#10 27.18 [ 72%] Building CXX object proto/CMakeFiles/monitor_proto.dir/net_info.grpc.pb.cc.o
#10 30.82 [ 76%] Building CXX object proto/CMakeFiles/monitor_proto.dir/query_api.grpc.pb.cc.o
#10 30.82 [ 76%] Building CXX object proto/CMakeFiles/monitor_proto.dir/diagnostic.grpc.pb.cc.o
#10 36.09 [ 78%] Linking CXX static library libmonitor_proto.a
#10 36.27 [ 78%] Built target monitor_proto
#10 36.31 [ 82%] Building CXX object manager/CMakeFiles/manager.dir/src/main.cpp.o
#10 36.31 [ 82%] Building CXX object manager/CMakeFiles/manager.dir/src/diagnostics/incident_store.cpp.o
#10 36.32 [ 85%] Building CXX object manager/CMakeFiles/manager.dir/src/rpc/query_service.cpp.o
#10 36.32 [ 87%] Building CXX object manager/CMakeFiles/manager.dir/src/diagnostics/diagnostic_persistence.cpp.o
#10 36.32 [ 89%] Building CXX object manager/CMakeFiles/manager.dir/src/diagnostics/evidence_builder.cpp.o
#10 36.32 [ 91%] Building CXX object manager/CMakeFiles/manager.dir/src/rpc/grpc_server.cpp.o
#10 36.32 [ 93%] Building CXX object manager/CMakeFiles/manager.dir/src/query_manager.cpp.o
#10 36.33 [ 95%] Building CXX object manager/CMakeFiles/manager.dir/src/diagnostics/root_cause_engine.cpp.o
#10 36.33 [ 97%] Building CXX object manager/CMakeFiles/manager.dir/src/host_manager.cpp.o
#10 41.17 [100%] Linking CXX executable manager
#10 41.97 [100%] Built target manager
#10 42.12 [ 94%] Built target monitor_proto
#10 42.16 [ 97%] Building CXX object benchmark/CMakeFiles/push_benchmark.dir/src/push_benchmark.cpp.o
#10 44.70 [100%] Linking CXX executable push_benchmark
#10 45.11 [100%] Built target push_benchmark
#10 DONE 45.2s

#11 exporting to image
#11 exporting layers
#11 exporting layers 0.6s done
#11 exporting manifest sha256:648780359926077c2a67efb3c5a4bb06b4f9f9343518b78240b3d8828bab6192 0.0s done
#11 exporting config sha256:51572a9c9626a18c86dfde90dd2270ee305fcb22b9842a461a21b885d602be1b 0.0s done
#11 exporting attestation manifest sha256:b4ee3cae34a2604ad6d7de2227029645a6e38d8344a2f4fd41d0b01e38736082 0.0s done
#11 exporting manifest list sha256:572d54752f08a36185c4c3ca9a3aa3795c57b6efc3d8d27916701700b3a94117 0.0s done
#11 naming to docker.io/library/monitor-system-benchmark:local done
#11 unpacking to docker.io/library/monitor-system-benchmark:local
#11 unpacking to docker.io/library/monitor-system-benchmark:local 0.4s done
#11 DONE 1.1s

#12 resolving provenance for metadata file
#12 DONE 0.0s
 Image monitor-system-benchmark:local Built
 Container manager-ab-ab-legacy-stagger-10-r1-20260818-mysql-1 Running
 Container manager-ab-ab-legacy-stagger-10-r1-20260818-manager-1 Creating
 Container manager-ab-ab-legacy-stagger-10-r1-20260818-manager-1 Created
 Container manager-ab-ab-legacy-stagger-10-r1-20260818-mysql-1 Waiting
 Container manager-ab-ab-legacy-stagger-10-r1-20260818-mysql-1 Healthy
 Container manager-ab-ab-legacy-stagger-10-r1-20260818-manager-1 Starting
 Container manager-ab-ab-legacy-stagger-10-r1-20260818-manager-1 Started
mysql: [Warning] Using a password on the command line interface can be insecure.
 Container manager-ab-ab-legacy-stagger-10-r1-20260818-manager-1 Stopping
 Container manager-ab-ab-legacy-stagger-10-r1-20260818-manager-1 Stopped
 Container manager-ab-ab-legacy-stagger-10-r1-20260818-manager-1 Stopping
 Container manager-ab-ab-legacy-stagger-10-r1-20260818-manager-1 Stopped
 Container manager-ab-ab-legacy-stagger-10-r1-20260818-manager-1 Removing
 Container manager-ab-ab-legacy-stagger-10-r1-20260818-manager-1 Removed
 Container manager-ab-ab-legacy-stagger-10-r1-20260818-mysql-1 Stopping
 Container manager-ab-ab-legacy-stagger-10-r1-20260818-mysql-1 Stopped
 Container manager-ab-ab-legacy-stagger-10-r1-20260818-mysql-1 Removing
 Container manager-ab-ab-legacy-stagger-10-r1-20260818-mysql-1 Removed
 Network manager-ab-ab-legacy-stagger-10-r1-20260818_default Removing
 Network manager-ab-ab-legacy-stagger-10-r1-20260818_default Removed
status=PASS
architecture=Legacy
repository=F:\chenyu_project\monitor_system-legacy-5c29
run_id=ab-legacy-stagger-10-r1-20260818
workers=10
duration_seconds=60
interval_ms=1000
arrival_model=stagger_start
total_samples=600
successful_rpc=600
failed_rpc=0
persisted_rows=600
load_duration_sec=61.422
drain_duration_sec=0.567
total_completion_sec=62.353
accepted_reports_per_sec=9.623
processed_reports_per_sec=N/A
persisted_reports_per_sec=9.623
rpc_p50_us=13401
rpc_p95_us=19692
rpc_p99_us=26158
accepted=N/A
queue_full=N/A
processed=N/A
persistence_tasks=N/A
persistence_rejected=N/A
queue_delay_samples=N/A
queue_delay_total_us=N/A
queue_delay_mean_us=N/A
max_queue_delay_us=N/A
max_shard_queue_depth=N/A
max_shard_queue_bytes=N/A
max_persistence_queue_depth=N/A
max_persistence_queue_bytes=N/A
manager_cpu_avg_percent=1.16
manager_cpu_peak_percent=1.89
manager_rss_avg_mib=8.41
manager_rss_peak_mib=8.72
mysql_cpu_avg_percent=7.66
mysql_cpu_peak_percent=18.04
mysql_rss_avg_mib=408.73
mysql_rss_peak_mib=409.3
result_csv_sha256=1086DB7969D61C6DEAAABB1EBF107C15BD9C1153BF036F4797026ECD35B13F59
failure=
