 Network manager-ab-ab-sharded-stagger-75-r1-20260818_default Creating
 Network manager-ab-ab-sharded-stagger-75-r1-20260818_default Created
 Container manager-ab-ab-sharded-stagger-75-r1-20260818-mysql-1 Creating
 Container manager-ab-ab-sharded-stagger-75-r1-20260818-mysql-1 Created
 Container manager-ab-ab-sharded-stagger-75-r1-20260818-mysql-1 Starting
 Container manager-ab-ab-sharded-stagger-75-r1-20260818-mysql-1 Started
 Image monitor-system-benchmark:local Building
#1 [internal] load local bake definitions
#1 reading from stdin 587B 0.0s done
#1 DONE 0.0s

#2 [internal] load build definition from Dockerfile.benchmark
#2 transferring dockerfile: 747B done
#2 DONE 0.0s

#3 [internal] load metadata for docker.io/library/python:3.13-slim
#3 DONE 0.0s

#4 [internal] load .dockerignore
#4 transferring context: 2B done
#4 DONE 0.0s

#5 [1/5] FROM docker.io/library/python:3.13-slim@sha256:6771159cd4fa5d9bba1258caf0b82e6b73458c694d178ad97c5e925c2d0e1a91
#5 resolve docker.io/library/python:3.13-slim@sha256:6771159cd4fa5d9bba1258caf0b82e6b73458c694d178ad97c5e925c2d0e1a91 0.0s done
#5 DONE 0.0s

#6 [internal] load build context
#6 transferring context: 664.40kB 0.3s done
#6 DONE 0.4s

#7 [2/5] RUN sed -i 's|http://deb.debian.org|https://deb.debian.org|g; s|http://security.debian.org|https://security.debian.org|g' /etc/apt/sources.list.d/debian.sources     && apt-get -o Acquire::Retries=3 update && apt-get -o Acquire::Retries=3 install -y --no-install-recommends     build-essential cmake pkg-config     libprotobuf-dev protobuf-compiler protobuf-compiler-grpc     libgrpc++-dev default-libmysqlclient-dev     && rm -rf /var/lib/apt/lists/*
#7 CACHED

#8 [3/5] WORKDIR /app
#8 CACHED

#9 [4/5] COPY . .
#9 DONE 1.2s

#10 [5/5] RUN cmake -S . -B build -DENABLE_EBPF=OFF -DBUILD_MANAGER=ON -DBUILD_BENCHMARK=ON     && cmake --build build --target manager push_benchmark -j"$(nproc)"
#10 0.356 -- The CXX compiler identification is GNU 14.2.0
#10 0.377 -- Detecting CXX compiler ABI info
#10 0.496 -- Detecting CXX compiler ABI info - done
#10 0.512 -- Check for working CXX compiler: /usr/bin/c++ - skipped
#10 0.513 -- Detecting CXX compile features
#10 0.513 -- Detecting CXX compile features - done
#10 0.696 -- Found Protobuf: /usr/lib/x86_64-linux-gnu/libprotobuf.so (found version "3.21.12")
#10 0.704 -- Found ZLIB: /usr/lib/x86_64-linux-gnu/libz.so (found version "1.3.1")
#10 0.766 -- Found OpenSSL: /usr/lib/x86_64-linux-gnu/libcrypto.so (found version "3.5.6")
#10 0.770 -- Found c-ares: /usr/lib/x86_64-linux-gnu/cmake/c-ares/c-ares-config.cmake (found version "1.34.5")
#10 0.773 -- Found Threads: TRUE
#10 0.792 -- Found PkgConfig: /usr/bin/pkg-config (found version "1.8.1")
#10 26.79 -- Found RE2 via pkg-config.
#10 26.85 -- Found RE2 via pkg-config.
#10 26.90 -- Found RE2 via pkg-config.
#10 26.91 -- Checking for module 'mysqlclient'
#10 26.93 --   Found mysqlclient, version 3.4.9
#10 26.96 -- MySQL support enabled
#10 26.97 -- Configuring done (26.7s)
#10 27.09 -- Generating done (0.1s)
#10 27.09 -- Build files have been written to: /app/build
#10 27.17 [  8%] Running grpc protocol buffer compiler on cpu_load.proto
#10 27.17 [  8%] Running cpp protocol buffer compiler on query_api.proto
#10 27.17 [  8%] Running cpp protocol buffer compiler on cpu_load.proto
#10 27.17 [  8%] Running grpc protocol buffer compiler on cpu_softirq.proto
#10 27.17 [ 10%] Running cpp protocol buffer compiler on cpu_softirq.proto
#10 27.17 [ 14%] Running grpc protocol buffer compiler on cpu_stat.proto
#10 27.17 [ 16%] Running grpc protocol buffer compiler on diagnostic.proto
#10 27.17 [ 14%] Running cpp protocol buffer compiler on cpu_stat.proto
#10 27.17 [ 18%] Running cpp protocol buffer compiler on diagnostic.proto
#10 27.17 [ 20%] Running grpc protocol buffer compiler on disk_info.proto
#10 27.17 [ 22%] Running cpp protocol buffer compiler on disk_info.proto
#10 27.17 [ 24%] Running grpc protocol buffer compiler on mem_info.proto
#10 27.18 [ 28%] Running grpc protocol buffer compiler on monitor_info.proto
#10 27.18 [ 28%] Running cpp protocol buffer compiler on mem_info.proto
#10 27.18 [ 30%] Running grpc protocol buffer compiler on net_info.proto
#10 27.18 [ 32%] Running cpp protocol buffer compiler on monitor_info.proto
#10 27.20 [ 36%] Running cpp protocol buffer compiler on net_info.proto
#10 27.20 [ 36%] Running grpc protocol buffer compiler on query_api.proto
#10 27.27 [ 44%] Building CXX object proto/CMakeFiles/monitor_proto.dir/cpu_softirq.pb.cc.o
#10 27.27 [ 44%] Building CXX object proto/CMakeFiles/monitor_proto.dir/disk_info.pb.cc.o
#10 27.27 [ 44%] Building CXX object proto/CMakeFiles/monitor_proto.dir/monitor_info.pb.cc.o
#10 27.27 [ 44%] Building CXX object proto/CMakeFiles/monitor_proto.dir/cpu_stat.pb.cc.o
#10 27.27 [ 46%] Building CXX object proto/CMakeFiles/monitor_proto.dir/net_info.pb.cc.o
#10 27.27 [ 50%] Building CXX object proto/CMakeFiles/monitor_proto.dir/cpu_load.pb.cc.o
#10 27.27 [ 52%] Building CXX object proto/CMakeFiles/monitor_proto.dir/query_api.pb.cc.o
#10 27.27 [ 54%] Building CXX object proto/CMakeFiles/monitor_proto.dir/mem_info.pb.cc.o
#10 27.27 [ 54%] Building CXX object proto/CMakeFiles/monitor_proto.dir/diagnostic.pb.cc.o
#10 27.27 [ 56%] Building CXX object proto/CMakeFiles/monitor_proto.dir/monitor_info.grpc.pb.cc.o
#10 27.27 [ 58%] Building CXX object proto/CMakeFiles/monitor_proto.dir/cpu_load.grpc.pb.cc.o
#10 27.27 [ 62%] Building CXX object proto/CMakeFiles/monitor_proto.dir/cpu_stat.grpc.pb.cc.o
#10 27.27 [ 62%] Building CXX object proto/CMakeFiles/monitor_proto.dir/cpu_softirq.grpc.pb.cc.o
#10 27.27 [ 64%] Building CXX object proto/CMakeFiles/monitor_proto.dir/mem_info.grpc.pb.cc.o
#10 27.28 [ 66%] Building CXX object proto/CMakeFiles/monitor_proto.dir/net_info.grpc.pb.cc.o
#10 27.28 [ 68%] Building CXX object proto/CMakeFiles/monitor_proto.dir/disk_info.grpc.pb.cc.o
#10 30.45 [ 70%] Building CXX object proto/CMakeFiles/monitor_proto.dir/diagnostic.grpc.pb.cc.o
#10 30.51 [ 72%] Building CXX object proto/CMakeFiles/monitor_proto.dir/query_api.grpc.pb.cc.o
#10 34.72 [ 74%] Linking CXX static library libmonitor_proto.a
#10 34.85 [ 74%] Built target monitor_proto
#10 34.88 [ 76%] Building CXX object manager/CMakeFiles/manager.dir/src/host_shard_executor.cpp.o
#10 34.88 [ 78%] Building CXX object manager/CMakeFiles/manager.dir/src/diagnostics/evidence_builder.cpp.o
#10 34.88 [ 80%] Building CXX object manager/CMakeFiles/manager.dir/src/host_manager.cpp.o
#10 34.88 [ 82%] Building CXX object manager/CMakeFiles/manager.dir/src/main.cpp.o
#10 34.88 [ 86%] Building CXX object manager/CMakeFiles/manager.dir/src/persistence_worker.cpp.o
#10 34.88 [ 86%] Building CXX object manager/CMakeFiles/manager.dir/src/mysql_timeout_config.cpp.o
#10 34.88 [ 90%] Building CXX object manager/CMakeFiles/manager.dir/src/rpc/grpc_server.cpp.o
#10 34.88 [ 90%] Building CXX object manager/CMakeFiles/manager.dir/src/query_manager.cpp.o
#10 34.88 [ 96%] Building CXX object manager/CMakeFiles/manager.dir/src/diagnostics/incident_store.cpp.o
#10 34.88 [ 96%] Building CXX object manager/CMakeFiles/manager.dir/src/diagnostics/diagnostic_persistence.cpp.o
#10 34.88 [ 96%] Building CXX object manager/CMakeFiles/manager.dir/src/diagnostics/root_cause_engine.cpp.o
#10 34.88 [ 98%] Building CXX object manager/CMakeFiles/manager.dir/src/rpc/query_service.cpp.o
#10 39.12 [100%] Linking CXX executable manager
#10 39.87 [100%] Built target manager
#10 39.97 [ 94%] Built target monitor_proto
#10 40.00 [ 97%] Building CXX object benchmark/CMakeFiles/push_benchmark.dir/src/push_benchmark.cpp.o
#10 42.30 [100%] Linking CXX executable push_benchmark
#10 42.69 [100%] Built target push_benchmark
#10 DONE 42.8s

#11 exporting to image
#11 exporting layers
#11 exporting layers 10.5s done
#11 exporting manifest sha256:7f88f2d13c2bdfd5a7962e26a0ea92be65166dd76c8a6f829910a60076862421 0.0s done
#11 exporting config sha256:7fa40e1d82bc250de3741643f1dc05c932985fdf299eb75025c2c78c5c53c621 0.0s done
#11 exporting attestation manifest sha256:930e1e94c6897aede46bc1e05cff91b1006a26fd089c2756372d3081e315f642 0.0s done
#11 exporting manifest list sha256:b1c9ebbad035eb9bad20498c04cc4b5730daf69fd763056cb228b281416f2c1f 0.0s done
#11 naming to docker.io/library/monitor-system-benchmark:local done
#11 unpacking to docker.io/library/monitor-system-benchmark:local
#11 unpacking to docker.io/library/monitor-system-benchmark:local 2.1s done
#11 DONE 12.7s

#12 resolving provenance for metadata file
#12 DONE 0.0s
 Image monitor-system-benchmark:local Built
 Container manager-ab-ab-sharded-stagger-75-r1-20260818-mysql-1 Running
 Container manager-ab-ab-sharded-stagger-75-r1-20260818-manager-1 Creating
 Container manager-ab-ab-sharded-stagger-75-r1-20260818-manager-1 Created
 Container manager-ab-ab-sharded-stagger-75-r1-20260818-mysql-1 Waiting
 Container manager-ab-ab-sharded-stagger-75-r1-20260818-mysql-1 Healthy
 Container manager-ab-ab-sharded-stagger-75-r1-20260818-manager-1 Starting
 Container manager-ab-ab-sharded-stagger-75-r1-20260818-manager-1 Started
mysql: [Warning] Using a password on the command line interface can be insecure.
 Container manager-ab-ab-sharded-stagger-75-r1-20260818-manager-1 Stopping
 Container manager-ab-ab-sharded-stagger-75-r1-20260818-manager-1 Stopped
 Container manager-ab-ab-sharded-stagger-75-r1-20260818-manager-1 Stopping
 Container manager-ab-ab-sharded-stagger-75-r1-20260818-manager-1 Stopped
 Container manager-ab-ab-sharded-stagger-75-r1-20260818-manager-1 Removing
 Container manager-ab-ab-sharded-stagger-75-r1-20260818-manager-1 Removed
 Container manager-ab-ab-sharded-stagger-75-r1-20260818-mysql-1 Stopping
 Container manager-ab-ab-sharded-stagger-75-r1-20260818-mysql-1 Stopped
 Container manager-ab-ab-sharded-stagger-75-r1-20260818-mysql-1 Removing
 Container manager-ab-ab-sharded-stagger-75-r1-20260818-mysql-1 Removed
 Network manager-ab-ab-sharded-stagger-75-r1-20260818_default Removing
 Network manager-ab-ab-sharded-stagger-75-r1-20260818_default Removed
status=PASS
architecture=Sharded
repository=F:\chenyu_project\monitor_system
run_id=ab-sharded-stagger-75-r1-20260818
workers=75
duration_seconds=60
interval_ms=1000
arrival_model=stagger_start
total_samples=4500
successful_rpc=4500
failed_rpc=0
persisted_rows=4500
load_duration_sec=61.515
drain_duration_sec=0.541
total_completion_sec=62.425
accepted_reports_per_sec=72.087
processed_reports_per_sec=72.087
persisted_reports_per_sec=72.087
rpc_p50_us=617
rpc_p95_us=922
rpc_p99_us=1727
accepted=4500
queue_full=0
processed=4500
persistence_tasks=4500
persistence_rejected=0
queue_delay_samples=4500
queue_delay_total_us=305754
queue_delay_mean_us=67.95
max_queue_delay_us=1914
max_shard_queue_depth=1
max_shard_queue_bytes=454
max_persistence_queue_depth=14
max_persistence_queue_bytes=10388
manager_cpu_avg_percent=6.61
manager_cpu_peak_percent=8.21
manager_rss_avg_mib=8.89
manager_rss_peak_mib=9.25
mysql_cpu_avg_percent=21.28
mysql_cpu_peak_percent=26.8
mysql_rss_avg_mib=413.38
mysql_rss_peak_mib=415.9
result_csv_sha256=62A9864D03AAEC6700D2DA3D2E2FC6E7068090333A10F952D98524729473CE4E
failure=
