 Network manager-ab-ab-legacy-burst-10-r1-20260818_default Creating
 Network manager-ab-ab-legacy-burst-10-r1-20260818_default Created
 Container manager-ab-ab-legacy-burst-10-r1-20260818-mysql-1 Creating
 Container manager-ab-ab-legacy-burst-10-r1-20260818-mysql-1 Created
 Container manager-ab-ab-legacy-burst-10-r1-20260818-mysql-1 Starting
 Container manager-ab-ab-legacy-burst-10-r1-20260818-mysql-1 Started
 Image monitor-system-benchmark:local Building
#1 [internal] load local bake definitions
#1 reading from stdin 608B 0.0s done
#1 DONE 0.0s

#2 [internal] load build definition from Dockerfile.benchmark
#2 transferring dockerfile: 761B 0.0s done
#2 DONE 0.0s

#3 [internal] load metadata for docker.io/library/python:3.13-slim
#3 DONE 0.0s

#4 [internal] load .dockerignore
#4 transferring context: 2B done
#4 DONE 0.0s

#5 [1/5] FROM docker.io/library/python:3.13-slim@sha256:6771159cd4fa5d9bba1258caf0b82e6b73458c694d178ad97c5e925c2d0e1a91
#5 resolve docker.io/library/python:3.13-slim@sha256:6771159cd4fa5d9bba1258caf0b82e6b73458c694d178ad97c5e925c2d0e1a91 0.0s done
#5 DONE 0.0s

#6 [internal] load build context
#6 transferring context: 764.34kB 0.1s done
#6 DONE 0.1s

#7 [2/5] RUN sed -i 's|http://deb.debian.org|https://deb.debian.org|g; s|http://security.debian.org|https://security.debian.org|g' /etc/apt/sources.list.d/debian.sources     && apt-get -o Acquire::Retries=3 update && apt-get -o Acquire::Retries=3 install -y --no-install-recommends     build-essential cmake pkg-config     libprotobuf-dev protobuf-compiler protobuf-compiler-grpc     libgrpc++-dev default-libmysqlclient-dev     && rm -rf /var/lib/apt/lists/*
#7 CACHED

#8 [3/5] WORKDIR /app
#8 CACHED

#9 [4/5] COPY . .
#9 DONE 0.1s

#10 [5/5] RUN cmake -S . -B build -DENABLE_EBPF=OFF -DBUILD_MANAGER=ON -DBUILD_BENCHMARK=ON     && cmake --build build --target manager push_benchmark -j"$(nproc)"
#10 0.625 -- The CXX compiler identification is GNU 14.2.0
#10 0.643 -- Detecting CXX compiler ABI info
#10 0.785 -- Detecting CXX compiler ABI info - done
#10 0.802 -- Check for working CXX compiler: /usr/bin/c++ - skipped
#10 0.803 -- Detecting CXX compile features
#10 0.804 -- Detecting CXX compile features - done
#10 1.008 -- Found Protobuf: /usr/lib/x86_64-linux-gnu/libprotobuf.so (found version "3.21.12")
#10 1.018 -- Found ZLIB: /usr/lib/x86_64-linux-gnu/libz.so (found version "1.3.1")
#10 1.083 -- Found OpenSSL: /usr/lib/x86_64-linux-gnu/libcrypto.so (found version "3.5.6")
#10 1.087 -- Found c-ares: /usr/lib/x86_64-linux-gnu/cmake/c-ares/c-ares-config.cmake (found version "1.34.5")
#10 1.091 -- Found Threads: TRUE
#10 1.112 -- Found PkgConfig: /usr/bin/pkg-config (found version "1.8.1")
#10 26.94 -- Found RE2 via pkg-config.
#10 26.99 -- Found RE2 via pkg-config.
#10 27.05 -- Found RE2 via pkg-config.
#10 27.05 -- Checking for module 'mysqlclient'
#10 27.07 --   Found mysqlclient, version 3.4.9
#10 27.11 -- MySQL support enabled
#10 27.11 -- Configuring done (26.6s)
#10 27.24 -- Generating done (0.1s)
#10 27.24 -- Build files have been written to: /app/build
#10 27.33 [  2%] Running cpp protocol buffer compiler on query_api.proto
#10 27.33 [  6%] Running grpc protocol buffer compiler on cpu_load.proto
#10 27.33 [  6%] Running grpc protocol buffer compiler on cpu_softirq.proto
#10 27.33 [  8%] Running cpp protocol buffer compiler on cpu_softirq.proto
#10 27.33 [ 12%] Running cpp protocol buffer compiler on cpu_load.proto
#10 27.33 [ 12%] Running grpc protocol buffer compiler on cpu_stat.proto
#10 27.33 [ 14%] Running cpp protocol buffer compiler on cpu_stat.proto
#10 27.33 [ 17%] Running cpp protocol buffer compiler on diagnostic.proto
#10 27.33 [ 19%] Running grpc protocol buffer compiler on disk_info.proto
#10 27.33 [ 23%] Running grpc protocol buffer compiler on mem_info.proto
#10 27.33 [ 23%] Running cpp protocol buffer compiler on disk_info.proto
#10 27.33 [ 27%] Running grpc protocol buffer compiler on diagnostic.proto
#10 27.33 [ 27%] Running cpp protocol buffer compiler on mem_info.proto
#10 27.33 [ 29%] Running grpc protocol buffer compiler on net_info.proto
#10 27.33 [ 34%] Running grpc protocol buffer compiler on monitor_info.proto
#10 27.33 [ 34%] Running cpp protocol buffer compiler on monitor_info.proto
#10 27.36 [ 36%] Running cpp protocol buffer compiler on net_info.proto
#10 27.36 [ 38%] Running grpc protocol buffer compiler on query_api.proto
#10 27.43 [ 42%] Building CXX object proto/CMakeFiles/monitor_proto.dir/cpu_stat.pb.cc.o
#10 27.43 [ 42%] Building CXX object proto/CMakeFiles/monitor_proto.dir/mem_info.pb.cc.o
#10 27.43 [ 48%] Building CXX object proto/CMakeFiles/monitor_proto.dir/cpu_softirq.pb.cc.o
#10 27.43 [ 53%] Building CXX object proto/CMakeFiles/monitor_proto.dir/diagnostic.pb.cc.o
#10 27.43 [ 53%] Building CXX object proto/CMakeFiles/monitor_proto.dir/net_info.pb.cc.o
#10 27.43 [ 53%] Building CXX object proto/CMakeFiles/monitor_proto.dir/monitor_info.pb.cc.o
#10 27.43 [ 53%] Building CXX object proto/CMakeFiles/monitor_proto.dir/cpu_load.pb.cc.o
#10 27.44 [ 57%] Building CXX object proto/CMakeFiles/monitor_proto.dir/disk_info.pb.cc.o
#10 27.44 [ 57%] Building CXX object proto/CMakeFiles/monitor_proto.dir/cpu_load.grpc.pb.cc.o
#10 27.44 [ 59%] Building CXX object proto/CMakeFiles/monitor_proto.dir/query_api.pb.cc.o
#10 27.44 [ 63%] Building CXX object proto/CMakeFiles/monitor_proto.dir/monitor_info.grpc.pb.cc.o
#10 27.44 [ 63%] Building CXX object proto/CMakeFiles/monitor_proto.dir/mem_info.grpc.pb.cc.o
#10 27.44 [ 65%] Building CXX object proto/CMakeFiles/monitor_proto.dir/cpu_stat.grpc.pb.cc.o
#10 27.44 [ 68%] Building CXX object proto/CMakeFiles/monitor_proto.dir/cpu_softirq.grpc.pb.cc.o
#10 27.45 [ 70%] Building CXX object proto/CMakeFiles/monitor_proto.dir/net_info.grpc.pb.cc.o
#10 27.45 [ 72%] Building CXX object proto/CMakeFiles/monitor_proto.dir/disk_info.grpc.pb.cc.o
#10 31.96 [ 74%] Building CXX object proto/CMakeFiles/monitor_proto.dir/diagnostic.grpc.pb.cc.o
#10 32.17 [ 76%] Building CXX object proto/CMakeFiles/monitor_proto.dir/query_api.grpc.pb.cc.o
#10 36.97 [ 78%] Linking CXX static library libmonitor_proto.a
#10 37.14 [ 78%] Built target monitor_proto
#10 37.18 [ 82%] Building CXX object manager/CMakeFiles/manager.dir/src/diagnostics/root_cause_engine.cpp.o
#10 37.18 [ 87%] Building CXX object manager/CMakeFiles/manager.dir/src/host_manager.cpp.o
#10 37.18 [ 87%] Building CXX object manager/CMakeFiles/manager.dir/src/main.cpp.o
#10 37.18 [ 87%] Building CXX object manager/CMakeFiles/manager.dir/src/query_manager.cpp.o
#10 37.18 [ 89%] Building CXX object manager/CMakeFiles/manager.dir/src/diagnostics/evidence_builder.cpp.o
#10 37.18 [ 91%] Building CXX object manager/CMakeFiles/manager.dir/src/diagnostics/incident_store.cpp.o
#10 37.18 [ 95%] Building CXX object manager/CMakeFiles/manager.dir/src/rpc/grpc_server.cpp.o
#10 37.18 [ 95%] Building CXX object manager/CMakeFiles/manager.dir/src/rpc/query_service.cpp.o
#10 37.19 [ 97%] Building CXX object manager/CMakeFiles/manager.dir/src/diagnostics/diagnostic_persistence.cpp.o
#10 41.56 [100%] Linking CXX executable manager
#10 42.42 [100%] Built target manager
#10 42.54 [ 94%] Built target monitor_proto
#10 42.58 [ 97%] Building CXX object benchmark/CMakeFiles/push_benchmark.dir/src/push_benchmark.cpp.o
#10 44.98 [100%] Linking CXX executable push_benchmark
#10 45.38 [100%] Built target push_benchmark
#10 DONE 45.5s

#11 exporting to image
#11 exporting layers
#11 exporting layers 0.9s done
#11 exporting manifest sha256:70d568a330f24077152b08f037af21f40d4796e3b14985d02ee014d9c3f1ea27 0.0s done
#11 exporting config sha256:cb669e01189c1168246cc32aadc5f51febe17d59f33d07357913e3cb11231b02 0.0s done
#11 exporting attestation manifest sha256:e8659fd1c549046ec7dbea13fa7533229bdf9a40b0e7fc203aee3f59fbb1858b 0.0s done
#11 exporting manifest list sha256:471c32b369e647eebe3739da8cc26e5ea465c2d74f3b68ad7c006570f0b5070c 0.0s done
#11 naming to docker.io/library/monitor-system-benchmark:local done
#11 unpacking to docker.io/library/monitor-system-benchmark:local
#11 unpacking to docker.io/library/monitor-system-benchmark:local 0.3s done
#11 DONE 1.4s

#12 resolving provenance for metadata file
#12 DONE 0.0s
 Image monitor-system-benchmark:local Built
 Container manager-ab-ab-legacy-burst-10-r1-20260818-mysql-1 Running
 Container manager-ab-ab-legacy-burst-10-r1-20260818-manager-1 Creating
 Container manager-ab-ab-legacy-burst-10-r1-20260818-manager-1 Created
 Container manager-ab-ab-legacy-burst-10-r1-20260818-mysql-1 Waiting
 Container manager-ab-ab-legacy-burst-10-r1-20260818-mysql-1 Healthy
 Container manager-ab-ab-legacy-burst-10-r1-20260818-manager-1 Starting
 Container manager-ab-ab-legacy-burst-10-r1-20260818-manager-1 Started
mysql: [Warning] Using a password on the command line interface can be insecure.
 Container manager-ab-ab-legacy-burst-10-r1-20260818-manager-1 Stopping
 Container manager-ab-ab-legacy-burst-10-r1-20260818-manager-1 Stopped
 Container manager-ab-ab-legacy-burst-10-r1-20260818-manager-1 Stopping
 Container manager-ab-ab-legacy-burst-10-r1-20260818-manager-1 Stopped
 Container manager-ab-ab-legacy-burst-10-r1-20260818-manager-1 Removing
 Container manager-ab-ab-legacy-burst-10-r1-20260818-manager-1 Removed
 Container manager-ab-ab-legacy-burst-10-r1-20260818-mysql-1 Stopping
 Container manager-ab-ab-legacy-burst-10-r1-20260818-mysql-1 Stopped
 Container manager-ab-ab-legacy-burst-10-r1-20260818-mysql-1 Removing
 Container manager-ab-ab-legacy-burst-10-r1-20260818-mysql-1 Removed
 Network manager-ab-ab-legacy-burst-10-r1-20260818_default Removing
 Network manager-ab-ab-legacy-burst-10-r1-20260818_default Removed
status=PASS
architecture=Legacy
repository=F:\chenyu_project\monitor_system-legacy-5c29
run_id=ab-legacy-burst-10-r1-20260818
workers=10
duration_seconds=60
interval_ms=1000
arrival_model=burst
total_samples=600
successful_rpc=600
failed_rpc=0
persisted_rows=600
load_duration_sec=60.658
drain_duration_sec=0.508
total_completion_sec=61.519
accepted_reports_per_sec=9.753
processed_reports_per_sec=N/A
persisted_reports_per_sec=9.753
rpc_p50_us=70573
rpc_p95_us=206477
rpc_p99_us=289264
accepted=N/A
queue_full=N/A
processed=N/A
persistence_tasks=N/A
persistence_rejected=N/A
queue_delay_samples=N/A
queue_delay_total_us=N/A
queue_delay_mean_us=N/A
max_queue_delay_us=N/A
max_shard_queue_depth=N/A
max_shard_queue_bytes=N/A
max_persistence_queue_depth=N/A
max_persistence_queue_bytes=N/A
manager_cpu_avg_percent=1.23
manager_cpu_peak_percent=2.73
manager_rss_avg_mib=12.37
manager_rss_peak_mib=12.92
mysql_cpu_avg_percent=4.65
mysql_cpu_peak_percent=7.59
mysql_rss_avg_mib=417.38
mysql_rss_peak_mib=418.5
result_csv_sha256=0279870D690ABB66D08A38EFEB35E838E6808C64300803535B45854C65DBFE01
failure=
