 Network manager-ab-ab-sharded-burst-200-r1-20260818_default Creating
 Network manager-ab-ab-sharded-burst-200-r1-20260818_default Created
 Container manager-ab-ab-sharded-burst-200-r1-20260818-mysql-1 Creating
 Container manager-ab-ab-sharded-burst-200-r1-20260818-mysql-1 Created
 Container manager-ab-ab-sharded-burst-200-r1-20260818-mysql-1 Starting
 Container manager-ab-ab-sharded-burst-200-r1-20260818-mysql-1 Started
 Image monitor-system-benchmark:local Building
#1 [internal] load local bake definitions
#1 reading from stdin 586B 0.0s done
#1 DONE 0.0s

#2 [internal] load build definition from Dockerfile.benchmark
#2 transferring dockerfile: 747B 0.0s done
#2 DONE 0.0s

#3 [internal] load metadata for docker.io/library/python:3.13-slim
#3 DONE 0.1s

#4 [internal] load .dockerignore
#4 transferring context:
#4 transferring context: 2B done
#4 DONE 0.0s

#5 [1/5] FROM docker.io/library/python:3.13-slim@sha256:6771159cd4fa5d9bba1258caf0b82e6b73458c694d178ad97c5e925c2d0e1a91
#5 resolve docker.io/library/python:3.13-slim@sha256:6771159cd4fa5d9bba1258caf0b82e6b73458c694d178ad97c5e925c2d0e1a91 0.0s done
#5 DONE 0.0s

#6 [internal] load build context
#6 transferring context: 1.32MB 0.4s done
#6 DONE 0.4s

#7 [2/5] RUN sed -i 's|http://deb.debian.org|https://deb.debian.org|g; s|http://security.debian.org|https://security.debian.org|g' /etc/apt/sources.list.d/debian.sources     && apt-get -o Acquire::Retries=3 update && apt-get -o Acquire::Retries=3 install -y --no-install-recommends     build-essential cmake pkg-config     libprotobuf-dev protobuf-compiler protobuf-compiler-grpc     libgrpc++-dev default-libmysqlclient-dev     && rm -rf /var/lib/apt/lists/*
#7 CACHED

#8 [3/5] WORKDIR /app
#8 CACHED

#9 [4/5] COPY . .
#9 DONE 2.7s

#10 [5/5] RUN cmake -S . -B build -DENABLE_EBPF=OFF -DBUILD_MANAGER=ON -DBUILD_BENCHMARK=ON     && cmake --build build --target manager push_benchmark -j"$(nproc)"
#10 0.441 -- The CXX compiler identification is GNU 14.2.0
#10 0.456 -- Detecting CXX compiler ABI info
#10 0.617 -- Detecting CXX compiler ABI info - done
#10 0.640 -- Check for working CXX compiler: /usr/bin/c++ - skipped
#10 0.641 -- Detecting CXX compile features
#10 0.642 -- Detecting CXX compile features - done
#10 0.890 -- Found Protobuf: /usr/lib/x86_64-linux-gnu/libprotobuf.so (found version "3.21.12")
#10 0.903 -- Found ZLIB: /usr/lib/x86_64-linux-gnu/libz.so (found version "1.3.1")
#10 1.025 -- Found OpenSSL: /usr/lib/x86_64-linux-gnu/libcrypto.so (found version "3.5.6")
#10 1.030 -- Found c-ares: /usr/lib/x86_64-linux-gnu/cmake/c-ares/c-ares-config.cmake (found version "1.34.5")
#10 1.034 -- Found Threads: TRUE
#10 1.059 -- Found PkgConfig: /usr/bin/pkg-config (found version "1.8.1")
#10 28.60 -- Found RE2 via pkg-config.
#10 28.66 -- Found RE2 via pkg-config.
#10 28.72 -- Found RE2 via pkg-config.
#10 28.73 -- Checking for module 'mysqlclient'
#10 28.74 --   Found mysqlclient, version 3.4.9
#10 28.78 -- MySQL support enabled
#10 28.79 -- Configuring done (28.5s)
#10 28.91 -- Generating done (0.1s)
#10 28.91 -- Build files have been written to: /app/build
#10 28.99 [  2%] Running grpc protocol buffer compiler on cpu_load.proto
#10 28.99 [  4%] Running cpp protocol buffer compiler on cpu_load.proto
#10 28.99 [  6%] Running cpp protocol buffer compiler on cpu_softirq.proto
#10 29.00 [  8%] Running grpc protocol buffer compiler on cpu_softirq.proto
#10 29.00 [ 14%] Running cpp protocol buffer compiler on cpu_stat.proto
#10 29.00 [ 16%] Running cpp protocol buffer compiler on query_api.proto
#10 29.00 [ 18%] Running grpc protocol buffer compiler on diagnostic.proto
#10 29.00 [ 20%] Running cpp protocol buffer compiler on disk_info.proto
#10 29.00 [ 14%] Running grpc protocol buffer compiler on cpu_stat.proto
#10 29.00 [ 20%] Running grpc protocol buffer compiler on disk_info.proto
#10 29.00 [ 22%] Running cpp protocol buffer compiler on diagnostic.proto
#10 29.00 [ 24%] Running grpc protocol buffer compiler on mem_info.proto
#10 29.01 [ 26%] Running grpc protocol buffer compiler on monitor_info.proto
#10 29.01 [ 28%] Running cpp protocol buffer compiler on mem_info.proto
#10 29.02 [ 32%] Running grpc protocol buffer compiler on net_info.proto
#10 29.02 [ 32%] Running cpp protocol buffer compiler on monitor_info.proto
#10 29.03 [ 36%] Running cpp protocol buffer compiler on net_info.proto
#10 29.03 [ 36%] Running grpc protocol buffer compiler on query_api.proto
#10 29.13 [ 40%] Building CXX object proto/CMakeFiles/monitor_proto.dir/monitor_info.pb.cc.o
#10 29.13 [ 40%] Building CXX object proto/CMakeFiles/monitor_proto.dir/cpu_stat.pb.cc.o
#10 29.13 [ 44%] Building CXX object proto/CMakeFiles/monitor_proto.dir/mem_info.pb.cc.o
#10 29.13 [ 44%] Building CXX object proto/CMakeFiles/monitor_proto.dir/cpu_load.pb.cc.o
#10 29.13 [ 46%] Building CXX object proto/CMakeFiles/monitor_proto.dir/cpu_softirq.pb.cc.o
#10 29.13 [ 48%] Building CXX object proto/CMakeFiles/monitor_proto.dir/diagnostic.pb.cc.o
#10 29.13 [ 50%] Building CXX object proto/CMakeFiles/monitor_proto.dir/disk_info.pb.cc.o
#10 29.13 [ 52%] Building CXX object proto/CMakeFiles/monitor_proto.dir/query_api.pb.cc.o
#10 29.13 [ 54%] Building CXX object proto/CMakeFiles/monitor_proto.dir/cpu_softirq.grpc.pb.cc.o
#10 29.14 [ 60%] Building CXX object proto/CMakeFiles/monitor_proto.dir/monitor_info.grpc.pb.cc.o
#10 29.14 [ 60%] Building CXX object proto/CMakeFiles/monitor_proto.dir/net_info.pb.cc.o
#10 29.14 [ 60%] Building CXX object proto/CMakeFiles/monitor_proto.dir/cpu_load.grpc.pb.cc.o
#10 29.14 [ 62%] Building CXX object proto/CMakeFiles/monitor_proto.dir/cpu_stat.grpc.pb.cc.o
#10 29.15 [ 64%] Building CXX object proto/CMakeFiles/monitor_proto.dir/mem_info.grpc.pb.cc.o
#10 29.16 [ 66%] Building CXX object proto/CMakeFiles/monitor_proto.dir/net_info.grpc.pb.cc.o
#10 29.20 [ 68%] Building CXX object proto/CMakeFiles/monitor_proto.dir/disk_info.grpc.pb.cc.o
#10 33.62 [ 72%] Building CXX object proto/CMakeFiles/monitor_proto.dir/query_api.grpc.pb.cc.o
#10 33.62 [ 72%] Building CXX object proto/CMakeFiles/monitor_proto.dir/diagnostic.grpc.pb.cc.o
#10 38.38 [ 74%] Linking CXX static library libmonitor_proto.a
#10 38.53 [ 74%] Built target monitor_proto
#10 38.57 [ 78%] Building CXX object manager/CMakeFiles/manager.dir/src/main.cpp.o
#10 38.57 [ 78%] Building CXX object manager/CMakeFiles/manager.dir/src/mysql_timeout_config.cpp.o
#10 38.57 [ 84%] Building CXX object manager/CMakeFiles/manager.dir/src/diagnostics/evidence_builder.cpp.o
#10 38.57 [ 86%] Building CXX object manager/CMakeFiles/manager.dir/src/host_shard_executor.cpp.o
#10 38.57 [ 88%] Building CXX object manager/CMakeFiles/manager.dir/src/query_manager.cpp.o
#10 38.57 [ 90%] Building CXX object manager/CMakeFiles/manager.dir/src/diagnostics/incident_store.cpp.o
#10 38.57 [ 90%] Building CXX object manager/CMakeFiles/manager.dir/src/host_manager.cpp.o
#10 38.57 [ 90%] Building CXX object manager/CMakeFiles/manager.dir/src/diagnostics/root_cause_engine.cpp.o
#10 38.57 [ 92%] Building CXX object manager/CMakeFiles/manager.dir/src/persistence_worker.cpp.o
#10 38.58 [ 96%] Building CXX object manager/CMakeFiles/manager.dir/src/rpc/query_service.cpp.o
#10 38.58 [ 96%] Building CXX object manager/CMakeFiles/manager.dir/src/rpc/grpc_server.cpp.o
#10 38.58 [ 98%] Building CXX object manager/CMakeFiles/manager.dir/src/diagnostics/diagnostic_persistence.cpp.o
#10 42.80 [100%] Linking CXX executable manager
#10 43.65 [100%] Built target manager
#10 43.77 [ 94%] Built target monitor_proto
#10 43.80 [ 97%] Building CXX object benchmark/CMakeFiles/push_benchmark.dir/src/push_benchmark.cpp.o
#10 46.18 [100%] Linking CXX executable push_benchmark
#10 46.59 [100%] Built target push_benchmark
#10 DONE 46.7s

#11 exporting to image
#11 exporting layers
#11 exporting layers 11.2s done
#11 exporting manifest sha256:cffb10f571a33f89500d9c211ed55b6d36d097b0ed965ef66de6f23c85f84b32 0.0s done
#11 exporting config sha256:7d0c923919dd97fe29e7aebbb4db1cbf177370dbaf1c37ec5adfb066305d0960 0.0s done
#11 exporting attestation manifest sha256:e529f86e4c33b8666d4dc97db0e485ce8a29b512a1c2385e6ba5180f335b7271 0.0s done
#11 exporting manifest list sha256:93a14e10fc1d07763cc35da9daa576a0c13e799012c40f67c6f5ed05cff0d8e0 0.0s done
#11 naming to docker.io/library/monitor-system-benchmark:local done
#11 unpacking to docker.io/library/monitor-system-benchmark:local
#11 unpacking to docker.io/library/monitor-system-benchmark:local 2.3s done
#11 DONE 13.6s

#12 resolving provenance for metadata file
#12 DONE 0.0s
 Image monitor-system-benchmark:local Built
 Container manager-ab-ab-sharded-burst-200-r1-20260818-mysql-1 Running
 Container manager-ab-ab-sharded-burst-200-r1-20260818-manager-1 Creating
 Container manager-ab-ab-sharded-burst-200-r1-20260818-manager-1 Created
 Container manager-ab-ab-sharded-burst-200-r1-20260818-mysql-1 Waiting
 Container manager-ab-ab-sharded-burst-200-r1-20260818-mysql-1 Healthy
 Container manager-ab-ab-sharded-burst-200-r1-20260818-manager-1 Starting
 Container manager-ab-ab-sharded-burst-200-r1-20260818-manager-1 Started
mysql: [Warning] Using a password on the command line interface can be insecure.
mysql: [Warning] Using a password on the command line interface can be insecure.
mysql: [Warning] Using a password on the command line interface can be insecure.
mysql: [Warning] Using a password on the command line interface can be insecure.
mysql: [Warning] Using a password on the command line interface can be insecure.
mysql: [Warning] Using a password on the command line interface can be insecure.
mysql: [Warning] Using a password on the command line interface can be insecure.
mysql: [Warning] Using a password on the command line interface can be insecure.
mysql: [Warning] Using a password on the command line interface can be insecure.
mysql: [Warning] Using a password on the command line interface can be insecure.
mysql: [Warning] Using a password on the command line interface can be insecure.
mysql: [Warning] Using a password on the command line interface can be insecure.
mysql: [Warning] Using a password on the command line interface can be insecure.
mysql: [Warning] Using a password on the command line interface can be insecure.
mysql: [Warning] Using a password on the command line interface can be insecure.
mysql: [Warning] Using a password on the command line interface can be insecure.
mysql: [Warning] Using a password on the command line interface can be insecure.
mysql: [Warning] Using a password on the command line interface can be insecure.
mysql: [Warning] Using a password on the command line interface can be insecure.
mysql: [Warning] Using a password on the command line interface can be insecure.
mysql: [Warning] Using a password on the command line interface can be insecure.
mysql: [Warning] Using a password on the command line interface can be insecure.
mysql: [Warning] Using a password on the command line interface can be insecure.
mysql: [Warning] Using a password on the command line interface can be insecure.
mysql: [Warning] Using a password on the command line interface can be insecure.
mysql: [Warning] Using a password on the command line interface can be insecure.
mysql: [Warning] Using a password on the command line interface can be insecure.
 Container manager-ab-ab-sharded-burst-200-r1-20260818-manager-1 Stopping
 Container manager-ab-ab-sharded-burst-200-r1-20260818-manager-1 Stopped
 Container manager-ab-ab-sharded-burst-200-r1-20260818-manager-1 Stopping
 Container manager-ab-ab-sharded-burst-200-r1-20260818-manager-1 Stopped
 Container manager-ab-ab-sharded-burst-200-r1-20260818-manager-1 Removing
 Container manager-ab-ab-sharded-burst-200-r1-20260818-manager-1 Removed
 Container manager-ab-ab-sharded-burst-200-r1-20260818-mysql-1 Stopping
 Container manager-ab-ab-sharded-burst-200-r1-20260818-mysql-1 Stopped
 Container manager-ab-ab-sharded-burst-200-r1-20260818-mysql-1 Removing
 Container manager-ab-ab-sharded-burst-200-r1-20260818-mysql-1 Removed
 Network manager-ab-ab-sharded-burst-200-r1-20260818_default Removing
 Network manager-ab-ab-sharded-burst-200-r1-20260818_default Removed
status=FAIL
architecture=Sharded
repository=F:\chenyu_project\monitor_system
run_id=ab-sharded-burst-200-r1-20260818
workers=200
duration_seconds=60
interval_ms=1000
arrival_model=burst
total_samples=12000
successful_rpc=8466
failed_rpc=3534
persisted_rows=8466
load_duration_sec=60.534
drain_duration_sec=36.561
total_completion_sec=97.475
accepted_reports_per_sec=86.853
processed_reports_per_sec=86.853
persisted_reports_per_sec=86.853
rpc_p50_us=9159
rpc_p95_us=33216
rpc_p99_us=119658
accepted=8466
queue_full=3534
processed=8466
persistence_tasks=8466
persistence_rejected=0
queue_delay_samples=8466
queue_delay_total_us=105936098711
queue_delay_mean_us=12513122.93
max_queue_delay_us=25964914
max_shard_queue_depth=256
max_shard_queue_bytes=116186
max_persistence_queue_depth=1024
max_persistence_queue_bytes=759121
manager_cpu_avg_percent=9.74
manager_cpu_peak_percent=14.07
manager_rss_avg_mib=44.52
manager_rss_peak_mib=53.94
mysql_cpu_avg_percent=25.29
mysql_cpu_peak_percent=33.29
mysql_rss_avg_mib=401.61
mysql_rss_peak_mib=414.2
result_csv_sha256=583AE991DD67550E3C7D0C5FF6A0E9C0C46F6B50EB33E364A06E62AB0A2FC18D
failure=loadgen exit code 2
