 Network manager-ab-ab-sharded-burst-25-r1-20260818_default Creating
 Network manager-ab-ab-sharded-burst-25-r1-20260818_default Created
 Container manager-ab-ab-sharded-burst-25-r1-20260818-mysql-1 Creating
 Container manager-ab-ab-sharded-burst-25-r1-20260818-mysql-1 Created
 Container manager-ab-ab-sharded-burst-25-r1-20260818-mysql-1 Starting
 Container manager-ab-ab-sharded-burst-25-r1-20260818-mysql-1 Started
 Image monitor-system-benchmark:local Building
#1 [internal] load local bake definitions
#1 reading from stdin 585B 0.0s done
#1 DONE 0.0s

#2 [internal] load build definition from Dockerfile.benchmark
#2 transferring dockerfile: 747B done
#2 DONE 0.0s

#3 [internal] load metadata for docker.io/library/python:3.13-slim
#3 DONE 0.0s

#4 [internal] load .dockerignore
#4 transferring context: 2B done
#4 DONE 0.0s

#5 [internal] load build context
#5 DONE 0.0s

#6 [1/5] FROM docker.io/library/python:3.13-slim@sha256:6771159cd4fa5d9bba1258caf0b82e6b73458c694d178ad97c5e925c2d0e1a91
#6 resolve docker.io/library/python:3.13-slim@sha256:6771159cd4fa5d9bba1258caf0b82e6b73458c694d178ad97c5e925c2d0e1a91 0.0s done
#6 DONE 0.0s

#5 [internal] load build context
#5 transferring context: 407.12kB 0.3s done
#5 DONE 0.3s

#7 [2/5] RUN sed -i 's|http://deb.debian.org|https://deb.debian.org|g; s|http://security.debian.org|https://security.debian.org|g' /etc/apt/sources.list.d/debian.sources     && apt-get -o Acquire::Retries=3 update && apt-get -o Acquire::Retries=3 install -y --no-install-recommends     build-essential cmake pkg-config     libprotobuf-dev protobuf-compiler protobuf-compiler-grpc     libgrpc++-dev default-libmysqlclient-dev     && rm -rf /var/lib/apt/lists/*
#7 CACHED

#8 [3/5] WORKDIR /app
#8 CACHED

#9 [4/5] COPY . .
#9 DONE 2.0s

#10 [5/5] RUN cmake -S . -B build -DENABLE_EBPF=OFF -DBUILD_MANAGER=ON -DBUILD_BENCHMARK=ON     && cmake --build build --target manager push_benchmark -j"$(nproc)"
#10 0.422 -- The CXX compiler identification is GNU 14.2.0
#10 0.434 -- Detecting CXX compiler ABI info
#10 0.563 -- Detecting CXX compiler ABI info - done
#10 0.579 -- Check for working CXX compiler: /usr/bin/c++ - skipped
#10 0.580 -- Detecting CXX compile features
#10 0.581 -- Detecting CXX compile features - done
#10 0.763 -- Found Protobuf: /usr/lib/x86_64-linux-gnu/libprotobuf.so (found version "3.21.12")
#10 0.771 -- Found ZLIB: /usr/lib/x86_64-linux-gnu/libz.so (found version "1.3.1")
#10 0.845 -- Found OpenSSL: /usr/lib/x86_64-linux-gnu/libcrypto.so (found version "3.5.6")
#10 0.848 -- Found c-ares: /usr/lib/x86_64-linux-gnu/cmake/c-ares/c-ares-config.cmake (found version "1.34.5")
#10 0.851 -- Found Threads: TRUE
#10 0.872 -- Found PkgConfig: /usr/bin/pkg-config (found version "1.8.1")
#10 27.48 -- Found RE2 via pkg-config.
#10 27.53 -- Found RE2 via pkg-config.
#10 27.59 -- Found RE2 via pkg-config.
#10 27.59 -- Checking for module 'mysqlclient'
#10 27.61 --   Found mysqlclient, version 3.4.9
#10 27.65 -- MySQL support enabled
#10 27.65 -- Configuring done (27.3s)
#10 27.78 -- Generating done (0.1s)
#10 27.78 -- Build files have been written to: /app/build
#10 27.86 [  2%] Running cpp protocol buffer compiler on query_api.proto
#10 27.86 [  6%] Running grpc protocol buffer compiler on cpu_load.proto
#10 27.86 [  6%] Running cpp protocol buffer compiler on cpu_load.proto
#10 27.86 [  8%] Running cpp protocol buffer compiler on cpu_stat.proto
#10 27.86 [ 12%] Running cpp protocol buffer compiler on cpu_softirq.proto
#10 27.86 [ 12%] Running grpc protocol buffer compiler on cpu_stat.proto
#10 27.86 [ 16%] Running grpc protocol buffer compiler on cpu_softirq.proto
#10 27.86 [ 18%] Running grpc protocol buffer compiler on diagnostic.proto
#10 27.86 [ 20%] Running grpc protocol buffer compiler on disk_info.proto
#10 27.86 [ 18%] Running cpp protocol buffer compiler on diagnostic.proto
#10 27.86 [ 22%] Running cpp protocol buffer compiler on disk_info.proto
#10 27.86 [ 24%] Running cpp protocol buffer compiler on mem_info.proto
#10 27.87 [ 26%] Running grpc protocol buffer compiler on mem_info.proto
#10 27.87 [ 28%] Running grpc protocol buffer compiler on net_info.proto
#10 27.87 [ 30%] Running grpc protocol buffer compiler on monitor_info.proto
#10 27.87 [ 32%] Running cpp protocol buffer compiler on monitor_info.proto
#10 27.89 [ 34%] Running grpc protocol buffer compiler on query_api.proto
#10 27.89 [ 36%] Running cpp protocol buffer compiler on net_info.proto
#10 27.96 [ 42%] Building CXX object proto/CMakeFiles/monitor_proto.dir/monitor_info.pb.cc.o
#10 27.96 [ 42%] Building CXX object proto/CMakeFiles/monitor_proto.dir/cpu_stat.pb.cc.o
#10 27.96 [ 44%] Building CXX object proto/CMakeFiles/monitor_proto.dir/disk_info.pb.cc.o
#10 27.96 [ 46%] Building CXX object proto/CMakeFiles/monitor_proto.dir/cpu_load.pb.cc.o
#10 27.96 [ 50%] Building CXX object proto/CMakeFiles/monitor_proto.dir/diagnostic.pb.cc.o
#10 27.96 [ 50%] Building CXX object proto/CMakeFiles/monitor_proto.dir/query_api.pb.cc.o
#10 27.96 [ 54%] Building CXX object proto/CMakeFiles/monitor_proto.dir/net_info.pb.cc.o
#10 27.96 [ 54%] Building CXX object proto/CMakeFiles/monitor_proto.dir/cpu_softirq.pb.cc.o
#10 27.97 [ 56%] Building CXX object proto/CMakeFiles/monitor_proto.dir/cpu_softirq.grpc.pb.cc.o
#10 27.97 [ 42%] Building CXX object proto/CMakeFiles/monitor_proto.dir/mem_info.pb.cc.o
#10 27.97 [ 58%] Building CXX object proto/CMakeFiles/monitor_proto.dir/cpu_load.grpc.pb.cc.o
#10 27.97 [ 60%] Building CXX object proto/CMakeFiles/monitor_proto.dir/monitor_info.grpc.pb.cc.o
#10 27.97 [ 64%] Building CXX object proto/CMakeFiles/monitor_proto.dir/cpu_stat.grpc.pb.cc.o
#10 27.97 [ 64%] Building CXX object proto/CMakeFiles/monitor_proto.dir/mem_info.grpc.pb.cc.o
#10 27.98 [ 68%] Building CXX object proto/CMakeFiles/monitor_proto.dir/disk_info.grpc.pb.cc.o
#10 27.98 [ 66%] Building CXX object proto/CMakeFiles/monitor_proto.dir/net_info.grpc.pb.cc.o
#10 31.98 [ 70%] Building CXX object proto/CMakeFiles/monitor_proto.dir/query_api.grpc.pb.cc.o
#10 31.98 [ 72%] Building CXX object proto/CMakeFiles/monitor_proto.dir/diagnostic.grpc.pb.cc.o
#10 36.56 [ 74%] Linking CXX static library libmonitor_proto.a
#10 36.71 [ 74%] Built target monitor_proto
#10 36.75 [ 78%] Building CXX object manager/CMakeFiles/manager.dir/src/host_shard_executor.cpp.o
#10 36.75 [ 78%] Building CXX object manager/CMakeFiles/manager.dir/src/mysql_timeout_config.cpp.o
#10 36.75 [ 80%] Building CXX object manager/CMakeFiles/manager.dir/src/main.cpp.o
#10 36.75 [ 82%] Building CXX object manager/CMakeFiles/manager.dir/src/diagnostics/incident_store.cpp.o
#10 36.75 [ 84%] Building CXX object manager/CMakeFiles/manager.dir/src/host_manager.cpp.o
#10 36.75 [ 88%] Building CXX object manager/CMakeFiles/manager.dir/src/diagnostics/evidence_builder.cpp.o
#10 36.75 [ 88%] Building CXX object manager/CMakeFiles/manager.dir/src/persistence_worker.cpp.o
#10 36.76 [ 92%] Building CXX object manager/CMakeFiles/manager.dir/src/query_manager.cpp.o
#10 36.76 [ 92%] Building CXX object manager/CMakeFiles/manager.dir/src/diagnostics/root_cause_engine.cpp.o
#10 36.76 [ 94%] Building CXX object manager/CMakeFiles/manager.dir/src/rpc/query_service.cpp.o
#10 36.76 [ 98%] Building CXX object manager/CMakeFiles/manager.dir/src/diagnostics/diagnostic_persistence.cpp.o
#10 36.76 [ 98%] Building CXX object manager/CMakeFiles/manager.dir/src/rpc/grpc_server.cpp.o
#10 40.92 [100%] Linking CXX executable manager
#10 41.76 [100%] Built target manager
#10 41.89 [ 94%] Built target monitor_proto
#10 41.92 [ 97%] Building CXX object benchmark/CMakeFiles/push_benchmark.dir/src/push_benchmark.cpp.o
#10 44.29 [100%] Linking CXX executable push_benchmark
#10 44.67 [100%] Built target push_benchmark
#10 DONE 44.8s

#11 exporting to image
#11 exporting layers
#11 exporting layers 10.7s done
#11 exporting manifest sha256:7df7adb4e0f363ec9e71617d01402cd583a946704f83ede502e702a67114c20c 0.0s done
#11 exporting config sha256:f025eb1bc319e9c5925935a7854eefccc5607d2b21d2341db34403b43891857b 0.0s done
#11 exporting attestation manifest sha256:97460d48558fe2ebde53646f7aebfd9270390af8d3a1692789c0d2acf4d67d11 0.0s done
#11 exporting manifest list sha256:d41afb1793ddaf34365ec64c8c8d5e218ae5c417059b161892fc9278980075b6 0.0s done
#11 naming to docker.io/library/monitor-system-benchmark:local done
#11 unpacking to docker.io/library/monitor-system-benchmark:local
#11 unpacking to docker.io/library/monitor-system-benchmark:local 2.1s done
#11 DONE 12.9s

#12 resolving provenance for metadata file
#12 DONE 0.0s
 Image monitor-system-benchmark:local Built
 Container manager-ab-ab-sharded-burst-25-r1-20260818-mysql-1 Running
 Container manager-ab-ab-sharded-burst-25-r1-20260818-manager-1 Creating
 Container manager-ab-ab-sharded-burst-25-r1-20260818-manager-1 Created
 Container manager-ab-ab-sharded-burst-25-r1-20260818-mysql-1 Waiting
 Container manager-ab-ab-sharded-burst-25-r1-20260818-mysql-1 Healthy
 Container manager-ab-ab-sharded-burst-25-r1-20260818-manager-1 Starting
 Container manager-ab-ab-sharded-burst-25-r1-20260818-manager-1 Started
mysql: [Warning] Using a password on the command line interface can be insecure.
 Container manager-ab-ab-sharded-burst-25-r1-20260818-manager-1 Stopping
 Container manager-ab-ab-sharded-burst-25-r1-20260818-manager-1 Stopped
 Container manager-ab-ab-sharded-burst-25-r1-20260818-manager-1 Stopping
 Container manager-ab-ab-sharded-burst-25-r1-20260818-manager-1 Stopped
 Container manager-ab-ab-sharded-burst-25-r1-20260818-manager-1 Removing
 Container manager-ab-ab-sharded-burst-25-r1-20260818-manager-1 Removed
 Container manager-ab-ab-sharded-burst-25-r1-20260818-mysql-1 Stopping
 Container manager-ab-ab-sharded-burst-25-r1-20260818-mysql-1 Stopped
 Container manager-ab-ab-sharded-burst-25-r1-20260818-mysql-1 Removing
 Container manager-ab-ab-sharded-burst-25-r1-20260818-mysql-1 Removed
 Network manager-ab-ab-sharded-burst-25-r1-20260818_default Removing
 Network manager-ab-ab-sharded-burst-25-r1-20260818_default Removed
status=PASS
architecture=Sharded
repository=F:\chenyu_project\monitor_system
run_id=ab-sharded-burst-25-r1-20260818
workers=25
duration_seconds=60
interval_ms=1000
arrival_model=burst
total_samples=1500
successful_rpc=1500
failed_rpc=0
persisted_rows=1500
load_duration_sec=60.515
drain_duration_sec=0.554
total_completion_sec=61.443
accepted_reports_per_sec=24.413
processed_reports_per_sec=24.413
persisted_reports_per_sec=24.413
rpc_p50_us=1826
rpc_p95_us=2873
rpc_p99_us=9002
accepted=1500
queue_full=0
processed=1500
persistence_tasks=1500
persistence_rejected=0
queue_delay_samples=1500
queue_delay_total_us=107108
queue_delay_mean_us=71.41
max_queue_delay_us=613
max_shard_queue_depth=3
max_shard_queue_bytes=1339
max_persistence_queue_depth=24
max_persistence_queue_bytes=17621
manager_cpu_avg_percent=2.35
manager_cpu_peak_percent=2.77
manager_rss_avg_mib=24.41
manager_rss_peak_mib=25.36
mysql_cpu_avg_percent=9
mysql_cpu_peak_percent=14.29
mysql_rss_avg_mib=376.35
mysql_rss_peak_mib=378.6
result_csv_sha256=89D34DA8F89B64EBC0A5CD2D77E2490FAE81A14F58220511ABFB6078214717D4
failure=
