 Network manager-ab-ab-legacy-stagger-75-r2-20260818_default Creating
 Network manager-ab-ab-legacy-stagger-75-r2-20260818_default Created
 Container manager-ab-ab-legacy-stagger-75-r2-20260818-mysql-1 Creating
 Container manager-ab-ab-legacy-stagger-75-r2-20260818-mysql-1 Created
 Container manager-ab-ab-legacy-stagger-75-r2-20260818-mysql-1 Starting
 Container manager-ab-ab-legacy-stagger-75-r2-20260818-mysql-1 Started
 Image monitor-system-benchmark:local Building
#1 [internal] load local bake definitions
#1 reading from stdin 610B 0.0s done
#1 DONE 0.0s

#2 [internal] load build definition from Dockerfile.benchmark
#2 transferring dockerfile: 761B 0.0s done
#2 DONE 0.0s

#3 [internal] load metadata for docker.io/library/python:3.13-slim
#3 DONE 0.1s

#4 [internal] load .dockerignore
#4 transferring context: 2B done
#4 DONE 0.0s

#5 [1/5] FROM docker.io/library/python:3.13-slim@sha256:6771159cd4fa5d9bba1258caf0b82e6b73458c694d178ad97c5e925c2d0e1a91
#5 resolve docker.io/library/python:3.13-slim@sha256:6771159cd4fa5d9bba1258caf0b82e6b73458c694d178ad97c5e925c2d0e1a91 0.0s done
#5 DONE 0.0s

#6 [internal] load build context
#6 transferring context: 58.03kB 0.0s done
#6 DONE 0.0s

#7 [2/5] RUN sed -i 's|http://deb.debian.org|https://deb.debian.org|g; s|http://security.debian.org|https://security.debian.org|g' /etc/apt/sources.list.d/debian.sources     && apt-get -o Acquire::Retries=3 update && apt-get -o Acquire::Retries=3 install -y --no-install-recommends     build-essential cmake pkg-config     libprotobuf-dev protobuf-compiler protobuf-compiler-grpc     libgrpc++-dev default-libmysqlclient-dev     && rm -rf /var/lib/apt/lists/*
#7 CACHED

#8 [3/5] WORKDIR /app
#8 CACHED

#9 [4/5] COPY . .
#9 DONE 0.1s

#10 [5/5] RUN cmake -S . -B build -DENABLE_EBPF=OFF -DBUILD_MANAGER=ON -DBUILD_BENCHMARK=ON     && cmake --build build --target manager push_benchmark -j"$(nproc)"
#10 0.340 -- The CXX compiler identification is GNU 14.2.0
#10 0.352 -- Detecting CXX compiler ABI info
#10 0.535 -- Detecting CXX compiler ABI info - done
#10 0.563 -- Check for working CXX compiler: /usr/bin/c++ - skipped
#10 0.563 -- Detecting CXX compile features
#10 0.565 -- Detecting CXX compile features - done
#10 0.769 -- Found Protobuf: /usr/lib/x86_64-linux-gnu/libprotobuf.so (found version "3.21.12")
#10 0.779 -- Found ZLIB: /usr/lib/x86_64-linux-gnu/libz.so (found version "1.3.1")
#10 0.852 -- Found OpenSSL: /usr/lib/x86_64-linux-gnu/libcrypto.so (found version "3.5.6")
#10 0.855 -- Found c-ares: /usr/lib/x86_64-linux-gnu/cmake/c-ares/c-ares-config.cmake (found version "1.34.5")
#10 0.858 -- Found Threads: TRUE
#10 0.878 -- Found PkgConfig: /usr/bin/pkg-config (found version "1.8.1")
#10 27.04 -- Found RE2 via pkg-config.
#10 27.10 -- Found RE2 via pkg-config.
#10 27.15 -- Found RE2 via pkg-config.
#10 27.16 -- Checking for module 'mysqlclient'
#10 27.18 --   Found mysqlclient, version 3.4.9
#10 27.22 -- MySQL support enabled
#10 27.22 -- Configuring done (27.0s)
#10 27.38 -- Generating done (0.2s)
#10 27.38 -- Build files have been written to: /app/build
#10 27.47 [  4%] Running grpc protocol buffer compiler on cpu_load.proto
#10 27.47 [  8%] Running cpp protocol buffer compiler on cpu_load.proto
#10 27.47 [ 10%] Running grpc protocol buffer compiler on cpu_softirq.proto
#10 27.47 [ 10%] Running cpp protocol buffer compiler on cpu_stat.proto
#10 27.47 [  4%] Running cpp protocol buffer compiler on query_api.proto
#10 27.47 [ 14%] Running grpc protocol buffer compiler on diagnostic.proto
#10 27.47 [ 17%] Running grpc protocol buffer compiler on cpu_stat.proto
#10 27.47 [ 17%] Running cpp protocol buffer compiler on cpu_softirq.proto
#10 27.47 [ 19%] Running cpp protocol buffer compiler on diagnostic.proto
#10 27.47 [ 21%] Running cpp protocol buffer compiler on mem_info.proto
#10 27.47 [ 23%] Running cpp protocol buffer compiler on disk_info.proto
#10 27.47 [ 25%] Running grpc protocol buffer compiler on net_info.proto
#10 27.47 [ 27%] Running grpc protocol buffer compiler on disk_info.proto
#10 27.48 [ 29%] Running grpc protocol buffer compiler on mem_info.proto
#10 27.48 [ 31%] Running cpp protocol buffer compiler on monitor_info.proto
#10 27.49 [ 34%] Running grpc protocol buffer compiler on monitor_info.proto
#10 27.50 [ 38%] Running grpc protocol buffer compiler on query_api.proto
#10 27.50 [ 38%] Running cpp protocol buffer compiler on net_info.proto
#10 27.59 [ 42%] Building CXX object proto/CMakeFiles/monitor_proto.dir/monitor_info.pb.cc.o
#10 27.59 [ 42%] Building CXX object proto/CMakeFiles/monitor_proto.dir/net_info.pb.cc.o
#10 27.59 [ 44%] Building CXX object proto/CMakeFiles/monitor_proto.dir/disk_info.pb.cc.o
#10 27.59 [ 46%] Building CXX object proto/CMakeFiles/monitor_proto.dir/cpu_softirq.pb.cc.o
#10 27.59 [ 48%] Building CXX object proto/CMakeFiles/monitor_proto.dir/diagnostic.pb.cc.o
#10 27.59 [ 61%] Building CXX object proto/CMakeFiles/monitor_proto.dir/mem_info.pb.cc.o
#10 27.59 [ 61%] Building CXX object proto/CMakeFiles/monitor_proto.dir/monitor_info.grpc.pb.cc.o
#10 27.59 [ 61%] Building CXX object proto/CMakeFiles/monitor_proto.dir/cpu_load.pb.cc.o
#10 27.59 [ 53%] Building CXX object proto/CMakeFiles/monitor_proto.dir/cpu_stat.pb.cc.o
#10 27.59 [ 65%] Building CXX object proto/CMakeFiles/monitor_proto.dir/cpu_load.grpc.pb.cc.o
#10 27.59 [ 65%] Building CXX object proto/CMakeFiles/monitor_proto.dir/cpu_stat.grpc.pb.cc.o
#10 27.59 [ 65%] Building CXX object proto/CMakeFiles/monitor_proto.dir/query_api.pb.cc.o
#10 27.59 [ 65%] Building CXX object proto/CMakeFiles/monitor_proto.dir/cpu_softirq.grpc.pb.cc.o
#10 27.59 [ 68%] Building CXX object proto/CMakeFiles/monitor_proto.dir/net_info.grpc.pb.cc.o
#10 27.60 [ 70%] Building CXX object proto/CMakeFiles/monitor_proto.dir/mem_info.grpc.pb.cc.o
#10 27.60 [ 72%] Building CXX object proto/CMakeFiles/monitor_proto.dir/disk_info.grpc.pb.cc.o
#10 30.31 [ 74%] Building CXX object proto/CMakeFiles/monitor_proto.dir/diagnostic.grpc.pb.cc.o
#10 30.33 [ 76%] Building CXX object proto/CMakeFiles/monitor_proto.dir/query_api.grpc.pb.cc.o
#10 35.57 [ 78%] Linking CXX static library libmonitor_proto.a
#10 35.72 [ 78%] Built target monitor_proto
#10 35.76 [ 87%] Building CXX object manager/CMakeFiles/manager.dir/src/main.cpp.o
#10 35.76 [ 87%] Building CXX object manager/CMakeFiles/manager.dir/src/diagnostics/diagnostic_persistence.cpp.o
#10 35.76 [ 87%] Building CXX object manager/CMakeFiles/manager.dir/src/host_manager.cpp.o
#10 35.76 [ 93%] Building CXX object manager/CMakeFiles/manager.dir/src/diagnostics/root_cause_engine.cpp.o
#10 35.76 [ 93%] Building CXX object manager/CMakeFiles/manager.dir/src/query_manager.cpp.o
#10 35.76 [ 93%] Building CXX object manager/CMakeFiles/manager.dir/src/diagnostics/evidence_builder.cpp.o
#10 35.76 [ 87%] Building CXX object manager/CMakeFiles/manager.dir/src/diagnostics/incident_store.cpp.o
#10 35.76 [ 97%] Building CXX object manager/CMakeFiles/manager.dir/src/rpc/grpc_server.cpp.o
#10 35.76 [ 97%] Building CXX object manager/CMakeFiles/manager.dir/src/rpc/query_service.cpp.o
#10 39.74 [100%] Linking CXX executable manager
#10 40.41 [100%] Built target manager
#10 40.52 [ 94%] Built target monitor_proto
#10 40.54 [ 97%] Building CXX object benchmark/CMakeFiles/push_benchmark.dir/src/push_benchmark.cpp.o
#10 43.21 [100%] Linking CXX executable push_benchmark
#10 43.60 [100%] Built target push_benchmark
#10 DONE 43.7s

#11 exporting to image
#11 exporting layers
#11 exporting layers 0.6s done
#11 exporting manifest sha256:6dbf7fc78959e2d3412f50f29ccfa5cc0812f37ff971ec2175056bec27661580 0.0s done
#11 exporting config sha256:504d6d322a126a94e2a912f54e3ecdd7bea0341878a5d4842783841e257ff88b 0.0s done
#11 exporting attestation manifest sha256:65ec611042ec788e5d074d5e9547cb284c9f5bab7d00d1377618e1906ad4f024 0.0s done
#11 exporting manifest list sha256:594e69134af75b0c7bb1bc7b0275a8bc92be8a7d9180c0fe6aaf53147555202e 0.0s done
#11 naming to docker.io/library/monitor-system-benchmark:local done
#11 unpacking to docker.io/library/monitor-system-benchmark:local
#11 unpacking to docker.io/library/monitor-system-benchmark:local 0.3s done
#11 DONE 1.0s

#12 resolving provenance for metadata file
#12 DONE 0.0s
 Image monitor-system-benchmark:local Built
 Container manager-ab-ab-legacy-stagger-75-r2-20260818-mysql-1 Running
 Container manager-ab-ab-legacy-stagger-75-r2-20260818-manager-1 Creating
 Container manager-ab-ab-legacy-stagger-75-r2-20260818-manager-1 Created
 Container manager-ab-ab-legacy-stagger-75-r2-20260818-mysql-1 Waiting
 Container manager-ab-ab-legacy-stagger-75-r2-20260818-mysql-1 Healthy
 Container manager-ab-ab-legacy-stagger-75-r2-20260818-manager-1 Starting
 Container manager-ab-ab-legacy-stagger-75-r2-20260818-manager-1 Started
mysql: [Warning] Using a password on the command line interface can be insecure.
 Container manager-ab-ab-legacy-stagger-75-r2-20260818-manager-1 Stopping
 Container manager-ab-ab-legacy-stagger-75-r2-20260818-manager-1 Stopped
 Container manager-ab-ab-legacy-stagger-75-r2-20260818-manager-1 Stopping
 Container manager-ab-ab-legacy-stagger-75-r2-20260818-manager-1 Stopped
 Container manager-ab-ab-legacy-stagger-75-r2-20260818-manager-1 Removing
 Container manager-ab-ab-legacy-stagger-75-r2-20260818-manager-1 Removed
 Container manager-ab-ab-legacy-stagger-75-r2-20260818-mysql-1 Stopping
 Container manager-ab-ab-legacy-stagger-75-r2-20260818-mysql-1 Stopped
 Container manager-ab-ab-legacy-stagger-75-r2-20260818-mysql-1 Removing
 Container manager-ab-ab-legacy-stagger-75-r2-20260818-mysql-1 Removed
 Network manager-ab-ab-legacy-stagger-75-r2-20260818_default Removing
 Network manager-ab-ab-legacy-stagger-75-r2-20260818_default Removed
status=PASS
architecture=Legacy
repository=F:\chenyu_project\monitor_system-legacy-5c29
run_id=ab-legacy-stagger-75-r2-20260818
workers=75
duration_seconds=60
interval_ms=1000
arrival_model=stagger_start
total_samples=4500
successful_rpc=4500
failed_rpc=0
persisted_rows=4500
load_duration_sec=62.337
drain_duration_sec=0.762
total_completion_sec=63.418
accepted_reports_per_sec=70.958
processed_reports_per_sec=N/A
persisted_reports_per_sec=70.958
rpc_p50_us=546151
rpc_p95_us=944564
rpc_p99_us=977886
accepted=N/A
queue_full=N/A
processed=N/A
persistence_tasks=N/A
persistence_rejected=N/A
queue_delay_samples=N/A
queue_delay_total_us=N/A
queue_delay_mean_us=N/A
max_queue_delay_us=N/A
max_shard_queue_depth=N/A
max_shard_queue_bytes=N/A
max_persistence_queue_depth=N/A
max_persistence_queue_bytes=N/A
manager_cpu_avg_percent=8.32
manager_cpu_peak_percent=10.42
manager_rss_avg_mib=16.63
manager_rss_peak_mib=19.59
mysql_cpu_avg_percent=26.07
mysql_cpu_peak_percent=34.18
mysql_rss_avg_mib=412.03
mysql_rss_peak_mib=415.9
result_csv_sha256=03F7DA40C5EEFC48CFA5F97D97CACD610562D7E3B599DCAEB6424997C0B637C3
failure=
