 Network manager-ab-ab-sharded-burst-100-r2-20260818_default Creating
 Network manager-ab-ab-sharded-burst-100-r2-20260818_default Created
 Container manager-ab-ab-sharded-burst-100-r2-20260818-mysql-1 Creating
 Container manager-ab-ab-sharded-burst-100-r2-20260818-mysql-1 Created
 Container manager-ab-ab-sharded-burst-100-r2-20260818-mysql-1 Starting
 Container manager-ab-ab-sharded-burst-100-r2-20260818-mysql-1 Started
 Image monitor-system-benchmark:local Building
#1 [internal] load local bake definitions
#1 reading from stdin 586B 0.0s done
#1 DONE 0.0s

#2 [internal] load build definition from Dockerfile.benchmark
#2 transferring dockerfile: 747B done
#2 DONE 0.0s

#3 [internal] load metadata for docker.io/library/python:3.13-slim
#3 DONE 0.0s

#4 [internal] load .dockerignore
#4 transferring context: 2B done
#4 DONE 0.0s

#5 [internal] load build context
#5 DONE 0.0s

#6 [1/5] FROM docker.io/library/python:3.13-slim@sha256:6771159cd4fa5d9bba1258caf0b82e6b73458c694d178ad97c5e925c2d0e1a91
#6 resolve docker.io/library/python:3.13-slim@sha256:6771159cd4fa5d9bba1258caf0b82e6b73458c694d178ad97c5e925c2d0e1a91 0.0s done
#6 DONE 0.0s

#5 [internal] load build context
#5 transferring context: 864.39kB 0.3s done
#5 DONE 0.3s

#7 [2/5] RUN sed -i 's|http://deb.debian.org|https://deb.debian.org|g; s|http://security.debian.org|https://security.debian.org|g' /etc/apt/sources.list.d/debian.sources     && apt-get -o Acquire::Retries=3 update && apt-get -o Acquire::Retries=3 install -y --no-install-recommends     build-essential cmake pkg-config     libprotobuf-dev protobuf-compiler protobuf-compiler-grpc     libgrpc++-dev default-libmysqlclient-dev     && rm -rf /var/lib/apt/lists/*
#7 CACHED

#8 [3/5] WORKDIR /app
#8 CACHED

#9 [4/5] COPY . .
#9 DONE 4.3s

#10 [5/5] RUN cmake -S . -B build -DENABLE_EBPF=OFF -DBUILD_MANAGER=ON -DBUILD_BENCHMARK=ON     && cmake --build build --target manager push_benchmark -j"$(nproc)"
#10 0.563 -- The CXX compiler identification is GNU 14.2.0
#10 0.577 -- Detecting CXX compiler ABI info
#10 0.732 -- Detecting CXX compiler ABI info - done
#10 0.750 -- Check for working CXX compiler: /usr/bin/c++ - skipped
#10 0.750 -- Detecting CXX compile features
#10 0.751 -- Detecting CXX compile features - done
#10 0.952 -- Found Protobuf: /usr/lib/x86_64-linux-gnu/libprotobuf.so (found version "3.21.12")
#10 0.960 -- Found ZLIB: /usr/lib/x86_64-linux-gnu/libz.so (found version "1.3.1")
#10 1.022 -- Found OpenSSL: /usr/lib/x86_64-linux-gnu/libcrypto.so (found version "3.5.6")
#10 1.025 -- Found c-ares: /usr/lib/x86_64-linux-gnu/cmake/c-ares/c-ares-config.cmake (found version "1.34.5")
#10 1.027 -- Found Threads: TRUE
#10 1.047 -- Found PkgConfig: /usr/bin/pkg-config (found version "1.8.1")
#10 26.95 -- Found RE2 via pkg-config.
#10 27.01 -- Found RE2 via pkg-config.
#10 27.06 -- Found RE2 via pkg-config.
#10 27.07 -- Checking for module 'mysqlclient'
#10 27.09 --   Found mysqlclient, version 3.4.9
#10 27.12 -- MySQL support enabled
#10 27.13 -- Configuring done (26.7s)
#10 27.26 -- Generating done (0.1s)
#10 27.26 -- Build files have been written to: /app/build
#10 27.34 [  4%] Running cpp protocol buffer compiler on cpu_softirq.proto
#10 27.34 [  4%] Running cpp protocol buffer compiler on query_api.proto
#10 27.34 [  8%] Running cpp protocol buffer compiler on cpu_load.proto
#10 27.34 [  8%] Running grpc protocol buffer compiler on cpu_load.proto
#10 27.34 [ 10%] Running grpc protocol buffer compiler on cpu_softirq.proto
#10 27.34 [ 12%] Running grpc protocol buffer compiler on diagnostic.proto
#10 27.34 [ 14%] Running grpc protocol buffer compiler on cpu_stat.proto
#10 27.34 [ 18%] Running grpc protocol buffer compiler on disk_info.proto
#10 27.34 [ 18%] Running cpp protocol buffer compiler on disk_info.proto
#10 27.34 [ 22%] Running cpp protocol buffer compiler on diagnostic.proto
#10 27.34 [ 22%] Running cpp protocol buffer compiler on cpu_stat.proto
#10 27.35 [ 24%] Running grpc protocol buffer compiler on mem_info.proto
#10 27.35 [ 26%] Running cpp protocol buffer compiler on mem_info.proto
#10 27.36 [ 28%] Running grpc protocol buffer compiler on monitor_info.proto
#10 27.36 [ 30%] Running cpp protocol buffer compiler on monitor_info.proto
#10 27.37 [ 32%] Running grpc protocol buffer compiler on net_info.proto
#10 27.38 [ 36%] Running grpc protocol buffer compiler on query_api.proto
#10 27.38 [ 36%] Running cpp protocol buffer compiler on net_info.proto
#10 27.45 [ 38%] Building CXX object proto/CMakeFiles/monitor_proto.dir/cpu_load.pb.cc.o
#10 27.45 [ 40%] Building CXX object proto/CMakeFiles/monitor_proto.dir/cpu_softirq.pb.cc.o
#10 27.45 [ 44%] Building CXX object proto/CMakeFiles/monitor_proto.dir/disk_info.pb.cc.o
#10 27.45 [ 44%] Building CXX object proto/CMakeFiles/monitor_proto.dir/monitor_info.pb.cc.o
#10 27.45 [ 48%] Building CXX object proto/CMakeFiles/monitor_proto.dir/net_info.pb.cc.o
#10 27.45 [ 48%] Building CXX object proto/CMakeFiles/monitor_proto.dir/cpu_stat.pb.cc.o
#10 27.45 [ 50%] Building CXX object proto/CMakeFiles/monitor_proto.dir/mem_info.pb.cc.o
#10 27.45 [ 52%] Building CXX object proto/CMakeFiles/monitor_proto.dir/cpu_softirq.grpc.pb.cc.o
#10 27.45 [ 56%] Building CXX object proto/CMakeFiles/monitor_proto.dir/diagnostic.pb.cc.o
#10 27.45 [ 56%] Building CXX object proto/CMakeFiles/monitor_proto.dir/cpu_stat.grpc.pb.cc.o
#10 27.45 [ 60%] Building CXX object proto/CMakeFiles/monitor_proto.dir/cpu_load.grpc.pb.cc.o
#10 27.46 [ 62%] Building CXX object proto/CMakeFiles/monitor_proto.dir/monitor_info.grpc.pb.cc.o
#10 27.46 [ 62%] Building CXX object proto/CMakeFiles/monitor_proto.dir/query_api.pb.cc.o
#10 27.46 [ 64%] Building CXX object proto/CMakeFiles/monitor_proto.dir/mem_info.grpc.pb.cc.o
#10 27.46 [ 66%] Building CXX object proto/CMakeFiles/monitor_proto.dir/net_info.grpc.pb.cc.o
#10 27.47 [ 68%] Building CXX object proto/CMakeFiles/monitor_proto.dir/disk_info.grpc.pb.cc.o
#10 29.86 [ 70%] Building CXX object proto/CMakeFiles/monitor_proto.dir/diagnostic.grpc.pb.cc.o
#10 29.95 [ 72%] Building CXX object proto/CMakeFiles/monitor_proto.dir/query_api.grpc.pb.cc.o
#10 34.29 [ 74%] Linking CXX static library libmonitor_proto.a
#10 34.42 [ 74%] Built target monitor_proto
#10 34.45 [ 80%] Building CXX object manager/CMakeFiles/manager.dir/src/main.cpp.o
#10 34.45 [ 80%] Building CXX object manager/CMakeFiles/manager.dir/src/host_manager.cpp.o
#10 34.45 [ 80%] Building CXX object manager/CMakeFiles/manager.dir/src/host_shard_executor.cpp.o
#10 34.45 [ 86%] Building CXX object manager/CMakeFiles/manager.dir/src/persistence_worker.cpp.o
#10 34.45 [ 86%] Building CXX object manager/CMakeFiles/manager.dir/src/diagnostics/incident_store.cpp.o
#10 34.45 [ 86%] Building CXX object manager/CMakeFiles/manager.dir/src/diagnostics/evidence_builder.cpp.o
#10 34.45 [ 90%] Building CXX object manager/CMakeFiles/manager.dir/src/diagnostics/root_cause_engine.cpp.o
#10 34.45 [ 90%] Building CXX object manager/CMakeFiles/manager.dir/src/mysql_timeout_config.cpp.o
#10 34.45 [ 92%] Building CXX object manager/CMakeFiles/manager.dir/src/query_manager.cpp.o
#10 34.45 [ 94%] Building CXX object manager/CMakeFiles/manager.dir/src/diagnostics/diagnostic_persistence.cpp.o
#10 34.45 [ 96%] Building CXX object manager/CMakeFiles/manager.dir/src/rpc/grpc_server.cpp.o
#10 34.45 [ 98%] Building CXX object manager/CMakeFiles/manager.dir/src/rpc/query_service.cpp.o
#10 38.48 [100%] Linking CXX executable manager
#10 39.19 [100%] Built target manager
#10 39.29 [ 94%] Built target monitor_proto
#10 39.32 [ 97%] Building CXX object benchmark/CMakeFiles/push_benchmark.dir/src/push_benchmark.cpp.o
#10 41.58 [100%] Linking CXX executable push_benchmark
#10 41.97 [100%] Built target push_benchmark
#10 DONE 42.0s

#11 exporting to image
#11 exporting layers
#11 exporting layers 11.4s done
#11 exporting manifest sha256:924f72a86093d3883df32742fae7f97ea1eaabac9fdc43433dbeab2c35844d43 0.0s done
#11 exporting config sha256:af19521606f687664a7379746419b8630d8727cfd9d4c3f404fb9ffa12a47ba7 0.0s done
#11 exporting attestation manifest sha256:5b45f4beae582ea0148c66f4c5d8f3c45d58c679bcbe818ab8e162b5c1316512 0.0s done
#11 exporting manifest list sha256:d8c99e4827b9499685047fde0593458f4dba18c98d7c52dba7283f778b3bc21f 0.0s done
#11 naming to docker.io/library/monitor-system-benchmark:local done
#11 unpacking to docker.io/library/monitor-system-benchmark:local
#11 unpacking to docker.io/library/monitor-system-benchmark:local 2.1s done
#11 DONE 13.7s

#12 resolving provenance for metadata file
#12 DONE 0.0s
 Image monitor-system-benchmark:local Built
 Container manager-ab-ab-sharded-burst-100-r2-20260818-mysql-1 Running
 Container manager-ab-ab-sharded-burst-100-r2-20260818-manager-1 Creating
 Container manager-ab-ab-sharded-burst-100-r2-20260818-manager-1 Created
 Container manager-ab-ab-sharded-burst-100-r2-20260818-mysql-1 Waiting
 Container manager-ab-ab-sharded-burst-100-r2-20260818-mysql-1 Healthy
 Container manager-ab-ab-sharded-burst-100-r2-20260818-manager-1 Starting
 Container manager-ab-ab-sharded-burst-100-r2-20260818-manager-1 Started
mysql: [Warning] Using a password on the command line interface can be insecure.
mysql: [Warning] Using a password on the command line interface can be insecure.
mysql: [Warning] Using a password on the command line interface can be insecure.
mysql: [Warning] Using a password on the command line interface can be insecure.
mysql: [Warning] Using a password on the command line interface can be insecure.
mysql: [Warning] Using a password on the command line interface can be insecure.
mysql: [Warning] Using a password on the command line interface can be insecure.
mysql: [Warning] Using a password on the command line interface can be insecure.
 Container manager-ab-ab-sharded-burst-100-r2-20260818-manager-1 Stopping
 Container manager-ab-ab-sharded-burst-100-r2-20260818-manager-1 Stopped
 Container manager-ab-ab-sharded-burst-100-r2-20260818-manager-1 Stopping
 Container manager-ab-ab-sharded-burst-100-r2-20260818-manager-1 Stopped
 Container manager-ab-ab-sharded-burst-100-r2-20260818-manager-1 Removing
 Container manager-ab-ab-sharded-burst-100-r2-20260818-manager-1 Removed
 Container manager-ab-ab-sharded-burst-100-r2-20260818-mysql-1 Stopping
 Container manager-ab-ab-sharded-burst-100-r2-20260818-mysql-1 Stopped
 Container manager-ab-ab-sharded-burst-100-r2-20260818-mysql-1 Removing
 Container manager-ab-ab-sharded-burst-100-r2-20260818-mysql-1 Removed
 Network manager-ab-ab-sharded-burst-100-r2-20260818_default Removing
 Network manager-ab-ab-sharded-burst-100-r2-20260818_default Removed
status=PASS
architecture=Sharded
repository=F:\chenyu_project\monitor_system
run_id=ab-sharded-burst-100-r2-20260818
workers=100
duration_seconds=60
interval_ms=1000
arrival_model=burst
total_samples=6000
successful_rpc=6000
failed_rpc=0
persisted_rows=6000
load_duration_sec=60.473
drain_duration_sec=10.206
total_completion_sec=71.035
accepted_reports_per_sec=84.465
processed_reports_per_sec=84.465
persisted_reports_per_sec=84.465
rpc_p50_us=4908
rpc_p95_us=7799
rpc_p99_us=38321
accepted=6000
queue_full=0
processed=6000
persistence_tasks=6000
persistence_rejected=0
queue_delay_samples=6000
queue_delay_total_us=503945
queue_delay_mean_us=83.99
max_queue_delay_us=1322
max_shard_queue_depth=6
max_shard_queue_bytes=2706
max_persistence_queue_depth=760
max_persistence_queue_bytes=561292
manager_cpu_avg_percent=7.18
manager_cpu_peak_percent=8.65
manager_rss_avg_mib=32.48
manager_rss_peak_mib=41.23
mysql_cpu_avg_percent=23.19
mysql_cpu_peak_percent=27.69
mysql_rss_avg_mib=413.13
mysql_rss_peak_mib=418.3
result_csv_sha256=3DC065F5E2E516FEDE822E9890A3BB11AA183C8FBB8FEC4F6207FA0F495F9698
failure=
