 Network manager-ab-ab-sharded-stagger-1-r1-20260818_default Creating
 Network manager-ab-ab-sharded-stagger-1-r1-20260818_default Created
 Container manager-ab-ab-sharded-stagger-1-r1-20260818-mysql-1 Creating
 Container manager-ab-ab-sharded-stagger-1-r1-20260818-mysql-1 Created
 Container manager-ab-ab-sharded-stagger-1-r1-20260818-mysql-1 Starting
 Container manager-ab-ab-sharded-stagger-1-r1-20260818-mysql-1 Started
 Image monitor-system-benchmark:local Building
#1 [internal] load local bake definitions
#1 reading from stdin 586B 0.0s done
#1 DONE 0.0s

#2 [internal] load build definition from Dockerfile.benchmark
#2 transferring dockerfile: 747B 0.0s done
#2 DONE 0.0s

#3 [internal] load metadata for docker.io/library/python:3.13-slim
#3 DONE 0.0s

#4 [internal] load .dockerignore
#4 transferring context: 2B done
#4 DONE 0.0s

#5 [internal] load build context
#5 DONE 0.0s

#6 [1/5] FROM docker.io/library/python:3.13-slim@sha256:6771159cd4fa5d9bba1258caf0b82e6b73458c694d178ad97c5e925c2d0e1a91
#6 resolve docker.io/library/python:3.13-slim@sha256:6771159cd4fa5d9bba1258caf0b82e6b73458c694d178ad97c5e925c2d0e1a91
#6 resolve docker.io/library/python:3.13-slim@sha256:6771159cd4fa5d9bba1258caf0b82e6b73458c694d178ad97c5e925c2d0e1a91 0.0s done
#6 DONE 0.0s

#5 [internal] load build context
#5 transferring context: 376.44kB 0.3s done
#5 DONE 0.3s

#7 [2/5] RUN sed -i 's|http://deb.debian.org|https://deb.debian.org|g; s|http://security.debian.org|https://security.debian.org|g' /etc/apt/sources.list.d/debian.sources     && apt-get -o Acquire::Retries=3 update && apt-get -o Acquire::Retries=3 install -y --no-install-recommends     build-essential cmake pkg-config     libprotobuf-dev protobuf-compiler protobuf-compiler-grpc     libgrpc++-dev default-libmysqlclient-dev     && rm -rf /var/lib/apt/lists/*
#7 CACHED

#8 [3/5] WORKDIR /app
#8 CACHED

#9 [4/5] COPY . .
#9 DONE 3.9s

#10 [5/5] RUN cmake -S . -B build -DENABLE_EBPF=OFF -DBUILD_MANAGER=ON -DBUILD_BENCHMARK=ON     && cmake --build build --target manager push_benchmark -j"$(nproc)"
#10 0.674 -- The CXX compiler identification is GNU 14.2.0
#10 0.696 -- Detecting CXX compiler ABI info
#10 0.894 -- Detecting CXX compiler ABI info - done
#10 0.911 -- Check for working CXX compiler: /usr/bin/c++ - skipped
#10 0.912 -- Detecting CXX compile features
#10 0.914 -- Detecting CXX compile features - done
#10 1.124 -- Found Protobuf: /usr/lib/x86_64-linux-gnu/libprotobuf.so (found version "3.21.12")
#10 1.134 -- Found ZLIB: /usr/lib/x86_64-linux-gnu/libz.so (found version "1.3.1")
#10 1.204 -- Found OpenSSL: /usr/lib/x86_64-linux-gnu/libcrypto.so (found version "3.5.6")
#10 1.209 -- Found c-ares: /usr/lib/x86_64-linux-gnu/cmake/c-ares/c-ares-config.cmake (found version "1.34.5")
#10 1.212 -- Found Threads: TRUE
#10 1.235 -- Found PkgConfig: /usr/bin/pkg-config (found version "1.8.1")
#10 27.84 -- Found RE2 via pkg-config.
#10 27.91 -- Found RE2 via pkg-config.
#10 27.96 -- Found RE2 via pkg-config.
#10 27.97 -- Checking for module 'mysqlclient'
#10 27.99 --   Found mysqlclient, version 3.4.9
#10 28.03 -- MySQL support enabled
#10 28.03 -- Configuring done (27.5s)
#10 28.21 -- Generating done (0.2s)
#10 28.21 -- Build files have been written to: /app/build
#10 28.30 [  4%] Running cpp protocol buffer compiler on query_api.proto
#10 28.30 [  4%] Running grpc protocol buffer compiler on cpu_softirq.proto
#10 28.30 [  6%] Running cpp protocol buffer compiler on cpu_stat.proto
#10 28.30 [ 10%] Running grpc protocol buffer compiler on cpu_stat.proto
#10 28.30 [ 10%] Running grpc protocol buffer compiler on disk_info.proto
#10 28.30 [ 12%] Running cpp protocol buffer compiler on cpu_load.proto
#10 28.30 [ 14%] Running grpc protocol buffer compiler on cpu_load.proto
#10 28.31 [ 16%] Running cpp protocol buffer compiler on cpu_softirq.proto
#10 28.31 [ 18%] Running cpp protocol buffer compiler on diagnostic.proto
#10 28.31 [ 20%] Running grpc protocol buffer compiler on diagnostic.proto
#10 28.31 [ 22%] Running cpp protocol buffer compiler on disk_info.proto
#10 28.31 [ 24%] Running grpc protocol buffer compiler on mem_info.proto
#10 28.31 [ 28%] Running cpp protocol buffer compiler on mem_info.proto
#10 28.31 [ 28%] Running grpc protocol buffer compiler on monitor_info.proto
#10 28.31 [ 30%] Running grpc protocol buffer compiler on net_info.proto
#10 28.32 [ 32%] Running cpp protocol buffer compiler on monitor_info.proto
#10 28.35 [ 34%] Running cpp protocol buffer compiler on net_info.proto
#10 28.36 [ 36%] Running grpc protocol buffer compiler on query_api.proto
#10 28.44 [ 40%] Building CXX object proto/CMakeFiles/monitor_proto.dir/monitor_info.pb.cc.o
#10 28.44 [ 42%] Building CXX object proto/CMakeFiles/monitor_proto.dir/mem_info.pb.cc.o
#10 28.44 [ 48%] Building CXX object proto/CMakeFiles/monitor_proto.dir/net_info.pb.cc.o
#10 28.44 [ 40%] Building CXX object proto/CMakeFiles/monitor_proto.dir/cpu_stat.pb.cc.o
#10 28.44 [ 48%] Building CXX object proto/CMakeFiles/monitor_proto.dir/cpu_load.pb.cc.o
#10 28.44 [ 50%] Building CXX object proto/CMakeFiles/monitor_proto.dir/cpu_softirq.pb.cc.o
#10 28.44 [ 50%] Building CXX object proto/CMakeFiles/monitor_proto.dir/disk_info.pb.cc.o
#10 28.44 [ 54%] Building CXX object proto/CMakeFiles/monitor_proto.dir/cpu_load.grpc.pb.cc.o
#10 28.44 [ 54%] Building CXX object proto/CMakeFiles/monitor_proto.dir/diagnostic.pb.cc.o
#10 28.44 [ 56%] Building CXX object proto/CMakeFiles/monitor_proto.dir/cpu_softirq.grpc.pb.cc.o
#10 28.44 [ 58%] Building CXX object proto/CMakeFiles/monitor_proto.dir/mem_info.grpc.pb.cc.o
#10 28.44 [ 60%] Building CXX object proto/CMakeFiles/monitor_proto.dir/cpu_stat.grpc.pb.cc.o
#10 28.44 [ 62%] Building CXX object proto/CMakeFiles/monitor_proto.dir/query_api.pb.cc.o
#10 28.44 [ 64%] Building CXX object proto/CMakeFiles/monitor_proto.dir/monitor_info.grpc.pb.cc.o
#10 28.44 [ 66%] Building CXX object proto/CMakeFiles/monitor_proto.dir/disk_info.grpc.pb.cc.o
#10 28.45 [ 68%] Building CXX object proto/CMakeFiles/monitor_proto.dir/net_info.grpc.pb.cc.o
#10 31.99 [ 70%] Building CXX object proto/CMakeFiles/monitor_proto.dir/diagnostic.grpc.pb.cc.o
#10 32.31 [ 72%] Building CXX object proto/CMakeFiles/monitor_proto.dir/query_api.grpc.pb.cc.o
#10 36.88 [ 74%] Linking CXX static library libmonitor_proto.a
#10 37.02 [ 74%] Built target monitor_proto
#10 37.06 [ 78%] Building CXX object manager/CMakeFiles/manager.dir/src/diagnostics/evidence_builder.cpp.o
#10 37.06 [ 88%] Building CXX object manager/CMakeFiles/manager.dir/src/mysql_timeout_config.cpp.o
#10 37.06 [ 88%] Building CXX object manager/CMakeFiles/manager.dir/src/diagnostics/diagnostic_persistence.cpp.o
#10 37.06 [ 78%] Building CXX object manager/CMakeFiles/manager.dir/src/persistence_worker.cpp.o
#10 37.06 [ 88%] Building CXX object manager/CMakeFiles/manager.dir/src/main.cpp.o
#10 37.06 [ 88%] Building CXX object manager/CMakeFiles/manager.dir/src/host_manager.cpp.o
#10 37.06 [ 82%] Building CXX object manager/CMakeFiles/manager.dir/src/host_shard_executor.cpp.o
#10 37.06 [ 92%] Building CXX object manager/CMakeFiles/manager.dir/src/query_manager.cpp.o
#10 37.06 [ 92%] Building CXX object manager/CMakeFiles/manager.dir/src/diagnostics/root_cause_engine.cpp.o
#10 37.06 [ 96%] Building CXX object manager/CMakeFiles/manager.dir/src/diagnostics/incident_store.cpp.o
#10 37.06 [ 96%] Building CXX object manager/CMakeFiles/manager.dir/src/rpc/query_service.cpp.o
#10 37.07 [ 98%] Building CXX object manager/CMakeFiles/manager.dir/src/rpc/grpc_server.cpp.o
#10 41.67 [100%] Linking CXX executable manager
#10 42.60 [100%] Built target manager
#10 42.72 [ 94%] Built target monitor_proto
#10 42.74 [ 97%] Building CXX object benchmark/CMakeFiles/push_benchmark.dir/src/push_benchmark.cpp.o
#10 45.21 [100%] Linking CXX executable push_benchmark
#10 45.64 [100%] Built target push_benchmark
#10 DONE 45.7s

#11 exporting to image
#11 exporting layers
#11 exporting layers 10.2s done
#11 exporting manifest sha256:9367b42946552773864de70f7c0181b5b8624bbf1f9d4af42125efc818276aff 0.0s done
#11 exporting config sha256:f033801d64f276727a94349bf620fb77c7fe2cfe5ff49c3c0c7a77e962c3002a 0.0s done
#11 exporting attestation manifest sha256:9fd423edc545915b9b430c648fac0fdbf7fd54c1482010e29b34bbc2cb8503a6 0.0s done
#11 exporting manifest list sha256:3caed85204d36fe9fed92b2f0e49531139b832f374868eaa5f156c5e047886eb 0.0s done
#11 naming to docker.io/library/monitor-system-benchmark:local done
#11 unpacking to docker.io/library/monitor-system-benchmark:local
#11 unpacking to docker.io/library/monitor-system-benchmark:local 2.7s done
#11 DONE 13.0s

#12 resolving provenance for metadata file
#12 DONE 0.0s
 Image monitor-system-benchmark:local Built
 Container manager-ab-ab-sharded-stagger-1-r1-20260818-mysql-1 Running
 Container manager-ab-ab-sharded-stagger-1-r1-20260818-manager-1 Creating
 Container manager-ab-ab-sharded-stagger-1-r1-20260818-manager-1 Created
 Container manager-ab-ab-sharded-stagger-1-r1-20260818-mysql-1 Waiting
 Container manager-ab-ab-sharded-stagger-1-r1-20260818-mysql-1 Healthy
 Container manager-ab-ab-sharded-stagger-1-r1-20260818-manager-1 Starting
 Container manager-ab-ab-sharded-stagger-1-r1-20260818-manager-1 Started
mysql: [Warning] Using a password on the command line interface can be insecure.
 Container manager-ab-ab-sharded-stagger-1-r1-20260818-manager-1 Stopping
 Container manager-ab-ab-sharded-stagger-1-r1-20260818-manager-1 Stopped
 Container manager-ab-ab-sharded-stagger-1-r1-20260818-manager-1 Stopping
 Container manager-ab-ab-sharded-stagger-1-r1-20260818-manager-1 Stopped
 Container manager-ab-ab-sharded-stagger-1-r1-20260818-manager-1 Removing
 Container manager-ab-ab-sharded-stagger-1-r1-20260818-manager-1 Removed
 Container manager-ab-ab-sharded-stagger-1-r1-20260818-mysql-1 Stopping
 Container manager-ab-ab-sharded-stagger-1-r1-20260818-mysql-1 Stopped
 Container manager-ab-ab-sharded-stagger-1-r1-20260818-mysql-1 Removing
 Container manager-ab-ab-sharded-stagger-1-r1-20260818-mysql-1 Removed
 Network manager-ab-ab-sharded-stagger-1-r1-20260818_default Removing
 Network manager-ab-ab-sharded-stagger-1-r1-20260818_default Removed
status=PASS
architecture=Sharded
repository=F:\chenyu_project\monitor_system
run_id=ab-sharded-stagger-1-r1-20260818
workers=1
duration_seconds=60
interval_ms=1000
arrival_model=stagger_start
total_samples=60
successful_rpc=60
failed_rpc=0
persisted_rows=60
load_duration_sec=60.498
drain_duration_sec=0.435
total_completion_sec=61.296
accepted_reports_per_sec=0.979
processed_reports_per_sec=0.979
persisted_reports_per_sec=0.979
rpc_p50_us=706
rpc_p95_us=1079
rpc_p99_us=16510
accepted=60
queue_full=0
processed=60
persistence_tasks=60
persistence_rejected=0
queue_delay_samples=60
queue_delay_total_us=4744
queue_delay_mean_us=79.07
max_queue_delay_us=109
max_shard_queue_depth=1
max_shard_queue_bytes=446
max_persistence_queue_depth=1
max_persistence_queue_bytes=734
manager_cpu_avg_percent=0.18
manager_cpu_peak_percent=0.26
manager_rss_avg_mib=8.42
manager_rss_peak_mib=9
mysql_cpu_avg_percent=1.98
mysql_cpu_peak_percent=3.87
mysql_rss_avg_mib=407.65
mysql_rss_peak_mib=408.1
result_csv_sha256=68E55658B7DE6A746DA5047D75A234C9412920ACACF35C4494BE8D40DFF0D0C2
failure=
