 Network manager-ab-ab-sharded-stagger-100-r1-20260818_default Creating
 Network manager-ab-ab-sharded-stagger-100-r1-20260818_default Created
 Container manager-ab-ab-sharded-stagger-100-r1-20260818-mysql-1 Creating
 Container manager-ab-ab-sharded-stagger-100-r1-20260818-mysql-1 Created
 Container manager-ab-ab-sharded-stagger-100-r1-20260818-mysql-1 Starting
 Container manager-ab-ab-sharded-stagger-100-r1-20260818-mysql-1 Started
 Image monitor-system-benchmark:local Building
#1 [internal] load local bake definitions
#1 reading from stdin 588B 0.0s done
#1 DONE 0.0s

#2 [internal] load build definition from Dockerfile.benchmark
#2 transferring dockerfile: 747B done
#2 DONE 0.0s

#3 [internal] load metadata for docker.io/library/python:3.13-slim
#3 DONE 0.1s

#4 [internal] load .dockerignore
#4 transferring context: 2B done
#4 DONE 0.0s

#5 [internal] load build context
#5 DONE 0.0s

#6 [1/5] FROM docker.io/library/python:3.13-slim@sha256:6771159cd4fa5d9bba1258caf0b82e6b73458c694d178ad97c5e925c2d0e1a91
#6 resolve docker.io/library/python:3.13-slim@sha256:6771159cd4fa5d9bba1258caf0b82e6b73458c694d178ad97c5e925c2d0e1a91 0.0s done
#6 DONE 0.0s

#5 [internal] load build context
#5 transferring context: 836.15kB 0.3s done
#5 DONE 0.3s

#7 [2/5] RUN sed -i 's|http://deb.debian.org|https://deb.debian.org|g; s|http://security.debian.org|https://security.debian.org|g' /etc/apt/sources.list.d/debian.sources     && apt-get -o Acquire::Retries=3 update && apt-get -o Acquire::Retries=3 install -y --no-install-recommends     build-essential cmake pkg-config     libprotobuf-dev protobuf-compiler protobuf-compiler-grpc     libgrpc++-dev default-libmysqlclient-dev     && rm -rf /var/lib/apt/lists/*
#7 CACHED

#8 [3/5] WORKDIR /app
#8 CACHED

#9 [4/5] COPY . .
#9 DONE 1.4s

#10 [5/5] RUN cmake -S . -B build -DENABLE_EBPF=OFF -DBUILD_MANAGER=ON -DBUILD_BENCHMARK=ON     && cmake --build build --target manager push_benchmark -j"$(nproc)"
#10 0.370 -- The CXX compiler identification is GNU 14.2.0
#10 0.381 -- Detecting CXX compiler ABI info
#10 0.501 -- Detecting CXX compiler ABI info - done
#10 0.517 -- Check for working CXX compiler: /usr/bin/c++ - skipped
#10 0.518 -- Detecting CXX compile features
#10 0.518 -- Detecting CXX compile features - done
#10 0.691 -- Found Protobuf: /usr/lib/x86_64-linux-gnu/libprotobuf.so (found version "3.21.12")
#10 0.700 -- Found ZLIB: /usr/lib/x86_64-linux-gnu/libz.so (found version "1.3.1")
#10 0.761 -- Found OpenSSL: /usr/lib/x86_64-linux-gnu/libcrypto.so (found version "3.5.6")
#10 0.765 -- Found c-ares: /usr/lib/x86_64-linux-gnu/cmake/c-ares/c-ares-config.cmake (found version "1.34.5")
#10 0.767 -- Found Threads: TRUE
#10 0.786 -- Found PkgConfig: /usr/bin/pkg-config (found version "1.8.1")
#10 26.79 -- Found RE2 via pkg-config.
#10 26.85 -- Found RE2 via pkg-config.
#10 26.91 -- Found RE2 via pkg-config.
#10 26.91 -- Checking for module 'mysqlclient'
#10 26.93 --   Found mysqlclient, version 3.4.9
#10 26.97 -- MySQL support enabled
#10 26.97 -- Configuring done (26.7s)
#10 27.10 -- Generating done (0.1s)
#10 27.10 -- Build files have been written to: /app/build
#10 27.18 [  6%] Running grpc protocol buffer compiler on cpu_load.proto
#10 27.18 [  6%] Running grpc protocol buffer compiler on cpu_softirq.proto
#10 27.18 [  6%] Running cpp protocol buffer compiler on query_api.proto
#10 27.18 [  8%] Running cpp protocol buffer compiler on cpu_stat.proto
#10 27.18 [ 12%] Running cpp protocol buffer compiler on cpu_load.proto
#10 27.18 [ 10%] Running grpc protocol buffer compiler on cpu_stat.proto
#10 27.18 [ 14%] Running cpp protocol buffer compiler on cpu_softirq.proto
#10 27.19 [ 22%] Running cpp protocol buffer compiler on disk_info.proto
#10 27.19 [ 22%] Running grpc protocol buffer compiler on diagnostic.proto
#10 27.19 [ 22%] Running cpp protocol buffer compiler on diagnostic.proto
#10 27.19 [ 22%] Running grpc protocol buffer compiler on disk_info.proto
#10 27.19 [ 24%] Running grpc protocol buffer compiler on mem_info.proto
#10 27.19 [ 26%] Running cpp protocol buffer compiler on mem_info.proto
#10 27.20 [ 28%] Running grpc protocol buffer compiler on monitor_info.proto
#10 27.21 [ 30%] Running cpp protocol buffer compiler on monitor_info.proto
#10 27.21 [ 32%] Running grpc protocol buffer compiler on net_info.proto
#10 27.21 [ 36%] Running grpc protocol buffer compiler on query_api.proto
#10 27.21 [ 36%] Running cpp protocol buffer compiler on net_info.proto
#10 27.29 [ 40%] Building CXX object proto/CMakeFiles/monitor_proto.dir/monitor_info.pb.cc.o
#10 27.29 [ 40%] Building CXX object proto/CMakeFiles/monitor_proto.dir/cpu_softirq.pb.cc.o
#10 27.29 [ 42%] Building CXX object proto/CMakeFiles/monitor_proto.dir/cpu_load.pb.cc.o
#10 27.29 [ 44%] Building CXX object proto/CMakeFiles/monitor_proto.dir/cpu_stat.pb.cc.o
#10 27.29 [ 48%] Building CXX object proto/CMakeFiles/monitor_proto.dir/net_info.pb.cc.o
#10 27.29 [ 48%] Building CXX object proto/CMakeFiles/monitor_proto.dir/disk_info.pb.cc.o
#10 27.29 [ 52%] Building CXX object proto/CMakeFiles/monitor_proto.dir/monitor_info.grpc.pb.cc.o
#10 27.29 [ 52%] Building CXX object proto/CMakeFiles/monitor_proto.dir/query_api.pb.cc.o
#10 27.29 [ 54%] Building CXX object proto/CMakeFiles/monitor_proto.dir/mem_info.pb.cc.o
#10 27.29 [ 56%] Building CXX object proto/CMakeFiles/monitor_proto.dir/cpu_load.grpc.pb.cc.o
#10 27.29 [ 58%] Building CXX object proto/CMakeFiles/monitor_proto.dir/cpu_stat.grpc.pb.cc.o
#10 27.29 [ 60%] Building CXX object proto/CMakeFiles/monitor_proto.dir/diagnostic.pb.cc.o
#10 27.30 [ 62%] Building CXX object proto/CMakeFiles/monitor_proto.dir/mem_info.grpc.pb.cc.o
#10 27.30 [ 64%] Building CXX object proto/CMakeFiles/monitor_proto.dir/cpu_softirq.grpc.pb.cc.o
#10 27.30 [ 66%] Building CXX object proto/CMakeFiles/monitor_proto.dir/net_info.grpc.pb.cc.o
#10 27.31 [ 68%] Building CXX object proto/CMakeFiles/monitor_proto.dir/disk_info.grpc.pb.cc.o
#10 29.83 [ 70%] Building CXX object proto/CMakeFiles/monitor_proto.dir/query_api.grpc.pb.cc.o
#10 29.84 [ 72%] Building CXX object proto/CMakeFiles/monitor_proto.dir/diagnostic.grpc.pb.cc.o
#10 33.90 [ 74%] Linking CXX static library libmonitor_proto.a
#10 34.04 [ 74%] Built target monitor_proto
#10 34.07 [ 78%] Building CXX object manager/CMakeFiles/manager.dir/src/host_shard_executor.cpp.o
#10 34.07 [ 78%] Building CXX object manager/CMakeFiles/manager.dir/src/persistence_worker.cpp.o
#10 34.07 [ 82%] Building CXX object manager/CMakeFiles/manager.dir/src/main.cpp.o
#10 34.07 [ 82%] Building CXX object manager/CMakeFiles/manager.dir/src/host_manager.cpp.o
#10 34.07 [ 84%] Building CXX object manager/CMakeFiles/manager.dir/src/diagnostics/evidence_builder.cpp.o
#10 34.07 [ 90%] Building CXX object manager/CMakeFiles/manager.dir/src/mysql_timeout_config.cpp.o
#10 34.07 [ 90%] Building CXX object manager/CMakeFiles/manager.dir/src/diagnostics/incident_store.cpp.o
#10 34.07 [ 90%] Building CXX object manager/CMakeFiles/manager.dir/src/diagnostics/diagnostic_persistence.cpp.o
#10 34.07 [ 92%] Building CXX object manager/CMakeFiles/manager.dir/src/diagnostics/root_cause_engine.cpp.o
#10 34.08 [ 96%] Building CXX object manager/CMakeFiles/manager.dir/src/rpc/query_service.cpp.o
#10 34.08 [ 96%] Building CXX object manager/CMakeFiles/manager.dir/src/query_manager.cpp.o
#10 34.08 [ 98%] Building CXX object manager/CMakeFiles/manager.dir/src/rpc/grpc_server.cpp.o
#10 38.06 [100%] Linking CXX executable manager
#10 38.79 [100%] Built target manager
#10 38.92 [ 94%] Built target monitor_proto
#10 38.94 [ 97%] Building CXX object benchmark/CMakeFiles/push_benchmark.dir/src/push_benchmark.cpp.o
#10 41.19 [100%] Linking CXX executable push_benchmark
#10 41.57 [100%] Built target push_benchmark
#10 DONE 41.7s

#11 exporting to image
#11 exporting layers
#11 exporting layers 10.3s done
#11 exporting manifest sha256:8316e62aa37c3641fc8c4ec9a7870d82bef0a2b447ddbd207311e14ecf15ee98 0.0s done
#11 exporting config sha256:2df2b7f835e4538461bc9fdad69b65cb3d6fca980254739467634d684a4680be 0.0s done
#11 exporting attestation manifest sha256:8b71a8647532de2b10b5f49e26d1483e81e31c6657b1dc8a9aaae7829763a9f8 0.0s done
#11 exporting manifest list sha256:515e1ad76aca9cd25563dbf0cf25b1145539942145d864821390a776df1e5f91 0.0s done
#11 naming to docker.io/library/monitor-system-benchmark:local done
#11 unpacking to docker.io/library/monitor-system-benchmark:local
#11 unpacking to docker.io/library/monitor-system-benchmark:local 2.0s done
#11 DONE 12.5s

#12 resolving provenance for metadata file
#12 DONE 0.0s
 Image monitor-system-benchmark:local Built
 Container manager-ab-ab-sharded-stagger-100-r1-20260818-mysql-1 Running
 Container manager-ab-ab-sharded-stagger-100-r1-20260818-manager-1 Creating
 Container manager-ab-ab-sharded-stagger-100-r1-20260818-manager-1 Created
 Container manager-ab-ab-sharded-stagger-100-r1-20260818-mysql-1 Waiting
 Container manager-ab-ab-sharded-stagger-100-r1-20260818-mysql-1 Healthy
 Container manager-ab-ab-sharded-stagger-100-r1-20260818-manager-1 Starting
 Container manager-ab-ab-sharded-stagger-100-r1-20260818-manager-1 Started
mysql: [Warning] Using a password on the command line interface can be insecure.
mysql: [Warning] Using a password on the command line interface can be insecure.
mysql: [Warning] Using a password on the command line interface can be insecure.
mysql: [Warning] Using a password on the command line interface can be insecure.
mysql: [Warning] Using a password on the command line interface can be insecure.
mysql: [Warning] Using a password on the command line interface can be insecure.
 Container manager-ab-ab-sharded-stagger-100-r1-20260818-manager-1 Stopping
 Container manager-ab-ab-sharded-stagger-100-r1-20260818-manager-1 Stopped
 Container manager-ab-ab-sharded-stagger-100-r1-20260818-manager-1 Stopping
 Container manager-ab-ab-sharded-stagger-100-r1-20260818-manager-1 Stopped
 Container manager-ab-ab-sharded-stagger-100-r1-20260818-manager-1 Removing
 Container manager-ab-ab-sharded-stagger-100-r1-20260818-manager-1 Removed
 Container manager-ab-ab-sharded-stagger-100-r1-20260818-mysql-1 Stopping
 Container manager-ab-ab-sharded-stagger-100-r1-20260818-mysql-1 Stopped
 Container manager-ab-ab-sharded-stagger-100-r1-20260818-mysql-1 Removing
 Container manager-ab-ab-sharded-stagger-100-r1-20260818-mysql-1 Removed
 Network manager-ab-ab-sharded-stagger-100-r1-20260818_default Removing
 Network manager-ab-ab-sharded-stagger-100-r1-20260818_default Removed
status=PASS
architecture=Sharded
repository=F:\chenyu_project\monitor_system
run_id=ab-sharded-stagger-100-r1-20260818
workers=100
duration_seconds=60
interval_ms=1000
arrival_model=stagger_start
total_samples=6000
successful_rpc=6000
failed_rpc=0
persisted_rows=6000
load_duration_sec=61.5
drain_duration_sec=7.444
total_completion_sec=69.277
accepted_reports_per_sec=86.609
processed_reports_per_sec=86.609
persisted_reports_per_sec=86.609
rpc_p50_us=599
rpc_p95_us=879
rpc_p99_us=1551
accepted=6000
queue_full=0
processed=6000
persistence_tasks=6000
persistence_rejected=0
queue_delay_samples=6000
queue_delay_total_us=411710
queue_delay_mean_us=68.62
max_queue_delay_us=739
max_shard_queue_depth=1
max_shard_queue_bytes=459
max_persistence_queue_depth=614
max_persistence_queue_bytes=457156
manager_cpu_avg_percent=7.65
manager_cpu_peak_percent=8.87
manager_rss_avg_mib=19.26
manager_rss_peak_mib=19.68
mysql_cpu_avg_percent=25.11
mysql_cpu_peak_percent=36.04
mysql_rss_avg_mib=405.81
mysql_rss_peak_mib=410.4
result_csv_sha256=48DC595A387F3562553EF06125CA844269387DFEC0ABA67C95D9C9E253F9C64A
failure=
