 Network manager-ab-ab-legacy-stagger-75-r3-20260818_default Creating
 Network manager-ab-ab-legacy-stagger-75-r3-20260818_default Created
 Container manager-ab-ab-legacy-stagger-75-r3-20260818-mysql-1 Creating
 Container manager-ab-ab-legacy-stagger-75-r3-20260818-mysql-1 Created
 Container manager-ab-ab-legacy-stagger-75-r3-20260818-mysql-1 Starting
 Container manager-ab-ab-legacy-stagger-75-r3-20260818-mysql-1 Started
 Image monitor-system-benchmark:local Building
#1 [internal] load local bake definitions
#1 reading from stdin 610B 0.0s done
#1 DONE 0.0s

#2 [internal] load build definition from Dockerfile.benchmark
#2 transferring dockerfile: 761B 0.0s done
#2 DONE 0.0s

#3 [internal] load metadata for docker.io/library/python:3.13-slim
#3 DONE 0.0s

#4 [internal] load .dockerignore
#4 transferring context: 2B done
#4 DONE 0.0s

#5 [internal] load build context
#5 DONE 0.0s

#6 [1/5] FROM docker.io/library/python:3.13-slim@sha256:6771159cd4fa5d9bba1258caf0b82e6b73458c694d178ad97c5e925c2d0e1a91
#6 resolve docker.io/library/python:3.13-slim@sha256:6771159cd4fa5d9bba1258caf0b82e6b73458c694d178ad97c5e925c2d0e1a91 0.0s done
#6 DONE 0.0s

#5 [internal] load build context
#5 transferring context: 85.93kB 0.0s done
#5 DONE 0.0s

#7 [2/5] RUN sed -i 's|http://deb.debian.org|https://deb.debian.org|g; s|http://security.debian.org|https://security.debian.org|g' /etc/apt/sources.list.d/debian.sources     && apt-get -o Acquire::Retries=3 update && apt-get -o Acquire::Retries=3 install -y --no-install-recommends     build-essential cmake pkg-config     libprotobuf-dev protobuf-compiler protobuf-compiler-grpc     libgrpc++-dev default-libmysqlclient-dev     && rm -rf /var/lib/apt/lists/*
#7 CACHED

#8 [3/5] WORKDIR /app
#8 CACHED

#9 [4/5] COPY . .
#9 DONE 0.2s

#10 [5/5] RUN cmake -S . -B build -DENABLE_EBPF=OFF -DBUILD_MANAGER=ON -DBUILD_BENCHMARK=ON     && cmake --build build --target manager push_benchmark -j"$(nproc)"
#10 0.522 -- The CXX compiler identification is GNU 14.2.0
#10 0.539 -- Detecting CXX compiler ABI info
#10 0.684 -- Detecting CXX compiler ABI info - done
#10 0.700 -- Check for working CXX compiler: /usr/bin/c++ - skipped
#10 0.701 -- Detecting CXX compile features
#10 0.702 -- Detecting CXX compile features - done
#10 0.901 -- Found Protobuf: /usr/lib/x86_64-linux-gnu/libprotobuf.so (found version "3.21.12")
#10 0.910 -- Found ZLIB: /usr/lib/x86_64-linux-gnu/libz.so (found version "1.3.1")
#10 0.972 -- Found OpenSSL: /usr/lib/x86_64-linux-gnu/libcrypto.so (found version "3.5.6")
#10 0.977 -- Found c-ares: /usr/lib/x86_64-linux-gnu/cmake/c-ares/c-ares-config.cmake (found version "1.34.5")
#10 0.980 -- Found Threads: TRUE
#10 1.002 -- Found PkgConfig: /usr/bin/pkg-config (found version "1.8.1")
#10 27.40 -- Found RE2 via pkg-config.
#10 27.47 -- Found RE2 via pkg-config.
#10 27.53 -- Found RE2 via pkg-config.
#10 27.54 -- Checking for module 'mysqlclient'
#10 27.56 --   Found mysqlclient, version 3.4.9
#10 27.60 -- MySQL support enabled
#10 27.60 -- Configuring done (27.2s)
#10 27.80 -- Generating done (0.2s)
#10 27.80 -- Build files have been written to: /app/build
#10 27.89 [ 10%] Running cpp protocol buffer compiler on cpu_softirq.proto
#10 27.89 [ 10%] Running grpc protocol buffer compiler on cpu_load.proto
#10 27.89 [ 10%] Running grpc protocol buffer compiler on cpu_softirq.proto
#10 27.89 [ 10%] Running grpc protocol buffer compiler on cpu_stat.proto
#10 27.89 [ 10%] Running cpp protocol buffer compiler on cpu_load.proto
#10 27.89 [ 12%] Running grpc protocol buffer compiler on diagnostic.proto
#10 27.89 [ 19%] Running grpc protocol buffer compiler on disk_info.proto
#10 27.89 [ 19%] Running cpp protocol buffer compiler on diagnostic.proto
#10 27.89 [ 19%] Running cpp protocol buffer compiler on cpu_stat.proto
#10 27.89 [ 29%] Running cpp protocol buffer compiler on disk_info.proto
#10 27.89 [ 31%] Running cpp protocol buffer compiler on monitor_info.proto
#10 27.89 [ 31%] Running cpp protocol buffer compiler on query_api.proto
#10 27.89 [ 31%] Running cpp protocol buffer compiler on mem_info.proto
#10 27.89 [ 31%] Running grpc protocol buffer compiler on mem_info.proto
#10 27.89 [ 31%] Running grpc protocol buffer compiler on monitor_info.proto
#10 27.89 [ 34%] Running grpc protocol buffer compiler on net_info.proto
#10 27.93 [ 36%] Running cpp protocol buffer compiler on net_info.proto
#10 27.93 [ 38%] Running grpc protocol buffer compiler on query_api.proto
#10 28.00 [ 48%] Building CXX object proto/CMakeFiles/monitor_proto.dir/monitor_info.pb.cc.o
#10 28.00 [ 59%] Building CXX object proto/CMakeFiles/monitor_proto.dir/monitor_info.grpc.pb.cc.o
#10 28.00 [ 48%] Building CXX object proto/CMakeFiles/monitor_proto.dir/cpu_softirq.pb.cc.o
#10 28.00 [ 59%] Building CXX object proto/CMakeFiles/monitor_proto.dir/diagnostic.pb.cc.o
#10 28.00 [ 59%] Building CXX object proto/CMakeFiles/monitor_proto.dir/net_info.pb.cc.o
#10 28.00 [ 48%] Building CXX object proto/CMakeFiles/monitor_proto.dir/query_api.pb.cc.o
#10 28.00 [ 59%] Building CXX object proto/CMakeFiles/monitor_proto.dir/disk_info.pb.cc.o
#10 28.00 [ 53%] Building CXX object proto/CMakeFiles/monitor_proto.dir/cpu_stat.pb.cc.o
#10 28.00 [ 59%] Building CXX object proto/CMakeFiles/monitor_proto.dir/cpu_load.pb.cc.o
#10 28.00 [ 59%] Building CXX object proto/CMakeFiles/monitor_proto.dir/mem_info.pb.cc.o
#10 28.00 [ 65%] Building CXX object proto/CMakeFiles/monitor_proto.dir/mem_info.grpc.pb.cc.o
#10 28.01 [ 68%] Building CXX object proto/CMakeFiles/monitor_proto.dir/cpu_softirq.grpc.pb.cc.o
#10 28.01 [ 68%] Building CXX object proto/CMakeFiles/monitor_proto.dir/cpu_stat.grpc.pb.cc.o
#10 28.01 [ 68%] Building CXX object proto/CMakeFiles/monitor_proto.dir/cpu_load.grpc.pb.cc.o
#10 28.01 [ 70%] Building CXX object proto/CMakeFiles/monitor_proto.dir/net_info.grpc.pb.cc.o
#10 28.01 [ 72%] Building CXX object proto/CMakeFiles/monitor_proto.dir/disk_info.grpc.pb.cc.o
#10 31.50 [ 74%] Building CXX object proto/CMakeFiles/monitor_proto.dir/diagnostic.grpc.pb.cc.o
#10 31.52 [ 76%] Building CXX object proto/CMakeFiles/monitor_proto.dir/query_api.grpc.pb.cc.o
#10 35.95 [ 78%] Linking CXX static library libmonitor_proto.a
#10 36.14 [ 78%] Built target monitor_proto
#10 36.18 [ 89%] Building CXX object manager/CMakeFiles/manager.dir/src/diagnostics/evidence_builder.cpp.o
#10 36.18 [ 91%] Building CXX object manager/CMakeFiles/manager.dir/src/diagnostics/incident_store.cpp.o
#10 36.18 [ 91%] Building CXX object manager/CMakeFiles/manager.dir/src/diagnostics/root_cause_engine.cpp.o
#10 36.18 [ 89%] Building CXX object manager/CMakeFiles/manager.dir/src/host_manager.cpp.o
#10 36.18 [ 91%] Building CXX object manager/CMakeFiles/manager.dir/src/query_manager.cpp.o
#10 36.18 [ 93%] Building CXX object manager/CMakeFiles/manager.dir/src/rpc/grpc_server.cpp.o
#10 36.18 [ 93%] Building CXX object manager/CMakeFiles/manager.dir/src/main.cpp.o
#10 36.18 [ 95%] Building CXX object manager/CMakeFiles/manager.dir/src/diagnostics/diagnostic_persistence.cpp.o
#10 36.18 [ 97%] Building CXX object manager/CMakeFiles/manager.dir/src/rpc/query_service.cpp.o
#10 40.20 [100%] Linking CXX executable manager
#10 41.03 [100%] Built target manager
#10 41.17 [ 94%] Built target monitor_proto
#10 41.20 [ 97%] Building CXX object benchmark/CMakeFiles/push_benchmark.dir/src/push_benchmark.cpp.o
#10 43.79 [100%] Linking CXX executable push_benchmark
#10 44.22 [100%] Built target push_benchmark
#10 DONE 44.4s

#11 exporting to image
#11 exporting layers
#11 exporting layers 0.7s done
#11 exporting manifest sha256:efd441242f79ad6d01f5d0faf5f3d3b780804e67441ea83e6f5208b3d4cd1829 0.0s done
#11 exporting config sha256:d96a9373a2b4ac2b4d9fe9d72f03d721d9bf925c2d138ab50bbe93be27115566 0.0s done
#11 exporting attestation manifest sha256:9d39e97b3fbede21f46b9be14bc33919cd6866890bca31378e3b57fb5c4ca813 0.1s done
#11 exporting manifest list sha256:cbb38688b1e3ca08e17005680f46f1e6e614adc5c9f6e55e7a485120c8c04807 0.0s done
#11 naming to docker.io/library/monitor-system-benchmark:local done
#11 unpacking to docker.io/library/monitor-system-benchmark:local
#11 unpacking to docker.io/library/monitor-system-benchmark:local 0.8s done
#11 DONE 1.7s

#12 resolving provenance for metadata file
#12 DONE 0.0s
 Image monitor-system-benchmark:local Built
 Container manager-ab-ab-legacy-stagger-75-r3-20260818-mysql-1 Running
 Container manager-ab-ab-legacy-stagger-75-r3-20260818-manager-1 Creating
 Container manager-ab-ab-legacy-stagger-75-r3-20260818-manager-1 Created
 Container manager-ab-ab-legacy-stagger-75-r3-20260818-mysql-1 Waiting
 Container manager-ab-ab-legacy-stagger-75-r3-20260818-mysql-1 Healthy
 Container manager-ab-ab-legacy-stagger-75-r3-20260818-manager-1 Starting
 Container manager-ab-ab-legacy-stagger-75-r3-20260818-manager-1 Started
mysql: [Warning] Using a password on the command line interface can be insecure.
 Container manager-ab-ab-legacy-stagger-75-r3-20260818-manager-1 Stopping
 Container manager-ab-ab-legacy-stagger-75-r3-20260818-manager-1 Stopped
 Container manager-ab-ab-legacy-stagger-75-r3-20260818-manager-1 Stopping
 Container manager-ab-ab-legacy-stagger-75-r3-20260818-manager-1 Stopped
 Container manager-ab-ab-legacy-stagger-75-r3-20260818-manager-1 Removing
 Container manager-ab-ab-legacy-stagger-75-r3-20260818-manager-1 Removed
 Container manager-ab-ab-legacy-stagger-75-r3-20260818-mysql-1 Stopping
 Container manager-ab-ab-legacy-stagger-75-r3-20260818-mysql-1 Stopped
 Container manager-ab-ab-legacy-stagger-75-r3-20260818-mysql-1 Removing
 Container manager-ab-ab-legacy-stagger-75-r3-20260818-mysql-1 Removed
 Network manager-ab-ab-legacy-stagger-75-r3-20260818_default Removing
 Network manager-ab-ab-legacy-stagger-75-r3-20260818_default Removed
status=PASS
architecture=Legacy
repository=F:\chenyu_project\monitor_system-legacy-5c29
run_id=ab-legacy-stagger-75-r3-20260818
workers=75
duration_seconds=60
interval_ms=1000
arrival_model=stagger_start
total_samples=4500
successful_rpc=4500
failed_rpc=0
persisted_rows=4500
load_duration_sec=66.19
drain_duration_sec=0.667
total_completion_sec=67.276
accepted_reports_per_sec=66.889
processed_reports_per_sec=N/A
persisted_reports_per_sec=66.889
rpc_p50_us=117237
rpc_p95_us=1332895
rpc_p99_us=1515030
accepted=N/A
queue_full=N/A
processed=N/A
persistence_tasks=N/A
persistence_rejected=N/A
queue_delay_samples=N/A
queue_delay_total_us=N/A
queue_delay_mean_us=N/A
max_queue_delay_us=N/A
max_shard_queue_depth=N/A
max_shard_queue_bytes=N/A
max_persistence_queue_depth=N/A
max_persistence_queue_bytes=N/A
manager_cpu_avg_percent=7.87
manager_cpu_peak_percent=11.4
manager_rss_avg_mib=19.98
manager_rss_peak_mib=23.2
mysql_cpu_avg_percent=27.02
mysql_cpu_peak_percent=34.45
mysql_rss_avg_mib=400.95
mysql_rss_peak_mib=404.4
result_csv_sha256=9550BC0A80A4D837A0289440319492F7A272DC7BFD033CB2934D7DFA5E82AF08
failure=
