 Network manager-ab-ab-sharded-burst-150-r1-20260818_default Creating
 Network manager-ab-ab-sharded-burst-150-r1-20260818_default Created
 Container manager-ab-ab-sharded-burst-150-r1-20260818-mysql-1 Creating
 Container manager-ab-ab-sharded-burst-150-r1-20260818-mysql-1 Created
 Container manager-ab-ab-sharded-burst-150-r1-20260818-mysql-1 Starting
 Container manager-ab-ab-sharded-burst-150-r1-20260818-mysql-1 Started
 Image monitor-system-benchmark:local Building
#1 [internal] load local bake definitions
#1 reading from stdin 586B 0.0s done
#1 DONE 0.0s

#2 [internal] load build definition from Dockerfile.benchmark
#2 transferring dockerfile: 747B 0.0s done
#2 DONE 0.1s

#3 [internal] load metadata for docker.io/library/python:3.13-slim
#3 DONE 0.1s

#4 [internal] load .dockerignore
#4 transferring context: 2B done
#4 DONE 0.0s

#5 [1/5] FROM docker.io/library/python:3.13-slim@sha256:6771159cd4fa5d9bba1258caf0b82e6b73458c694d178ad97c5e925c2d0e1a91
#5 resolve docker.io/library/python:3.13-slim@sha256:6771159cd4fa5d9bba1258caf0b82e6b73458c694d178ad97c5e925c2d0e1a91 0.0s done
#5 DONE 0.0s

#6 [internal] load build context
#6 transferring context: 1.03MB 0.4s done
#6 DONE 0.4s

#7 [2/5] RUN sed -i 's|http://deb.debian.org|https://deb.debian.org|g; s|http://security.debian.org|https://security.debian.org|g' /etc/apt/sources.list.d/debian.sources     && apt-get -o Acquire::Retries=3 update && apt-get -o Acquire::Retries=3 install -y --no-install-recommends     build-essential cmake pkg-config     libprotobuf-dev protobuf-compiler protobuf-compiler-grpc     libgrpc++-dev default-libmysqlclient-dev     && rm -rf /var/lib/apt/lists/*
#7 CACHED

#8 [3/5] WORKDIR /app
#8 CACHED

#9 [4/5] COPY . .
#9 DONE 5.7s

#10 [5/5] RUN cmake -S . -B build -DENABLE_EBPF=OFF -DBUILD_MANAGER=ON -DBUILD_BENCHMARK=ON     && cmake --build build --target manager push_benchmark -j"$(nproc)"
#10 0.696 -- The CXX compiler identification is GNU 14.2.0
#10 0.713 -- Detecting CXX compiler ABI info
#10 0.842 -- Detecting CXX compiler ABI info - done
#10 0.859 -- Check for working CXX compiler: /usr/bin/c++ - skipped
#10 0.860 -- Detecting CXX compile features
#10 0.861 -- Detecting CXX compile features - done
#10 1.049 -- Found Protobuf: /usr/lib/x86_64-linux-gnu/libprotobuf.so (found version "3.21.12")
#10 1.060 -- Found ZLIB: /usr/lib/x86_64-linux-gnu/libz.so (found version "1.3.1")
#10 1.124 -- Found OpenSSL: /usr/lib/x86_64-linux-gnu/libcrypto.so (found version "3.5.6")
#10 1.128 -- Found c-ares: /usr/lib/x86_64-linux-gnu/cmake/c-ares/c-ares-config.cmake (found version "1.34.5")
#10 1.132 -- Found Threads: TRUE
#10 1.151 -- Found PkgConfig: /usr/bin/pkg-config (found version "1.8.1")
#10 27.43 -- Found RE2 via pkg-config.
#10 27.48 -- Found RE2 via pkg-config.
#10 27.54 -- Found RE2 via pkg-config.
#10 27.55 -- Checking for module 'mysqlclient'
#10 27.56 --   Found mysqlclient, version 3.4.9
#10 27.60 -- MySQL support enabled
#10 27.60 -- Configuring done (27.0s)
#10 27.74 -- Generating done (0.1s)
#10 27.74 -- Build files have been written to: /app/build
#10 27.82 [  6%] Running cpp protocol buffer compiler on query_api.proto
#10 27.82 [  6%] Running grpc protocol buffer compiler on cpu_load.proto
#10 27.82 [  8%] Running cpp protocol buffer compiler on cpu_load.proto
#10 27.82 [ 12%] Running grpc protocol buffer compiler on cpu_stat.proto
#10 27.82 [ 12%] Running grpc protocol buffer compiler on cpu_softirq.proto
#10 27.82 [ 12%] Running cpp protocol buffer compiler on cpu_softirq.proto
#10 27.82 [ 16%] Running cpp protocol buffer compiler on diagnostic.proto
#10 27.82 [ 16%] Running grpc protocol buffer compiler on disk_info.proto
#10 27.82 [ 18%] Running cpp protocol buffer compiler on cpu_stat.proto
#10 27.82 [ 20%] Running cpp protocol buffer compiler on disk_info.proto
#10 27.83 [ 22%] Running grpc protocol buffer compiler on diagnostic.proto
#10 27.83 [ 24%] Running grpc protocol buffer compiler on monitor_info.proto
#10 27.83 [ 26%] Running cpp protocol buffer compiler on mem_info.proto
#10 27.83 [ 28%] Running grpc protocol buffer compiler on mem_info.proto
#10 27.83 [ 30%] Running cpp protocol buffer compiler on monitor_info.proto
#10 27.84 [ 32%] Running grpc protocol buffer compiler on net_info.proto
#10 27.85 [ 34%] Running cpp protocol buffer compiler on net_info.proto
#10 27.85 [ 36%] Running grpc protocol buffer compiler on query_api.proto
#10 27.93 [ 44%] Building CXX object proto/CMakeFiles/monitor_proto.dir/monitor_info.pb.cc.o
#10 27.93 [ 44%] Building CXX object proto/CMakeFiles/monitor_proto.dir/cpu_stat.pb.cc.o
#10 27.93 [ 44%] Building CXX object proto/CMakeFiles/monitor_proto.dir/cpu_load.pb.cc.o
#10 27.93 [ 50%] Building CXX object proto/CMakeFiles/monitor_proto.dir/disk_info.pb.cc.o
#10 27.93 [ 50%] Building CXX object proto/CMakeFiles/monitor_proto.dir/net_info.pb.cc.o
#10 27.93 [ 52%] Building CXX object proto/CMakeFiles/monitor_proto.dir/cpu_load.grpc.pb.cc.o
#10 27.93 [ 44%] Building CXX object proto/CMakeFiles/monitor_proto.dir/cpu_softirq.pb.cc.o
#10 27.93 [ 52%] Building CXX object proto/CMakeFiles/monitor_proto.dir/mem_info.pb.cc.o
#10 27.93 [ 54%] Building CXX object proto/CMakeFiles/monitor_proto.dir/query_api.pb.cc.o
#10 27.93 [ 56%] Building CXX object proto/CMakeFiles/monitor_proto.dir/cpu_softirq.grpc.pb.cc.o
#10 27.93 [ 60%] Building CXX object proto/CMakeFiles/monitor_proto.dir/monitor_info.grpc.pb.cc.o
#10 27.93 [ 60%] Building CXX object proto/CMakeFiles/monitor_proto.dir/diagnostic.pb.cc.o
#10 27.93 [ 62%] Building CXX object proto/CMakeFiles/monitor_proto.dir/cpu_stat.grpc.pb.cc.o
#10 27.94 [ 64%] Building CXX object proto/CMakeFiles/monitor_proto.dir/mem_info.grpc.pb.cc.o
#10 27.94 [ 66%] Building CXX object proto/CMakeFiles/monitor_proto.dir/net_info.grpc.pb.cc.o
#10 27.95 [ 68%] Building CXX object proto/CMakeFiles/monitor_proto.dir/disk_info.grpc.pb.cc.o
#10 31.46 [ 70%] Building CXX object proto/CMakeFiles/monitor_proto.dir/diagnostic.grpc.pb.cc.o
#10 31.51 [ 72%] Building CXX object proto/CMakeFiles/monitor_proto.dir/query_api.grpc.pb.cc.o
#10 35.73 [ 74%] Linking CXX static library libmonitor_proto.a
#10 35.88 [ 74%] Built target monitor_proto
#10 35.92 [ 84%] Building CXX object manager/CMakeFiles/manager.dir/src/diagnostics/evidence_builder.cpp.o
#10 35.92 [ 88%] Building CXX object manager/CMakeFiles/manager.dir/src/diagnostics/root_cause_engine.cpp.o
#10 35.92 [ 88%] Building CXX object manager/CMakeFiles/manager.dir/src/host_shard_executor.cpp.o
#10 35.92 [ 84%] Building CXX object manager/CMakeFiles/manager.dir/src/persistence_worker.cpp.o
#10 35.92 [ 88%] Building CXX object manager/CMakeFiles/manager.dir/src/main.cpp.o
#10 35.92 [ 90%] Building CXX object manager/CMakeFiles/manager.dir/src/diagnostics/diagnostic_persistence.cpp.o
#10 35.92 [ 90%] Building CXX object manager/CMakeFiles/manager.dir/src/diagnostics/incident_store.cpp.o
#10 35.92 [ 88%] Building CXX object manager/CMakeFiles/manager.dir/src/host_manager.cpp.o
#10 35.92 [ 92%] Building CXX object manager/CMakeFiles/manager.dir/src/mysql_timeout_config.cpp.o
#10 35.92 [ 94%] Building CXX object manager/CMakeFiles/manager.dir/src/rpc/grpc_server.cpp.o
#10 35.92 [ 96%] Building CXX object manager/CMakeFiles/manager.dir/src/rpc/query_service.cpp.o
#10 35.93 [ 98%] Building CXX object manager/CMakeFiles/manager.dir/src/query_manager.cpp.o
#10 39.94 [100%] Linking CXX executable manager
#10 40.63 [100%] Built target manager
#10 40.75 [ 94%] Built target monitor_proto
#10 40.78 [ 97%] Building CXX object benchmark/CMakeFiles/push_benchmark.dir/src/push_benchmark.cpp.o
#10 43.08 [100%] Linking CXX executable push_benchmark
#10 43.48 [100%] Built target push_benchmark
#10 DONE 43.6s

#11 exporting to image
#11 exporting layers
#11 exporting layers 11.3s done
#11 exporting manifest sha256:af8e7e4c48cd7b5c80de28091e4d0afd3327bacf1fa1e81061b8ad99453814c8 0.0s done
#11 exporting config sha256:05dd950c92739450804bb2e4e263858c2854cc736892d89d7e1e8cf0ac6f3200 0.0s done
#11 exporting attestation manifest sha256:92e61fb3ada82c312735bfb0e222ac998f1481bb15b580183855a5e8a854f44c 0.1s done
#11 exporting manifest list sha256:ebee34e1b579dc157379ef07ee4d5bb90396673086b23a6be8029919a74a3ddb
#11 exporting manifest list sha256:ebee34e1b579dc157379ef07ee4d5bb90396673086b23a6be8029919a74a3ddb 0.0s done
#11 naming to docker.io/library/monitor-system-benchmark:local done
#11 unpacking to docker.io/library/monitor-system-benchmark:local
#11 unpacking to docker.io/library/monitor-system-benchmark:local 2.2s done
#11 DONE 13.6s

#12 resolving provenance for metadata file
#12 DONE 0.0s
 Image monitor-system-benchmark:local Built
 Container manager-ab-ab-sharded-burst-150-r1-20260818-mysql-1 Running
 Container manager-ab-ab-sharded-burst-150-r1-20260818-manager-1 Creating
 Container manager-ab-ab-sharded-burst-150-r1-20260818-manager-1 Created
 Container manager-ab-ab-sharded-burst-150-r1-20260818-mysql-1 Waiting
 Container manager-ab-ab-sharded-burst-150-r1-20260818-mysql-1 Healthy
 Container manager-ab-ab-sharded-burst-150-r1-20260818-manager-1 Starting
 Container manager-ab-ab-sharded-burst-150-r1-20260818-manager-1 Started
mysql: [Warning] Using a password on the command line interface can be insecure.
mysql: [Warning] Using a password on the command line interface can be insecure.
mysql: [Warning] Using a password on the command line interface can be insecure.
mysql: [Warning] Using a password on the command line interface can be insecure.
mysql: [Warning] Using a password on the command line interface can be insecure.
mysql: [Warning] Using a password on the command line interface can be insecure.
mysql: [Warning] Using a password on the command line interface can be insecure.
mysql: [Warning] Using a password on the command line interface can be insecure.
mysql: [Warning] Using a password on the command line interface can be insecure.
mysql: [Warning] Using a password on the command line interface can be insecure.
mysql: [Warning] Using a password on the command line interface can be insecure.
mysql: [Warning] Using a password on the command line interface can be insecure.
mysql: [Warning] Using a password on the command line interface can be insecure.
mysql: [Warning] Using a password on the command line interface can be insecure.
mysql: [Warning] Using a password on the command line interface can be insecure.
mysql: [Warning] Using a password on the command line interface can be insecure.
mysql: [Warning] Using a password on the command line interface can be insecure.
mysql: [Warning] Using a password on the command line interface can be insecure.
mysql: [Warning] Using a password on the command line interface can be insecure.
mysql: [Warning] Using a password on the command line interface can be insecure.
mysql: [Warning] Using a password on the command line interface can be insecure.
mysql: [Warning] Using a password on the command line interface can be insecure.
mysql: [Warning] Using a password on the command line interface can be insecure.
mysql: [Warning] Using a password on the command line interface can be insecure.
mysql: [Warning] Using a password on the command line interface can be insecure.
 Container manager-ab-ab-sharded-burst-150-r1-20260818-manager-1 Stopping
 Container manager-ab-ab-sharded-burst-150-r1-20260818-manager-1 Stopped
 Container manager-ab-ab-sharded-burst-150-r1-20260818-manager-1 Stopping
 Container manager-ab-ab-sharded-burst-150-r1-20260818-manager-1 Stopped
 Container manager-ab-ab-sharded-burst-150-r1-20260818-manager-1 Removing
 Container manager-ab-ab-sharded-burst-150-r1-20260818-manager-1 Removed
 Container manager-ab-ab-sharded-burst-150-r1-20260818-mysql-1 Stopping
 Container manager-ab-ab-sharded-burst-150-r1-20260818-mysql-1 Stopped
 Container manager-ab-ab-sharded-burst-150-r1-20260818-mysql-1 Removing
 Container manager-ab-ab-sharded-burst-150-r1-20260818-mysql-1 Removed
 Network manager-ab-ab-sharded-burst-150-r1-20260818_default Removing
 Network manager-ab-ab-sharded-burst-150-r1-20260818_default Removed
status=FAIL
architecture=Sharded
repository=F:\chenyu_project\monitor_system
run_id=ab-sharded-burst-150-r1-20260818
workers=150
duration_seconds=60
interval_ms=1000
arrival_model=burst
total_samples=9000
successful_rpc=8098
failed_rpc=902
persisted_rows=8098
load_duration_sec=60.494
drain_duration_sec=33.572
total_completion_sec=94.441
accepted_reports_per_sec=85.747
processed_reports_per_sec=85.747
persisted_reports_per_sec=85.747
rpc_p50_us=7855
rpc_p95_us=12567
rpc_p99_us=59455
accepted=8098
queue_full=902
processed=8098
persistence_tasks=8098
persistence_rejected=0
queue_delay_samples=8098
queue_delay_total_us=68585158223
queue_delay_mean_us=8469394.69
max_queue_delay_us=24527000
max_shard_queue_depth=256
max_shard_queue_bytes=115846
max_persistence_queue_depth=1024
max_persistence_queue_bytes=758344
manager_cpu_avg_percent=8.9
manager_cpu_peak_percent=12.15
manager_rss_avg_mib=46.74
manager_rss_peak_mib=57.63
mysql_cpu_avg_percent=25.62
mysql_cpu_peak_percent=32.1
mysql_rss_avg_mib=420.22
mysql_rss_peak_mib=427.8
result_csv_sha256=D46212DA8A0BB2334E8C99416DF27FE0BAA4C45159F3B25708ADA4649FE03103
failure=loadgen exit code 2
