 Network manager-ab-ab-legacy-burst-25-r1-20260818_default Creating
 Network manager-ab-ab-legacy-burst-25-r1-20260818_default Created
 Container manager-ab-ab-legacy-burst-25-r1-20260818-mysql-1 Creating
 Container manager-ab-ab-legacy-burst-25-r1-20260818-mysql-1 Created
 Container manager-ab-ab-legacy-burst-25-r1-20260818-mysql-1 Starting
 Container manager-ab-ab-legacy-burst-25-r1-20260818-mysql-1 Started
 Image monitor-system-benchmark:local Building
#1 [internal] load local bake definitions
#1 reading from stdin 608B 0.0s done
#1 DONE 0.0s

#2 [internal] load build definition from Dockerfile.benchmark
#2 transferring dockerfile: 761B 0.0s done
#2 DONE 0.0s

#3 [internal] load metadata for docker.io/library/python:3.13-slim
#3 DONE 0.1s

#4 [internal] load .dockerignore
#4 transferring context: 2B done
#4 DONE 0.0s

#5 [1/5] FROM docker.io/library/python:3.13-slim@sha256:6771159cd4fa5d9bba1258caf0b82e6b73458c694d178ad97c5e925c2d0e1a91
#5 resolve docker.io/library/python:3.13-slim@sha256:6771159cd4fa5d9bba1258caf0b82e6b73458c694d178ad97c5e925c2d0e1a91 0.0s done
#5 DONE 0.0s

#6 [internal] load build context
#6 transferring context: 20.68kB 0.0s done
#6 DONE 0.0s

#7 [2/5] RUN sed -i 's|http://deb.debian.org|https://deb.debian.org|g; s|http://security.debian.org|https://security.debian.org|g' /etc/apt/sources.list.d/debian.sources     && apt-get -o Acquire::Retries=3 update && apt-get -o Acquire::Retries=3 install -y --no-install-recommends     build-essential cmake pkg-config     libprotobuf-dev protobuf-compiler protobuf-compiler-grpc     libgrpc++-dev default-libmysqlclient-dev     && rm -rf /var/lib/apt/lists/*
#7 CACHED

#8 [3/5] WORKDIR /app
#8 CACHED

#9 [4/5] COPY . .
#9 DONE 0.1s

#10 [5/5] RUN cmake -S . -B build -DENABLE_EBPF=OFF -DBUILD_MANAGER=ON -DBUILD_BENCHMARK=ON     && cmake --build build --target manager push_benchmark -j"$(nproc)"
#10 0.559 -- The CXX compiler identification is GNU 14.2.0
#10 0.572 -- Detecting CXX compiler ABI info
#10 0.727 -- Detecting CXX compiler ABI info - done
#10 0.744 -- Check for working CXX compiler: /usr/bin/c++ - skipped
#10 0.744 -- Detecting CXX compile features
#10 0.745 -- Detecting CXX compile features - done
#10 0.934 -- Found Protobuf: /usr/lib/x86_64-linux-gnu/libprotobuf.so (found version "3.21.12")
#10 0.942 -- Found ZLIB: /usr/lib/x86_64-linux-gnu/libz.so (found version "1.3.1")
#10 1.006 -- Found OpenSSL: /usr/lib/x86_64-linux-gnu/libcrypto.so (found version "3.5.6")
#10 1.010 -- Found c-ares: /usr/lib/x86_64-linux-gnu/cmake/c-ares/c-ares-config.cmake (found version "1.34.5")
#10 1.014 -- Found Threads: TRUE
#10 1.034 -- Found PkgConfig: /usr/bin/pkg-config (found version "1.8.1")
#10 27.31 -- Found RE2 via pkg-config.
#10 27.37 -- Found RE2 via pkg-config.
#10 27.42 -- Found RE2 via pkg-config.
#10 27.43 -- Checking for module 'mysqlclient'
#10 27.44 --   Found mysqlclient, version 3.4.9
#10 27.49 -- MySQL support enabled
#10 27.49 -- Configuring done (27.0s)
#10 27.61 -- Generating done (0.1s)
#10 27.61 -- Build files have been written to: /app/build
#10 27.69 [  8%] Running cpp protocol buffer compiler on query_api.proto
#10 27.69 [  8%] Running cpp protocol buffer compiler on cpu_load.proto
#10 27.69 [  8%] Running grpc protocol buffer compiler on cpu_softirq.proto
#10 27.69 [  8%] Running grpc protocol buffer compiler on cpu_load.proto
#10 27.70 [ 10%] Running cpp protocol buffer compiler on cpu_softirq.proto
#10 27.70 [ 12%] Running cpp protocol buffer compiler on cpu_stat.proto
#10 27.70 [ 17%] Running grpc protocol buffer compiler on diagnostic.proto
#10 27.70 [ 17%] Running cpp protocol buffer compiler on diagnostic.proto
#10 27.70 [ 19%] Running grpc protocol buffer compiler on cpu_stat.proto
#10 27.70 [ 21%] Running cpp protocol buffer compiler on disk_info.proto
#10 27.70 [ 23%] Running cpp protocol buffer compiler on mem_info.proto
#10 27.70 [ 25%] Running grpc protocol buffer compiler on monitor_info.proto
#10 27.70 [ 27%] Running cpp protocol buffer compiler on monitor_info.proto
#10 27.70 [ 29%] Running grpc protocol buffer compiler on net_info.proto
#10 27.71 [ 31%] Running grpc protocol buffer compiler on mem_info.proto
#10 27.71 [ 34%] Running grpc protocol buffer compiler on disk_info.proto
#10 27.73 [ 38%] Running grpc protocol buffer compiler on query_api.proto
#10 27.73 [ 38%] Running cpp protocol buffer compiler on net_info.proto
#10 27.80 [ 42%] Building CXX object proto/CMakeFiles/monitor_proto.dir/cpu_softirq.pb.cc.o
#10 27.80 [ 42%] Building CXX object proto/CMakeFiles/monitor_proto.dir/monitor_info.pb.cc.o
#10 27.80 [ 44%] Building CXX object proto/CMakeFiles/monitor_proto.dir/cpu_load.pb.cc.o
#10 27.80 [ 48%] Building CXX object proto/CMakeFiles/monitor_proto.dir/mem_info.pb.cc.o
#10 27.80 [ 48%] Building CXX object proto/CMakeFiles/monitor_proto.dir/cpu_stat.pb.cc.o
#10 27.80 [ 51%] Building CXX object proto/CMakeFiles/monitor_proto.dir/net_info.pb.cc.o
#10 27.81 [ 57%] Building CXX object proto/CMakeFiles/monitor_proto.dir/query_api.pb.cc.o
#10 27.81 [ 55%] Building CXX object proto/CMakeFiles/monitor_proto.dir/diagnostic.pb.cc.o
#10 27.81 [ 59%] Building CXX object proto/CMakeFiles/monitor_proto.dir/monitor_info.grpc.pb.cc.o
#10 27.81 [ 55%] Building CXX object proto/CMakeFiles/monitor_proto.dir/disk_info.pb.cc.o
#10 27.81 [ 61%] Building CXX object proto/CMakeFiles/monitor_proto.dir/cpu_load.grpc.pb.cc.o
#10 27.81 [ 63%] Building CXX object proto/CMakeFiles/monitor_proto.dir/cpu_stat.grpc.pb.cc.o
#10 27.81 [ 65%] Building CXX object proto/CMakeFiles/monitor_proto.dir/cpu_softirq.grpc.pb.cc.o
#10 27.81 [ 68%] Building CXX object proto/CMakeFiles/monitor_proto.dir/mem_info.grpc.pb.cc.o
#10 27.82 [ 70%] Building CXX object proto/CMakeFiles/monitor_proto.dir/net_info.grpc.pb.cc.o
#10 27.82 [ 72%] Building CXX object proto/CMakeFiles/monitor_proto.dir/disk_info.grpc.pb.cc.o
#10 30.22 [ 74%] Building CXX object proto/CMakeFiles/monitor_proto.dir/diagnostic.grpc.pb.cc.o
#10 30.25 [ 76%] Building CXX object proto/CMakeFiles/monitor_proto.dir/query_api.grpc.pb.cc.o
#10 34.58 [ 78%] Linking CXX static library libmonitor_proto.a
#10 34.72 [ 78%] Built target monitor_proto
#10 34.75 [ 85%] Building CXX object manager/CMakeFiles/manager.dir/src/host_manager.cpp.o
#10 34.75 [ 85%] Building CXX object manager/CMakeFiles/manager.dir/src/diagnostics/root_cause_engine.cpp.o
#10 34.75 [ 85%] Building CXX object manager/CMakeFiles/manager.dir/src/main.cpp.o
#10 34.75 [ 91%] Building CXX object manager/CMakeFiles/manager.dir/src/query_manager.cpp.o
#10 34.75 [ 91%] Building CXX object manager/CMakeFiles/manager.dir/src/diagnostics/evidence_builder.cpp.o
#10 34.75 [ 87%] Building CXX object manager/CMakeFiles/manager.dir/src/rpc/grpc_server.cpp.o
#10 34.75 [ 95%] Building CXX object manager/CMakeFiles/manager.dir/src/diagnostics/incident_store.cpp.o
#10 34.75 [ 95%] Building CXX object manager/CMakeFiles/manager.dir/src/diagnostics/diagnostic_persistence.cpp.o
#10 34.76 [ 97%] Building CXX object manager/CMakeFiles/manager.dir/src/rpc/query_service.cpp.o
#10 38.56 [100%] Linking CXX executable manager
#10 39.29 [100%] Built target manager
#10 39.39 [ 94%] Built target monitor_proto
#10 39.42 [ 97%] Building CXX object benchmark/CMakeFiles/push_benchmark.dir/src/push_benchmark.cpp.o
#10 41.67 [100%] Linking CXX executable push_benchmark
#10 42.04 [100%] Built target push_benchmark
#10 DONE 42.1s

#11 exporting to image
#11 exporting layers
#11 exporting layers 0.6s done
#11 exporting manifest sha256:81d5ca670c786e746d88a9d8dbe159e5ae3deb24131e0f72502b7513d534592e 0.0s done
#11 exporting config sha256:3bd92938c5a3a9ba8047c5f37ed0cc5bde79124b70634d5b89cccc831a1b81f0 0.0s done
#11 exporting attestation manifest sha256:4996242292531a4a5d3dd1f225327b397dd4c57512b85c5aad1ec7f87e538f19 0.0s done
#11 exporting manifest list sha256:556a5383f7449a8daf8fabbca7640fe4f9b5eee5cb071292aedfe328eda2303f 0.0s done
#11 naming to docker.io/library/monitor-system-benchmark:local done
#11 unpacking to docker.io/library/monitor-system-benchmark:local
#11 unpacking to docker.io/library/monitor-system-benchmark:local 0.3s done
#11 DONE 1.0s

#12 resolving provenance for metadata file
#12 DONE 0.0s
 Image monitor-system-benchmark:local Built
 Container manager-ab-ab-legacy-burst-25-r1-20260818-mysql-1 Running
 Container manager-ab-ab-legacy-burst-25-r1-20260818-manager-1 Creating
 Container manager-ab-ab-legacy-burst-25-r1-20260818-manager-1 Created
 Container manager-ab-ab-legacy-burst-25-r1-20260818-mysql-1 Waiting
 Container manager-ab-ab-legacy-burst-25-r1-20260818-mysql-1 Healthy
 Container manager-ab-ab-legacy-burst-25-r1-20260818-manager-1 Starting
 Container manager-ab-ab-legacy-burst-25-r1-20260818-manager-1 Started
mysql: [Warning] Using a password on the command line interface can be insecure.
 Container manager-ab-ab-legacy-burst-25-r1-20260818-manager-1 Stopping
 Container manager-ab-ab-legacy-burst-25-r1-20260818-manager-1 Stopped
 Container manager-ab-ab-legacy-burst-25-r1-20260818-manager-1 Stopping
 Container manager-ab-ab-legacy-burst-25-r1-20260818-manager-1 Stopped
 Container manager-ab-ab-legacy-burst-25-r1-20260818-manager-1 Removing
 Container manager-ab-ab-legacy-burst-25-r1-20260818-manager-1 Removed
 Container manager-ab-ab-legacy-burst-25-r1-20260818-mysql-1 Stopping
 Container manager-ab-ab-legacy-burst-25-r1-20260818-mysql-1 Stopped
 Container manager-ab-ab-legacy-burst-25-r1-20260818-mysql-1 Removing
 Container manager-ab-ab-legacy-burst-25-r1-20260818-mysql-1 Removed
 Network manager-ab-ab-legacy-burst-25-r1-20260818_default Removing
 Network manager-ab-ab-legacy-burst-25-r1-20260818_default Removed
status=PASS
architecture=Legacy
repository=F:\chenyu_project\monitor_system-legacy-5c29
run_id=ab-legacy-burst-25-r1-20260818
workers=25
duration_seconds=60
interval_ms=1000
arrival_model=burst
total_samples=1500
successful_rpc=1500
failed_rpc=0
persisted_rows=1500
load_duration_sec=60.738
drain_duration_sec=0.525
total_completion_sec=61.588
accepted_reports_per_sec=24.355
processed_reports_per_sec=N/A
persisted_reports_per_sec=24.355
rpc_p50_us=150986
rpc_p95_us=277978
rpc_p99_us=323680
accepted=N/A
queue_full=N/A
processed=N/A
persistence_tasks=N/A
persistence_rejected=N/A
queue_delay_samples=N/A
queue_delay_total_us=N/A
queue_delay_mean_us=N/A
max_queue_delay_us=N/A
max_shard_queue_depth=N/A
max_shard_queue_bytes=N/A
max_persistence_queue_depth=N/A
max_persistence_queue_bytes=N/A
manager_cpu_avg_percent=2.8
manager_cpu_peak_percent=3.44
manager_rss_avg_mib=18.94
manager_rss_peak_mib=20.04
mysql_cpu_avg_percent=8.12
mysql_cpu_peak_percent=11.88
mysql_rss_avg_mib=386.84
mysql_rss_peak_mib=387.9
result_csv_sha256=2122E704D249DF529C40EF9B9BF17A9FC06A6A7EC9AE3511A013FAB28ED13DDA
failure=
